Starting Obsidian Node...
Network: mainnet
Block Size Limit: 6000000 bytes
Target Block Time: 5m0s
Max Supply: 100000000
Initial Supply: 1000000
Tor disabled - using direct connections
Discovered 0 peer(s)
PoW Engine: DarkMatter (AES-SHA256 Hybrid)
                                                                                                                                                                                                                                                                                                                                                                                                                                                                                                                                                                                                                                                                                                                                                                                                                                                                                                                                                                                                                                                                                                                                                                                                                                                                                                                                                                                                                                                                                                                                                                                                                                                                                                                                                                                                                                                                                                                                                                                                                                                                                                                                                                                                                                                                                                                                                                                                                                                                                                                                                                                                                                                                                                                                                                                                                 ✗ Mining failed after 20000000 attempts, skipping block
Mining block at height 1...
✗ Mining failed after 20000000 attempts, skipping block
Mining block at height 1...
✗ Mining failed after 20000000 attempts, skipping block
Mining block at height 1...
✗ Mining failed after 20000000 attempts, skipping block
Mining block at height 1...
✗ Mining failed after 20000000 attempts, skipping block
Mining block at height 1...
✗ Mining failed after 20000000 attempts, skipping block
Mining block at height 1...
✗ Mining failed after 20000000 attempts, skipping block
Mining block at height 1...
✗ Mining failed after 20000000 attempts, skipping block
Mining block at height 1...
✗ Mining failed after 20000000 attempts, skipping block
Mining block at height 1...
✗ Mining failed after 20000000 attempts, skipping block
Mining block at height 1...
✗ Mining failed after 20000000 attempts, skipping block
Mining block at height 1...
✗ Mining failed after 20000000 attempts, skipping block
Mining block at height 1...
✗ Mining failed after 20000000 attempts, skipping block
Mining block at height 1...
✗ Mining failed after 20000000 attempts, skipping block
Mining block at height 1...
✗ Mining failed after 20000000 attempts, skipping block
Mining block at height 1...
✗ Mining failed after 20000000 attempts, skipping block
Mining block at height 1...
✗ Mining failed after 20000000 attempts, skipping block
Mining block at height 1...
✗ Mining failed after 20000000 attempts, skipping block
Mining block at height 1...
✗ Mining failed after 20000000 attempts, skipping block
Mining block at height 1...
✗ Mining failed after 20000000 attempts, skipping block
Mining block at height 1...
✗ Mining failed after 20000000 attempts, skipping block
Mining block at height 1...
✗ Mining failed after 20000000 attempts, skipping block
Mining block at height 1...
✗ Mining failed after 20000000 attempts, skipping block
Mining block at height 1...
✗ Mining failed after 20000000 attempts, skipping block
Mining block at height 1...
✗ Mining failed after 20000000 attempts, skipping block
Mining block at height 1...
✗ Mining failed after 20000000 attempts, skipping block
Mining block at height 1...
✗ Mining failed after 20000000 attempts, skipping block
Mining block at height 1...
✗ Mining failed after 20000000 attempts, skipping block
Mining block at height 1...
✗ Mining failed after 20000000 attempts, skipping block
Mining block at height 1...
✗ Mining failed after 20000000 attempts, skipping block
Mining block at height 1...
✗ Mining failed after 20000000 attempts, skipping block
Mining block at height 1...
✗ Mining failed after 20000000 attempts, skipping block
Mining block at height 1...
✗ Mining failed after 20000000 attempts, skipping block
Mining block at height 1...
✗ Mining failed after 20000000 attempts, skipping block
Mining block at height 1...
✗ Mining failed after 20000000 attempts, skipping block
Mining block at height 1...
✗ Mining failed after 20000000 attempts, skipping block
Mining block at height 1...
✗ Mining failed after 20000000 attempts, skipping block
Mining block at height 1...
✗ Mining failed after 20000000 attempts, skipping block
Mining block at height 1...
✗ Mining failed after 20000000 attempts, skipping block
Mining block at height 1...
✗ Mining failed after 20000000 attempts, skipping block
Mining block at height 1...
✗ Mining failed after 20000000 attempts, skipping block
Mining block at height 1...
✗ Mining failed after 20000000 attempts, skipping block
Mining block at height 1...
✗ Mining failed after 20000000 attempts, skipping block
Mining block at height 1...
✗ Mining failed after 20000000 attempts, skipping block
Mining block at height 1...
✗ Mining failed after 20000000 attempts, skipping block
Mining block at height 1...
✗ Mining failed after 20000000 attempts, skipping block
Mining block at height 1...
✗ Mining failed after 20000000 attempts, skipping block
Mining block at height 1...
✗ Mining failed after 20000000 attempts, skipping block
Mining block at height 1...
✗ Mining failed after 20000000 attempts, skipping block
Mining block at height 1...
✗ Mining failed after 20000000 attempts, skipping block
Mining block at height 1...
✗ Mining failed after 20000000 attempts, skipping block
Mining block at height 1...
✗ Mining failed after 20000000 attempts, skipping block
Mining block at height 1...
✗ Mining failed after 20000000 attempts, skipping block
Mining block at height 1...
✗ Mining failed after 20000000 attempts, skipping block
Mining block at height 1...
✗ Mining failed after 20000000 attempts, skipping block
Mining block at height 1...
✗ Mining failed after 20000000 attempts, skipping block
Mining block at height 1...
✗ Mining failed after 20000000 attempts, skipping block
Mining block at height 1...
✗ Mining failed after 20000000 attempts, skipping block
Mining block at height 1...
✗ Mining failed after 20000000 attempts, skipping block
Mining block at height 1...
✗ Mining failed after 20000000 attempts, skipping block
Mining block at height 1...
✗ Mining failed after 20000000 attempts, skipping block
Mining block at height 1...
✗ Mining failed after 20000000 attempts, skipping block
Mining block at height 1...
✗ Mining failed after 20000000 attempts, skipping block
Mining block at height 1...
✗ Mining failed after 20000000 attempts, skipping block
Mining block at height 1...
✗ Mining failed after 20000000 attempts, skipping block
Mining block at height 1...
✗ Mining failed after 20000000 attempts, skipping block
Mining block at height 1...
✗ Mining failed after 20000000 attempts, skipping block
Mining block at height 1...
✗ Mining failed after 20000000 attempts, skipping block
Mining block at height 1...
✗ Mining failed after 20000000 attempts, skipping block
Mining block at height 1...
✗ Mining failed after 20000000 attempts, skipping block
Mining block at height 1...
✗ Mining failed after 20000000 attempts, skipping block
Mining block at height 1...
✗ Mining failed after 20000000 attempts, skipping block
Mining block at height 1...
✗ Mining failed after 20000000 attempts, skipping block
Mining block at height 1...
✗ Mining failed after 20000000 attempts, skipping block
Mining block at height 1...
✗ Mining failed after 20000000 attempts, skipping block
Mining block at height 1...
✗ Mining failed after 20000000 attempts, skipping block
Mining block at height 1...
✗ Mining failed after 20000000 attempts, skipping block
Mining block at height 1...
✗ Mining failed after 20000000 attempts, skipping block
Mining block at height 1...
✗ Mining failed after 20000000 attempts, skipping block
Mining block at height 1...
✗ Mining failed after 20000000 attempts, skipping block
Mining block at height 1...
✗ Mining failed after 20000000 attempts, skipping block
Mining block at height 1...
✗ Mining failed after 20000000 attempts, skipping block
Mining block at height 1...
✗ Mining failed after 20000000 attempts, skipping block
Mining block at height 1...
✗ Mining failed after 20000000 attempts, skipping block
Mining block at height 1...
✗ Mining failed after 20000000 attempts, skipping block
Mining block at height 1...
✗ Mining failed after 20000000 attempts, skipping block
Mining block at height 1...
✗ Mining failed after 20000000 attempts, skipping block
Mining block at height 1...
✗ Mining failed after 20000000 attempts, skipping block
Mining block at height 1...
✗ Mining failed after 20000000 attempts, skipping block
Mining block at height 1...
✗ Mining failed after 20000000 attempts, skipping block
Mining block at height 1...
✗ Mining failed after 20000000 attempts, skipping block
Mining block at height 1...
✗ Mining failed after 20000000 attempts, skipping block
Mining block at height 1...
✗ Mining failed after 20000000 attempts, skipping block
Mining block at height 1...
✗ Mining failed after 20000000 attempts, skipping block
Mining block at height 1...
✗ Mining failed after 20000000 attempts, skipping block
Mining block at height 1...
✗ Mining failed after 20000000 attempts, skipping block
Mining block at height 1...
✗ Mining failed after 20000000 attempts, skipping block
Mining block at height 1...
✗ Mining failed after 20000000 attempts, skipping block
Mining block at height 1...
✗ Mining failed after 20000000 attempts, skipping block
Mining block at height 1...
✗ Mining failed after 20000000 attempts, skipping block
Mining block at height 1...
✗ Mining failed after 20000000 attempts, skipping block
Mining block at height 1...
✗ Mining failed after 20000000 attempts, skipping block
Mining block at height 1...
✗ Mining failed after 20000000 attempts, skipping block
Mining block at height 1...
✗ Mining failed after 20000000 attempts, skipping block
Mining block at height 1...
✗ Mining failed after 20000000 attempts, skipping block
Mining block at height 1...
✗ Mining failed after 20000000 attempts, skipping block
Mining block at height 1...
✗ Mining failed after 20000000 attempts, skipping block
Mining block at height 1...
✗ Mining failed after 20000000 attempts, skipping block
Mining block at height 1...
✗ Mining failed after 20000000 attempts, skipping block
Mining block at height 1...
✗ Mining failed after 20000000 attempts, skipping block
Mining block at height 1...
✗ Mining failed after 20000000 attempts, skipping block
Mining block at height 1...
✗ Mining failed after 20000000 attempts, skipping block
Mining block at height 1...
✗ Mining failed after 20000000 attempts, skipping block
Mining block at height 1...
✗ Mining failed after 20000000 attempts, skipping block
Mining block at height 1...
✗ Mining failed after 20000000 attempts, skipping block
Mining block at height 1...
✗ Mining failed after 20000000 attempts, skipping block
Mining block at height 1...
✗ Mining failed after 20000000 attempts, skipping block
Mining block at height 1...
✗ Mining failed after 20000000 attempts, skipping block
Mining block at height 1...
✗ Mining failed after 20000000 attempts, skipping block
Mining block at height 1...
✗ Mining failed after 20000000 attempts, skipping block
Mining block at height 1...
✗ Mining failed after 20000000 attempts, skipping block
Mining block at height 1...
✗ Mining failed after 20000000 attempts, skipping block
Mining block at height 1...
✗ Mining failed after 20000000 attempts, skipping block
Mining block at height 1...
✗ Mining failed after 20000000 attempts, skipping block
Mining block at height 1...
✗ Mining failed after 20000000 attempts, skipping block
Mining block at height 1...
✗ Mining failed after 20000000 attempts, skipping block
Mining block at height 1...
✗ Mining failed after 20000000 attempts, skipping block
Mining block at height 1...
✗ Mining failed after 20000000 attempts, skipping block
Mining block at height 1...
✗ Mining failed after 20000000 attempts, skipping block
Mining block at height 1...
✗ Mining failed after 20000000 attempts, skipping block
Mining block at height 1...
✗ Mining failed after 20000000 attempts, skipping block
Mining block at height 1...
✗ Mining failed after 20000000 attempts, skipping block
Mining block at height 1...
✗ Mining failed after 20000000 attempts, skipping block
Mining block at height 1...
✗ Mining failed after 20000000 attempts, skipping block
Mining block at height 1...
✗ Mining failed after 20000000 attempts, skipping block
Mining block at height 1...
✗ Mining failed after 20000000 attempts, skipping block
Mining block at height 1...
✗ Mining failed after 20000000 attempts, skipping block
Mining block at height 1...
✗ Mining failed after 20000000 attempts, skipping block
Mining block at height 1...
✗ Mining failed after 20000000 attempts, skipping block
Mining block at height 1...
✗ Mining failed after 20000000 attempts, skipping block
Mining block at height 1...
✗ Mining failed after 20000000 attempts, skipping block
Mining block at height 1...
✗ Mining failed after 20000000 attempts, skipping block
Mining block at height 1...
✗ Mining failed after 20000000 attempts, skipping block
Mining block at height 1...
✗ Mining failed after 20000000 attempts, skipping block
Mining block at height 1...
✗ Mining failed after 20000000 attempts, skipping block
Mining block at height 1...
✗ Mining failed after 20000000 attempts, skipping block
Mining block at height 1...
✗ Mining failed after 20000000 attempts, skipping block
Mining block at height 1...
✗ Mining failed after 20000000 attempts, skipping block
Mining block at height 1...
✗ Mining failed after 20000000 attempts, skipping block
Mining block at height 1...
✗ Mining failed after 20000000 attempts, skipping block
Mining block at height 1...
✗ Mining failed after 20000000 attempts, skipping block
Mining block at height 1...
✗ Mining failed after 20000000 attempts, skipping block
Mining block at height 1...
✗ Mining failed after 20000000 attempts, skipping block
Mining block at height 1...
✗ Mining failed after 20000000 attempts, skipping block
Mining block at height 1...
✗ Mining failed after 20000000 attempts, skipping block
Mining block at height 1...
✗ Mining failed after 20000000 attempts, skipping block
Mining block at height 1...
✗ Mining failed after 20000000 attempts, skipping block
Mining block at height 1...
✗ Mining failed after 20000000 attempts, skipping block
Mining block at height 1...
✗ Mining failed after 20000000 attempts, skipping block
Mining block at height 1...
✗ Mining failed after 20000000 attempts, skipping block
Mining block at height 1...
✗ Mining failed after 20000000 attempts, skipping block
Mining block at height 1...
✗ Mining failed after 20000000 attempts, skipping block
Mining block at height 1...
✗ Mining failed after 20000000 attempts, skipping block
Mining block at height 1...
✗ Mining failed after 20000000 attempts, skipping block
Mining block at height 1...
✗ Mining failed after 20000000 attempts, skipping block
Mining block at height 1...
✗ Mining failed after 20000000 attempts, skipping block
Mining block at height 1...
✗ Mining failed after 20000000 attempts, skipping block
Mining block at height 1...
✗ Mining failed after 20000000 attempts, skipping block
Mining block at height 1...
✗ Mining failed after 20000000 attempts, skipping block
Mining block at height 1...
✗ Mining failed after 20000000 attempts, skipping block
Mining block at height 1...
✗ Mining failed after 20000000 attempts, skipping block
Mining block at height 1...
✗ Mining failed after 20000000 attempts, skipping block
Mining block at height 1...
✗ Mining failed after 20000000 attempts, skipping block
Mining block at height 1...
✗ Mining failed after 20000000 attempts, skipping block
Mining block at height 1...
✗ Mining failed after 20000000 attempts, skipping block
Mining block at height 1...
✗ Mining failed after 20000000 attempts, skipping block
Mining block at height 1...
✗ Mining failed after 20000000 attempts, skipping block
Mining block at height 1...
✗ Mining failed after 20000000 attempts, skipping block
Mining block at height 1...
✗ Mining failed after 20000000 attempts, skipping block
Mining block at height 1...
✗ Mining failed after 20000000 attempts, skipping block
Mining block at height 1...
✗ Mining failed after 20000000 attempts, skipping block
Mining block at height 1...
✗ Mining failed after 20000000 attempts, skipping block
Mining block at height 1...
✗ Mining failed after 20000000 attempts, skipping block
Mining block at height 1...
✗ Mining failed after 20000000 attempts, skipping block
Mining block at height 1...
✗ Mining failed after 20000000 attempts, skipping block
Mining block at height 1...
✗ Mining failed after 20000000 attempts, skipping block
Mining block at height 1...
✗ Mining failed after 20000000 attempts, skipping block
Mining block at height 1...
✗ Mining failed after 20000000 attempts, skipping block
Mining block at height 1...
✗ Mining failed after 20000000 attempts, skipping block
Mining block at height 1...
✗ Mining failed after 20000000 attempts, skipping block
Mining block at height 1...
✗ Mining failed after 20000000 attempts, skipping block
Mining block at height 1...
✗ Mining failed after 20000000 attempts, skipping block
Mining block at height 1...
✗ Mining failed after 20000000 attempts, skipping block
Mining block at height 1...
✗ Mining failed after 20000000 attempts, skipping block
Mining block at height 1...
✗ Mining failed after 20000000 attempts, skipping block
Mining block at height 1...
✗ Mining failed after 20000000 attempts, skipping block
Mining block at height 1...
✗ Mining failed after 20000000 attempts, skipping block
Mining block at height 1...
✗ Mining failed after 20000000 attempts, skipping block
Mining block at height 1...
✗ Mining failed after 20000000 attempts, skipping block
Mining block at height 1...
✗ Mining failed after 20000000 attempts, skipping block
Mining block at height 1...
✗ Mining failed after 20000000 attempts, skipping block
Mining block at height 1...
✗ Mining failed after 20000000 attempts, skipping block
Mining block at height 1...
✗ Mining failed after 20000000 attempts, skipping block
Mining block at height 1...
✗ Mining failed after 20000000 attempts, skipping block
Mining block at height 1...
✗ Mining failed after 20000000 attempts, skipping block
Mining block at height 1...
✗ Mining failed after 20000000 attempts, skipping block
Mining block at height 1...
✗ Mining failed after 20000000 attempts, skipping block
Mining block at height 1...
✗ Mining failed after 20000000 attempts, skipping block
Mining block at height 1...
✗ Mining failed after 20000000 attempts, skipping block
Mining block at height 1...
✗ Mining failed after 20000000 attempts, skipping block
Mining block at height 1...
✗ Mining failed after 20000000 attempts, skipping block
Mining block at height 1...
✗ Mining failed after 20000000 attempts, skipping block
Mining block at height 1...
✗ Mining failed after 20000000 attempts, skipping block
Mining block at height 1...
✗ Mining failed after 20000000 attempts, skipping block
Mining block at height 1...
✗ Mining failed after 20000000 attempts, skipping block
Mining block at height 1...
✗ Mining failed after 20000000 attempts, skipping block
Mining block at height 1...
✗ Mining failed after 20000000 attempts, skipping block
Mining block at height 1...
✗ Mining failed after 20000000 attempts, skipping block
Mining block at height 1...
✗ Mining failed after 20000000 attempts, skipping block
Mining block at height 1...
✗ Mining failed after 20000000 attempts, skipping block
Mining block at height 1...
✗ Mining failed after 20000000 attempts, skipping block
Mining block at height 1...
✗ Mining failed after 20000000 attempts, skipping block
Mining block at height 1...
✗ Mining failed after 20000000 attempts, skipping block
Mining block at height 1...
✗ Mining failed after 20000000 attempts, skipping block
Mining block at height 1...
✗ Mining failed after 20000000 attempts, skipping block
Mining block at height 1...
✗ Mining failed after 20000000 attempts, skipping block
Mining block at height 1...
✗ Mining failed after 20000000 attempts, skipping block
Mining block at height 1...
✗ Mining failed after 20000000 attempts, skipping block
Mining block at height 1...
✗ Mining failed after 20000000 attempts, skipping block
Mining block at height 1...
✗ Mining failed after 20000000 attempts, skipping block
Mining block at height 1...
✗ Mining failed after 20000000 attempts, skipping block
Mining block at height 1...
✗ Mining failed after 20000000 attempts, skipping block
Mining block at height 1...
✗ Mining failed after 20000000 attempts, skipping block
Mining block at height 1...
✗ Mining failed after 20000000 attempts, skipping block
Mining block at height 1...
✗ Mining failed after 20000000 attempts, skipping block
Mining block at height 1...
✗ Mining failed after 20000000 attempts, skipping block
Mining block at height 1...
✗ Mining failed after 20000000 attempts, skipping block
Mining block at height 1...
✗ Mining failed after 20000000 attempts, skipping block
Mining block at height 1...
✗ Mining failed after 20000000 attempts, skipping block
Mining block at height 1...
✗ Mining failed after 20000000 attempts, skipping block
Mining block at height 1...
✗ Mining failed after 20000000 attempts, skipping block
Mining block at height 1...
✗ Mining failed after 20000000 attempts, skipping block
Mining block at height 1...
✗ Mining failed after 20000000 attempts, skipping block
Mining block at height 1...
✗ Mining failed after 20000000 attempts, skipping block
Mining block at height 1...
✗ Mining failed after 20000000 attempts, skipping block
Mining block at height 1...
✗ Mining failed after 20000000 attempts, skipping block
Mining block at height 1...
✗ Mining failed after 20000000 attempts, skipping block
Mining block at height 1...
✗ Mining failed after 20000000 attempts, skipping block
Mining block at height 1...
✗ Mining failed after 20000000 attempts, skipping block
Mining block at height 1...
✗ Mining failed after 20000000 attempts, skipping block
Mining block at height 1...
✗ Mining failed after 20000000 attempts, skipping block
Mining block at height 1...
✗ Mining failed after 20000000 attempts, skipping block
Mining block at height 1...
✗ Mining failed after 20000000 attempts, skipping block
Mining block at height 1...
✗ Mining failed after 20000000 attempts, skipping block
Mining block at height 1...
✗ Mining failed after 20000000 attempts, skipping block
Mining block at height 1...
✗ Mining failed after 20000000 attempts, skipping block
Mining block at height 1...
✗ Mining failed after 20000000 attempts, skipping block
Mining block at height 1...
✗ Mining failed after 20000000 attempts, skipping block
Mining block at height 1...
✗ Mining failed after 20000000 attempts, skipping block
Mining block at height 1...
✗ Mining failed after 20000000 attempts, skipping block
Mining block at height 1...
✗ Mining failed after 20000000 attempts, skipping block
Mining block at height 1...
✗ Mining failed after 20000000 attempts, skipping block
Mining block at height 1...
✗ Mining failed after 20000000 attempts, skipping block
Mining block at height 1...
✗ Mining failed after 20000000 attempts, skipping block
Mining block at height 1...
✗ Mining failed after 20000000 attempts, skipping block
Mining block at height 1...
✗ Mining failed after 20000000 attempts, skipping block
Mining block at height 1...
✗ Mining failed after 20000000 attempts, skipping block
Mining block at height 1...
✗ Mining failed after 20000000 attempts, skipping block
Mining block at height 1...
✗ Mining failed after 20000000 attempts, skipping block
Mining block at height 1...
✗ Mining failed after 20000000 attempts, skipping block
Mining block at height 1...
✗ Mining failed after 20000000 attempts, skipping block
Mining block at height 1...
✗ Mining failed after 20000000 attempts, skipping block
Mining block at height 1...
✗ Mining failed after 20000000 attempts, skipping block
Mining block at height 1...
✗ Mining failed after 20000000 attempts, skipping block
Mining block at height 1...
✗ Mining failed after 20000000 attempts, skipping block
Mining block at height 1...
✗ Mining failed after 20000000 attempts, skipping block
Mining block at height 1...
✗ Mining failed after 20000000 attempts, skipping block
Mining block at height 1...
✗ Mining failed after 20000000 attempts, skipping block
Mining block at height 1...
✗ Mining failed after 20000000 attempts, skipping block
Mining block at height 1...
✗ Mining failed after 20000000 attempts, skipping block
Mining block at height 1...
✗ Mining failed after 20000000 attempts, skipping block
Mining block at height 1...
✗ Mining failed after 20000000 attempts, skipping block
Mining block at height 1...
✗ Mining failed after 20000000 attempts, skipping block
Mining block at height 1...
✗ Mining failed after 20000000 attempts, skipping block
Mining block at height 1...
✗ Mining failed after 20000000 attempts, skipping block
Mining block at height 1...
✗ Mining failed after 20000000 attempts, skipping block
Mining block at height 1...
✗ Mining failed after 20000000 attempts, skipping block
Mining block at height 1...
✗ Mining failed after 20000000 attempts, skipping block
Mining block at height 1...
✗ Mining failed after 20000000 attempts, skipping block
Mining block at height 1...
✗ Mining failed after 20000000 attempts, skipping block
Mining block at height 1...
✗ Mining failed after 20000000 attempts, skipping block
Mining block at height 1...
✗ Mining failed after 20000000 attempts, skipping block
Mining block at height 1...
✗ Mining failed after 20000000 attempts, skipping block
Mining block at height 1...
✗ Mining failed after 20000000 attempts, skipping block
Mining block at height 1...
✗ Mining failed after 20000000 attempts, skipping block
Mining block at height 1...
✗ Mining failed after 20000000 attempts, skipping block
Mining block at height 1...
✗ Mining failed after 20000000 attempts, skipping block
Mining block at height 1...
✗ Mining failed after 20000000 attempts, skipping block
Mining block at height 1...
✗ Mining failed after 20000000 attempts, skipping block
Mining block at height 1...
✗ Mining failed after 20000000 attempts, skipping block
Mining block at height 1...
✗ Mining failed after 20000000 attempts, skipping block
Mining block at height 1...
✗ Mining failed after 20000000 attempts, skipping block
Mining block at height 1...
✗ Mining failed after 20000000 attempts, skipping block
Mining block at height 1...
✗ Mining failed after 20000000 attempts, skipping block
Mining block at height 1...
✗ Mining failed after 20000000 attempts, skipping block
Mining block at height 1...
✗ Mining failed after 20000000 attempts, skipping block
Mining block at height 1...
✗ Mining failed after 20000000 attempts, skipping block
Mining block at height 1...
✗ Mining failed after 20000000 attempts, skipping block
Mining block at height 1...
✗ Mining failed after 20000000 attempts, skipping block
Mining block at height 1...
✗ Mining failed after 20000000 attempts, skipping block
Mining block at height 1...
✗ Mining failed after 20000000 attempts, skipping block
Mining block at height 1...
✗ Mining failed after 20000000 attempts, skipping block
Mining block at height 1...
✗ Mining failed after 20000000 attempts, skipping block
Mining block at height 1...
✗ Mining failed after 20000000 attempts, skipping block
Mining block at height 1...
✗ Mining failed after 20000000 attempts, skipping block
Mining block at height 1...
✗ Mining failed after 20000000 attempts, skipping block
Mining block at height 1...
✗ Mining failed after 20000000 attempts, skipping block
Mining block at height 1...
✗ Mining failed after 20000000 attempts, skipping block
Mining block at height 1...
✗ Mining failed after 20000000 attempts, skipping block
Mining block at height 1...
✗ Mining failed after 20000000 attempts, skipping block
Mining block at height 1...
✗ Mining failed after 20000000 attempts, skipping block
Mining block at height 1...
✗ Mining failed after 20000000 attempts, skipping block
Mining block at height 1...
✗ Mining failed after 20000000 attempts, skipping block
Mining block at height 1...
✗ Mining failed after 20000000 attempts, skipping block
Mining block at height 1...
✗ Mining failed after 20000000 attempts, skipping block
Mining block at height 1...
✗ Mining failed after 20000000 attempts, skipping block
Mining block at height 1...
✗ Mining failed after 20000000 attempts, skipping block
Mining block at height 1...
✗ Mining failed after 20000000 attempts, skipping block
Mining block at height 1...
✗ Mining failed after 20000000 attempts, skipping block
Mining block at height 1...
✗ Mining failed after 20000000 attempts, skipping block
Mining block at height 1...
✗ Mining failed after 20000000 attempts, skipping block
Mining block at height 1...
✗ Mining failed after 20000000 attempts, skipping block
Mining block at height 1...
✗ Mining failed after 20000000 attempts, skipping block
Mining block at height 1...
✗ Mining failed after 20000000 attempts, skipping block
Mining block at height 1...
✗ Mining failed after 20000000 attempts, skipping block
Mining block at height 1...
✗ Mining failed after 20000000 attempts, skipping block
Mining block at height 1...
✗ Mining failed after 20000000 attempts, skipping block
Mining block at height 1...
✗ Mining failed after 20000000 attempts, skipping block
Mining block at height 1...
✗ Mining failed after 20000000 attempts, skipping block
Mining block at height 1...
✗ Mining failed after 20000000 attempts, skipping block
Mining block at height 1...
✗ Mining failed after 20000000 attempts, skipping block
Mining block at height 1...
✗ Mining failed after 20000000 attempts, skipping block
Mining block at height 1...
✗ Mining failed after 20000000 attempts, skipping block
Mining block at height 1...
✗ Mining failed after 20000000 attempts, skipping block
Mining block at height 1...
✗ Mining failed after 20000000 attempts, skipping block
Mining block at height 1...
✗ Mining failed after 20000000 attempts, skipping block
Mining block at height 1...
✗ Mining failed after 20000000 attempts, skipping block
Mining block at height 1...
✗ Mining failed after 20000000 attempts, skipping block
Mining block at height 1...
✗ Mining failed after 20000000 attempts, skipping block
Mining block at height 1...
✗ Mining failed after 20000000 attempts, skipping block
Mining block at height 1...
✗ Mining failed after 20000000 attempts, skipping block
Mining block at height 1...
✗ Mining failed after 20000000 attempts, skipping block
Mining block at height 1...
✗ Mining failed after 20000000 attempts, skipping block
Mining block at height 1...
✗ Mining failed after 20000000 attempts, skipping block
Mining block at height 1...
✗ Mining failed after 20000000 attempts, skipping block
Mining block at height 1...
✗ Mining failed after 20000000 attempts, skipping block
Mining block at height 1...
✗ Mining failed after 20000000 attempts, skipping block
Mining block at height 1...
✗ Mining failed after 20000000 attempts, skipping block
Mining block at height 1...
✗ Mining failed after 20000000 attempts, skipping block
Mining block at height 1...
✗ Mining failed after 20000000 attempts, skipping block
Mining block at height 1...
✗ Mining failed after 20000000 attempts, skipping block
Mining block at height 1...
✗ Mining failed after 20000000 attempts, skipping block
Mining block at height 1...
✗ Mining failed after 20000000 attempts, skipping block
Mining block at height 1...
✗ Mining failed after 20000000 attempts, skipping block
Mining block at height 1...
✗ Mining failed after 20000000 attempts, skipping block
Mining block at height 1...
✗ Mining failed after 20000000 attempts, skipping block
Mining block at height 1...
✗ Mining failed after 20000000 attempts, skipping block
Mining block at height 1...
✗ Mining failed after 20000000 attempts, skipping block
Mining block at height 1...
✗ Mining failed after 20000000 attempts, skipping block
Mining block at height 1...
✗ Mining failed after 20000000 attempts, skipping block
Mining block at height 1...
✗ Mining failed after 20000000 attempts, skipping block
Mining block at height 1...
✗ Mining failed after 20000000 attempts, skipping block
Mining block at height 1...
✗ Mining failed after 20000000 attempts, skipping block
Mining block at height 1...
✗ Mining failed after 20000000 attempts, skipping block
Mining block at height 1...
✗ Mining failed after 20000000 attempts, skipping block
Mining block at height 1...
✗ Mining failed after 20000000 attempts, skipping block
Mining block at height 1...
✗ Mining failed after 20000000 attempts, skipping block
Mining block at height 1...
✗ Mining failed after 20000000 attempts, skipping block
Mining block at height 1...
✗ Mining failed after 20000000 attempts, skipping block
Mining block at height 1...
✗ Mining failed after 20000000 attempts, skipping block
Mining block at height 1...
✗ Mining failed after 20000000 attempts, skipping block
Mining block at height 1...
✗ Mining failed after 20000000 attempts, skipping block
Mining block at height 1...
✗ Mining failed after 20000000 attempts, skipping block
Mining block at height 1...
✗ Mining failed after 20000000 attempts, skipping block
Mining block at height 1...
✗ Mining failed after 20000000 attempts, skipping block
Mining block at height 1...
✗ Mining failed after 20000000 attempts, skipping block
Mining block at height 1...
✗ Mining failed after 20000000 attempts, skipping block
Mining block at height 1...
✗ Mining failed after 20000000 attempts, skipping block
Mining block at height 1...
✗ Mining failed after 20000000 attempts, skipping block
Mining block at height 1...
✗ Mining failed after 20000000 attempts, skipping block
Mining block at height 1...
✗ Mining failed after 20000000 attempts, skipping block
Mining block at height 1...
✗ Mining failed after 20000000 attempts, skipping block
Mining block at height 1...
✗ Mining failed after 20000000 attempts, skipping block
Mining block at height 1...
✗ Mining failed after 20000000 attempts, skipping block
Mining block at height 1...
✗ Mining failed after 20000000 attempts, skipping block
Mining block at height 1...
✗ Mining failed after 20000000 attempts, skipping block
Mining block at height 1...
✗ Mining failed after 20000000 attempts, skipping block
Mining block at height 1...
✗ Mining failed after 20000000 attempts, skipping block
Mining block at height 1...
✗ Mining failed after 20000000 attempts, skipping block
Mining block at height 1...
✗ Mining failed after 20000000 attempts, skipping block
Mining block at height 1...
✗ Mining failed after 20000000 attempts, skipping block
Mining block at height 1...
✗ Mining failed after 20000000 attempts, skipping block
Mining block at height 1...
✗ Mining failed after 20000000 attempts, skipping block
Mining block at height 1...
✗ Mining failed after 20000000 attempts, skipping block
Mining block at height 1...
✗ Mining failed after 20000000 attempts, skipping block
Mining block at height 1...
✗ Mining failed after 20000000 attempts, skipping block
Mining block at height 1...
✗ Mining failed after 20000000 attempts, skipping block
Mining block at height 1...
✗ Mining failed after 20000000 attempts, skipping block
Mining block at height 1...
✗ Mining failed after 20000000 attempts, skipping block
Mining block at height 1...
✗ Mining failed after 20000000 attempts, skipping block
Mining block at height 1...
✗ Mining failed after 20000000 attempts, skipping block
Mining block at height 1...
✗ Mining failed after 20000000 attempts, skipping block
Mining block at height 1...
✗ Mining failed after 20000000 attempts, skipping block
Mining block at height 1...
✗ Mining failed after 20000000 attempts, skipping block
Mining block at height 1...
✗ Mining failed after 20000000 attempts, skipping block
Mining block at height 1...
✗ Mining failed after 20000000 attempts, skipping block
Mining block at height 1...
✗ Mining failed after 20000000 attempts, skipping block
Mining block at height 1...
✗ Mining failed after 20000000 attempts, skipping block
Mining block at height 1...
✗ Mining failed after 20000000 attempts, skipping block
Mining block at height 1...
✗ Mining failed after 20000000 attempts, skipping block
Mining block at height 1...
✗ Mining failed after 20000000 attempts, skipping block
Mining block at height 1...
✗ Mining failed after 20000000 attempts, skipping block
Mining block at height 1...
✗ Mining failed after 20000000 attempts, skipping block
Mining block at height 1...
✗ Mining failed after 20000000 attempts, skipping block
Mining block at height 1...
✗ Mining failed after 20000000 attempts, skipping block
Mining block at height 1...
✗ Mining failed after 20000000 attempts, skipping block
Mining block at height 1...
✗ Mining failed after 20000000 attempts, skipping block
Mining block at height 1...
✗ Mining failed after 20000000 attempts, skipping block
Mining block at height 1...
✗ Mining failed after 20000000 attempts, skipping block
Mining block at height 1...
✗ Mining failed after 20000000 attempts, skipping block
Mining block at height 1...
✗ Mining failed after 20000000 attempts, skipping block
Mining block at height 1...
✗ Mining failed after 20000000 attempts, skipping block
Mining block at height 1...
✗ Mining failed after 20000000 attempts, skipping block
Mining block at height 1...
✗ Mining failed after 20000000 attempts, skipping block
Mining block at height 1...
✗ Mining failed after 20000000 attempts, skipping block
Mining block at height 1...
✗ Mining failed after 20000000 attempts, skipping block
Mining block at height 1...
✗ Mining failed after 20000000 attempts, skipping block
Mining block at height 1...
✗ Mining failed after 20000000 attempts, skipping block
Mining block at height 1...
✗ Mining failed after 20000000 attempts, skipping block
Mining block at height 1...
✗ Mining failed after 20000000 attempts, skipping block
Mining block at height 1...
✗ Mining failed after 20000000 attempts, skipping block
Mining block at height 1...
✗ Mining failed after 20000000 attempts, skipping block
Mining block at height 1...
✗ Mining failed after 20000000 attempts, skipping block
Mining block at height 1...
✗ Mining failed after 20000000 attempts, skipping block
Mining block at height 1...
✗ Mining failed after 20000000 attempts, skipping block
Mining block at height 1...
✗ Mining failed after 20000000 attempts, skipping block
Mining block at height 1...
✗ Mining failed after 20000000 attempts, skipping block
Mining block at height 1...
✗ Mining failed after 20000000 attempts, skipping block
Mining block at height 1...
✗ Mining failed after 20000000 attempts, skipping block
Mining block at height 1...
✗ Mining failed after 20000000 attempts, skipping block
Mining block at height 1...
✗ Mining failed after 20000000 attempts, skipping block
Mining block at height 1...
✗ Mining failed after 20000000 attempts, skipping block
Mining block at height 1...
✗ Mining failed after 20000000 attempts, skipping block
Mining block at height 1...
✗ Mining failed after 20000000 attempts, skipping block
Mining block at height 1...
✗ Mining failed after 20000000 attempts, skipping block
Mining block at height 1...
✗ Mining failed after 20000000 attempts, skipping block
Mining block at height 1...
✗ Mining failed after 20000000 attempts, skipping block
Mining block at height 1...
✗ Mining failed after 20000000 attempts, skipping block
Mining block at height 1...
✗ Mining failed after 20000000 attempts, skipping block
Mining block at height 1...
✗ Mining failed after 20000000 attempts, skipping block
Mining block at height 1...
✗ Mining failed after 20000000 attempts, skipping block
Mining block at height 1...
✗ Mining failed after 20000000 attempts, skipping block
Mining block at height 1...
✗ Mining failed after 20000000 attempts, skipping block
Mining block at height 1...
✗ Mining failed after 20000000 attempts, skipping block
Mining block at height 1...
✗ Mining failed after 20000000 attempts, skipping block
Mining block at height 1...
✗ Mining failed after 20000000 attempts, skipping block
Mining block at height 1...
✗ Mining failed after 20000000 attempts, skipping block
Mining block at height 1...
✗ Mining failed after 20000000 attempts, skipping block
Mining block at height 1...
✗ Mining failed after 20000000 attempts, skipping block
Mining block at height 1...
✗ Mining failed after 20000000 attempts, skipping block
Mining block at height 1...
✗ Mining failed after 20000000 attempts, skipping block
Mining block at height 1...
✗ Mining failed after 20000000 attempts, skipping block
Mining block at height 1...
✗ Mining failed after 20000000 attempts, skipping block
Mining block at height 1...
✗ Mining failed after 20000000 attempts, skipping block
Mining block at height 1...
✗ Mining failed after 20000000 attempts, skipping block
Mining block at height 1...
✗ Mining failed after 20000000 attempts, skipping block
Mining block at height 1...
✗ Mining failed after 20000000 attempts, skipping block
Mining block at height 1...
✗ Mining failed after 20000000 attempts, skipping block
Mining block at height 1...
✗ Mining failed after 20000000 attempts, skipping block
Mining block at height 1...
✗ Mining failed after 20000000 attempts, skipping block
Mining block at height 1...
✗ Mining failed after 20000000 attempts, skipping block
Mining block at height 1...
✗ Mining failed after 20000000 attempts, skipping block
Mining block at height 1...
✗ Mining failed after 20000000 attempts, skipping block
Mining block at height 1...
✗ Mining failed after 20000000 attempts, skipping block
Mining block at height 1...
✗ Mining failed after 20000000 attempts, skipping block
Mining block at height 1...
✗ Mining failed after 20000000 attempts, skipping block
Mining block at height 1...
✗ Mining failed after 20000000 attempts, skipping block
Mining block at height 1...
✗ Mining failed after 20000000 attempts, skipping block
Mining block at height 1...
✗ Mining failed after 20000000 attempts, skipping block
Mining block at height 1...
✗ Mining failed after 20000000 attempts, skipping block
Mining block at height 1...
✗ Mining failed after 20000000 attempts, skipping block
Mining block at height 1...
✗ Mining failed after 20000000 attempts, skipping block
Mining block at height 1...
✗ Mining failed after 20000000 attempts, skipping block
Mining block at height 1...
✗ Mining failed after 20000000 attempts, skipping block
Mining block at height 1...
✗ Mining failed after 20000000 attempts, skipping block
Mining block at height 1...
✗ Mining failed after 20000000 attempts, skipping block
Mining block at height 1...
✗ Mining failed after 20000000 attempts, skipping block
Mining block at height 1...
✗ Mining failed after 20000000 attempts, skipping block
Mining block at height 1...
✗ Mining failed after 20000000 attempts, skipping block
Mining block at height 1...
✗ Mining failed after 20000000 attempts, skipping block
Mining block at height 1...
✗ Mining failed after 20000000 attempts, skipping block
Mining block at height 1...
✗ Mining failed after 20000000 attempts, skipping block
Mining block at height 1...
✗ Mining failed after 20000000 attempts, skipping block
Mining block at height 1...
✗ Mining failed after 20000000 attempts, skipping block
Mining block at height 1...
✗ Mining failed after 20000000 attempts, skipping block
Mining block at height 1...
✗ Mining failed after 20000000 attempts, skipping block
Mining block at height 1...
✗ Mining failed after 20000000 attempts, skipping block
Mining block at height 1...
✗ Mining failed after 20000000 attempts, skipping block
Mining block at height 1...
✗ Mining failed after 20000000 attempts, skipping block
Mining block at height 1...
✗ Mining failed after 20000000 attempts, skipping block
Mining block at height 1...
✗ Mining failed after 20000000 attempts, skipping block
Mining block at height 1...
✗ Mining failed after 20000000 attempts, skipping block
Mining block at height 1...
✗ Mining failed after 20000000 attempts, skipping block
Mining block at height 1...
✗ Mining failed after 20000000 attempts, skipping block
Mining block at height 1...
✗ Mining failed after 20000000 attempts, skipping block
Mining block at height 1...
✗ Mining failed after 20000000 attempts, skipping block
Mining block at height 1...
✗ Mining failed after 20000000 attempts, skipping block
Mining block at height 1...
✗ Mining failed after 20000000 attempts, skipping block
Mining block at height 1...
✗ Mining failed after 20000000 attempts, skipping block
Mining block at height 1...
✗ Mining failed after 20000000 attempts, skipping block
Mining block at height 1...
✗ Mining failed after 20000000 attempts, skipping block
Mining block at height 1...
✗ Mining failed after 20000000 attempts, skipping block
Mining block at height 1...
✗ Mining failed after 20000000 attempts, skipping block
Mining block at height 1...
✗ Mining failed after 20000000 attempts, skipping block
Mining block at height 1...
✗ Mining failed after 20000000 attempts, skipping block
Mining block at height 1...
✗ Mining failed after 20000000 attempts, skipping block
Mining block at height 1...
✗ Mining failed after 20000000 attempts, skipping block
Mining block at height 1...
✗ Mining failed after 20000000 attempts, skipping block
Mining block at height 1...
✗ Mining failed after 20000000 attempts, skipping block
Mining block at height 1...
✗ Mining failed after 20000000 attempts, skipping block
Mining block at height 1...
✗ Mining failed after 20000000 attempts, skipping block
Mining block at height 1...
✗ Mining failed after 20000000 attempts, skipping block
Mining block at height 1...
✗ Mining failed after 20000000 attempts, skipping block
Mining block at height 1...
✗ Mining failed after 20000000 attempts, skipping block
Mining block at height 1...
✗ Mining failed after 20000000 attempts, skipping block
Mining block at height 1...
✗ Mining failed after 20000000 attempts, skipping block
Mining block at height 1...
✗ Mining failed after 20000000 attempts, skipping block
Mining block at height 1...
✗ Mining failed after 20000000 attempts, skipping block
Mining block at height 1...
✗ Mining failed after 20000000 attempts, skipping block
Mining block at height 1...
✗ Mining failed after 20000000 attempts, skipping block
Mining block at height 1...
✗ Mining failed after 20000000 attempts, skipping block
Mining block at height 1...
✗ Mining failed after 20000000 attempts, skipping block
Mining block at height 1...
✗ Mining failed after 20000000 attempts, skipping block
Mining block at height 1...
✗ Mining failed after 20000000 attempts, skipping block
Mining block at height 1...
✗ Mining failed after 20000000 attempts, skipping block
Mining block at height 1...
✗ Mining failed after 20000000 attempts, skipping block
Mining block at height 1...
✗ Mining failed after 20000000 attempts, skipping block
Mining block at height 1...
✗ Mining failed after 20000000 attempts, skipping block
Mining block at height 1...
✗ Mining failed after 20000000 attempts, skipping block
Mining block at height 1...
✗ Mining failed after 20000000 attempts, skipping block
Mining block at height 1...
✗ Mining failed after 20000000 attempts, skipping block
Mining block at height 1...
✗ Mining failed after 20000000 attempts, skipping block
Mining block at height 1...
✗ Mining failed after 20000000 attempts, skipping block
Mining block at height 1...
✗ Mining failed after 20000000 attempts, skipping block
Mining block at height 1...
✗ Mining failed after 20000000 attempts, skipping block
Mining block at height 1...
✗ Mining failed after 20000000 attempts, skipping block
Mining block at height 1...
✗ Mining failed after 20000000 attempts, skipping block
Mining block at height 1...
✗ Mining failed after 20000000 attempts, skipping block
Mining block at height 1...
✗ Mining failed after 20000000 attempts, skipping block
Mining block at height 1...
✗ Mining failed after 20000000 attempts, skipping block
Mining block at height 1...
✗ Mining failed after 20000000 attempts, skipping block
Mining block at height 1...
✗ Mining failed after 20000000 attempts, skipping block
Mining block at height 1...
✗ Mining failed after 20000000 attempts, skipping block
Mining block at height 1...
✗ Mining failed after 20000000 attempts, skipping block
Mining block at height 1...
✗ Mining failed after 20000000 attempts, skipping block
Mining block at height 1...
✗ Mining failed after 20000000 attempts, skipping block
Mining block at height 1...
✗ Mining failed after 20000000 attempts, skipping block
Mining block at height 1...
✗ Mining failed after 20000000 attempts, skipping block
Mining block at height 1...
✗ Mining failed after 20000000 attempts, skipping block
Mining block at height 1...
✗ Mining failed after 20000000 attempts, skipping block
Mining block at height 1...
✗ Mining failed after 20000000 attempts, skipping block
Mining block at height 1...
✗ Mining failed after 20000000 attempts, skipping block
Mining block at height 1...
✗ Mining failed after 20000000 attempts, skipping block
Mining block at height 1...
✗ Mining failed after 20000000 attempts, skipping block
Mining block at height 1...
✗ Mining failed after 20000000 attempts, skipping block
Mining block at height 1...
✗ Mining failed after 20000000 attempts, skipping block
Mining block at height 1...
✗ Mining failed after 20000000 attempts, skipping block
Mining block at height 1...
✗ Mining failed after 20000000 attempts, skipping block
Mining block at height 1...
✗ Mining failed after 20000000 attempts, skipping block
Mining block at height 1...
✗ Mining failed after 20000000 attempts, skipping block
Mining block at height 1...
✗ Mining failed after 20000000 attempts, skipping block
Mining block at height 1...
✗ Mining failed after 20000000 attempts, skipping block
Mining block at height 1...
✗ Mining failed after 20000000 attempts, skipping block
Mining block at height 1...
✗ Mining failed after 20000000 attempts, skipping block
Mining block at height 1...
✗ Mining failed after 20000000 attempts, skipping block
Mining block at height 1...
✗ Mining failed after 20000000 attempts, skipping block
Mining block at height 1...
✗ Mining failed after 20000000 attempts, skipping block
Mining block at height 1...
✗ Mining failed after 20000000 attempts, skipping block
Mining block at height 1...
✗ Mining failed after 20000000 attempts, skipping block
Mining block at height 1...
✗ Mining failed after 20000000 attempts, skipping block
Mining block at height 1...
✗ Mining failed after 20000000 attempts, skipping block
Mining block at height 1...
✗ Mining failed after 20000000 attempts, skipping block
Mining block at height 1...
✗ Mining failed after 20000000 attempts, skipping block
Mining block at height 1...
✗ Mining failed after 20000000 attempts, skipping block
Mining block at height 1...
✗ Mining failed after 20000000 attempts, skipping block
Mining block at height 1...
✗ Mining failed after 20000000 attempts, skipping block
Mining block at height 1...
✗ Mining failed after 20000000 attempts, skipping block
Mining block at height 1...
✗ Mining failed after 20000000 attempts, skipping block
Mining block at height 1...
✗ Mining failed after 20000000 attempts, skipping block
Mining block at height 1...
✗ Mining failed after 20000000 attempts, skipping block
Mining block at height 1...
✗ Mining failed after 20000000 attempts, skipping block
Mining block at height 1...
✗ Mining failed after 20000000 attempts, skipping block
Mining block at height 1...
✗ Mining failed after 20000000 attempts, skipping block
Mining block at height 1...
✗ Mining failed after 20000000 attempts, skipping block
Mining block at height 1...
✗ Mining failed after 20000000 attempts, skipping block
Mining block at height 1...
✗ Mining failed after 20000000 attempts, skipping block
Mining block at height 1...
✗ Mining failed after 20000000 attempts, skipping block
Mining block at height 1...
✗ Mining failed after 20000000 attempts, skipping block
Mining block at height 1...
✗ Mining failed after 20000000 attempts, skipping block
Mining block at height 1...
✗ Mining failed after 20000000 attempts, skipping block
Mining block at height 1...
✗ Mining failed after 20000000 attempts, skipping block
Mining block at height 1...
✗ Mining failed after 20000000 attempts, skipping block
Mining block at height 1...
✗ Mining failed after 20000000 attempts, skipping block
Mining block at height 1...
✗ Mining failed after 20000000 attempts, skipping block
Mining block at height 1...
✗ Mining failed after 20000000 attempts, skipping block
Mining block at height 1...
✗ Mining failed after 20000000 attempts, skipping block
Mining block at height 1...
✗ Mining failed after 20000000 attempts, skipping block
Mining block at height 1...
✗ Mining failed after 20000000 attempts, skipping block
Mining block at height 1...
✗ Mining failed after 20000000 attempts, skipping block
Mining block at height 1...
✗ Mining failed after 20000000 attempts, skipping block
Mining block at height 1...
✗ Mining failed after 20000000 attempts, skipping block
Mining block at height 1...
✗ Mining failed after 20000000 attempts, skipping block
Mining block at height 1...
✗ Mining failed after 20000000 attempts, skipping block
Mining block at height 1...
✗ Mining failed after 20000000 attempts, skipping block
Mining block at height 1...
✗ Mining failed after 20000000 attempts, skipping block
Mining block at height 1...
✗ Mining failed after 20000000 attempts, skipping block
Mining block at height 1...
✗ Mining failed after 20000000 attempts, skipping block
Mining block at height 1...
✗ Mining failed after 20000000 attempts, skipping block
Mining block at height 1...
✗ Mining failed after 20000000 attempts, skipping block
Mining block at height 1...
✗ Mining failed after 20000000 attempts, skipping block
Mining block at height 1...
✗ Mining failed after 20000000 attempts, skipping block
Mining block at height 1...
✗ Mining failed after 20000000 attempts, skipping block
Mining block at height 1...
✗ Mining failed after 20000000 attempts, skipping block
Mining block at height 1...
✗ Mining failed after 20000000 attempts, skipping block
Mining block at height 1...
✗ Mining failed after 20000000 attempts, skipping block
Mining block at height 1...
✗ Mining failed after 20000000 attempts, skipping block
Mining block at height 1...
✗ Mining failed after 20000000 attempts, skipping block
Mining block at height 1...
✗ Mining failed after 20000000 attempts, skipping block
Mining block at height 1...
✗ Mining failed after 20000000 attempts, skipping block
Mining block at height 1...
✗ Mining failed after 20000000 attempts, skipping block
Mining block at height 1...
✗ Mining failed after 20000000 attempts, skipping block
Mining block at height 1...
✗ Mining failed after 20000000 attempts, skipping block
Mining block at height 1...
✗ Mining failed after 20000000 attempts, skipping block
Mining block at height 1...
✗ Mining failed after 20000000 attempts, skipping block
Mining block at height 1...
✗ Mining failed after 20000000 attempts, skipping block
Mining block at height 1...
✗ Mining failed after 20000000 attempts, skipping block
Mining block at height 1...
✗ Mining failed after 20000000 attempts, skipping block
Mining block at height 1...
✗ Mining failed after 20000000 attempts, skipping block
Mining block at height 1...
✗ Mining failed after 20000000 attempts, skipping block
Mining block at height 1...
✗ Mining failed after 20000000 attempts, skipping block
Mining block at height 1...
✗ Mining failed after 20000000 attempts, skipping block
Mining block at height 1...
✗ Mining failed after 20000000 attempts, skipping block
Mining block at height 1...
✗ Mining failed after 20000000 attempts, skipping block
Mining block at height 1...
✗ Mining failed after 20000000 attempts, skipping block
Mining block at height 1...
✗ Mining failed after 20000000 attempts, skipping block
Mining block at height 1...
✗ Mining failed after 20000000 attempts, skipping block
Mining block at height 1...
✗ Mining failed after 20000000 attempts, skipping block
Mining block at height 1...
✗ Mining failed after 20000000 attempts, skipping block
Mining block at height 1...
✗ Mining failed after 20000000 attempts, skipping block
Mining block at height 1...
✗ Mining failed after 20000000 attempts, skipping block
Mining block at height 1...
✗ Mining failed after 20000000 attempts, skipping block
Mining block at height 1...
✗ Mining failed after 20000000 attempts, skipping block
Mining block at height 1...
✗ Mining failed after 20000000 attempts, skipping block
Mining block at height 1...
✗ Mining failed after 20000000 attempts, skipping block
Mining block at height 1...
✗ Mining failed after 20000000 attempts, skipping block
Mining block at height 1...
✗ Mining failed after 20000000 attempts, skipping block
Mining block at height 1...
✗ Mining failed after 20000000 attempts, skipping block
Mining block at height 1...
✗ Mining failed after 20000000 attempts, skipping block
Mining block at height 1...
✗ Mining failed after 20000000 attempts, skipping block
Mining block at height 1...
✗ Mining failed after 20000000 attempts, skipping block
Mining block at height 1...
✗ Mining failed after 20000000 attempts, skipping block
Mining block at height 1...
✗ Mining failed after 20000000 attempts, skipping block
Mining block at height 1...
✗ Mining failed after 20000000 attempts, skipping block
Mining block at height 1...
✗ Mining failed after 20000000 attempts, skipping block
Mining block at height 1...
✗ Mining failed after 20000000 attempts, skipping block
Mining block at height 1...
✗ Mining failed after 20000000 attempts, skipping block
Mining block at height 1...
✗ Mining failed after 20000000 attempts, skipping block
Mining block at height 1...
✗ Mining failed after 20000000 attempts, skipping block
Mining block at height 1...
✗ Mining failed after 20000000 attempts, skipping block
Mining block at height 1...
✗ Mining failed after 20000000 attempts, skipping block
Mining block at height 1...
✗ Mining failed after 20000000 attempts, skipping block
Mining block at height 1...
✗ Mining failed after 20000000 attempts, skipping block
Mining block at height 1...
✗ Mining failed after 20000000 attempts, skipping block
Mining block at height 1...
✗ Mining failed after 20000000 attempts, skipping block
Mining block at height 1...
✗ Mining failed after 20000000 attempts, skipping block
Mining block at height 1...
✗ Mining failed after 20000000 attempts, skipping block
Mining block at height 1...
✗ Mining failed after 20000000 attempts, skipping block
Mining block at height 1...
✗ Mining failed after 20000000 attempts, skipping block
Mining block at height 1...
✗ Mining failed after 20000000 attempts, skipping block
Mining block at height 1...
✗ Mining failed after 20000000 attempts, skipping block
Mining block at height 1...
✗ Mining failed after 20000000 attempts, skipping block
Mining block at height 1...
✗ Mining failed after 20000000 attempts, skipping block
Mining block at height 1...
✗ Mining failed after 20000000 attempts, skipping block
Mining block at height 1...
✗ Mining failed after 20000000 attempts, skipping block
Mining block at height 1...
✗ Mining failed after 20000000 attempts, skipping block
Mining block at height 1...
✗ Mining failed after 20000000 attempts, skipping block
Mining block at height 1...
✗ Mining failed after 20000000 attempts, skipping block
Mining block at height 1...
✗ Mining failed after 20000000 attempts, skipping block
Mining block at height 1...
✗ Mining failed after 20000000 attempts, skipping block
Mining block at height 1...
✗ Mining failed after 20000000 attempts, skipping block
Mining block at height 1...
✗ Mining failed after 20000000 attempts, skipping block
Mining block at height 1...
✗ Mining failed after 20000000 attempts, skipping block
Mining block at height 1...
✗ Mining failed after 20000000 attempts, skipping block
Mining block at height 1...
✗ Mining failed after 20000000 attempts, skipping block
Mining block at height 1...
✗ Mining failed after 20000000 attempts, skipping block
Mining block at height 1...
✗ Mining failed after 20000000 attempts, skipping block
Mining block at height 1...
✗ Mining failed after 20000000 attempts, skipping block
Mining block at height 1...
✗ Mining failed after 20000000 attempts, skipping block
Mining block at height 1...
✗ Mining failed after 20000000 attempts, skipping block
Mining block at height 1...
✗ Mining failed after 20000000 attempts, skipping block
Mining block at height 1...
✗ Mining failed after 20000000 attempts, skipping block
Mining block at height 1...
✗ Mining failed after 20000000 attempts, skipping block
Mining block at height 1...
✗ Mining failed after 20000000 attempts, skipping block
Mining block at height 1...
✗ Mining failed after 20000000 attempts, skipping block
Mining block at height 1...
✗ Mining failed after 20000000 attempts, skipping block
Mining block at height 1...
✗ Mining failed after 20000000 attempts, skipping block
Mining block at height 1...
✗ Mining failed after 20000000 attempts, skipping block
Mining block at height 1...
✗ Mining failed after 20000000 attempts, skipping block
Mining block at height 1...
✗ Mining failed after 20000000 attempts, skipping block
Mining block at height 1...
✗ Mining failed after 20000000 attempts, skipping block
Mining block at height 1...
✗ Mining failed after 20000000 attempts, skipping block
Mining block at height 1...
✗ Mining failed after 20000000 attempts, skipping block
Mining block at height 1...
✗ Mining failed after 20000000 attempts, skipping block
Mining block at height 1...
✗ Mining failed after 20000000 attempts, skipping block
Mining block at height 1...
✗ Mining failed after 20000000 attempts, skipping block
Mining block at height 1...
✗ Mining failed after 20000000 attempts, skipping block
Mining block at height 1...
✗ Mining failed after 20000000 attempts, skipping block
Mining block at height 1...
✗ Mining failed after 20000000 attempts, skipping block
Mining block at height 1...
✗ Mining failed after 20000000 attempts, skipping block
Mining block at height 1...
✗ Mining failed after 20000000 attempts, skipping block
Mining block at height 1...
✗ Mining failed after 20000000 attempts, skipping block
Mining block at height 1...
✗ Mining failed after 20000000 attempts, skipping block
Mining block at height 1...
✗ Mining failed after 20000000 attempts, skipping block
Mining block at height 1...
✗ Mining failed after 20000000 attempts, skipping block
Mining block at height 1...
✗ Mining failed after 20000000 attempts, skipping block
Mining block at height 1...
✗ Mining failed after 20000000 attempts, skipping block
Mining block at height 1...
✗ Mining failed after 20000000 attempts, skipping block
Mining block at height 1...
✗ Mining failed after 20000000 attempts, skipping block
Mining block at height 1...
✗ Mining failed after 20000000 attempts, skipping block
Mining block at height 1...
✗ Mining failed after 20000000 attempts, skipping block
Mining block at height 1...
✗ Mining failed after 20000000 attempts, skipping block
Mining block at height 1...
✗ Mining failed after 20000000 attempts, skipping block
Mining block at height 1...
✗ Mining failed after 20000000 attempts, skipping block
Mining block at height 1...
✗ Mining failed after 20000000 attempts, skipping block
Mining block at height 1...
✗ Mining failed after 20000000 attempts, skipping block
Mining block at height 1...
✗ Mining failed after 20000000 attempts, skipping block
Mining block at height 1...
✗ Mining failed after 20000000 attempts, skipping block
Mining block at height 1...
✗ Mining failed after 20000000 attempts, skipping block
Mining block at height 1...
✗ Mining failed after 20000000 attempts, skipping block
Mining block at height 1...
✗ Mining failed after 20000000 attempts, skipping block
Mining block at height 1...
✗ Mining failed after 20000000 attempts, skipping block
Mining block at height 1...
✗ Mining failed after 20000000 attempts, skipping block
Mining block at height 1...
✗ Mining failed after 20000000 attempts, skipping block
Mining block at height 1...
✗ Mining failed after 20000000 attempts, skipping block
Mining block at height 1...
✗ Mining failed after 20000000 attempts, skipping block
Mining block at height 1...
✗ Mining failed after 20000000 attempts, skipping block
Mining block at height 1...
✗ Mining failed after 20000000 attempts, skipping block
Mining block at height 1...
✗ Mining failed after 20000000 attempts, skipping block
Mining block at height 1...
✗ Mining failed after 20000000 attempts, skipping block
Mining block at height 1...
✗ Mining failed after 20000000 attempts, skipping block
Mining block at height 1...
✗ Mining failed after 20000000 attempts, skipping block
Mining block at height 1...
✗ Mining failed after 20000000 attempts, skipping block
Mining block at height 1...
✗ Mining failed after 20000000 attempts, skipping block
Mining block at height 1...
✗ Mining failed after 20000000 attempts, skipping block
Mining block at height 1...
✗ Mining failed after 20000000 attempts, skipping block
Mining block at height 1...
✗ Mining failed after 20000000 attempts, skipping block
Mining block at height 1...
✗ Mining failed after 20000000 attempts, skipping block
Mining block at height 1...
✗ Mining failed after 20000000 attempts, skipping block
Mining block at height 1...
✗ Mining failed after 20000000 attempts, skipping block
Mining block at height 1...
✗ Mining failed after 20000000 attempts, skipping block
Mining block at height 1...
✗ Mining failed after 20000000 attempts, skipping block
Mining block at height 1...
✗ Mining failed after 20000000 attempts, skipping block
Mining block at height 1...
✗ Mining failed after 20000000 attempts, skipping block
Mining block at height 1...
✗ Mining failed after 20000000 attempts, skipping block
Mining block at height 1...
✗ Mining failed after 20000000 attempts, skipping block
Mining block at height 1...
✗ Mining failed after 20000000 attempts, skipping block
Mining block at height 1...
✗ Mining failed after 20000000 attempts, skipping block
Mining block at height 1...
✗ Mining failed after 20000000 attempts, skipping block
Mining block at height 1...
✗ Mining failed after 20000000 attempts, skipping block
Mining block at height 1...
✗ Mining failed after 20000000 attempts, skipping block
Mining block at height 1...
✗ Mining failed after 20000000 attempts, skipping block
Mining block at height 1...
✗ Mining failed after 20000000 attempts, skipping block
Mining block at height 1...
✗ Mining failed after 20000000 attempts, skipping block
Mining block at height 1...
✗ Mining failed after 20000000 attempts, skipping block
Mining block at height 1...
✗ Mining failed after 20000000 attempts, skipping block
Mining block at height 1...
✗ Mining failed after 20000000 attempts, skipping block
Mining block at height 1...
✗ Mining failed after 20000000 attempts, skipping block
Mining block at height 1...
✗ Mining failed after 20000000 attempts, skipping block
Mining block at height 1...
✗ Mining failed after 20000000 attempts, skipping block
Mining block at height 1...
✗ Mining failed after 20000000 attempts, skipping block
Mining block at height 1...
✗ Mining failed after 20000000 attempts, skipping block
Mining block at height 1...
✗ Mining failed after 20000000 attempts, skipping block
Mining block at height 1...
✗ Mining failed after 20000000 attempts, skipping block
Mining block at height 1...
✗ Mining failed after 20000000 attempts, skipping block
Mining block at height 1...
✗ Mining failed after 20000000 attempts, skipping block
Mining block at height 1...
✗ Mining failed after 20000000 attempts, skipping block
Mining block at height 1...
✗ Mining failed after 20000000 attempts, skipping block
Mining block at height 1...
✗ Mining failed after 20000000 attempts, skipping block
Mining block at height 1...
✗ Mining failed after 20000000 attempts, skipping block
Mining block at height 1...
✗ Mining failed after 20000000 attempts, skipping block
Mining block at height 1...
✗ Mining failed after 20000000 attempts, skipping block
Mining block at height 1...
✗ Mining failed after 20000000 attempts, skipping block
Mining block at height 1...
✗ Mining failed after 20000000 attempts, skipping block
Mining block at height 1...
✗ Mining failed after 20000000 attempts, skipping block
Mining block at height 1...
✗ Mining failed after 20000000 attempts, skipping block
Mining block at height 1...
✗ Mining failed after 20000000 attempts, skipping block
Mining block at height 1...
✗ Mining failed after 20000000 attempts, skipping block
Mining block at height 1...
✗ Mining failed after 20000000 attempts, skipping block
Mining block at height 1...
✗ Mining failed after 20000000 attempts, skipping block
Mining block at height 1...
✗ Mining failed after 20000000 attempts, skipping block
Mining block at height 1...
✗ Mining failed after 20000000 attempts, skipping block
Mining block at height 1...
✗ Mining failed after 20000000 attempts, skipping block
Mining block at height 1...
✗ Mining failed after 20000000 attempts, skipping block
Mining block at height 1...
✗ Mining failed after 20000000 attempts, skipping block
Mining block at height 1...
✗ Mining failed after 20000000 attempts, skipping block
Mining block at height 1...
✗ Mining failed after 20000000 attempts, skipping block
Mining block at height 1...
✗ Mining failed after 20000000 attempts, skipping block
Mining block at height 1...
✗ Mining failed after 20000000 attempts, skipping block
Mining block at height 1...
✗ Mining failed after 20000000 attempts, skipping block
Mining block at height 1...
✗ Mining failed after 20000000 attempts, skipping block
Mining block at height 1...
✗ Mining failed after 20000000 attempts, skipping block
Mining block at height 1...
✗ Mining failed after 20000000 attempts, skipping block
Mining block at height 1...
✗ Mining failed after 20000000 attempts, skipping block
Mining block at height 1...
✗ Mining failed after 20000000 attempts, skipping block
Mining block at height 1...
✗ Mining failed after 20000000 attempts, skipping block
Mining block at height 1...
✗ Mining failed after 20000000 attempts, skipping block
Mining block at height 1...
✗ Mining failed after 20000000 attempts, skipping block
Mining block at height 1...
✗ Mining failed after 20000000 attempts, skipping block
Mining block at height 1...
✗ Mining failed after 20000000 attempts, skipping block
Mining block at height 1...
✗ Mining failed after 20000000 attempts, skipping block
Mining block at height 1...
✗ Mining failed after 20000000 attempts, skipping block
Mining block at height 1...
✗ Mining failed after 20000000 attempts, skipping block
Mining block at height 1...
✗ Mining failed after 20000000 attempts, skipping block
Mining block at height 1...
✗ Mining failed after 20000000 attempts, skipping block
Mining block at height 1...
✗ Mining failed after 20000000 attempts, skipping block
Mining block at height 1...
✗ Mining failed after 20000000 attempts, skipping block
Mining block at height 1...
✗ Mining failed after 20000000 attempts, skipping block
Mining block at height 1...
✗ Mining failed after 20000000 attempts, skipping block
Mining block at height 1...
✗ Mining failed after 20000000 attempts, skipping block
Mining block at height 1...
✗ Mining failed after 20000000 attempts, skipping block
Mining block at height 1...
✗ Mining failed after 20000000 attempts, skipping block
Mining block at height 1...
✗ Mining failed after 20000000 attempts, skipping block
Mining block at height 1...
✗ Mining failed after 20000000 attempts, skipping block
Mining block at height 1...
✗ Mining failed after 20000000 attempts, skipping block
Mining block at height 1...
✗ Mining failed after 20000000 attempts, skipping block
Mining block at height 1...
✗ Mining failed after 20000000 attempts, skipping block
Mining block at height 1...
✗ Mining failed after 20000000 attempts, skipping block
Mining block at height 1...
✗ Mining failed after 20000000 attempts, skipping block
Mining block at height 1...
✗ Mining failed after 20000000 attempts, skipping block
Mining block at height 1...
✗ Mining failed after 20000000 attempts, skipping block
Mining block at height 1...
✗ Mining failed after 20000000 attempts, skipping block
Mining block at height 1...
✗ Mining failed after 20000000 attempts, skipping block
Mining block at height 1...
✗ Mining failed after 20000000 attempts, skipping block
Mining block at height 1...
✗ Mining failed after 20000000 attempts, skipping block
Mining block at height 1...
✗ Mining failed after 20000000 attempts, skipping block
Mining block at height 1...
✗ Mining failed after 20000000 attempts, skipping block
Mining block at height 1...
✗ Mining failed after 20000000 attempts, skipping block
Mining block at height 1...
✗ Mining failed after 20000000 attempts, skipping block
Mining block at height 1...
✗ Mining failed after 20000000 attempts, skipping block
Mining block at height 1...
✗ Mining failed after 20000000 attempts, skipping block
Mining block at height 1...
✗ Mining failed after 20000000 attempts, skipping block
Mining block at height 1...
✗ Mining failed after 20000000 attempts, skipping block
Mining block at height 1...
✗ Mining failed after 20000000 attempts, skipping block
Mining block at height 1...
✗ Mining failed after 20000000 attempts, skipping block
Mining block at height 1...
✗ Mining failed after 20000000 attempts, skipping block
Mining block at height 1...
✗ Mining failed after 20000000 attempts, skipping block
Mining block at height 1...
✗ Mining failed after 20000000 attempts, skipping block
Mining block at height 1...
✗ Mining failed after 20000000 attempts, skipping block
Mining block at height 1...
✗ Mining failed after 20000000 attempts, skipping block
Mining block at height 1...
✗ Mining failed after 20000000 attempts, skipping block
Mining block at height 1...
✗ Mining failed after 20000000 attempts, skipping block
Mining block at height 1...
✗ Mining failed after 20000000 attempts, skipping block
Mining block at height 1...
✗ Mining failed after 20000000 attempts, skipping block
Mining block at height 1...
✗ Mining failed after 20000000 attempts, skipping block
Mining block at height 1...
✗ Mining failed after 20000000 attempts, skipping block
Mining block at height 1...
✗ Mining failed after 20000000 attempts, skipping block
Mining block at height 1...
✗ Mining failed after 20000000 attempts, skipping block
Mining block at height 1...
✗ Mining failed after 20000000 attempts, skipping block
Mining block at height 1...
✗ Mining failed after 20000000 attempts, skipping block
Mining block at height 1...
✗ Mining failed after 20000000 attempts, skipping block
Mining block at height 1...
✗ Mining failed after 20000000 attempts, skipping block
Mining block at height 1...
✗ Mining failed after 20000000 attempts, skipping block
Mining block at height 1...
✗ Mining failed after 20000000 attempts, skipping block
Mining block at height 1...
✗ Mining failed after 20000000 attempts, skipping block
Mining block at height 1...
✗ Mining failed after 20000000 attempts, skipping block
Mining block at height 1...
✗ Mining failed after 20000000 attempts, skipping block
Mining block at height 1...
✗ Mining failed after 20000000 attempts, skipping block
Mining block at height 1...
✗ Mining failed after 20000000 attempts, skipping block
Mining block at height 1...
✗ Mining failed after 20000000 attempts, skipping block
Mining block at height 1...
✗ Mining failed after 20000000 attempts, skipping block
Mining block at height 1...
✗ Mining failed after 20000000 attempts, skipping block
Mining block at height 1...
✗ Mining failed after 20000000 attempts, skipping block
Mining block at height 1...
✗ Mining failed after 20000000 attempts, skipping block
Mining block at height 1...
✗ Mining failed after 20000000 attempts, skipping block
Mining block at height 1...
✗ Mining failed after 20000000 attempts, skipping block
Mining block at height 1...
✗ Mining failed after 20000000 attempts, skipping block
Mining block at height 1...
✗ Mining failed after 20000000 attempts, skipping block
Mining block at height 1...
✗ Mining failed after 20000000 attempts, skipping block
Mining block at height 1...
✗ Mining failed after 20000000 attempts, skipping block
Mining block at height 1...
✗ Mining failed after 20000000 attempts, skipping block
Mining block at height 1...
✗ Mining failed after 20000000 attempts, skipping block
Mining block at height 1...
✗ Mining failed after 20000000 attempts, skipping block
Mining block at height 1...
✗ Mining failed after 20000000 attempts, skipping block
Mining block at height 1...
✗ Mining failed after 20000000 attempts, skipping block
Mining block at height 1...
✗ Mining failed after 20000000 attempts, skipping block
Mining block at height 1...
✗ Mining failed after 20000000 attempts, skipping block
Mining block at height 1...
✗ Mining failed after 20000000 attempts, skipping block
Mining block at height 1...
✗ Mining failed after 20000000 attempts, skipping block
Mining block at height 1...
✗ Mining failed after 20000000 attempts, skipping block
Mining block at height 1...
✗ Mining failed after 20000000 attempts, skipping block
Mining block at height 1...
✗ Mining failed after 20000000 attempts, skipping block
Mining block at height 1...
✗ Mining failed after 20000000 attempts, skipping block
Mining block at height 1...
✗ Mining failed after 20000000 attempts, skipping block
Mining block at height 1...
✗ Mining failed after 20000000 attempts, skipping block
Mining block at height 1...
✗ Mining failed after 20000000 attempts, skipping block
Mining block at height 1...
✗ Mining failed after 20000000 attempts, skipping block
Mining block at height 1...
✗ Mining failed after 20000000 attempts, skipping block
Mining block at height 1...
✗ Mining failed after 20000000 attempts, skipping block
Mining block at height 1...
✗ Mining failed after 20000000 attempts, skipping block
Mining block at height 1...
✗ Mining failed after 20000000 attempts, skipping block
Mining block at height 1...
✗ Mining failed after 20000000 attempts, skipping block
Mining block at height 1...
✗ Mining failed after 20000000 attempts, skipping block
Mining block at height 1...
✗ Mining failed after 20000000 attempts, skipping block
Mining block at height 1...
✗ Mining failed after 20000000 attempts, skipping block
Mining block at height 1...
✗ Mining failed after 20000000 attempts, skipping block
Mining block at height 1...
✗ Mining failed after 20000000 attempts, skipping block
Mining block at height 1...
✗ Mining failed after 20000000 attempts, skipping block
Mining block at height 1...
✗ Mining failed after 20000000 attempts, skipping block
Mining block at height 1...
✗ Mining failed after 20000000 attempts, skipping block
Mining block at height 1...
✗ Mining failed after 20000000 attempts, skipping block
Mining block at height 1...
✗ Mining failed after 20000000 attempts, skipping block
Mining block at height 1...
✗ Mining failed after 20000000 attempts, skipping block
Mining block at height 1...
✗ Mining failed after 20000000 attempts, skipping block
Mining block at height 1...
✗ Mining failed after 20000000 attempts, skipping block
Mining block at height 1...
✗ Mining failed after 20000000 attempts, skipping block
Mining block at height 1...
✗ Mining failed after 20000000 attempts, skipping block
Mining block at height 1...
✗ Mining failed after 20000000 attempts, skipping block
Mining block at height 1...
✗ Mining failed after 20000000 attempts, skipping block
Mining block at height 1...
✗ Mining failed after 20000000 attempts, skipping block
Mining block at height 1...
✗ Mining failed after 20000000 attempts, skipping block
Mining block at height 1...
✗ Mining failed after 20000000 attempts, skipping block
Mining block at height 1...
✗ Mining failed after 20000000 attempts, skipping block
Mining block at height 1...
✗ Mining failed after 20000000 attempts, skipping block
Mining block at height 1...
✗ Mining failed after 20000000 attempts, skipping block
Mining block at height 1...
✗ Mining failed after 20000000 attempts, skipping block
Mining block at height 1...
✗ Mining failed after 20000000 attempts, skipping block
Mining block at height 1...
✗ Mining failed after 20000000 attempts, skipping block
Mining block at height 1...
✗ Mining failed after 20000000 attempts, skipping block
Mining block at height 1...
✗ Mining failed after 20000000 attempts, skipping block
Mining block at height 1...
✗ Mining failed after 20000000 attempts, skipping block
Mining block at height 1...
✗ Mining failed after 20000000 attempts, skipping block
Mining block at height 1...
✗ Mining failed after 20000000 attempts, skipping block
Mining block at height 1...
✗ Mining failed after 20000000 attempts, skipping block
Mining block at height 1...
✗ Mining failed after 20000000 attempts, skipping block
Mining block at height 1...
✗ Mining failed after 20000000 attempts, skipping block
Mining block at height 1...
✗ Mining failed after 20000000 attempts, skipping block
Mining block at height 1...
✗ Mining failed after 20000000 attempts, skipping block
Mining block at height 1...
✗ Mining failed after 20000000 attempts, skipping block
Mining block at height 1...
✗ Mining failed after 20000000 attempts, skipping block
Mining block at height 1...
✗ Mining failed after 20000000 attempts, skipping block
Mining block at height 1...
✗ Mining failed after 20000000 attempts, skipping block
Mining block at height 1...
✗ Mining failed after 20000000 attempts, skipping block
Mining block at height 1...
✗ Mining failed after 20000000 attempts, skipping block
Mining block at height 1...
✗ Mining failed after 20000000 attempts, skipping block
Mining block at height 1...
✗ Mining failed after 20000000 attempts, skipping block
Mining block at height 1...
✗ Mining failed after 20000000 attempts, skipping block
Mining block at height 1...
✗ Mining failed after 20000000 attempts, skipping block
Mining block at height 1...
✗ Mining failed after 20000000 attempts, skipping block
Mining block at height 1...
✗ Mining failed after 20000000 attempts, skipping block
Mining block at height 1...
✗ Mining failed after 20000000 attempts, skipping block
Mining block at height 1...
✗ Mining failed after 20000000 attempts, skipping block
Mining block at height 1...
✗ Mining failed after 20000000 attempts, skipping block
Mining block at height 1...
✗ Mining failed after 20000000 attempts, skipping block
Mining block at height 1...
✗ Mining failed after 20000000 attempts, skipping block
Mining block at height 1...
✗ Mining failed after 20000000 attempts, skipping block
Mining block at height 1...
✗ Mining failed after 20000000 attempts, skipping block
Mining block at height 1...
✗ Mining failed after 20000000 attempts, skipping block
Mining block at height 1...
✗ Mining failed after 20000000 attempts, skipping block
Mining block at height 1...
✗ Mining failed after 20000000 attempts, skipping block
Mining block at height 1...
✗ Mining failed after 20000000 attempts, skipping block
Mining block at height 1...
✗ Mining failed after 20000000 attempts, skipping block
Mining block at height 1...
✗ Mining failed after 20000000 attempts, skipping block
Mining block at height 1...
✗ Mining failed after 20000000 attempts, skipping block
Mining block at height 1...
✗ Mining failed after 20000000 attempts, skipping block
Mining block at height 1...
✗ Mining failed after 20000000 attempts, skipping block
Mining block at height 1...
✗ Mining failed after 20000000 attempts, skipping block
Mining block at height 1...
✗ Mining failed after 20000000 attempts, skipping block
Mining block at height 1...
✗ Mining failed after 20000000 attempts, skipping block
Mining block at height 1...
✗ Mining failed after 20000000 attempts, skipping block
Mining block at height 1...
✗ Mining failed after 20000000 attempts, skipping block
Mining block at height 1...
✗ Mining failed after 20000000 attempts, skipping block
Mining block at height 1...
✗ Mining failed after 20000000 attempts, skipping block
Mining block at height 1...
✗ Mining failed after 20000000 attempts, skipping block
Mining block at height 1...
✗ Mining failed after 20000000 attempts, skipping block
Mining block at height 1...
✗ Mining failed after 20000000 attempts, skipping block
Mining block at height 1...
✗ Mining failed after 20000000 attempts, skipping block
Mining block at height 1...
✗ Mining failed after 20000000 attempts, skipping block
Mining block at height 1...
✗ Mining failed after 20000000 attempts, skipping block
Mining block at height 1...
✗ Mining failed after 20000000 attempts, skipping block
Mining block at height 1...
✗ Mining failed after 20000000 attempts, skipping block
Mining block at height 1...
✗ Mining failed after 20000000 attempts, skipping block
Mining block at height 1...
✗ Mining failed after 20000000 attempts, skipping block
Mining block at height 1...
✗ Mining failed after 20000000 attempts, skipping block
Mining block at height 1...
✗ Mining failed after 20000000 attempts, skipping block
Mining block at height 1...
✗ Mining failed after 20000000 attempts, skipping block
Mining block at height 1...
✗ Mining failed after 20000000 attempts, skipping block
Mining block at height 1...
✗ Mining failed after 20000000 attempts, skipping block
Mining block at height 1...
✗ Mining failed after 20000000 attempts, skipping block
Mining block at height 1...
✗ Mining failed after 20000000 attempts, skipping block
Mining block at height 1...
✗ Mining failed after 20000000 attempts, skipping block
Mining block at height 1...
✗ Mining failed after 20000000 attempts, skipping block
Mining block at height 1...
✗ Mining failed after 20000000 attempts, skipping block
Mining block at height 1...
✗ Mining failed after 20000000 attempts, skipping block
Mining block at height 1...
✗ Mining failed after 20000000 attempts, skipping block
Mining block at height 1...
✗ Mining failed after 20000000 attempts, skipping block
Mining block at height 1...
✗ Mining failed after 20000000 attempts, skipping block
Mining block at height 1...
✗ Mining failed after 20000000 attempts, skipping block
Mining block at height 1...
✗ Mining failed after 20000000 attempts, skipping block
Mining block at height 1...
✗ Mining failed after 20000000 attempts, skipping block
Mining block at height 1...
✗ Mining failed after 20000000 attempts, skipping block
Mining block at height 1...
✗ Mining failed after 20000000 attempts, skipping block
Mining block at height 1...
✗ Mining failed after 20000000 attempts, skipping block
Mining block at height 1...
✗ Mining failed after 20000000 attempts, skipping block
Mining block at height 1...
✗ Mining failed after 20000000 attempts, skipping block
Mining block at height 1...
✗ Mining failed after 20000000 attempts, skipping block
Mining block at height 1...
✗ Mining failed after 20000000 attempts, skipping block
Mining block at height 1...
✗ Mining failed after 20000000 attempts, skipping block
Mining block at height 1...
✗ Mining failed after 20000000 attempts, skipping block
Mining block at height 1...
✗ Mining failed after 20000000 attempts, skipping block
Mining block at height 1...
✗ Mining failed after 20000000 attempts, skipping block
Mining block at height 1...
✗ Mining failed after 20000000 attempts, skipping block
Mining block at height 1...
✗ Mining failed after 20000000 attempts, skipping block
Mining block at height 1...
✗ Mining failed after 20000000 attempts, skipping block
Mining block at height 1...
✗ Mining failed after 20000000 attempts, skipping block
Mining block at height 1...
✗ Mining failed after 20000000 attempts, skipping block
Mining block at height 1...
✗ Mining failed after 20000000 attempts, skipping block
Mining block at height 1...
✗ Mining failed after 20000000 attempts, skipping block
Mining block at height 1...
✗ Mining failed after 20000000 attempts, skipping block
Mining block at height 1...
✗ Mining failed after 20000000 attempts, skipping block
Mining block at height 1...
✗ Mining failed after 20000000 attempts, skipping block
Mining block at height 1...
✗ Mining failed after 20000000 attempts, skipping block
Mining block at height 1...
✗ Mining failed after 20000000 attempts, skipping block
Mining block at height 1...
✗ Mining failed after 20000000 attempts, skipping block
Mining block at height 1...
✗ Mining failed after 20000000 attempts, skipping block
Mining block at height 1...
✗ Mining failed after 20000000 attempts, skipping block
Mining block at height 1...
✗ Mining failed after 20000000 attempts, skipping block
Mining block at height 1...
✗ Mining failed after 20000000 attempts, skipping block
Mining block at height 1...
✗ Mining failed after 20000000 attempts, skipping block
Mining block at height 1...
✗ Mining failed after 20000000 attempts, skipping block
Mining block at height 1...
✗ Mining failed after 20000000 attempts, skipping block
Mining block at height 1...
✗ Mining failed after 20000000 attempts, skipping block
Mining block at height 1...
✗ Mining failed after 20000000 attempts, skipping block
Mining block at height 1...
✗ Mining failed after 20000000 attempts, skipping block
Mining block at height 1...
✗ Mining failed after 20000000 attempts, skipping block
Mining block at height 1...
✗ Mining failed after 20000000 attempts, skipping block
Mining block at height 1...
✗ Mining failed after 20000000 attempts, skipping block
Mining block at height 1...
✗ Mining failed after 20000000 attempts, skipping block
Mining block at height 1...
✗ Mining failed after 20000000 attempts, skipping block
Mining block at height 1...
✗ Mining failed after 20000000 attempts, skipping block
Mining block at height 1...
✗ Mining failed after 20000000 attempts, skipping block
Mining block at height 1...
✗ Mining failed after 20000000 attempts, skipping block
Mining block at height 1...
✗ Mining failed after 20000000 attempts, skipping block
Mining block at height 1...
✗ Mining failed after 20000000 attempts, skipping block
Mining block at height 1...
✗ Mining failed after 20000000 attempts, skipping block
Mining block at height 1...
✗ Mining failed after 20000000 attempts, skipping block
Mining block at height 1...
✗ Mining failed after 20000000 attempts, skipping block
Mining block at height 1...
✗ Mining failed after 20000000 attempts, skipping block
Mining block at height 1...
✗ Mining failed after 20000000 attempts, skipping block
Mining block at height 1...
✗ Mining failed after 20000000 attempts, skipping block
Mining block at height 1...
✗ Mining failed after 20000000 attempts, skipping block
Mining block at height 1...
✗ Mining failed after 20000000 attempts, skipping block
Mining block at height 1...
✗ Mining failed after 20000000 attempts, skipping block
Mining block at height 1...
✗ Mining failed after 20000000 attempts, skipping block
Mining block at height 1...
✗ Mining failed after 20000000 attempts, skipping block
Mining block at height 1...
✗ Mining failed after 20000000 attempts, skipping block
Mining block at height 1...
✗ Mining failed after 20000000 attempts, skipping block
Mining block at height 1...
✗ Mining failed after 20000000 attempts, skipping block
Mining block at height 1...
✗ Mining failed after 20000000 attempts, skipping block
Mining block at height 1...
✗ Mining failed after 20000000 attempts, skipping block
Mining block at height 1...
✗ Mining failed after 20000000 attempts, skipping block
Mining block at height 1...
✗ Mining failed after 20000000 attempts, skipping block
Mining block at height 1...
✗ Mining failed after 20000000 attempts, skipping block
Mining block at height 1...
✗ Mining failed after 20000000 attempts, skipping block
Mining block at height 1...
✗ Mining failed after 20000000 attempts, skipping block
Mining block at height 1...
✗ Mining failed after 20000000 attempts, skipping block
Mining block at height 1...
✗ Mining failed after 20000000 attempts, skipping block
Mining block at height 1...
✗ Mining failed after 20000000 attempts, skipping block
Mining block at height 1...
✗ Mining failed after 20000000 attempts, skipping block
Mining block at height 1...
✗ Mining failed after 20000000 attempts, skipping block
Mining block at height 1...
✗ Mining failed after 20000000 attempts, skipping block
Mining block at height 1...
✗ Mining failed after 20000000 attempts, skipping block
Mining block at height 1...
✗ Mining failed after 20000000 attempts, skipping block
Mining block at height 1...
✗ Mining failed after 20000000 attempts, skipping block
Mining block at height 1...
✗ Mining failed after 20000000 attempts, skipping block
Mining block at height 1...
✗ Mining failed after 20000000 attempts, skipping block
Mining block at height 1...
✗ Mining failed after 20000000 attempts, skipping block
Mining block at height 1...
✗ Mining failed after 20000000 attempts, skipping block
Mining block at height 1...
✗ Mining failed after 20000000 attempts, skipping block
Mining block at height 1...
✗ Mining failed after 20000000 attempts, skipping block
Mining block at height 1...
✗ Mining failed after 20000000 attempts, skipping block
Mining block at height 1...
✗ Mining failed after 20000000 attempts, skipping block
Mining block at height 1...
✗ Mining failed after 20000000 attempts, skipping block
Mining block at height 1...
✗ Mining failed after 20000000 attempts, skipping block
Mining block at height 1...
✗ Mining failed after 20000000 attempts, skipping block
Mining block at height 1...
✗ Mining failed after 20000000 attempts, skipping block
Mining block at height 1...
✗ Mining failed after 20000000 attempts, skipping block
Mining block at height 1...
✗ Mining failed after 20000000 attempts, skipping block
Mining block at height 1...
✗ Mining failed after 20000000 attempts, skipping block
Mining block at height 1...
✗ Mining failed after 20000000 attempts, skipping block
Mining block at height 1...
✗ Mining failed after 20000000 attempts, skipping block
Mining block at height 1...
✗ Mining failed after 20000000 attempts, skipping block
Mining block at height 1...
✗ Mining failed after 20000000 attempts, skipping block
Mining block at height 1...
✗ Mining failed after 20000000 attempts, skipping block
Mining block at height 1...
✗ Mining failed after 20000000 attempts, skipping block
Mining block at height 1...
✗ Mining failed after 20000000 attempts, skipping block
Mining block at height 1...
✗ Mining failed after 20000000 attempts, skipping block
Mining block at height 1...
✗ Mining failed after 20000000 attempts, skipping block
Mining block at height 1...
✗ Mining failed after 20000000 attempts, skipping block
Mining block at height 1...
✗ Mining failed after 20000000 attempts, skipping block
Mining block at height 1...
✗ Mining failed after 20000000 attempts, skipping block
Mining block at height 1...
✗ Mining failed after 20000000 attempts, skipping block
Mining block at height 1...
✗ Mining failed after 20000000 attempts, skipping block
Mining block at height 1...
✗ Mining failed after 20000000 attempts, skipping block
Mining block at height 1...
✗ Mining failed after 20000000 attempts, skipping block
Mining block at height 1...
✗ Mining failed after 20000000 attempts, skipping block
Mining block at height 1...
✗ Mining failed after 20000000 attempts, skipping block
Mining block at height 1...
✗ Mining failed after 20000000 attempts, skipping block
Mining block at height 1...
✗ Mining failed after 20000000 attempts, skipping block
Mining block at height 1...
✗ Mining failed after 20000000 attempts, skipping block
Mining block at height 1...
✗ Mining failed after 20000000 attempts, skipping block
Mining block at height 1...
✗ Mining failed after 20000000 attempts, skipping block
Mining block at height 1...
✗ Mining failed after 20000000 attempts, skipping block
Mining block at height 1...
✗ Mining failed after 20000000 attempts, skipping block
Mining block at height 1...
✗ Mining failed after 20000000 attempts, skipping block
Mining block at height 1...
✗ Mining failed after 20000000 attempts, skipping block
Mining block at height 1...
✗ Mining failed after 20000000 attempts, skipping block
Mining block at height 1...
✗ Mining failed after 20000000 attempts, skipping block
Mining block at height 1...
✗ Mining failed after 20000000 attempts, skipping block
Mining block at height 1...
✗ Mining failed after 20000000 attempts, skipping block
Mining block at height 1...
✗ Mining failed after 20000000 attempts, skipping block
Mining block at height 1...
✗ Mining failed after 20000000 attempts, skipping block
Mining block at height 1...
✗ Mining failed after 20000000 attempts, skipping block
Mining block at height 1...
✗ Mining failed after 20000000 attempts, skipping block
Mining block at height 1...
✗ Mining failed after 20000000 attempts, skipping block
Mining block at height 1...
✗ Mining failed after 20000000 attempts, skipping block
Mining block at height 1...
✗ Mining failed after 20000000 attempts, skipping block
Mining block at height 1...
✗ Mining failed after 20000000 attempts, skipping block
Mining block at height 1...
✗ Mining failed after 20000000 attempts, skipping block
Mining block at height 1...
✗ Mining failed after 20000000 attempts, skipping block
Mining block at height 1...
✗ Mining failed after 20000000 attempts, skipping block
Mining block at height 1...
✗ Mining failed after 20000000 attempts, skipping block
Mining block at height 1...
✗ Mining failed after 20000000 attempts, skipping block
Mining block at height 1...
✗ Mining failed after 20000000 attempts, skipping block
Mining block at height 1...
✗ Mining failed after 20000000 attempts, skipping block
Mining block at height 1...
✗ Mining failed after 20000000 attempts, skipping block
Mining block at height 1...
✗ Mining failed after 20000000 attempts, skipping block
Mining block at height 1...
✗ Mining failed after 20000000 attempts, skipping block
Mining block at height 1...
✗ Mining failed after 20000000 attempts, skipping block
Mining block at height 1...
✗ Mining failed after 20000000 attempts, skipping block
Mining block at height 1...
✗ Mining failed after 20000000 attempts, skipping block
Mining block at height 1...
✗ Mining failed after 20000000 attempts, skipping block
Mining block at height 1...
✗ Mining failed after 20000000 attempts, skipping block
Mining block at height 1...
✗ Mining failed after 20000000 attempts, skipping block
Mining block at height 1...
✗ Mining failed after 20000000 attempts, skipping block
Mining block at height 1...
✗ Mining failed after 20000000 attempts, skipping block
Mining block at height 1...
✗ Mining failed after 20000000 attempts, skipping block
Mining block at height 1...
✗ Mining failed after 20000000 attempts, skipping block
Mining block at height 1...
✗ Mining failed after 20000000 attempts, skipping block
Mining block at height 1...
✗ Mining failed after 20000000 attempts, skipping block
Mining block at height 1...
✗ Mining failed after 20000000 attempts, skipping block
Mining block at height 1...
✗ Mining failed after 20000000 attempts, skipping block
Mining block at height 1...
✗ Mining failed after 20000000 attempts, skipping block
Mining block at height 1...
✗ Mining failed after 20000000 attempts, skipping block
Mining block at height 1...
✗ Mining failed after 20000000 attempts, skipping block
Mining block at height 1...
✗ Mining failed after 20000000 attempts, skipping block
Mining block at height 1...
✗ Mining failed after 20000000 attempts, skipping block
Mining block at height 1...
✗ Mining failed after 20000000 attempts, skipping block
Mining block at height 1...
✗ Mining failed after 20000000 attempts, skipping block
Mining block at height 1...
✗ Mining failed after 20000000 attempts, skipping block
Mining block at height 1...
✗ Mining failed after 20000000 attempts, skipping block
Mining block at height 1...
✗ Mining failed after 20000000 attempts, skipping block
Mining block at height 1...
✗ Mining failed after 20000000 attempts, skipping block
Mining block at height 1...
✗ Mining failed after 20000000 attempts, skipping block
Mining block at height 1...
✗ Mining failed after 20000000 attempts, skipping block
Mining block at height 1...
✗ Mining failed after 20000000 attempts, skipping block
Mining block at height 1...
✗ Mining failed after 20000000 attempts, skipping block
Mining block at height 1...
✗ Mining failed after 20000000 attempts, skipping block
Mining block at height 1...
✗ Mining failed after 20000000 attempts, skipping block
Mining block at height 1...
✗ Mining failed after 20000000 attempts, skipping block
Mining block at height 1...
✗ Mining failed after 20000000 attempts, skipping block
Mining block at height 1...
✗ Mining failed after 20000000 attempts, skipping block
Mining block at height 1...
✗ Mining failed after 20000000 attempts, skipping block
Mining block at height 1...
✗ Mining failed after 20000000 attempts, skipping block
Mining block at height 1...
✗ Mining failed after 20000000 attempts, skipping block
Mining block at height 1...
✗ Mining failed after 20000000 attempts, skipping block
Mining block at height 1...
✗ Mining failed after 20000000 attempts, skipping block
Mining block at height 1...
✗ Mining failed after 20000000 attempts, skipping block
Mining block at height 1...
✗ Mining failed after 20000000 attempts, skipping block
Mining block at height 1...
✗ Mining failed after 20000000 attempts, skipping block
Mining block at height 1...
✗ Mining failed after 20000000 attempts, skipping block
Mining block at height 1...
✗ Mining failed after 20000000 attempts, skipping block
Mining block at height 1...
✗ Mining failed after 20000000 attempts, skipping block
Mining block at height 1...
✗ Mining failed after 20000000 attempts, skipping block
Mining block at height 1...
✗ Mining failed after 20000000 attempts, skipping block
Mining block at height 1...
✗ Mining failed after 20000000 attempts, skipping block
Mining block at height 1...
✗ Mining failed after 20000000 attempts, skipping block
Mining block at height 1...
✗ Mining failed after 20000000 attempts, skipping block
Mining block at height 1...
✗ Mining failed after 20000000 attempts, skipping block
Mining block at height 1...
✗ Mining failed after 20000000 attempts, skipping block
Mining block at height 1...
✗ Mining failed after 20000000 attempts, skipping block
Mining block at height 1...
✗ Mining failed after 20000000 attempts, skipping block
Mining block at height 1...
✗ Mining failed after 20000000 attempts, skipping block
Mining block at height 1...
✗ Mining failed after 20000000 attempts, skipping block
Mining block at height 1...
✗ Mining failed after 20000000 attempts, skipping block
Mining block at height 1...
✗ Mining failed after 20000000 attempts, skipping block
Mining block at height 1...
✗ Mining failed after 20000000 attempts, skipping block
Mining block at height 1...
✗ Mining failed after 20000000 attempts, skipping block
Mining block at height 1...
✗ Mining failed after 20000000 attempts, skipping block
Mining block at height 1...
✗ Mining failed after 20000000 attempts, skipping block
Mining block at height 1...
✗ Mining failed after 20000000 attempts, skipping block
Mining block at height 1...
✗ Mining failed after 20000000 attempts, skipping block
Mining block at height 1...
✗ Mining failed after 20000000 attempts, skipping block
Mining block at height 1...
✗ Mining failed after 20000000 attempts, skipping block
Mining block at height 1...
✗ Mining failed after 20000000 attempts, skipping block
Mining block at height 1...
✗ Mining failed after 20000000 attempts, skipping block
Mining block at height 1...
✗ Mining failed after 20000000 attempts, skipping block
Mining block at height 1...
✗ Mining failed after 20000000 attempts, skipping block
Mining block at height 1...
✗ Mining failed after 20000000 attempts, skipping block
Mining block at height 1...
✗ Mining failed after 20000000 attempts, skipping block
Mining block at height 1...
✗ Mining failed after 20000000 attempts, skipping block
Mining block at height 1...
✗ Mining failed after 20000000 attempts, skipping block
Mining block at height 1...
✗ Mining failed after 20000000 attempts, skipping block
Mining block at height 1...
✗ Mining failed after 20000000 attempts, skipping block
Mining block at height 1...
✗ Mining failed after 20000000 attempts, skipping block
Mining block at height 1...
✗ Mining failed after 20000000 attempts, skipping block
Mining block at height 1...
✗ Mining failed after 20000000 attempts, skipping block
Mining block at height 1...
✗ Mining failed after 20000000 attempts, skipping block
Mining block at height 1...
✗ Mining failed after 20000000 attempts, skipping block
Mining block at height 1...
✗ Mining failed after 20000000 attempts, skipping block
Mining block at height 1...
✗ Mining failed after 20000000 attempts, skipping block
Mining block at height 1...
✗ Mining failed after 20000000 attempts, skipping block
Mining block at height 1...
✗ Mining failed after 20000000 attempts, skipping block
Mining block at height 1...
✗ Mining failed after 20000000 attempts, skipping block
Mining block at height 1...
✗ Mining failed after 20000000 attempts, skipping block
Mining block at height 1...
✗ Mining failed after 20000000 attempts, skipping block
Mining block at height 1...
✗ Mining failed after 20000000 attempts, skipping block
Mining block at height 1...
✗ Mining failed after 20000000 attempts, skipping block
Mining block at height 1...
✗ Mining failed after 20000000 attempts, skipping block
Mining block at height 1...
✗ Mining failed after 20000000 attempts, skipping block
Mining block at height 1...
✗ Mining failed after 20000000 attempts, skipping block
Mining block at height 1...
✗ Mining failed after 20000000 attempts, skipping block
Mining block at height 1...
✗ Mining failed after 20000000 attempts, skipping block
Mining block at height 1...
✗ Mining failed after 20000000 attempts, skipping block
Mining block at height 1...
✗ Mining failed after 20000000 attempts, skipping block
Mining block at height 1...
✗ Mining failed after 20000000 attempts, skipping block
Mining block at height 1...
✗ Mining failed after 20000000 attempts, skipping block
Mining block at height 1...
✗ Mining failed after 20000000 attempts, skipping block
Mining block at height 1...
✗ Mining failed after 20000000 attempts, skipping block
Mining block at height 1...
✗ Mining failed after 20000000 attempts, skipping block
Mining block at height 1...
✗ Mining failed after 20000000 attempts, skipping block
Mining block at height 1...
✗ Mining failed after 20000000 attempts, skipping block
Mining block at height 1...
✗ Mining failed after 20000000 attempts, skipping block
Mining block at height 1...
✗ Mining failed after 20000000 attempts, skipping block
Mining block at height 1...
✗ Mining failed after 20000000 attempts, skipping block
Mining block at height 1...
✗ Mining failed after 20000000 attempts, skipping block
Mining block at height 1...
✗ Mining failed after 20000000 attempts, skipping block
Mining block at height 1...
✗ Mining failed after 20000000 attempts, skipping block
Mining block at height 1...
✗ Mining failed after 20000000 attempts, skipping block
Mining block at height 1...
✗ Mining failed after 20000000 attempts, skipping block
Mining block at height 1...
✗ Mining failed after 20000000 attempts, skipping block
Mining block at height 1...
✗ Mining failed after 20000000 attempts, skipping block
Mining block at height 1...
✗ Mining failed after 20000000 attempts, skipping block
Mining block at height 1...
✗ Mining failed after 20000000 attempts, skipping block
Mining block at height 1...
✗ Mining failed after 20000000 attempts, skipping block
Mining block at height 1...
✗ Mining failed after 20000000 attempts, skipping block
Mining block at height 1...
✗ Mining failed after 20000000 attempts, skipping block
Mining block at height 1...
✗ Mining failed after 20000000 attempts, skipping block
Mining block at height 1...
✗ Mining failed after 20000000 attempts, skipping block
Mining block at height 1...
✗ Mining failed after 20000000 attempts, skipping block
Mining block at height 1...
✗ Mining failed after 20000000 attempts, skipping block
Mining block at height 1...
✗ Mining failed after 20000000 attempts, skipping block
Mining block at height 1...
✗ Mining failed after 20000000 attempts, skipping block
Mining block at height 1...
✗ Mining failed after 20000000 attempts, skipping block
Mining block at height 1...
✗ Mining failed after 20000000 attempts, skipping block
Mining block at height 1...
✗ Mining failed after 20000000 attempts, skipping block
Mining block at height 1...
✗ Mining failed after 20000000 attempts, skipping block
Mining block at height 1...
✗ Mining failed after 20000000 attempts, skipping block
Mining block at height 1...
✗ Mining failed after 20000000 attempts, skipping block
Mining block at height 1...
✗ Mining failed after 20000000 attempts, skipping block
Mining block at height 1...
✗ Mining failed after 20000000 attempts, skipping block
Mining block at height 1...
✗ Mining failed after 20000000 attempts, skipping block
Mining block at height 1...
✗ Mining failed after 20000000 attempts, skipping block
Mining block at height 1...
✗ Mining failed after 20000000 attempts, skipping block
Mining block at height 1...
✗ Mining failed after 20000000 attempts, skipping block
Mining block at height 1...
✗ Mining failed after 20000000 attempts, skipping block
Mining block at height 1...
✗ Mining failed after 20000000 attempts, skipping block
Mining block at height 1...
✗ Mining failed after 20000000 attempts, skipping block
Mining block at height 1...
✗ Mining failed after 20000000 attempts, skipping block
Mining block at height 1...
✗ Mining failed after 20000000 attempts, skipping block
Mining block at height 1...
✗ Mining failed after 20000000 attempts, skipping block
Mining block at height 1...
✗ Mining failed after 20000000 attempts, skipping block
Mining block at height 1...
✗ Mining failed after 20000000 attempts, skipping block
Mining block at height 1...
✗ Mining failed after 20000000 attempts, skipping block
Mining block at height 1...
✗ Mining failed after 20000000 attempts, skipping block
Mining block at height 1...
✗ Mining failed after 20000000 attempts, skipping block
Mining block at height 1...
✗ Mining failed after 20000000 attempts, skipping block
Mining block at height 1...
✗ Mining failed after 20000000 attempts, skipping block
Mining block at height 1...
✗ Mining failed after 20000000 attempts, skipping block
Mining block at height 1...
✗ Mining failed after 20000000 attempts, skipping block
Mining block at height 1...
✗ Mining failed after 20000000 attempts, skipping block
Mining block at height 1...
✗ Mining failed after 20000000 attempts, skipping block
Mining block at height 1...
✗ Mining failed after 20000000 attempts, skipping block
Mining block at height 1...
✗ Mining failed after 20000000 attempts, skipping block
Mining block at height 1...
✗ Mining failed after 20000000 attempts, skipping block
Mining block at height 1...
✗ Mining failed after 20000000 attempts, skipping block
Mining block at height 1...
✗ Mining failed after 20000000 attempts, skipping block
Mining block at height 1...
✗ Mining failed after 20000000 attempts, skipping block
Mining block at height 1...
✗ Mining failed after 20000000 attempts, skipping block
Mining block at height 1...
✗ Mining failed after 20000000 attempts, skipping block
Mining block at height 1...
✗ Mining failed after 20000000 attempts, skipping block
Mining block at height 1...
✗ Mining failed after 20000000 attempts, skipping block
Mining block at height 1...
✗ Mining failed after 20000000 attempts, skipping block
Mining block at height 1...
✗ Mining failed after 20000000 attempts, skipping block
Mining block at height 1...
✗ Mining failed after 20000000 attempts, skipping block
Mining block at height 1...
✗ Mining failed after 20000000 attempts, skipping block
Mining block at height 1...
✗ Mining failed after 20000000 attempts, skipping block
Mining block at height 1...
✗ Mining failed after 20000000 attempts, skipping block
Mining block at height 1...
✗ Mining failed after 20000000 attempts, skipping block
Mining block at height 1...
✗ Mining failed after 20000000 attempts, skipping block
Mining block at height 1...
✗ Mining failed after 20000000 attempts, skipping block
Mining block at height 1...
✗ Mining failed after 20000000 attempts, skipping block
Mining block at height 1...
✗ Mining failed after 20000000 attempts, skipping block
Mining block at height 1...
✗ Mining failed after 20000000 attempts, skipping block
Mining block at height 1...
✗ Mining failed after 20000000 attempts, skipping block
Mining block at height 1...
✗ Mining failed after 20000000 attempts, skipping block
Mining block at height 1...
✗ Mining failed after 20000000 attempts, skipping block
Mining block at height 1...
✗ Mining failed after 20000000 attempts, skipping block
Mining block at height 1...
✗ Mining failed after 20000000 attempts, skipping block
Mining block at height 1...
✗ Mining failed after 20000000 attempts, skipping block
Mining block at height 1...
✗ Mining failed after 20000000 attempts, skipping block
Mining block at height 1...
✗ Mining failed after 20000000 attempts, skipping block
Mining block at height 1...
✗ Mining failed after 20000000 attempts, skipping block
Mining block at height 1...
✗ Mining failed after 20000000 attempts, skipping block
Mining block at height 1...
✗ Mining failed after 20000000 attempts, skipping block
Mining block at height 1...
✗ Mining failed after 20000000 attempts, skipping block
Mining block at height 1...
✗ Mining failed after 20000000 attempts, skipping block
Mining block at height 1...
✗ Mining failed after 20000000 attempts, skipping block
Mining block at height 1...
✗ Mining failed after 20000000 attempts, skipping block
Mining block at height 1...
✗ Mining failed after 20000000 attempts, skipping block
Mining block at height 1...
✗ Mining failed after 20000000 attempts, skipping block
Mining block at height 1...
✗ Mining failed after 20000000 attempts, skipping block
Mining block at height 1...
✗ Mining failed after 20000000 attempts, skipping block
Mining block at height 1...
✗ Mining failed after 20000000 attempts, skipping block
Mining block at height 1...
✗ Mining failed after 20000000 attempts, skipping block
Mining block at height 1...
✗ Mining failed after 20000000 attempts, skipping block
Mining block at height 1...
✗ Mining failed after 20000000 attempts, skipping block
Mining block at height 1...
✗ Mining failed after 20000000 attempts, skipping block
Mining block at height 1...
✗ Mining failed after 20000000 attempts, skipping block
Mining block at height 1...
✗ Mining failed after 20000000 attempts, skipping block
Mining block at height 1...
✗ Mining failed after 20000000 attempts, skipping block
Mining block at height 1...
✗ Mining failed after 20000000 attempts, skipping block
Mining block at height 1...
✗ Mining failed after 20000000 attempts, skipping block
Mining block at height 1...
✗ Mining failed after 20000000 attempts, skipping block
Mining block at height 1...
✗ Mining failed after 20000000 attempts, skipping block
Mining block at height 1...
✗ Mining failed after 20000000 attempts, skipping block
Mining block at height 1...
✗ Mining failed after 20000000 attempts, skipping block
Mining block at height 1...
✗ Mining failed after 20000000 attempts, skipping block
Mining block at height 1...
✗ Mining failed after 20000000 attempts, skipping block
Mining block at height 1...
✗ Mining failed after 20000000 attempts, skipping block
Mining block at height 1...
✗ Mining failed after 20000000 attempts, skipping block
Mining block at height 1...
✗ Mining failed after 20000000 attempts, skipping block
Mining block at height 1...
✗ Mining failed after 20000000 attempts, skipping block
Mining block at height 1...
✗ Mining failed after 20000000 attempts, skipping block
Mining block at height 1...
✗ Mining failed after 20000000 attempts, skipping block
Mining block at height 1...
✗ Mining failed after 20000000 attempts, skipping block
Mining block at height 1...
✗ Mining failed after 20000000 attempts, skipping block
Mining block at height 1...
✗ Mining failed after 20000000 attempts, skipping block
Mining block at height 1...
✗ Mining failed after 20000000 attempts, skipping block
Mining block at height 1...
✗ Mining failed after 20000000 attempts, skipping block
Mining block at height 1...
✗ Mining failed after 20000000 attempts, skipping block
Mining block at height 1...
✗ Mining failed after 20000000 attempts, skipping block
Mining block at height 1...
✗ Mining failed after 20000000 attempts, skipping block
Mining block at height 1...
✗ Mining failed after 20000000 attempts, skipping block
Mining block at height 1...
✗ Mining failed after 20000000 attempts, skipping block
Mining block at height 1...
✗ Mining failed after 20000000 attempts, skipping block
Mining block at height 1...
✗ Mining failed after 20000000 attempts, skipping block
Mining block at height 1...
✗ Mining failed after 20000000 attempts, skipping block
Mining block at height 1...
✗ Mining failed after 20000000 attempts, skipping block
Mining block at height 1...
✗ Mining failed after 20000000 attempts, skipping block
Mining block at height 1...
✗ Mining failed after 20000000 attempts, skipping block
Mining block at height 1...
✗ Mining failed after 20000000 attempts, skipping block
Mining block at height 1...
✗ Mining failed after 20000000 attempts, skipping block
Mining block at height 1...
✗ Mining failed after 20000000 attempts, skipping block
Mining block at height 1...
✗ Mining failed after 20000000 attempts, skipping block
Mining block at height 1...
✗ Mining failed after 20000000 attempts, skipping block
Mining block at height 1...
✗ Mining failed after 20000000 attempts, skipping block
Mining block at height 1...
✗ Mining failed after 20000000 attempts, skipping block
Mining block at height 1...
✗ Mining failed after 20000000 attempts, skipping block
Mining block at height 1...
✗ Mining failed after 20000000 attempts, skipping block
Mining block at height 1...
✗ Mining failed after 20000000 attempts, skipping block
Mining block at height 1...
✗ Mining failed after 20000000 attempts, skipping block
Mining block at height 1...
✗ Mining failed after 20000000 attempts, skipping block
Mining block at height 1...
✗ Mining failed after 20000000 attempts, skipping block
Mining block at height 1...
✗ Mining failed after 20000000 attempts, skipping block
Mining block at height 1...
✗ Mining failed after 20000000 attempts, skipping block
Mining block at height 1...
✗ Mining failed after 20000000 attempts, skipping block
Mining block at height 1...
✗ Mining failed after 20000000 attempts, skipping block
Mining block at height 1...
✗ Mining failed after 20000000 attempts, skipping block
Mining block at height 1...
✗ Mining failed after 20000000 attempts, skipping block
Mining block at height 1...
✗ Mining failed after 20000000 attempts, skipping block
Mining block at height 1...
✗ Mining failed after 20000000 attempts, skipping block
Mining block at height 1...
✗ Mining failed after 20000000 attempts, skipping block
Mining block at height 1...
✗ Mining failed after 20000000 attempts, skipping block
Mining block at height 1...
✗ Mining failed after 20000000 attempts, skipping block
Mining block at height 1...
✗ Mining failed after 20000000 attempts, skipping block
Mining block at height 1...
✗ Mining failed after 20000000 attempts, skipping block
Mining block at height 1...
✗ Mining failed after 20000000 attempts, skipping block
Mining block at height 1...
✗ Mining failed after 20000000 attempts, skipping block
Mining block at height 1...
✗ Mining failed after 20000000 attempts, skipping block
Mining block at height 1...
✗ Mining failed after 20000000 attempts, skipping block
Mining block at height 1...
✗ Mining failed after 20000000 attempts, skipping block
Mining block at height 1...
✗ Mining failed after 20000000 attempts, skipping block
Mining block at height 1...
✗ Mining failed after 20000000 attempts, skipping block
Mining block at height 1...
✗ Mining failed after 20000000 attempts, skipping block
Mining block at height 1...
✗ Mining failed after 20000000 attempts, skipping block
Mining block at height 1...
✗ Mining failed after 20000000 attempts, skipping block
Mining block at height 1...
✗ Mining failed after 20000000 attempts, skipping block
Mining block at height 1...
✗ Mining failed after 20000000 attempts, skipping block
Mining block at height 1...
✗ Mining failed after 20000000 attempts, skipping block
Mining block at height 1...
✗ Mining failed after 20000000 attempts, skipping block
Mining block at height 1...
✗ Mining failed after 20000000 attempts, skipping block
Mining block at height 1...
✗ Mining failed after 20000000 attempts, skipping block
Mining block at height 1...
✗ Mining failed after 20000000 attempts, skipping block
Mining block at height 1...
✗ Mining failed after 20000000 attempts, skipping block
Mining block at height 1...
✗ Mining failed after 20000000 attempts, skipping block
Mining block at height 1...
✗ Mining failed after 20000000 attempts, skipping block
Mining block at height 1...
✗ Mining failed after 20000000 attempts, skipping block
Mining block at height 1...
✗ Mining failed after 20000000 attempts, skipping block
Mining block at height 1...
✗ Mining failed after 20000000 attempts, skipping block
Mining block at height 1...
✗ Mining failed after 20000000 attempts, skipping block
Mining block at height 1...
✗ Mining failed after 20000000 attempts, skipping block
Mining block at height 1...
✗ Mining failed after 20000000 attempts, skipping block
Mining block at height 1...
✗ Mining failed after 20000000 attempts, skipping block
Mining block at height 1...
✗ Mining failed after 20000000 attempts, skipping block
Mining block at height 1...
✗ Mining failed after 20000000 attempts, skipping block
Mining block at height 1...
✗ Mining failed after 20000000 attempts, skipping block
Mining block at height 1...
✗ Mining failed after 20000000 attempts, skipping block
Mining block at height 1...
✗ Mining failed after 20000000 attempts, skipping block
Mining block at height 1...
✗ Mining failed after 20000000 attempts, skipping block
Mining block at height 1...
✗ Mining failed after 20000000 attempts, skipping block
Mining block at height 1...
✗ Mining failed after 20000000 attempts, skipping block
Mining block at height 1...
✗ Mining failed after 20000000 attempts, skipping block
Mining block at height 1...
✗ Mining failed after 20000000 attempts, skipping block
Mining block at height 1...
✗ Mining failed after 20000000 attempts, skipping block
Mining block at height 1...
✗ Mining failed after 20000000 attempts, skipping block
Mining block at height 1...
✗ Mining failed after 20000000 attempts, skipping block
Mining block at height 1...
✗ Mining failed after 20000000 attempts, skipping block
Mining block at height 1...
✗ Mining failed after 20000000 attempts, skipping block
Mining block at height 1...
✗ Mining failed after 20000000 attempts, skipping block
Mining block at height 1...
✗ Mining failed after 20000000 attempts, skipping block
Mining block at height 1...
✗ Mining failed after 20000000 attempts, skipping block
Mining block at height 1...
✗ Mining failed after 20000000 attempts, skipping block
Mining block at height 1...
✗ Mining failed after 20000000 attempts, skipping block
Mining block at height 1...
✗ Mining failed after 20000000 attempts, skipping block
Mining block at height 1...
✗ Mining failed after 20000000 attempts, skipping block
Mining block at height 1...
✗ Mining failed after 20000000 attempts, skipping block
Mining block at height 1...
✗ Mining failed after 20000000 attempts, skipping block
Mining block at height 1...
✗ Mining failed after 20000000 attempts, skipping block
Mining block at height 1...
✗ Mining failed after 20000000 attempts, skipping block
Mining block at height 1...
✗ Mining failed after 20000000 attempts, skipping block
Mining block at height 1...
✗ Mining failed after 20000000 attempts, skipping block
Mining block at height 1...
✗ Mining failed after 20000000 attempts, skipping block
Mining block at height 1...
✗ Mining failed after 20000000 attempts, skipping block
Mining block at height 1...
✗ Mining failed after 20000000 attempts, skipping block
Mining block at height 1...
✗ Mining failed after 20000000 attempts, skipping block
Mining block at height 1...
✗ Mining failed after 20000000 attempts, skipping block
Mining block at height 1...
✗ Mining failed after 20000000 attempts, skipping block
Mining block at height 1...
✗ Mining failed after 20000000 attempts, skipping block
Mining block at height 1...
✗ Mining failed after 20000000 attempts, skipping block
Mining block at height 1...
✗ Mining failed after 20000000 attempts, skipping block
Mining block at height 1...
✗ Mining failed after 20000000 attempts, skipping block
Mining block at height 1...
✗ Mining failed after 20000000 attempts, skipping block
Mining block at height 1...
✗ Mining failed after 20000000 attempts, skipping block
Mining block at height 1...
✗ Mining failed after 20000000 attempts, skipping block
Mining block at height 1...
✗ Mining failed after 20000000 attempts, skipping block
Mining block at height 1...
✗ Mining failed after 20000000 attempts, skipping block
Mining block at height 1...
✗ Mining failed after 20000000 attempts, skipping block
Mining block at height 1...
✗ Mining failed after 20000000 attempts, skipping block
Mining block at height 1...
✗ Mining failed after 20000000 attempts, skipping block
Mining block at height 1...
✗ Mining failed after 20000000 attempts, skipping block
Mining block at height 1...
✗ Mining failed after 20000000 attempts, skipping block
Mining block at height 1...
✗ Mining failed after 20000000 attempts, skipping block
Mining block at height 1...
✗ Mining failed after 20000000 attempts, skipping block
Mining block at height 1...
✗ Mining failed after 20000000 attempts, skipping block
Mining block at height 1...
✗ Mining failed after 20000000 attempts, skipping block
Mining block at height 1...
✗ Mining failed after 20000000 attempts, skipping block
Mining block at height 1...
✗ Mining failed after 20000000 attempts, skipping block
Mining block at height 1...
✗ Mining failed after 20000000 attempts, skipping block
Mining block at height 1...
✗ Mining failed after 20000000 attempts, skipping block
Mining block at height 1...
✗ Mining failed after 20000000 attempts, skipping block
Mining block at height 1...
✗ Mining failed after 20000000 attempts, skipping block
Mining block at height 1...
✗ Mining failed after 20000000 attempts, skipping block
Mining block at height 1...
✗ Mining failed after 20000000 attempts, skipping block
Mining block at height 1...
✗ Mining failed after 20000000 attempts, skipping block
Mining block at height 1...
✗ Mining failed after 20000000 attempts, skipping block
Mining block at height 1...
✗ Mining failed after 20000000 attempts, skipping block
Mining block at height 1...
✗ Mining failed after 20000000 attempts, skipping block
Mining block at height 1...
✗ Mining failed after 20000000 attempts, skipping block
Mining block at height 1...
✗ Mining failed after 20000000 attempts, skipping block
Mining block at height 1...
✗ Mining failed after 20000000 attempts, skipping block
Mining block at height 1...
✗ Mining failed after 20000000 attempts, skipping block
Mining block at height 1...
✗ Mining failed after 20000000 attempts, skipping block
Mining block at height 1...
✗ Mining failed after 20000000 attempts, skipping block
Mining block at height 1...
✗ Mining failed after 20000000 attempts, skipping block
Mining block at height 1...
✗ Mining failed after 20000000 attempts, skipping block
Mining block at height 1...
✗ Mining failed after 20000000 attempts, skipping block
Mining block at height 1...
✗ Mining failed after 20000000 attempts, skipping block
Mining block at height 1...
✗ Mining failed after 20000000 attempts, skipping block
Mining block at height 1...
✗ Mining failed after 20000000 attempts, skipping block
Mining block at height 1...
✗ Mining failed after 20000000 attempts, skipping block
Mining block at height 1...
✗ Mining failed after 20000000 attempts, skipping block
Mining block at height 1...
✗ Mining failed after 20000000 attempts, skipping block
Mining block at height 1...
✗ Mining failed after 20000000 attempts, skipping block
Mining block at height 1...
✗ Mining failed after 20000000 attempts, skipping block
Mining block at height 1...
✗ Mining failed after 20000000 attempts, skipping block
Mining block at height 1...
✗ Mining failed after 20000000 attempts, skipping block
Mining block at height 1...
✗ Mining failed after 20000000 attempts, skipping block
Mining block at height 1...
✗ Mining failed after 20000000 attempts, skipping block
Mining block at height 1...
✗ Mining failed after 20000000 attempts, skipping block
Mining block at height 1...
✗ Mining failed after 20000000 attempts, skipping block
Mining block at height 1...
✗ Mining failed after 20000000 attempts, skipping block
Mining block at height 1...
✗ Mining failed after 20000000 attempts, skipping block
Mining block at height 1...
✗ Mining failed after 20000000 attempts, skipping block
Mining block at height 1...
✗ Mining failed after 20000000 attempts, skipping block
Mining block at height 1...
✗ Mining failed after 20000000 attempts, skipping block
Mining block at height 1...
✗ Mining failed after 20000000 attempts, skipping block
Mining block at height 1...
✗ Mining failed after 20000000 attempts, skipping block
Mining block at height 1...
✗ Mining failed after 20000000 attempts, skipping block
Mining block at height 1...
✗ Mining failed after 20000000 attempts, skipping block
Mining block at height 1...
✗ Mining failed after 20000000 attempts, skipping block
Mining block at height 1...
✗ Mining failed after 20000000 attempts, skipping block
Mining block at height 1...
✗ Mining failed after 20000000 attempts, skipping block
Mining block at height 1...
✗ Mining failed after 20000000 attempts, skipping block
Mining block at height 1...
✗ Mining failed after 20000000 attempts, skipping block
Mining block at height 1...
✗ Mining failed after 20000000 attempts, skipping block
Mining block at height 1...
✗ Mining failed after 20000000 attempts, skipping block
Mining block at height 1...
✗ Mining failed after 20000000 attempts, skipping block
Mining block at height 1...
✗ Mining failed after 20000000 attempts, skipping block
Mining block at height 1...
✗ Mining failed after 20000000 attempts, skipping block
Mining block at height 1...
✗ Mining failed after 20000000 attempts, skipping block
Mining block at height 1...
✗ Mining failed after 20000000 attempts, skipping block
Mining block at height 1...
✗ Mining failed after 20000000 attempts, skipping block
Mining block at height 1...
✗ Mining failed after 20000000 attempts, skipping block
Mining block at height 1...
✗ Mining failed after 20000000 attempts, skipping block
Mining block at height 1...
✗ Mining failed after 20000000 attempts, skipping block
Mining block at height 1...
✗ Mining failed after 20000000 attempts, skipping block
Mining block at height 1...
✗ Mining failed after 20000000 attempts, skipping block
Mining block at height 1...
✗ Mining failed after 20000000 attempts, skipping block
Mining block at height 1...
✗ Mining failed after 20000000 attempts, skipping block
Mining block at height 1...
✗ Mining failed after 20000000 attempts, skipping block
Mining block at height 1...
✗ Mining failed after 20000000 attempts, skipping block
Mining block at height 1...
✗ Mining failed after 20000000 attempts, skipping block
Mining block at height 1...
✗ Mining failed after 20000000 attempts, skipping block
Mining block at height 1...
✗ Mining failed after 20000000 attempts, skipping block
Mining block at height 1...
✗ Mining failed after 20000000 attempts, skipping block
Mining block at height 1...
✗ Mining failed after 20000000 attempts, skipping block
Mining block at height 1...
✗ Mining failed after 20000000 attempts, skipping block
Mining block at height 1...
✗ Mining failed after 20000000 attempts, skipping block
Mining block at height 1...
✗ Mining failed after 20000000 attempts, skipping block
Mining block at height 1...
✗ Mining failed after 20000000 attempts, skipping block
Mining block at height 1...
✗ Mining failed after 20000000 attempts, skipping block
Mining block at height 1...
✗ Mining failed after 20000000 attempts, skipping block
Mining block at height 1...
✗ Mining failed after 20000000 attempts, skipping block
Mining block at height 1...
✗ Mining failed after 20000000 attempts, skipping block
Mining block at height 1...
✗ Mining failed after 20000000 attempts, skipping block
Mining block at height 1...
✗ Mining failed after 20000000 attempts, skipping block
Mining block at height 1...
✗ Mining failed after 20000000 attempts, skipping block
Mining block at height 1...
✗ Mining failed after 20000000 attempts, skipping block
Mining block at height 1...
✗ Mining failed after 20000000 attempts, skipping block
Mining block at height 1...
✗ Mining failed after 20000000 attempts, skipping block
Mining block at height 1...
✗ Mining failed after 20000000 attempts, skipping block
Mining block at height 1...
✗ Mining failed after 20000000 attempts, skipping block
Mining block at height 1...
✗ Mining failed after 20000000 attempts, skipping block
Mining block at height 1...
✗ Mining failed after 20000000 attempts, skipping block
Mining block at height 1...
✗ Mining failed after 20000000 attempts, skipping block
Mining block at height 1...
✗ Mining failed after 20000000 attempts, skipping block
Mining block at height 1...
✗ Mining failed after 20000000 attempts, skipping block
Mining block at height 1...
✗ Mining failed after 20000000 attempts, skipping block
Mining block at height 1...
✗ Mining failed after 20000000 attempts, skipping block
Mining block at height 1...
✗ Mining failed after 20000000 attempts, skipping block
Mining block at height 1...
✗ Mining failed after 20000000 attempts, skipping block
Mining block at height 1...
✗ Mining failed after 20000000 attempts, skipping block
Mining block at height 1...
✗ Mining failed after 20000000 attempts, skipping block
Mining block at height 1...
✗ Mining failed after 20000000 attempts, skipping block
Mining block at height 1...
✗ Mining failed after 20000000 attempts, skipping block
Mining block at height 1...
✗ Mining failed after 20000000 attempts, skipping block
Mining block at height 1...
✗ Mining failed after 20000000 attempts, skipping block
Mining block at height 1...
✗ Mining failed after 20000000 attempts, skipping block
Mining block at height 1...
✗ Mining failed after 20000000 attempts, skipping block
Mining block at height 1...
✗ Mining failed after 20000000 attempts, skipping block
Mining block at height 1...
✗ Mining failed after 20000000 attempts, skipping block
Mining block at height 1...
✗ Mining failed after 20000000 attempts, skipping block
Mining block at height 1...
✗ Mining failed after 20000000 attempts, skipping block
Mining block at height 1...
✗ Mining failed after 20000000 attempts, skipping block
Mining block at height 1...
✗ Mining failed after 20000000 attempts, skipping block
Mining block at height 1...
✗ Mining failed after 20000000 attempts, skipping block
Mining block at height 1...
✗ Mining failed after 20000000 attempts, skipping block
Mining block at height 1...
✗ Mining failed after 20000000 attempts, skipping block
Mining block at height 1...
✗ Mining failed after 20000000 attempts, skipping block
Mining block at height 1...
✗ Mining failed after 20000000 attempts, skipping block
Mining block at height 1...
✗ Mining failed after 20000000 attempts, skipping block
Mining block at height 1...
✗ Mining failed after 20000000 attempts, skipping block
Mining block at height 1...
✗ Mining failed after 20000000 attempts, skipping block
Mining block at height 1...
✗ Mining failed after 20000000 attempts, skipping block
Mining block at height 1...
✗ Mining failed after 20000000 attempts, skipping block
Mining block at height 1...
✗ Mining failed after 20000000 attempts, skipping block
Mining block at height 1...
✗ Mining failed after 20000000 attempts, skipping block
Mining block at height 1...
✗ Mining failed after 20000000 attempts, skipping block
Mining block at height 1...
✗ Mining failed after 20000000 attempts, skipping block
Mining block at height 1...
✗ Mining failed after 20000000 attempts, skipping block
Mining block at height 1...
✗ Mining failed after 20000000 attempts, skipping block
Mining block at height 1...
✗ Mining failed after 20000000 attempts, skipping block
Mining block at height 1...
✗ Mining failed after 20000000 attempts, skipping block
Mining block at height 1...
✗ Mining failed after 20000000 attempts, skipping block
Mining block at height 1...
✗ Mining failed after 20000000 attempts, skipping block
Mining block at height 1...
✗ Mining failed after 20000000 attempts, skipping block
Mining block at height 1...
✗ Mining failed after 20000000 attempts, skipping block
Mining block at height 1...
✗ Mining failed after 20000000 attempts, skipping block
Mining block at height 1...
✗ Mining failed after 20000000 attempts, skipping block
Mining block at height 1...
✗ Mining failed after 20000000 attempts, skipping block
Mining block at height 1...
✗ Mining failed after 20000000 attempts, skipping block
Mining block at height 1...
✗ Mining failed after 20000000 attempts, skipping block
Mining block at height 1...
✗ Mining failed after 20000000 attempts, skipping block
Mining block at height 1...
✗ Mining failed after 20000000 attempts, skipping block
Mining block at height 1...
✗ Mining failed after 20000000 attempts, skipping block
Mining block at height 1...
✗ Mining failed after 20000000 attempts, skipping block
Mining block at height 1...
✗ Mining failed after 20000000 attempts, skipping block
Mining block at height 1...
✗ Mining failed after 20000000 attempts, skipping block
Mining block at height 1...
✗ Mining failed after 20000000 attempts, skipping block
Mining block at height 1...
✗ Mining failed after 20000000 attempts, skipping block
Mining block at height 1...
✗ Mining failed after 20000000 attempts, skipping block
Mining block at height 1...
✗ Mining failed after 20000000 attempts, skipping block
Mining block at height 1...
✗ Mining failed after 20000000 attempts, skipping block
Mining block at height 1...
✗ Mining failed after 20000000 attempts, skipping block
Mining block at height 1...
✗ Mining failed after 20000000 attempts, skipping block
Mining block at height 1...
✗ Mining failed after 20000000 attempts, skipping block
Mining block at height 1...
✗ Mining failed after 20000000 attempts, skipping block
Mining block at height 1...
✗ Mining failed after 20000000 attempts, skipping block
Mining block at height 1...
✗ Mining failed after 20000000 attempts, skipping block
Mining block at height 1...
✗ Mining failed after 20000000 attempts, skipping block
Mining block at height 1...
✗ Mining failed after 20000000 attempts, skipping block
Mining block at height 1...
✗ Mining failed after 20000000 attempts, skipping block
Mining block at height 1...
✗ Mining failed after 20000000 attempts, skipping block
Mining block at height 1...
✗ Mining failed after 20000000 attempts, skipping block
Mining block at height 1...
✗ Mining failed after 20000000 attempts, skipping block
Mining block at height 1...
✗ Mining failed after 20000000 attempts, skipping block
Mining block at height 1...
✗ Mining failed after 20000000 attempts, skipping block
Mining block at height 1...
✗ Mining failed after 20000000 attempts, skipping block
Mining block at height 1...
✗ Mining failed after 20000000 attempts, skipping block
Mining block at height 1...
✗ Mining failed after 20000000 attempts, skipping block
Mining block at height 1...
✗ Mining failed after 20000000 attempts, skipping block
Mining block at height 1...
✗ Mining failed after 20000000 attempts, skipping block
Mining block at height 1...
✗ Mining failed after 20000000 attempts, skipping block
Mining block at height 1...
✗ Mining failed after 20000000 attempts, skipping block
Mining block at height 1...
✗ Mining failed after 20000000 attempts, skipping block
Mining block at height 1...
✗ Mining failed after 20000000 attempts, skipping block
Mining block at height 1...
✗ Mining failed after 20000000 attempts, skipping block
Mining block at height 1...
✗ Mining failed after 20000000 attempts, skipping block
Mining block at height 1...
✗ Mining failed after 20000000 attempts, skipping block
Mining block at height 1...
✗ Mining failed after 20000000 attempts, skipping block
Mining block at height 1...
✗ Mining failed after 20000000 attempts, skipping block
Mining block at height 1...
✗ Mining failed after 20000000 attempts, skipping block
Mining block at height 1...
✗ Mining failed after 20000000 attempts, skipping block
Mining block at height 1...
✗ Mining failed after 20000000 attempts, skipping block
Mining block at height 1...
✗ Mining failed after 20000000 attempts, skipping block
Mining block at height 1...
✗ Mining failed after 20000000 attempts, skipping block
Mining block at height 1...
✗ Mining failed after 20000000 attempts, skipping block
Mining block at height 1...
✗ Mining failed after 20000000 attempts, skipping block
Mining block at height 1...
✗ Mining failed after 20000000 attempts, skipping block
Mining block at height 1...
✗ Mining failed after 20000000 attempts, skipping block
Mining block at height 1...
✗ Mining failed after 20000000 attempts, skipping block
Mining block at height 1...
✗ Mining failed after 20000000 attempts, skipping block
Mining block at height 1...
✗ Mining failed after 20000000 attempts, skipping block
Mining block at height 1...
✗ Mining failed after 20000000 attempts, skipping block
Mining block at height 1...
✗ Mining failed after 20000000 attempts, skipping block
Mining block at height 1...
✗ Mining failed after 20000000 attempts, skipping block
Mining block at height 1...
✗ Mining failed after 20000000 attempts, skipping block
Mining block at height 1...
✗ Mining failed after 20000000 attempts, skipping block
Mining block at height 1...
✗ Mining failed after 20000000 attempts, skipping block
Mining block at height 1...
✗ Mining failed after 20000000 attempts, skipping block
Mining block at height 1...
✗ Mining failed after 20000000 attempts, skipping block
Mining block at height 1...
✗ Mining failed after 20000000 attempts, skipping block
Mining block at height 1...
✗ Mining failed after 20000000 attempts, skipping block
Mining block at height 1...
✗ Mining failed after 20000000 attempts, skipping block
Mining block at height 1...
✗ Mining failed after 20000000 attempts, skipping block
Mining block at height 1...
✗ Mining failed after 20000000 attempts, skipping block
Mining block at height 1...
✗ Mining failed after 20000000 attempts, skipping block
Mining block at height 1...
✗ Mining failed after 20000000 attempts, skipping block
Mining block at height 1...
✗ Mining failed after 20000000 attempts, skipping block
Mining block at height 1...
✗ Mining failed after 20000000 attempts, skipping block
Mining block at height 1...
✗ Mining failed after 20000000 attempts, skipping block
Mining block at height 1...
✗ Mining failed after 20000000 attempts, skipping block
Mining block at height 1...
✗ Mining failed after 20000000 attempts, skipping block
Mining block at height 1...
✗ Mining failed after 20000000 attempts, skipping block
Mining block at height 1...
✗ Mining failed after 20000000 attempts, skipping block
Mining block at height 1...
✗ Mining failed after 20000000 attempts, skipping block
Mining block at height 1...
✗ Mining failed after 20000000 attempts, skipping block
Mining block at height 1...
✗ Mining failed after 20000000 attempts, skipping block
Mining block at height 1...
✗ Mining failed after 20000000 attempts, skipping block
Mining block at height 1...
✗ Mining failed after 20000000 attempts, skipping block
Mining block at height 1...
✗ Mining failed after 20000000 attempts, skipping block
Mining block at height 1...
✗ Mining failed after 20000000 attempts, skipping block
Mining block at height 1...
✗ Mining failed after 20000000 attempts, skipping block
Mining block at height 1...
✗ Mining failed after 20000000 attempts, skipping block
Mining block at height 1...
✗ Mining failed after 20000000 attempts, skipping block
Mining block at height 1...
✗ Mining failed after 20000000 attempts, skipping block
Mining block at height 1...
✗ Mining failed after 20000000 attempts, skipping block
Mining block at height 1...
✗ Mining failed after 20000000 attempts, skipping block
Mining block at height 1...
✗ Mining failed after 20000000 attempts, skipping block
Mining block at height 1...
✗ Mining failed after 20000000 attempts, skipping block
Mining block at height 1...
✗ Mining failed after 20000000 attempts, skipping block
Mining block at height 1...
✗ Mining failed after 20000000 attempts, skipping block
Mining block at height 1...
✗ Mining failed after 20000000 attempts, skipping block
Mining block at height 1...
✗ Mining failed after 20000000 attempts, skipping block
Mining block at height 1...
✗ Mining failed after 20000000 attempts, skipping block
Mining block at height 1...
✗ Mining failed after 20000000 attempts, skipping block
Mining block at height 1...
✗ Mining failed after 20000000 attempts, skipping block
Mining block at height 1...
✗ Mining failed after 20000000 attempts, skipping block
Mining block at height 1...
✗ Mining failed after 20000000 attempts, skipping block
Mining block at height 1...
✗ Mining failed after 20000000 attempts, skipping block
Mining block at height 1...
✗ Mining failed after 20000000 attempts, skipping block
Mining block at height 1...
✗ Mining failed after 20000000 attempts, skipping block
Mining block at height 1...
✗ Mining failed after 20000000 attempts, skipping block
Mining block at height 1...
✗ Mining failed after 20000000 attempts, skipping block
Mining block at height 1...
✗ Mining failed after 20000000 attempts, skipping block
Mining block at height 1...
✗ Mining failed after 20000000 attempts, skipping block
Mining block at height 1...
✗ Mining failed after 20000000 attempts, skipping block
Mining block at height 1...
✗ Mining failed after 20000000 attempts, skipping block
Mining block at height 1...
✗ Mining failed after 20000000 attempts, skipping block
Mining block at height 1...
✗ Mining failed after 20000000 attempts, skipping block
Mining block at height 1...
✗ Mining failed after 20000000 attempts, skipping block
Mining block at height 1...
✗ Mining failed after 20000000 attempts, skipping block
Mining block at height 1...
✗ Mining failed after 20000000 attempts, skipping block
Mining block at height 1...
✗ Mining failed after 20000000 attempts, skipping block
Mining block at height 1...
✗ Mining failed after 20000000 attempts, skipping block
Mining block at height 1...
✗ Mining failed after 20000000 attempts, skipping block
Mining block at height 1...
✗ Mining failed after 20000000 attempts, skipping block
Mining block at height 1...
✗ Mining failed after 20000000 attempts, skipping block
Mining block at height 1...
✗ Mining failed after 20000000 attempts, skipping block
Mining block at height 1...
✗ Mining failed after 20000000 attempts, skipping block
Mining block at height 1...
✗ Mining failed after 20000000 attempts, skipping block
Mining block at height 1...
✗ Mining failed after 20000000 attempts, skipping block
Mining block at height 1...
✗ Mining failed after 20000000 attempts, skipping block
Mining block at height 1...
✗ Mining failed after 20000000 attempts, skipping block
Mining block at height 1...
✗ Mining failed after 20000000 attempts, skipping block
Mining block at height 1...
✗ Mining failed after 20000000 attempts, skipping block
Mining block at height 1...
✗ Mining failed after 20000000 attempts, skipping block
Mining block at height 1...
✗ Mining failed after 20000000 attempts, skipping block
Mining block at height 1...
✗ Mining failed after 20000000 attempts, skipping block
Mining block at height 1...
✗ Mining failed after 20000000 attempts, skipping block
Mining block at height 1...
✗ Mining failed after 20000000 attempts, skipping block
Mining block at height 1...
✗ Mining failed after 20000000 attempts, skipping block
Mining block at height 1...
✗ Mining failed after 20000000 attempts, skipping block
Mining block at height 1...
✗ Mining failed after 20000000 attempts, skipping block
Mining block at height 1...
✗ Mining failed after 20000000 attempts, skipping block
Mining block at height 1...
✗ Mining failed after 20000000 attempts, skipping block
Mining block at height 1...
✗ Mining failed after 20000000 attempts, skipping block
Mining block at height 1...
✗ Mining failed after 20000000 attempts, skipping block
Mining block at height 1...
✗ Mining failed after 20000000 attempts, skipping block
Mining block at height 1...
✗ Mining failed after 20000000 attempts, skipping block
Mining block at height 1...
✗ Mining failed after 20000000 attempts, skipping block
Mining block at height 1...
✗ Mining failed after 20000000 attempts, skipping block
Mining block at height 1...
✗ Mining failed after 20000000 attempts, skipping block
Mining block at height 1...
✗ Mining failed after 20000000 attempts, skipping block
Mining block at height 1...
✗ Mining failed after 20000000 attempts, skipping block
Mining block at height 1...
✗ Mining failed after 20000000 attempts, skipping block
Mining block at height 1...
✗ Mining failed after 20000000 attempts, skipping block
Mining block at height 1...
✗ Mining failed after 20000000 attempts, skipping block
Mining block at height 1...
✗ Mining failed after 20000000 attempts, skipping block
Mining block at height 1...
✗ Mining failed after 20000000 attempts, skipping block
Mining block at height 1...
✗ Mining failed after 20000000 attempts, skipping block
Mining block at height 1...
✗ Mining failed after 20000000 attempts, skipping block
Mining block at height 1...
✗ Mining failed after 20000000 attempts, skipping block
Mining block at height 1...
✗ Mining failed after 20000000 attempts, skipping block
Mining block at height 1...
✗ Mining failed after 20000000 attempts, skipping block
Mining block at height 1...
✗ Mining failed after 20000000 attempts, skipping block
Mining block at height 1...
✗ Mining failed after 20000000 attempts, skipping block
Mining block at height 1...
✗ Mining failed after 20000000 attempts, skipping block
Mining block at height 1...
✗ Mining failed after 20000000 attempts, skipping block
Mining block at height 1...
✗ Mining failed after 20000000 attempts, skipping block
Mining block at height 1...
✗ Mining failed after 20000000 attempts, skipping block
Mining block at height 1...
✗ Mining failed after 20000000 attempts, skipping block
Mining block at height 1...
✗ Mining failed after 20000000 attempts, skipping block
Mining block at height 1...
✗ Mining failed after 20000000 attempts, skipping block
Mining block at height 1...
✗ Mining failed after 20000000 attempts, skipping block
Mining block at height 1...
✗ Mining failed after 20000000 attempts, skipping block
Mining block at height 1...
✗ Mining failed after 20000000 attempts, skipping block
Mining block at height 1...
✗ Mining failed after 20000000 attempts, skipping block
Mining block at height 1...
✗ Mining failed after 20000000 attempts, skipping block
Mining block at height 1...
✗ Mining failed after 20000000 attempts, skipping block
Mining block at height 1...
✗ Mining failed after 20000000 attempts, skipping block
Mining block at height 1...
✗ Mining failed after 20000000 attempts, skipping block
Mining block at height 1...
✗ Mining failed after 20000000 attempts, skipping block
Mining block at height 1...
✗ Mining failed after 20000000 attempts, skipping block
Mining block at height 1...
✗ Mining failed after 20000000 attempts, skipping block
Mining block at height 1...
✗ Mining failed after 20000000 attempts, skipping block
Mining block at height 1...
✗ Mining failed after 20000000 attempts, skipping block
Mining block at height 1...
✗ Mining failed after 20000000 attempts, skipping block
Mining block at height 1...
✗ Mining failed after 20000000 attempts, skipping block
Mining block at height 1...
✗ Mining failed after 20000000 attempts, skipping block
Mining block at height 1...
✗ Mining failed after 20000000 attempts, skipping block
Mining block at height 1...
✗ Mining failed after 20000000 attempts, skipping block
Mining block at height 1...
✗ Mining failed after 20000000 attempts, skipping block
Mining block at height 1...
✗ Mining failed after 20000000 attempts, skipping block
Mining block at height 1...
✗ Mining failed after 20000000 attempts, skipping block
Mining block at height 1...
✗ Mining failed after 20000000 attempts, skipping block
Mining block at height 1...
✗ Mining failed after 20000000 attempts, skipping block
Mining block at height 1...
✗ Mining failed after 20000000 attempts, skipping block
Mining block at height 1...
✗ Mining failed after 20000000 attempts, skipping block
Mining block at height 1...
✗ Mining failed after 20000000 attempts, skipping block
Mining block at height 1...
✗ Mining failed after 20000000 attempts, skipping block
Mining block at height 1...
✗ Mining failed after 20000000 attempts, skipping block
Mining block at height 1...
✗ Mining failed after 20000000 attempts, skipping block
Mining block at height 1...
✗ Mining failed after 20000000 attempts, skipping block
Mining block at height 1...
✗ Mining failed after 20000000 attempts, skipping block
Mining block at height 1...
✗ Mining failed after 20000000 attempts, skipping block
Mining block at height 1...
✗ Mining failed after 20000000 attempts, skipping block
Mining block at height 1...
✗ Mining failed after 20000000 attempts, skipping block
Mining block at height 1...
✗ Mining failed after 20000000 attempts, skipping block
Mining block at height 1...
✗ Mining failed after 20000000 attempts, skipping block
Mining block at height 1...
✗ Mining failed after 20000000 attempts, skipping block
Mining block at height 1...
✗ Mining failed after 20000000 attempts, skipping block
Mining block at height 1...
✗ Mining failed after 20000000 attempts, skipping block
Mining block at height 1...
✗ Mining failed after 20000000 attempts, skipping block
Mining block at height 1...
✗ Mining failed after 20000000 attempts, skipping block
Mining block at height 1...
✗ Mining failed after 20000000 attempts, skipping block
Mining block at height 1...
✗ Mining failed after 20000000 attempts, skipping block
Mining block at height 1...
✗ Mining failed after 20000000 attempts, skipping block
Mining block at height 1...
✗ Mining failed after 20000000 attempts, skipping block
Mining block at height 1...
✗ Mining failed after 20000000 attempts, skipping block
Mining block at height 1...
✗ Mining failed after 20000000 attempts, skipping block
Mining block at height 1...
✗ Mining failed after 20000000 attempts, skipping block
Mining block at height 1...
✗ Mining failed after 20000000 attempts, skipping block
Mining block at height 1...
✗ Mining failed after 20000000 attempts, skipping block
Mining block at height 1...
✗ Mining failed after 20000000 attempts, skipping block
Mining block at height 1...
✗ Mining failed after 20000000 attempts, skipping block
Mining block at height 1...
✗ Mining failed after 20000000 attempts, skipping block
Mining block at height 1...
✗ Mining failed after 20000000 attempts, skipping block
Mining block at height 1...
✗ Mining failed after 20000000 attempts, skipping block
Mining block at height 1...
✗ Mining failed after 20000000 attempts, skipping block
Mining block at height 1...
✗ Mining failed after 20000000 attempts, skipping block
Mining block at height 1...
✗ Mining failed after 20000000 attempts, skipping block
Mining block at height 1...
✗ Mining failed after 20000000 attempts, skipping block
Mining block at height 1...
✗ Mining failed after 20000000 attempts, skipping block
Mining block at height 1...
✗ Mining failed after 20000000 attempts, skipping block
Mining block at height 1...
✗ Mining failed after 20000000 attempts, skipping block
Mining block at height 1...
✗ Mining failed after 20000000 attempts, skipping block
Mining block at height 1...
✗ Mining failed after 20000000 attempts, skipping block
Mining block at height 1...
✗ Mining failed after 20000000 attempts, skipping block
Mining block at height 1...
✗ Mining failed after 20000000 attempts, skipping block
Mining block at height 1...
✗ Mining failed after 20000000 attempts, skipping block
Mining block at height 1...
✗ Mining failed after 20000000 attempts, skipping block
Mining block at height 1...
✗ Mining failed after 20000000 attempts, skipping block
Mining block at height 1...
✗ Mining failed after 20000000 attempts, skipping block
Mining block at height 1...
✗ Mining failed after 20000000 attempts, skipping block
Mining block at height 1...
✗ Mining failed after 20000000 attempts, skipping block
Mining block at height 1...
✗ Mining failed after 20000000 attempts, skipping block
Mining block at height 1...
✗ Mining failed after 20000000 attempts, skipping block
Mining block at height 1...
✗ Mining failed after 20000000 attempts, skipping block
Mining block at height 1...
✗ Mining failed after 20000000 attempts, skipping block
Mining block at height 1...
✗ Mining failed after 20000000 attempts, skipping block
Mining block at height 1...
✗ Mining failed after 20000000 attempts, skipping block
Mining block at height 1...
✗ Mining failed after 20000000 attempts, skipping block
Mining block at height 1...
✗ Mining failed after 20000000 attempts, skipping block
Mining block at height 1...
✗ Mining failed after 20000000 attempts, skipping block
Mining block at height 1...
✗ Mining failed after 20000000 attempts, skipping block
Mining block at height 1...
✗ Mining failed after 20000000 attempts, skipping block
Mining block at height 1...
✗ Mining failed after 20000000 attempts, skipping block
Mining block at height 1...
✗ Mining failed after 20000000 attempts, skipping block
Mining block at height 1...
✗ Mining failed after 20000000 attempts, skipping block
Mining block at height 1...
✗ Mining failed after 20000000 attempts, skipping block
Mining block at height 1...
✗ Mining failed after 20000000 attempts, skipping block
Mining block at height 1...
✗ Mining failed after 20000000 attempts, skipping block
Mining block at height 1...
✗ Mining failed after 20000000 attempts, skipping block
Mining block at height 1...
✗ Mining failed after 20000000 attempts, skipping block
Mining block at height 1...
✗ Mining failed after 20000000 attempts, skipping block
Mining block at height 1...
✗ Mining failed after 20000000 attempts, skipping block
Mining block at height 1...
✗ Mining failed after 20000000 attempts, skipping block
Mining block at height 1...
✗ Mining failed after 20000000 attempts, skipping block
Mining block at height 1...
✗ Mining failed after 20000000 attempts, skipping block
Mining block at height 1...
✗ Mining failed after 20000000 attempts, skipping block
Mining block at height 1...
✗ Mining failed after 20000000 attempts, skipping block
Mining block at height 1...
✗ Mining failed after 20000000 attempts, skipping block
Mining block at height 1...
✗ Mining failed after 20000000 attempts, skipping block
Mining block at height 1...
✗ Mining failed after 20000000 attempts, skipping block
Mining block at height 1...
✗ Mining failed after 20000000 attempts, skipping block
Mining block at height 1...
✗ Mining failed after 20000000 attempts, skipping block
Mining block at height 1...
✗ Mining failed after 20000000 attempts, skipping block
Mining block at height 1...
✗ Mining failed after 20000000 attempts, skipping block
Mining block at height 1...
✗ Mining failed after 20000000 attempts, skipping block
Mining block at height 1...
✗ Mining failed after 20000000 attempts, skipping block
Mining block at height 1...
✗ Mining failed after 20000000 attempts, skipping block
Mining block at height 1...
✗ Mining failed after 20000000 attempts, skipping block
Mining block at height 1...
✗ Mining failed after 20000000 attempts, skipping block
Mining block at height 1...
✗ Mining failed after 20000000 attempts, skipping block
Mining block at height 1...
✗ Mining failed after 20000000 attempts, skipping block
Mining block at height 1...
✗ Mining failed after 20000000 attempts, skipping block
Mining block at height 1...
✗ Mining failed after 20000000 attempts, skipping block
Mining block at height 1...
✗ Mining failed after 20000000 attempts, skipping block
Mining block at height 1...
✗ Mining failed after 20000000 attempts, skipping block
Mining block at height 1...
✗ Mining failed after 20000000 attempts, skipping block
Mining block at height 1...
✗ Mining failed after 20000000 attempts, skipping block
Mining block at height 1...
✗ Mining failed after 20000000 attempts, skipping block
Mining block at height 1...
✗ Mining failed after 20000000 attempts, skipping block
Mining block at height 1...
✗ Mining failed after 20000000 attempts, skipping block
Mining block at height 1...
✗ Mining failed after 20000000 attempts, skipping block
Mining block at height 1...
✗ Mining failed after 20000000 attempts, skipping block
Mining block at height 1...
✗ Mining failed after 20000000 attempts, skipping block
Mining block at height 1...
✗ Mining failed after 20000000 attempts, skipping block
Mining block at height 1...
✗ Mining failed after 20000000 attempts, skipping block
Mining block at height 1...
✗ Mining failed after 20000000 attempts, skipping block
Mining block at height 1...
✗ Mining failed after 20000000 attempts, skipping block
Mining block at height 1...
✗ Mining failed after 20000000 attempts, skipping block
Mining block at height 1...
✗ Mining failed after 20000000 attempts, skipping block
Mining block at height 1...
✗ Mining failed after 20000000 attempts, skipping block
Mining block at height 1...
✗ Mining failed after 20000000 attempts, skipping block
Mining block at height 1...
✗ Mining failed after 20000000 attempts, skipping block
Mining block at height 1...
✗ Mining failed after 20000000 attempts, skipping block
Mining block at height 1...
✗ Mining failed after 20000000 attempts, skipping block
Mining block at height 1...
✗ Mining failed after 20000000 attempts, skipping block
Mining block at height 1...
✗ Mining failed after 20000000 attempts, skipping block
Mining block at height 1...
✗ Mining failed after 20000000 attempts, skipping block
Mining block at height 1...
✗ Mining failed after 20000000 attempts, skipping block
Mining block at height 1...
✗ Mining failed after 20000000 attempts, skipping block
Mining block at height 1...
✗ Mining failed after 20000000 attempts, skipping block
Mining block at height 1...
✗ Mining failed after 20000000 attempts, skipping block
Mining block at height 1...
✗ Mining failed after 20000000 attempts, skipping block
Mining block at height 1...
✗ Mining failed after 20000000 attempts, skipping block
Mining block at height 1...
✗ Mining failed after 20000000 attempts, skipping block
Mining block at height 1...
✗ Mining failed after 20000000 attempts, skipping block
Mining block at height 1...
✗ Mining failed after 20000000 attempts, skipping block
Mining block at height 1...
✗ Mining failed after 20000000 attempts, skipping block
Mining block at height 1...
✗ Mining failed after 20000000 attempts, skipping block
Mining block at height 1...
✗ Mining failed after 20000000 attempts, skipping block
Mining block at height 1...
✗ Mining failed after 20000000 attempts, skipping block
Mining block at height 1...
✗ Mining failed after 20000000 attempts, skipping block
Mining block at height 1...
✗ Mining failed after 20000000 attempts, skipping block
Mining block at height 1...
✗ Mining failed after 20000000 attempts, skipping block
Mining block at height 1...
✗ Mining failed after 20000000 attempts, skipping block
Mining block at height 1...
✗ Mining failed after 20000000 attempts, skipping block
Mining block at height 1...
✗ Mining failed after 20000000 attempts, skipping block
Mining block at height 1...
✗ Mining failed after 20000000 attempts, skipping block
Mining block at height 1...
✗ Mining failed after 20000000 attempts, skipping block
Mining block at height 1...
✗ Mining failed after 20000000 attempts, skipping block
Mining block at height 1...
✗ Mining failed after 20000000 attempts, skipping block
Mining block at height 1...
✗ Mining failed after 20000000 attempts, skipping block
Mining block at height 1...
✗ Mining failed after 20000000 attempts, skipping block
Mining block at height 1...
✗ Mining failed after 20000000 attempts, skipping block
Mining block at height 1...
✗ Mining failed after 20000000 attempts, skipping block
Mining block at height 1...
✗ Mining failed after 20000000 attempts, skipping block
Mining block at height 1...
✗ Mining failed after 20000000 attempts, skipping block
Mining block at height 1...
✗ Mining failed after 20000000 attempts, skipping block
Mining block at height 1...
✗ Mining failed after 20000000 attempts, skipping block
Mining block at height 1...
✗ Mining failed after 20000000 attempts, skipping block
Mining block at height 1...
✗ Mining failed after 20000000 attempts, skipping block
Mining block at height 1...
✗ Mining failed after 20000000 attempts, skipping block
Mining block at height 1...
✗ Mining failed after 20000000 attempts, skipping block
Mining block at height 1...
✗ Mining failed after 20000000 attempts, skipping block
Mining block at height 1...
✗ Mining failed after 20000000 attempts, skipping block
Mining block at height 1...
✗ Mining failed after 20000000 attempts, skipping block
Mining block at height 1...
✗ Mining failed after 20000000 attempts, skipping block
Mining block at height 1...
✗ Mining failed after 20000000 attempts, skipping block
Mining block at height 1...
✗ Mining failed after 20000000 attempts, skipping block
Mining block at height 1...
✗ Mining failed after 20000000 attempts, skipping block
Mining block at height 1...
✗ Mining failed after 20000000 attempts, skipping block
Mining block at height 1...
✗ Mining failed after 20000000 attempts, skipping block
Mining block at height 1...
✗ Mining failed after 20000000 attempts, skipping block
Mining block at height 1...
✗ Mining failed after 20000000 attempts, skipping block
Mining block at height 1...
✗ Mining failed after 20000000 attempts, skipping block
Mining block at height 1...
✗ Mining failed after 20000000 attempts, skipping block
Mining block at height 1...
✗ Mining failed after 20000000 attempts, skipping block
Mining block at height 1...
✗ Mining failed after 20000000 attempts, skipping block
Mining block at height 1...
✗ Mining failed after 20000000 attempts, skipping block
Mining block at height 1...
✗ Mining failed after 20000000 attempts, skipping block
Mining block at height 1...
✗ Mining failed after 20000000 attempts, skipping block
Mining block at height 1...
✗ Mining failed after 20000000 attempts, skipping block
Mining block at height 1...
✗ Mining failed after 20000000 attempts, skipping block
Mining block at height 1...
✗ Mining failed after 20000000 attempts, skipping block
Mining block at height 1...
✗ Mining failed after 20000000 attempts, skipping block
Mining block at height 1...
✗ Mining failed after 20000000 attempts, skipping block
Mining block at height 1...
✗ Mining failed after 20000000 attempts, skipping block
Mining block at height 1...
✗ Mining failed after 20000000 attempts, skipping block
Mining block at height 1...
✗ Mining failed after 20000000 attempts, skipping block
Mining block at height 1...
✗ Mining failed after 20000000 attempts, skipping block
Mining block at height 1...
✗ Mining failed after 20000000 attempts, skipping block
Mining block at height 1...
✗ Mining failed after 20000000 attempts, skipping block
Mining block at height 1...
✗ Mining failed after 20000000 attempts, skipping block
Mining block at height 1...
✗ Mining failed after 20000000 attempts, skipping block
Mining block at height 1...
✗ Mining failed after 20000000 attempts, skipping block
Mining block at height 1...
✗ Mining failed after 20000000 attempts, skipping block
Mining block at height 1...
✗ Mining failed after 20000000 attempts, skipping block
Mining block at height 1...
✗ Mining failed after 20000000 attempts, skipping block
Mining block at height 1...
✗ Mining failed after 20000000 attempts, skipping block
Mining block at height 1...
✗ Mining failed after 20000000 attempts, skipping block
Mining block at height 1...
✗ Mining failed after 20000000 attempts, skipping block
Mining block at height 1...
✗ Mining failed after 20000000 attempts, skipping block
Mining block at height 1...
✗ Mining failed after 20000000 attempts, skipping block
Mining block at height 1...
✗ Mining failed after 20000000 attempts, skipping block
Mining block at height 1...
✗ Mining failed after 20000000 attempts, skipping block
Mining block at height 1...
✗ Mining failed after 20000000 attempts, skipping block
Mining block at height 1...
✗ Mining failed after 20000000 attempts, skipping block
Mining block at height 1...
✗ Mining failed after 20000000 attempts, skipping block
Mining block at height 1...
✗ Mining failed after 20000000 attempts, skipping block
Mining block at height 1...
✗ Mining failed after 20000000 attempts, skipping block
Mining block at height 1...
✗ Mining failed after 20000000 attempts, skipping block
Mining block at height 1...
✗ Mining failed after 20000000 attempts, skipping block
Mining block at height 1...
✗ Mining failed after 20000000 attempts, skipping block
Mining block at height 1...
✗ Mining failed after 20000000 attempts, skipping block
Mining block at height 1...
✗ Mining failed after 20000000 attempts, skipping block
Mining block at height 1...
✗ Mining failed after 20000000 attempts, skipping block
Mining block at height 1...
✗ Mining failed after 20000000 attempts, skipping block
Mining block at height 1...
✗ Mining failed after 20000000 attempts, skipping block
Mining block at height 1...
✗ Mining failed after 20000000 attempts, skipping block
Mining block at height 1...
✗ Mining failed after 20000000 attempts, skipping block
Mining block at height 1...
✗ Mining failed after 20000000 attempts, skipping block
Mining block at height 1...
✗ Mining failed after 20000000 attempts, skipping block
Mining block at height 1...
✗ Mining failed after 20000000 attempts, skipping block
Mining block at height 1...
✗ Mining failed after 20000000 attempts, skipping block
Mining block at height 1...
✗ Mining failed after 20000000 attempts, skipping block
Mining block at height 1...
✗ Mining failed after 20000000 attempts, skipping block
Mining block at height 1...
✗ Mining failed after 20000000 attempts, skipping block
Mining block at height 1...
✗ Mining failed after 20000000 attempts, skipping block
Mining block at height 1...
✗ Mining failed after 20000000 attempts, skipping block
Mining block at height 1...
✗ Mining failed after 20000000 attempts, skipping block
Mining block at height 1...
✗ Mining failed after 20000000 attempts, skipping block
Mining block at height 1...
✗ Mining failed after 20000000 attempts, skipping block
Mining block at height 1...
✗ Mining failed after 20000000 attempts, skipping block
Mining block at height 1...
✗ Mining failed after 20000000 attempts, skipping block
Mining block at height 1...
✗ Mining failed after 20000000 attempts, skipping block
Mining block at height 1...
✗ Mining failed after 20000000 attempts, skipping block
Mining block at height 1...
✗ Mining failed after 20000000 attempts, skipping block
Mining block at height 1...
✗ Mining failed after 20000000 attempts, skipping block
Mining block at height 1...
✗ Mining failed after 20000000 attempts, skipping block
Mining block at height 1...
✗ Mining failed after 20000000 attempts, skipping block
Mining block at height 1...
✗ Mining failed after 20000000 attempts, skipping block
Mining block at height 1...
✗ Mining failed after 20000000 attempts, skipping block
Mining block at height 1...
✗ Mining failed after 20000000 attempts, skipping block
Mining block at height 1...
✗ Mining failed after 20000000 attempts, skipping block
Mining block at height 1...
✗ Mining failed after 20000000 attempts, skipping block
Mining block at height 1...
✗ Mining failed after 20000000 attempts, skipping block
Mining block at height 1...
✗ Mining failed after 20000000 attempts, skipping block
Mining block at height 1...
✗ Mining failed after 20000000 attempts, skipping block
Mining block at height 1...
✗ Mining failed after 20000000 attempts, skipping block
Mining block at height 1...
✗ Mining failed after 20000000 attempts, skipping block
Mining block at height 1...
✗ Mining failed after 20000000 attempts, skipping block
Mining block at height 1...
✗ Mining failed after 20000000 attempts, skipping block
Mining block at height 1...
✗ Mining failed after 20000000 attempts, skipping block
Mining block at height 1...
✗ Mining failed after 20000000 attempts, skipping block
Mining block at height 1...
✗ Mining failed after 20000000 attempts, skipping block
Mining block at height 1...
✗ Mining failed after 20000000 attempts, skipping block
Mining block at height 1...
✗ Mining failed after 20000000 attempts, skipping block
Mining block at height 1...
✗ Mining failed after 20000000 attempts, skipping block
Mining block at height 1...
✗ Mining failed after 20000000 attempts, skipping block
Mining block at height 1...
✗ Mining failed after 20000000 attempts, skipping block
Mining block at height 1...
✗ Mining failed after 20000000 attempts, skipping block
Mining block at height 1...
✗ Mining failed after 20000000 attempts, skipping block
Mining block at height 1...
✗ Mining failed after 20000000 attempts, skipping block
Mining block at height 1...
✗ Mining failed after 20000000 attempts, skipping block
Mining block at height 1...
✗ Mining failed after 20000000 attempts, skipping block
Mining block at height 1...
✗ Mining failed after 20000000 attempts, skipping block
Mining block at height 1...
✗ Mining failed after 20000000 attempts, skipping block
Mining block at height 1...
✗ Mining failed after 20000000 attempts, skipping block
Mining block at height 1...
✗ Mining failed after 20000000 attempts, skipping block
Mining block at height 1...
✗ Mining failed after 20000000 attempts, skipping block
Mining block at height 1...
✗ Mining failed after 20000000 attempts, skipping block
Mining block at height 1...
✗ Mining failed after 20000000 attempts, skipping block
Mining block at height 1...
✗ Mining failed after 20000000 attempts, skipping block
Mining block at height 1...
✗ Mining failed after 20000000 attempts, skipping block
Mining block at height 1...
✗ Mining failed after 20000000 attempts, skipping block
Mining block at height 1...
✗ Mining failed after 20000000 attempts, skipping block
Mining block at height 1...
✗ Mining failed after 20000000 attempts, skipping block
Mining block at height 1...
✗ Mining failed after 20000000 attempts, skipping block
Mining block at height 1...
✗ Mining failed after 20000000 attempts, skipping block
Mining block at height 1...
✗ Mining failed after 20000000 attempts, skipping block
Mining block at height 1...
✗ Mining failed after 20000000 attempts, skipping block
Mining block at height 1...
✗ Mining failed after 20000000 attempts, skipping block
Mining block at height 1...
✗ Mining failed after 20000000 attempts, skipping block
Mining block at height 1...
✗ Mining failed after 20000000 attempts, skipping block
Mining block at height 1...
✗ Mining failed after 20000000 attempts, skipping block
Mining block at height 1...
✗ Mining failed after 20000000 attempts, skipping block
Mining block at height 1...
✗ Mining failed after 20000000 attempts, skipping block
Mining block at height 1...
✗ Mining failed after 20000000 attempts, skipping block
Mining block at height 1...
✗ Mining failed after 20000000 attempts, skipping block
Mining block at height 1...
✗ Mining failed after 20000000 attempts, skipping block
Mining block at height 1...
✗ Mining failed after 20000000 attempts, skipping block
Mining block at height 1...
✗ Mining failed after 20000000 attempts, skipping block
Mining block at height 1...
✗ Mining failed after 20000000 attempts, skipping block
Mining block at height 1...
✗ Mining failed after 20000000 attempts, skipping block
Mining block at height 1...
✗ Mining failed after 20000000 attempts, skipping block
Mining block at height 1...
✗ Mining failed after 20000000 attempts, skipping block
Mining block at height 1...
✗ Mining failed after 20000000 attempts, skipping block
Mining block at height 1...
✗ Mining failed after 20000000 attempts, skipping block
Mining block at height 1...
✗ Mining failed after 20000000 attempts, skipping block
Mining block at height 1...
✗ Mining failed after 20000000 attempts, skipping block
Mining block at height 1...
✗ Mining failed after 20000000 attempts, skipping block
Mining block at height 1...
✗ Mining failed after 20000000 attempts, skipping block
Mining block at height 1...
✗ Mining failed after 20000000 attempts, skipping block
Mining block at height 1...
✗ Mining failed after 20000000 attempts, skipping block
Mining block at height 1...
✗ Mining failed after 20000000 attempts, skipping block
Mining block at height 1...
✗ Mining failed after 20000000 attempts, skipping block
Mining block at height 1...
✗ Mining failed after 20000000 attempts, skipping block
Mining block at height 1...
✗ Mining failed after 20000000 attempts, skipping block
Mining block at height 1...
✗ Mining failed after 20000000 attempts, skipping block
Mining block at height 1...
✗ Mining failed after 20000000 attempts, skipping block
Mining block at height 1...
✗ Mining failed after 20000000 attempts, skipping block
Mining block at height 1...
✗ Mining failed after 20000000 attempts, skipping block
Mining block at height 1...
✗ Mining failed after 20000000 attempts, skipping block
Mining block at height 1...
✗ Mining failed after 20000000 attempts, skipping block
Mining block at height 1...
✗ Mining failed after 20000000 attempts, skipping block
Mining block at height 1...
✗ Mining failed after 20000000 attempts, skipping block
Mining block at height 1...
✗ Mining failed after 20000000 attempts, skipping block
Mining block at height 1...
✗ Mining failed after 20000000 attempts, skipping block
Mining block at height 1...
✗ Mining failed after 20000000 attempts, skipping block
Mining block at height 1...
✗ Mining failed after 20000000 attempts, skipping block
Mining block at height 1...
✗ Mining failed after 20000000 attempts, skipping block
Mining block at height 1...
✗ Mining failed after 20000000 attempts, skipping block
Mining block at height 1...
✗ Mining failed after 20000000 attempts, skipping block
Mining block at height 1...
✗ Mining failed after 20000000 attempts, skipping block
Mining block at height 1...
✗ Mining failed after 20000000 attempts, skipping block
Mining block at height 1...
✗ Mining failed after 20000000 attempts, skipping block
Mining block at height 1...
✗ Mining failed after 20000000 attempts, skipping block
Mining block at height 1...
✗ Mining failed after 20000000 attempts, skipping block
Mining block at height 1...
✗ Mining failed after 20000000 attempts, skipping block
Mining block at height 1...
✗ Mining failed after 20000000 attempts, skipping block
Mining block at height 1...
✗ Mining failed after 20000000 attempts, skipping block
Mining block at height 1...
✗ Mining failed after 20000000 attempts, skipping block
Mining block at height 1...
✗ Mining failed after 20000000 attempts, skipping block
Mining block at height 1...
✗ Mining failed after 20000000 attempts, skipping block
Mining block at height 1...
✗ Mining failed after 20000000 attempts, skipping block
Mining block at height 1...
✗ Mining failed after 20000000 attempts, skipping block
Mining block at height 1...
✗ Mining failed after 20000000 attempts, skipping block
Mining block at height 1...
✗ Mining failed after 20000000 attempts, skipping block
Mining block at height 1...
✗ Mining failed after 20000000 attempts, skipping block
Mining block at height 1...
✗ Mining failed after 20000000 attempts, skipping block
Mining block at height 1...
✗ Mining failed after 20000000 attempts, skipping block
Mining block at height 1...
✗ Mining failed after 20000000 attempts, skipping block
Mining block at height 1...
✗ Mining failed after 20000000 attempts, skipping block
Mining block at height 1...
✗ Mining failed after 20000000 attempts, skipping block
Mining block at height 1...
✗ Mining failed after 20000000 attempts, skipping block
Mining block at height 1...
✗ Mining failed after 20000000 attempts, skipping block
Mining block at height 1...
✗ Mining failed after 20000000 attempts, skipping block
Mining block at height 1...
✗ Mining failed after 20000000 attempts, skipping block
Mining block at height 1...
✗ Mining failed after 20000000 attempts, skipping block
Mining block at height 1...
✗ Mining failed after 20000000 attempts, skipping block
Mining block at height 1...
✗ Mining failed after 20000000 attempts, skipping block
Mining block at height 1...
✗ Mining failed after 20000000 attempts, skipping block
Mining block at height 1...
✗ Mining failed after 20000000 attempts, skipping block
Mining block at height 1...
✗ Mining failed after 20000000 attempts, skipping block
Mining block at height 1...
✗ Mining failed after 20000000 attempts, skipping block
Mining block at height 1...
✗ Mining failed after 20000000 attempts, skipping block
Mining block at height 1...
✗ Mining failed after 20000000 attempts, skipping block
Mining block at height 1...
✗ Mining failed after 20000000 attempts, skipping block
Mining block at height 1...
✗ Mining failed after 20000000 attempts, skipping block
Mining block at height 1...
✗ Mining failed after 20000000 attempts, skipping block
Mining block at height 1...
✗ Mining failed after 20000000 attempts, skipping block
Mining block at height 1...
✗ Mining failed after 20000000 attempts, skipping block
Mining block at height 1...
✗ Mining failed after 20000000 attempts, skipping block
Mining block at height 1...
✗ Mining failed after 20000000 attempts, skipping block
Mining block at height 1...
✗ Mining failed after 20000000 attempts, skipping block
Mining block at height 1...
✗ Mining failed after 20000000 attempts, skipping block
Mining block at height 1...
✗ Mining failed after 20000000 attempts, skipping block
Mining block at height 1...
✗ Mining failed after 20000000 attempts, skipping block
Mining block at height 1...
✗ Mining failed after 20000000 attempts, skipping block
Mining block at height 1...
✗ Mining failed after 20000000 attempts, skipping block
Mining block at height 1...
✗ Mining failed after 20000000 attempts, skipping block
Mining block at height 1...
✗ Mining failed after 20000000 attempts, skipping block
Mining block at height 1...
✗ Mining failed after 20000000 attempts, skipping block
Mining block at height 1...
✗ Mining failed after 20000000 attempts, skipping block
Mining block at height 1...
✗ Mining failed after 20000000 attempts, skipping block
Mining block at height 1...
✗ Mining failed after 20000000 attempts, skipping block
Mining block at height 1...
✗ Mining failed after 20000000 attempts, skipping block
Mining block at height 1...
✗ Mining failed after 20000000 attempts, skipping block
Mining block at height 1...
✗ Mining failed after 20000000 attempts, skipping block
Mining block at height 1...
✗ Mining failed after 20000000 attempts, skipping block
Mining block at height 1...
✗ Mining failed after 20000000 attempts, skipping block
Mining block at height 1...
✗ Mining failed after 20000000 attempts, skipping block
Mining block at height 1...
✗ Mining failed after 20000000 attempts, skipping block
Mining block at height 1...
✗ Mining failed after 20000000 attempts, skipping block
Mining block at height 1...
✗ Mining failed after 20000000 attempts, skipping block
Mining block at height 1...
✗ Mining failed after 20000000 attempts, skipping block
Mining block at height 1...
✗ Mining failed after 20000000 attempts, skipping block
Mining block at height 1...
✗ Mining failed after 20000000 attempts, skipping block
Mining block at height 1...
✗ Mining failed after 20000000 attempts, skipping block
Mining block at height 1...
✗ Mining failed after 20000000 attempts, skipping block
Mining block at height 1...
✗ Mining failed after 20000000 attempts, skipping block
Mining block at height 1...
✗ Mining failed after 20000000 attempts, skipping block
Mining block at height 1...
✗ Mining failed after 20000000 attempts, skipping block
Mining block at height 1...
✗ Mining failed after 20000000 attempts, skipping block
Mining block at height 1...
✗ Mining failed after 20000000 attempts, skipping block
Mining block at height 1...
✗ Mining failed after 20000000 attempts, skipping block
Mining block at height 1...
✗ Mining failed after 20000000 attempts, skipping block
Mining block at height 1...
✗ Mining failed after 20000000 attempts, skipping block
Mining block at height 1...
✗ Mining failed after 20000000 attempts, skipping block
Mining block at height 1...
✗ Mining failed after 20000000 attempts, skipping block
Mining block at height 1...
✗ Mining failed after 20000000 attempts, skipping block
Mining block at height 1...
✗ Mining failed after 20000000 attempts, skipping block
Mining block at height 1...
✗ Mining failed after 20000000 attempts, skipping block
Mining block at height 1...
✗ Mining failed after 20000000 attempts, skipping block
Mining block at height 1...
✗ Mining failed after 20000000 attempts, skipping block
Mining block at height 1...
✗ Mining failed after 20000000 attempts, skipping block
Mining block at height 1...
✗ Mining failed after 20000000 attempts, skipping block
Mining block at height 1...
✗ Mining failed after 20000000 attempts, skipping block
Mining block at height 1...
✗ Mining failed after 20000000 attempts, skipping block
Mining block at height 1...
✗ Mining failed after 20000000 attempts, skipping block
Mining block at height 1...
✗ Mining failed after 20000000 attempts, skipping block
Mining block at height 1...
✗ Mining failed after 20000000 attempts, skipping block
Mining block at height 1...
✗ Mining failed after 20000000 attempts, skipping block
Mining block at height 1...
✗ Mining failed after 20000000 attempts, skipping block
Mining block at height 1...
✗ Mining failed after 20000000 attempts, skipping block
Mining block at height 1...
✗ Mining failed after 20000000 attempts, skipping block
Mining block at height 1...
✗ Mining failed after 20000000 attempts, skipping block
Mining block at height 1...
✗ Mining failed after 20000000 attempts, skipping block
Mining block at height 1...
✗ Mining failed after 20000000 attempts, skipping block
Mining block at height 1...
✗ Mining failed after 20000000 attempts, skipping block
Mining block at height 1...
✗ Mining failed after 20000000 attempts, skipping block
Mining block at height 1...
✗ Mining failed after 20000000 attempts, skipping block
Mining block at height 1...
✗ Mining failed after 20000000 attempts, skipping block
Mining block at height 1...
✗ Mining failed after 20000000 attempts, skipping block
Mining block at height 1...
✗ Mining failed after 20000000 attempts, skipping block
Mining block at height 1...
✗ Mining failed after 20000000 attempts, skipping block
Mining block at height 1...
✗ Mining failed after 20000000 attempts, skipping block
Mining block at height 1...
✗ Mining failed after 20000000 attempts, skipping block
Mining block at height 1...
✗ Mining failed after 20000000 attempts, skipping block
Mining block at height 1...
✗ Mining failed after 20000000 attempts, skipping block
Mining block at height 1...
✗ Mining failed after 20000000 attempts, skipping block
Mining block at height 1...
✗ Mining failed after 20000000 attempts, skipping block
Mining block at height 1...
✗ Mining failed after 20000000 attempts, skipping block
Mining block at height 1...
✗ Mining failed after 20000000 attempts, skipping block
Mining block at height 1...
✗ Mining failed after 20000000 attempts, skipping block
Mining block at height 1...
✗ Mining failed after 20000000 attempts, skipping block
Mining block at height 1...
✗ Mining failed after 20000000 attempts, skipping block
Mining block at height 1...
✗ Mining failed after 20000000 attempts, skipping block
Mining block at height 1...
✗ Mining failed after 20000000 attempts, skipping block
Mining block at height 1...
✗ Mining failed after 20000000 attempts, skipping block
Mining block at height 1...
✗ Mining failed after 20000000 attempts, skipping block
Mining block at height 1...
✗ Mining failed after 20000000 attempts, skipping block
Mining block at height 1...
✗ Mining failed after 20000000 attempts, skipping block
Mining block at height 1...
✗ Mining failed after 20000000 attempts, skipping block
Mining block at height 1...
✗ Mining failed after 20000000 attempts, skipping block
Mining block at height 1...
✗ Mining failed after 20000000 attempts, skipping block
Mining block at height 1...
✗ Mining failed after 20000000 attempts, skipping block
Mining block at height 1...
✗ Mining failed after 20000000 attempts, skipping block
Mining block at height 1...
✗ Mining failed after 20000000 attempts, skipping block
Mining block at height 1...
✗ Mining failed after 20000000 attempts, skipping block
Mining block at height 1...
✗ Mining failed after 20000000 attempts, skipping block
Mining block at height 1...
✗ Mining failed after 20000000 attempts, skipping block
Mining block at height 1...
✗ Mining failed after 20000000 attempts, skipping block
Mining block at height 1...
✗ Mining failed after 20000000 attempts, skipping block
Mining block at height 1...
✗ Mining failed after 20000000 attempts, skipping block
Mining block at height 1...
✗ Mining failed after 20000000 attempts, skipping block
Mining block at height 1...
✗ Mining failed after 20000000 attempts, skipping block
Mining block at height 1...
✗ Mining failed after 20000000 attempts, skipping block
Mining block at height 1...
✗ Mining failed after 20000000 attempts, skipping block
Mining block at height 1...
✗ Mining failed after 20000000 attempts, skipping block
Mining block at height 1...
✗ Mining failed after 20000000 attempts, skipping block
Mining block at height 1...
✗ Mining failed after 20000000 attempts, skipping block
Mining block at height 1...
✗ Mining failed after 20000000 attempts, skipping block
Mining block at height 1...
✗ Mining failed after 20000000 attempts, skipping block
Mining block at height 1...
✗ Mining failed after 20000000 attempts, skipping block
Mining block at height 1...
✗ Mining failed after 20000000 attempts, skipping block
Mining block at height 1...
✗ Mining failed after 20000000 attempts, skipping block
Mining block at height 1...
✗ Mining failed after 20000000 attempts, skipping block
Mining block at height 1...
✗ Mining failed after 20000000 attempts, skipping block
Mining block at height 1...
✗ Mining failed after 20000000 attempts, skipping block
Mining block at height 1...
✗ Mining failed after 20000000 attempts, skipping block
Mining block at height 1...
✗ Mining failed after 20000000 attempts, skipping block
Mining block at height 1...
✗ Mining failed after 20000000 attempts, skipping block
Mining block at height 1...
✗ Mining failed after 20000000 attempts, skipping block
Mining block at height 1...
✗ Mining failed after 20000000 attempts, skipping block
Mining block at height 1...
✗ Mining failed after 20000000 attempts, skipping block
Mining block at height 1...
✗ Mining failed after 20000000 attempts, skipping block
Mining block at height 1...
✗ Mining failed after 20000000 attempts, skipping block
Mining block at height 1...
✗ Mining failed after 20000000 attempts, skipping block
Mining block at height 1...
✗ Mining failed after 20000000 attempts, skipping block
Mining block at height 1...
✗ Mining failed after 20000000 attempts, skipping block
Mining block at height 1...
✗ Mining failed after 20000000 attempts, skipping block
Mining block at height 1...
✗ Mining failed after 20000000 attempts, skipping block
Mining block at height 1...
✗ Mining failed after 20000000 attempts, skipping block
Mining block at height 1...
✗ Mining failed after 20000000 attempts, skipping block
Mining block at height 1...
✗ Mining failed after 20000000 attempts, skipping block
Mining block at height 1...
✗ Mining failed after 20000000 attempts, skipping block
Mining block at height 1...
✗ Mining failed after 20000000 attempts, skipping block
Mining block at height 1...
✗ Mining failed after 20000000 attempts, skipping block
Mining block at height 1...
✗ Mining failed after 20000000 attempts, skipping block
Mining block at height 1...
✗ Mining failed after 20000000 attempts, skipping block
Mining block at height 1...
✗ Mining failed after 20000000 attempts, skipping block
Mining block at height 1...
✗ Mining failed after 20000000 attempts, skipping block
Mining block at height 1...
✗ Mining failed after 20000000 attempts, skipping block
Mining block at height 1...
✗ Mining failed after 20000000 attempts, skipping block
Mining block at height 1...
✗ Mining failed after 20000000 attempts, skipping block
Mining block at height 1...
✗ Mining failed after 20000000 attempts, skipping block
Mining block at height 1...
✗ Mining failed after 20000000 attempts, skipping block
Mining block at height 1...
✗ Mining failed after 20000000 attempts, skipping block
Mining block at height 1...
✗ Mining failed after 20000000 attempts, skipping block
Mining block at height 1...
✗ Mining failed after 20000000 attempts, skipping block
Mining block at height 1...
✗ Mining failed after 20000000 attempts, skipping block
Mining block at height 1...
✗ Mining failed after 20000000 attempts, skipping block
Mining block at height 1...
✗ Mining failed after 20000000 attempts, skipping block
Mining block at height 1...
✗ Mining failed after 20000000 attempts, skipping block
Mining block at height 1...
✗ Mining failed after 20000000 attempts, skipping block
Mining block at height 1...
✗ Mining failed after 20000000 attempts, skipping block
Mining block at height 1...
✗ Mining failed after 20000000 attempts, skipping block
Mining block at height 1...
✗ Mining failed after 20000000 attempts, skipping block
Mining block at height 1...
✗ Mining failed after 20000000 attempts, skipping block
Mining block at height 1...
✗ Mining failed after 20000000 attempts, skipping block
Mining block at height 1...
✗ Mining failed after 20000000 attempts, skipping block
Mining block at height 1...
✗ Mining failed after 20000000 attempts, skipping block
Mining block at height 1...
✗ Mining failed after 20000000 attempts, skipping block
Mining block at height 1...
✗ Mining failed after 20000000 attempts, skipping block
Mining block at height 1...
✗ Mining failed after 20000000 attempts, skipping block
Mining block at height 1...
✗ Mining failed after 20000000 attempts, skipping block
Mining block at height 1...
✗ Mining failed after 20000000 attempts, skipping block
Mining block at height 1...
✗ Mining failed after 20000000 attempts, skipping block
Mining block at height 1...
✗ Mining failed after 20000000 attempts, skipping block
Mining block at height 1...
✗ Mining failed after 20000000 attempts, skipping block
Mining block at height 1...
✗ Mining failed after 20000000 attempts, skipping block
Mining block at height 1...
✗ Mining failed after 20000000 attempts, skipping block
Mining block at height 1...
✗ Mining failed after 20000000 attempts, skipping block
Mining block at height 1...
✗ Mining failed after 20000000 attempts, skipping block
Mining block at height 1...
✗ Mining failed after 20000000 attempts, skipping block
Mining block at height 1...
✗ Mining failed after 20000000 attempts, skipping block
Mining block at height 1...
✗ Mining failed after 20000000 attempts, skipping block
Mining block at height 1...
✗ Mining failed after 20000000 attempts, skipping block
Mining block at height 1...
✗ Mining failed after 20000000 attempts, skipping block
Mining block at height 1...
✗ Mining failed after 20000000 attempts, skipping block
Mining block at height 1...
✗ Mining failed after 20000000 attempts, skipping block
Mining block at height 1...
✗ Mining failed after 20000000 attempts, skipping block
Mining block at height 1...
✗ Mining failed after 20000000 attempts, skipping block
Mining block at height 1...
✗ Mining failed after 20000000 attempts, skipping block
Mining block at height 1...
✗ Mining failed after 20000000 attempts, skipping block
Mining block at height 1...
✗ Mining failed after 20000000 attempts, skipping block
Mining block at height 1...
✗ Mining failed after 20000000 attempts, skipping block
Mining block at height 1...
✗ Mining failed after 20000000 attempts, skipping block
Mining block at height 1...
✗ Mining failed after 20000000 attempts, skipping block
Mining block at height 1...
✗ Mining failed after 20000000 attempts, skipping block
Mining block at height 1...
✗ Mining failed after 20000000 attempts, skipping block
Mining block at height 1...
✗ Mining failed after 20000000 attempts, skipping block
Mining block at height 1...
✗ Mining failed after 20000000 attempts, skipping block
Mining block at height 1...
✗ Mining failed after 20000000 attempts, skipping block
Mining block at height 1...
✗ Mining failed after 20000000 attempts, skipping block
Mining block at height 1...
✗ Mining failed after 20000000 attempts, skipping block
Mining block at height 1...
✗ Mining failed after 20000000 attempts, skipping block
Mining block at height 1...
✗ Mining failed after 20000000 attempts, skipping block
Mining block at height 1...
✗ Mining failed after 20000000 attempts, skipping block
Mining block at height 1...
✗ Mining failed after 20000000 attempts, skipping block
Mining block at height 1...
✗ Mining failed after 20000000 attempts, skipping block
Mining block at height 1...
✗ Mining failed after 20000000 attempts, skipping block
Mining block at height 1...
✗ Mining failed after 20000000 attempts, skipping block
Mining block at height 1...
✗ Mining failed after 20000000 attempts, skipping block
Mining block at height 1...
✗ Mining failed after 20000000 attempts, skipping block
Mining block at height 1...
✗ Mining failed after 20000000 attempts, skipping block
Mining block at height 1...
✗ Mining failed after 20000000 attempts, skipping block
Mining block at height 1...
✗ Mining failed after 20000000 attempts, skipping block
Mining block at height 1...
✗ Mining failed after 20000000 attempts, skipping block
Mining block at height 1...
✗ Mining failed after 20000000 attempts, skipping block
Mining block at height 1...
✗ Mining failed after 20000000 attempts, skipping block
Mining block at height 1...
✗ Mining failed after 20000000 attempts, skipping block
Mining block at height 1...
✗ Mining failed after 20000000 attempts, skipping block
Mining block at height 1...
✗ Mining failed after 20000000 attempts, skipping block
Mining block at height 1...
✗ Mining failed after 20000000 attempts, skipping block
Mining block at height 1...
✗ Mining failed after 20000000 attempts, skipping block
Mining block at height 1...
✗ Mining failed after 20000000 attempts, skipping block
Mining block at height 1...
✗ Mining failed after 20000000 attempts, skipping block
Mining block at height 1...
✗ Mining failed after 20000000 attempts, skipping block
Mining block at height 1...
✗ Mining failed after 20000000 attempts, skipping block
Mining block at height 1...
✗ Mining failed after 20000000 attempts, skipping block
Mining block at height 1...
✗ Mining failed after 20000000 attempts, skipping block
Mining block at height 1...
✗ Mining failed after 20000000 attempts, skipping block
Mining block at height 1...
✗ Mining failed after 20000000 attempts, skipping block
Mining block at height 1...
✗ Mining failed after 20000000 attempts, skipping block
Mining block at height 1...
✗ Mining failed after 20000000 attempts, skipping block
Mining block at height 1...
✗ Mining failed after 20000000 attempts, skipping block
Mining block at height 1...
✗ Mining failed after 20000000 attempts, skipping block
Mining block at height 1...
✗ Mining failed after 20000000 attempts, skipping block
Mining block at height 1...
✗ Mining failed after 20000000 attempts, skipping block
Mining block at height 1...
✗ Mining failed after 20000000 attempts, skipping block
Mining block at height 1...
✗ Mining failed after 20000000 attempts, skipping block
Mining block at height 1...
✗ Mining failed after 20000000 attempts, skipping block
Mining block at height 1...
✗ Mining failed after 20000000 attempts, skipping block
Mining block at height 1...
✗ Mining failed after 20000000 attempts, skipping block
Mining block at height 1...
✗ Mining failed after 20000000 attempts, skipping block
Mining block at height 1...
✗ Mining failed after 20000000 attempts, skipping block
Mining block at height 1...
✗ Mining failed after 20000000 attempts, skipping block
Mining block at height 1...
✗ Mining failed after 20000000 attempts, skipping block
Mining block at height 1...
✗ Mining failed after 20000000 attempts, skipping block
Mining block at height 1...
✗ Mining failed after 20000000 attempts, skipping block
Mining block at height 1...
✗ Mining failed after 20000000 attempts, skipping block
Mining block at height 1...
✗ Mining failed after 20000000 attempts, skipping block
Mining block at height 1...
✗ Mining failed after 20000000 attempts, skipping block
Mining block at height 1...
✗ Mining failed after 20000000 attempts, skipping block
Mining block at height 1...
✗ Mining failed after 20000000 attempts, skipping block
Mining block at height 1...
✗ Mining failed after 20000000 attempts, skipping block
Mining block at height 1...
✗ Mining failed after 20000000 attempts, skipping block
Mining block at height 1...
✗ Mining failed after 20000000 attempts, skipping block
Mining block at height 1...
✗ Mining failed after 20000000 attempts, skipping block
Mining block at height 1...
✗ Mining failed after 20000000 attempts, skipping block
Mining block at height 1...
✗ Mining failed after 20000000 attempts, skipping block
Mining block at height 1...
✗ Mining failed after 20000000 attempts, skipping block
Mining block at height 1...
✗ Mining failed after 20000000 attempts, skipping block
Mining block at height 1...
✗ Mining failed after 20000000 attempts, skipping block
Mining block at height 1...
✗ Mining failed after 20000000 attempts, skipping block
Mining block at height 1...
✗ Mining failed after 20000000 attempts, skipping block
Mining block at height 1...
✗ Mining failed after 20000000 attempts, skipping block
Mining block at height 1...
✗ Mining failed after 20000000 attempts, skipping block
Mining block at height 1...
✗ Mining failed after 20000000 attempts, skipping block
Mining block at height 1...
✗ Mining failed after 20000000 attempts, skipping block
Mining block at height 1...
✗ Mining failed after 20000000 attempts, skipping block
Mining block at height 1...
✗ Mining failed after 20000000 attempts, skipping block
Mining block at height 1...
✗ Mining failed after 20000000 attempts, skipping block
Mining block at height 1...
✗ Mining failed after 20000000 attempts, skipping block
Mining block at height 1...
✗ Mining failed after 20000000 attempts, skipping block
Mining block at height 1...
✗ Mining failed after 20000000 attempts, skipping block
Mining block at height 1...
✗ Mining failed after 20000000 attempts, skipping block
Mining block at height 1...
✗ Mining failed after 20000000 attempts, skipping block
Mining block at height 1...
✗ Mining failed after 20000000 attempts, skipping block
Mining block at height 1...
✗ Mining failed after 20000000 attempts, skipping block
Mining block at height 1...
✗ Mining failed after 20000000 attempts, skipping block
Mining block at height 1...
✗ Mining failed after 20000000 attempts, skipping block
Mining block at height 1...
✗ Mining failed after 20000000 attempts, skipping block
Mining block at height 1...
✗ Mining failed after 20000000 attempts, skipping block
Mining block at height 1...
✗ Mining failed after 20000000 attempts, skipping block
Mining block at height 1...
✗ Mining failed after 20000000 attempts, skipping block
Mining block at height 1...
✗ Mining failed after 20000000 attempts, skipping block
Mining block at height 1...
✗ Mining failed after 20000000 attempts, skipping block
Mining block at height 1...
✗ Mining failed after 20000000 attempts, skipping block
Mining block at height 1...
✗ Mining failed after 20000000 attempts, skipping block
Mining block at height 1...
✗ Mining failed after 20000000 attempts, skipping block
Mining block at height 1...
✗ Mining failed after 20000000 attempts, skipping block
Mining block at height 1...
✗ Mining failed after 20000000 attempts, skipping block
Mining block at height 1...
✗ Mining failed after 20000000 attempts, skipping block
Mining block at height 1...
✗ Mining failed after 20000000 attempts, skipping block
Mining block at height 1...
✗ Mining failed after 20000000 attempts, skipping block
Mining block at height 1...
✗ Mining failed after 20000000 attempts, skipping block
Mining block at height 1...
✗ Mining failed after 20000000 attempts, skipping block
Mining block at height 1...
✗ Mining failed after 20000000 attempts, skipping block
Mining block at height 1...
✗ Mining failed after 20000000 attempts, skipping block
Mining block at height 1...
✗ Mining failed after 20000000 attempts, skipping block
Mining block at height 1...
✗ Mining failed after 20000000 attempts, skipping block
Mining block at height 1...
✗ Mining failed after 20000000 attempts, skipping block
Mining block at height 1...
✗ Mining failed after 20000000 attempts, skipping block
Mining block at height 1...
✗ Mining failed after 20000000 attempts, skipping block
Mining block at height 1...
✗ Mining failed after 20000000 attempts, skipping block
Mining block at height 1...
✗ Mining failed after 20000000 attempts, skipping block
Mining block at height 1...
✗ Mining failed after 20000000 attempts, skipping block
Mining block at height 1...
✗ Mining failed after 20000000 attempts, skipping block
Mining block at height 1...
✗ Mining failed after 20000000 attempts, skipping block
Mining block at height 1...
✗ Mining failed after 20000000 attempts, skipping block
Mining block at height 1...
✗ Mining failed after 20000000 attempts, skipping block
Mining block at height 1...
✗ Mining failed after 20000000 attempts, skipping block
Mining block at height 1...
✗ Mining failed after 20000000 attempts, skipping block
Mining block at height 1...
✗ Mining failed after 20000000 attempts, skipping block
Mining block at height 1...
✗ Mining failed after 20000000 attempts, skipping block
Mining block at height 1...
✗ Mining failed after 20000000 attempts, skipping block
Mining block at height 1...
✗ Mining failed after 20000000 attempts, skipping block
Mining block at height 1...
✗ Mining failed after 20000000 attempts, skipping block
Mining block at height 1...
✗ Mining failed after 20000000 attempts, skipping block
Mining block at height 1...
✗ Mining failed after 20000000 attempts, skipping block
Mining block at height 1...
✗ Mining failed after 20000000 attempts, skipping block
Mining block at height 1...
✗ Mining failed after 20000000 attempts, skipping block
Mining block at height 1...
✗ Mining failed after 20000000 attempts, skipping block
Mining block at height 1...
✗ Mining failed after 20000000 attempts, skipping block
Mining block at height 1...
✗ Mining failed after 20000000 attempts, skipping block
Mining block at height 1...
✗ Mining failed after 20000000 attempts, skipping block
Mining block at height 1...
✗ Mining failed after 20000000 attempts, skipping block
Mining block at height 1...
✗ Mining failed after 20000000 attempts, skipping block
Mining block at height 1...
✗ Mining failed after 20000000 attempts, skipping block
Mining block at height 1...
✗ Mining failed after 20000000 attempts, skipping block
Mining block at height 1...
✗ Mining failed after 20000000 attempts, skipping block
Mining block at height 1...
✗ Mining failed after 20000000 attempts, skipping block
Mining block at height 1...
✗ Mining failed after 20000000 attempts, skipping block
Mining block at height 1...
✗ Mining failed after 20000000 attempts, skipping block
Mining block at height 1...
✗ Mining failed after 20000000 attempts, skipping block
Mining block at height 1...
✗ Mining failed after 20000000 attempts, skipping block
Mining block at height 1...
✗ Mining failed after 20000000 attempts, skipping block
Mining block at height 1...
✗ Mining failed after 20000000 attempts, skipping block
Mining block at height 1...
✗ Mining failed after 20000000 attempts, skipping block
Mining block at height 1...
✗ Mining failed after 20000000 attempts, skipping block
Mining block at height 1...
✗ Mining failed after 20000000 attempts, skipping block
Mining block at height 1...
✗ Mining failed after 20000000 attempts, skipping block
Mining block at height 1...
✗ Mining failed after 20000000 attempts, skipping block
Mining block at height 1...
✗ Mining failed after 20000000 attempts, skipping block
Mining block at height 1...
✗ Mining failed after 20000000 attempts, skipping block
Mining block at height 1...
✗ Mining failed after 20000000 attempts, skipping block
Mining block at height 1...
✗ Mining failed after 20000000 attempts, skipping block
Mining block at height 1...
✗ Mining failed after 20000000 attempts, skipping block
Mining block at height 1...
✗ Mining failed after 20000000 attempts, skipping block
Mining block at height 1...
✗ Mining failed after 20000000 attempts, skipping block
Mining block at height 1...
✗ Mining failed after 20000000 attempts, skipping block
Mining block at height 1...
✗ Mining failed after 20000000 attempts, skipping block
Mining block at height 1...
✗ Mining failed after 20000000 attempts, skipping block
Mining block at height 1...
✗ Mining failed after 20000000 attempts, skipping block
Mining block at height 1...
✗ Mining failed after 20000000 attempts, skipping block
Mining block at height 1...
✗ Mining failed after 20000000 attempts, skipping block
Mining block at height 1...
✗ Mining failed after 20000000 attempts, skipping block
Mining block at height 1...
✗ Mining failed after 20000000 attempts, skipping block
Mining block at height 1...
✗ Mining failed after 20000000 attempts, skipping block
Mining block at height 1...
✗ Mining failed after 20000000 attempts, skipping block
Mining block at height 1...
✗ Mining failed after 20000000 attempts, skipping block
Mining block at height 1...
✗ Mining failed after 20000000 attempts, skipping block
Mining block at height 1...
✗ Mining failed after 20000000 attempts, skipping block
Mining block at height 1...
✗ Mining failed after 20000000 attempts, skipping block
Mining block at height 1...
✗ Mining failed after 20000000 attempts, skipping block
Mining block at height 1...
✗ Mining failed after 20000000 attempts, skipping block
Mining block at height 1...
✗ Mining failed after 20000000 attempts, skipping block
Mining block at height 1...
✗ Mining failed after 20000000 attempts, skipping block
Mining block at height 1...
✗ Mining failed after 20000000 attempts, skipping block
Mining block at height 1...
✗ Mining failed after 20000000 attempts, skipping block
Mining block at height 1...
✗ Mining failed after 20000000 attempts, skipping block
Mining block at height 1...
✗ Mining failed after 20000000 attempts, skipping block
Mining block at height 1...
✗ Mining failed after 20000000 attempts, skipping block
Mining block at height 1...
✗ Mining failed after 20000000 attempts, skipping block
Mining block at height 1...
✗ Mining failed after 20000000 attempts, skipping block
Mining block at height 1...
✗ Mining failed after 20000000 attempts, skipping block
Mining block at height 1...
✗ Mining failed after 20000000 attempts, skipping block
Mining block at height 1...
✗ Mining failed after 20000000 attempts, skipping block
Mining block at height 1...
✗ Mining failed after 20000000 attempts, skipping block
Mining block at height 1...
✗ Mining failed after 20000000 attempts, skipping block
Mining block at height 1...
✗ Mining failed after 20000000 attempts, skipping block
Mining block at height 1...
✗ Mining failed after 20000000 attempts, skipping block
Mining block at height 1...
✗ Mining failed after 20000000 attempts, skipping block
Mining block at height 1...
✗ Mining failed after 20000000 attempts, skipping block
Mining block at height 1...
✗ Mining failed after 20000000 attempts, skipping block
Mining block at height 1...
✗ Mining failed after 20000000 attempts, skipping block
Mining block at height 1...
✗ Mining failed after 20000000 attempts, skipping block
Mining block at height 1...
✗ Mining failed after 20000000 attempts, skipping block
Mining block at height 1...
✗ Mining failed after 20000000 attempts, skipping block
Mining block at height 1...
✗ Mining failed after 20000000 attempts, skipping block
Mining block at height 1...
✗ Mining failed after 20000000 attempts, skipping block
Mining block at height 1...
✗ Mining failed after 20000000 attempts, skipping block
Mining block at height 1...
✗ Mining failed after 20000000 attempts, skipping block
Mining block at height 1...
✗ Mining failed after 20000000 attempts, skipping block
Mining block at height 1...
✗ Mining failed after 20000000 attempts, skipping block
Mining block at height 1...
✗ Mining failed after 20000000 attempts, skipping block
Mining block at height 1...
✗ Mining failed after 20000000 attempts, skipping block
Mining block at height 1...
✗ Mining failed after 20000000 attempts, skipping block
Mining block at height 1...
✗ Mining failed after 20000000 attempts, skipping block
Mining block at height 1...
✗ Mining failed after 20000000 attempts, skipping block
Mining block at height 1...
✗ Mining failed after 20000000 attempts, skipping block
Mining block at height 1...
✗ Mining failed after 20000000 attempts, skipping block
Mining block at height 1...
✗ Mining failed after 20000000 attempts, skipping block
Mining block at height 1...
✗ Mining failed after 20000000 attempts, skipping block
Mining block at height 1...
✗ Mining failed after 20000000 attempts, skipping block
Mining block at height 1...
✗ Mining failed after 20000000 attempts, skipping block
Mining block at height 1...
✗ Mining failed after 20000000 attempts, skipping block
Mining block at height 1...
✗ Mining failed after 20000000 attempts, skipping block
Mining block at height 1...
✗ Mining failed after 20000000 attempts, skipping block
Mining block at height 1...
✗ Mining failed after 20000000 attempts, skipping block
Mining block at height 1...
✗ Mining failed after 20000000 attempts, skipping block
Mining block at height 1...
✗ Mining failed after 20000000 attempts, skipping block
Mining block at height 1...
✗ Mining failed after 20000000 attempts, skipping block
Mining block at height 1...
✗ Mining failed after 20000000 attempts, skipping block
Mining block at height 1...
✗ Mining failed after 20000000 attempts, skipping block
Mining block at height 1...
✗ Mining failed after 20000000 attempts, skipping block
Mining block at height 1...
✗ Mining failed after 20000000 attempts, skipping block
Mining block at height 1...
✗ Mining failed after 20000000 attempts, skipping block
Mining block at height 1...
✗ Mining failed after 20000000 attempts, skipping block
Mining block at height 1...
✗ Mining failed after 20000000 attempts, skipping block
Mining block at height 1...
✗ Mining failed after 20000000 attempts, skipping block
Mining block at height 1...
✗ Mining failed after 20000000 attempts, skipping block
Mining block at height 1...
✗ Mining failed after 20000000 attempts, skipping block
Mining block at height 1...
✗ Mining failed after 20000000 attempts, skipping block
Mining block at height 1...
✗ Mining failed after 20000000 attempts, skipping block
Mining block at height 1...
✗ Mining failed after 20000000 attempts, skipping block
Mining block at height 1...
✗ Mining failed after 20000000 attempts, skipping block
Mining block at height 1...
✗ Mining failed after 20000000 attempts, skipping block
Mining block at height 1...
✗ Mining failed after 20000000 attempts, skipping block
Mining block at height 1...
✗ Mining failed after 20000000 attempts, skipping block
Mining block at height 1...
✗ Mining failed after 20000000 attempts, skipping block
Mining block at height 1...
✗ Mining failed after 20000000 attempts, skipping block
Mining block at height 1...
✗ Mining failed after 20000000 attempts, skipping block
Mining block at height 1...
✗ Mining failed after 20000000 attempts, skipping block
Mining block at height 1...
✗ Mining failed after 20000000 attempts, skipping block
Mining block at height 1...
✗ Mining failed after 20000000 attempts, skipping block
Mining block at height 1...
✗ Mining failed after 20000000 attempts, skipping block
Mining block at height 1...
✗ Mining failed after 20000000 attempts, skipping block
Mining block at height 1...
✗ Mining failed after 20000000 attempts, skipping block
Mining block at height 1...
✗ Mining failed after 20000000 attempts, skipping block
Mining block at height 1...
✗ Mining failed after 20000000 attempts, skipping block
Mining block at height 1...
✗ Mining failed after 20000000 attempts, skipping block
Mining block at height 1...
✗ Mining failed after 20000000 attempts, skipping block
Mining block at height 1...
✗ Mining failed after 20000000 attempts, skipping block
Mining block at height 1...
✗ Mining failed after 20000000 attempts, skipping block
Mining block at height 1...
✗ Mining failed after 20000000 attempts, skipping block
Mining block at height 1...
✗ Mining failed after 20000000 attempts, skipping block
Mining block at height 1...
✗ Mining failed after 20000000 attempts, skipping block
Mining block at height 1...
✗ Mining failed after 20000000 attempts, skipping block
Mining block at height 1...
✗ Mining failed after 20000000 attempts, skipping block
Mining block at height 1...
✗ Mining failed after 20000000 attempts, skipping block
Mining block at height 1...
✗ Mining failed after 20000000 attempts, skipping block
Mining block at height 1...
✗ Mining failed after 20000000 attempts, skipping block
Mining block at height 1...
✗ Mining failed after 20000000 attempts, skipping block
Mining block at height 1...
✗ Mining failed after 20000000 attempts, skipping block
Mining block at height 1...
✗ Mining failed after 20000000 attempts, skipping block
Mining block at height 1...
✗ Mining failed after 20000000 attempts, skipping block
Mining block at height 1...
✗ Mining failed after 20000000 attempts, skipping block
Mining block at height 1...
✗ Mining failed after 20000000 attempts, skipping block
Mining block at height 1...
✗ Mining failed after 20000000 attempts, skipping block
Mining block at height 1...
✗ Mining failed after 20000000 attempts, skipping block
Mining block at height 1...
✗ Mining failed after 20000000 attempts, skipping block
Mining block at height 1...
✗ Mining failed after 20000000 attempts, skipping block
Mining block at height 1...
✗ Mining failed after 20000000 attempts, skipping block
Mining block at height 1...
✗ Mining failed after 20000000 attempts, skipping block
Mining block at height 1...
✗ Mining failed after 20000000 attempts, skipping block
Mining block at height 1...
✗ Mining failed after 20000000 attempts, skipping block
Mining block at height 1...
✗ Mining failed after 20000000 attempts, skipping block
Mining block at height 1...
✗ Mining failed after 20000000 attempts, skipping block
Mining block at height 1...
✗ Mining failed after 20000000 attempts, skipping block
Mining block at height 1...
✗ Mining failed after 20000000 attempts, skipping block
Mining block at height 1...
✗ Mining failed after 20000000 attempts, skipping block
Mining block at height 1...
✗ Mining failed after 20000000 attempts, skipping block
Mining block at height 1...
✗ Mining failed after 20000000 attempts, skipping block
Mining block at height 1...
✗ Mining failed after 20000000 attempts, skipping block
Mining block at height 1...
✗ Mining failed after 20000000 attempts, skipping block
Mining block at height 1...
✗ Mining failed after 20000000 attempts, skipping block
Mining block at height 1...
✗ Mining failed after 20000000 attempts, skipping block
Mining block at height 1...
✗ Mining failed after 20000000 attempts, skipping block
Mining block at height 1...
✗ Mining failed after 20000000 attempts, skipping block
Mining block at height 1...
✗ Mining failed after 20000000 attempts, skipping block
Mining block at height 1...
✗ Mining failed after 20000000 attempts, skipping block
Mining block at height 1...
✗ Mining failed after 20000000 attempts, skipping block
Mining block at height 1...
✗ Mining failed after 20000000 attempts, skipping block
Mining block at height 1...
✗ Mining failed after 20000000 attempts, skipping block
Mining block at height 1...
✗ Mining failed after 20000000 attempts, skipping block
Mining block at height 1...
✗ Mining failed after 20000000 attempts, skipping block
Mining block at height 1...
✗ Mining failed after 20000000 attempts, skipping block
Mining block at height 1...
✗ Mining failed after 20000000 attempts, skipping block
Mining block at height 1...
✗ Mining failed after 20000000 attempts, skipping block
Mining block at height 1...
✗ Mining failed after 20000000 attempts, skipping block
Mining block at height 1...
✗ Mining failed after 20000000 attempts, skipping block
Mining block at height 1...
✗ Mining failed after 20000000 attempts, skipping block
Mining block at height 1...
✗ Mining failed after 20000000 attempts, skipping block
Mining block at height 1...
✗ Mining failed after 20000000 attempts, skipping block
Mining block at height 1...
✗ Mining failed after 20000000 attempts, skipping block
Mining block at height 1...
✗ Mining failed after 20000000 attempts, skipping block
Mining block at height 1...
✗ Mining failed after 20000000 attempts, skipping block
Mining block at height 1...
✗ Mining failed after 20000000 attempts, skipping block
Mining block at height 1...
✗ Mining failed after 20000000 attempts, skipping block
Mining block at height 1...
✗ Mining failed after 20000000 attempts, skipping block
Mining block at height 1...
✗ Mining failed after 20000000 attempts, skipping block
Mining block at height 1...
✗ Mining failed after 20000000 attempts, skipping block
Mining block at height 1...
✗ Mining failed after 20000000 attempts, skipping block
Mining block at height 1...
✗ Mining failed after 20000000 attempts, skipping block
Mining block at height 1...
✗ Mining failed after 20000000 attempts, skipping block
Mining block at height 1...
✗ Mining failed after 20000000 attempts, skipping block
Mining block at height 1...
✗ Mining failed after 20000000 attempts, skipping block
Mining block at height 1...
✗ Mining failed after 20000000 attempts, skipping block
Mining block at height 1...
✗ Mining failed after 20000000 attempts, skipping block
Mining block at height 1...
✗ Mining failed after 20000000 attempts, skipping block
Mining block at height 1...
✗ Mining failed after 20000000 attempts, skipping block
Mining block at height 1...
✗ Mining failed after 20000000 attempts, skipping block
Mining block at height 1...
✗ Mining failed after 20000000 attempts, skipping block
Mining block at height 1...
✗ Mining failed after 20000000 attempts, skipping block
Mining block at height 1...
✗ Mining failed after 20000000 attempts, skipping block
Mining block at height 1...
✗ Mining failed after 20000000 attempts, skipping block
Mining block at height 1...
✗ Mining failed after 20000000 attempts, skipping block
Mining block at height 1...
✗ Mining failed after 20000000 attempts, skipping block
Mining block at height 1...
✗ Mining failed after 20000000 attempts, skipping block
Mining block at height 1...
✗ Mining failed after 20000000 attempts, skipping block
Mining block at height 1...
✗ Mining failed after 20000000 attempts, skipping block
Mining block at height 1...
✗ Mining failed after 20000000 attempts, skipping block
Mining block at height 1...
✗ Mining failed after 20000000 attempts, skipping block
Mining block at height 1...
✗ Mining failed after 20000000 attempts, skipping block
Mining block at height 1...
✗ Mining failed after 20000000 attempts, skipping block
Mining block at height 1...
✗ Mining failed after 20000000 attempts, skipping block
Mining block at height 1...
✗ Mining failed after 20000000 attempts, skipping block
Mining block at height 1...
✗ Mining failed after 20000000 attempts, skipping block
Mining block at height 1...
✗ Mining failed after 20000000 attempts, skipping block
Mining block at height 1...
✗ Mining failed after 20000000 attempts, skipping block
Mining block at height 1...
✗ Mining failed after 20000000 attempts, skipping block
Mining block at height 1...
✗ Mining failed after 20000000 attempts, skipping block
Mining block at height 1...
✗ Mining failed after 20000000 attempts, skipping block
Mining block at height 1...
✗ Mining failed after 20000000 attempts, skipping block
Mining block at height 1...
✗ Mining failed after 20000000 attempts, skipping block
Mining block at height 1...
✗ Mining failed after 20000000 attempts, skipping block
Mining block at height 1...
✗ Mining failed after 20000000 attempts, skipping block
Mining block at height 1...
✗ Mining failed after 20000000 attempts, skipping block
Mining block at height 1...
✗ Mining failed after 20000000 attempts, skipping block
Mining block at height 1...
✗ Mining failed after 20000000 attempts, skipping block
Mining block at height 1...
✗ Mining failed after 20000000 attempts, skipping block
Mining block at height 1...
✗ Mining failed after 20000000 attempts, skipping block
Mining block at height 1...
✗ Mining failed after 20000000 attempts, skipping block
Mining block at height 1...
✗ Mining failed after 20000000 attempts, skipping block
Mining block at height 1...
✗ Mining failed after 20000000 attempts, skipping block
Mining block at height 1...
✗ Mining failed after 20000000 attempts, skipping block
Mining block at height 1...
✗ Mining failed after 20000000 attempts, skipping block
Mining block at height 1...
✗ Mining failed after 20000000 attempts, skipping block
Mining block at height 1...
✗ Mining failed after 20000000 attempts, skipping block
Mining block at height 1...
✗ Mining failed after 20000000 attempts, skipping block
Mining block at height 1...
✗ Mining failed after 20000000 attempts, skipping block
Mining block at height 1...
✗ Mining failed after 20000000 attempts, skipping block
Mining block at height 1...
✗ Mining failed after 20000000 attempts, skipping block
Mining block at height 1...
✗ Mining failed after 20000000 attempts, skipping block
Mining block at height 1...
✗ Mining failed after 20000000 attempts, skipping block
Mining block at height 1...
✗ Mining failed after 20000000 attempts, skipping block
Mining block at height 1...
✗ Mining failed after 20000000 attempts, skipping block
Mining block at height 1...
✗ Mining failed after 20000000 attempts, skipping block
Mining block at height 1...
✗ Mining failed after 20000000 attempts, skipping block
Mining block at height 1...
✗ Mining failed after 20000000 attempts, skipping block
Mining block at height 1...
✗ Mining failed after 20000000 attempts, skipping block
Mining block at height 1...
✗ Mining failed after 20000000 attempts, skipping block
Mining block at height 1...
✗ Mining failed after 20000000 attempts, skipping block
Mining block at height 1...
✗ Mining failed after 20000000 attempts, skipping block
Mining block at height 1...
✗ Mining failed after 20000000 attempts, skipping block
Mining block at height 1...
✗ Mining failed after 20000000 attempts, skipping block
Mining block at height 1...
✗ Mining failed after 20000000 attempts, skipping block
Mining block at height 1...
✗ Mining failed after 20000000 attempts, skipping block
Mining block at height 1...
✗ Mining failed after 20000000 attempts, skipping block
Mining block at height 1...
✗ Mining failed after 20000000 attempts, skipping block
Mining block at height 1...
✗ Mining failed after 20000000 attempts, skipping block
Mining block at height 1...
✗ Mining failed after 20000000 attempts, skipping block
Mining block at height 1...
✗ Mining failed after 20000000 attempts, skipping block
Mining block at height 1...
✗ Mining failed after 20000000 attempts, skipping block
Mining block at height 1...
✗ Mining failed after 20000000 attempts, skipping block
Mining block at height 1...
✗ Mining failed after 20000000 attempts, skipping block
Mining block at height 1...
✗ Mining failed after 20000000 attempts, skipping block
Mining block at height 1...
✗ Mining failed after 20000000 attempts, skipping block
Mining block at height 1...
✗ Mining failed after 20000000 attempts, skipping block
Mining block at height 1...
✗ Mining failed after 20000000 attempts, skipping block
Mining block at height 1...
✗ Mining failed after 20000000 attempts, skipping block
Mining block at height 1...
✗ Mining failed after 20000000 attempts, skipping block
Mining block at height 1...
✗ Mining failed after 20000000 attempts, skipping block
Mining block at height 1...
✗ Mining failed after 20000000 attempts, skipping block
Mining block at height 1...
✗ Mining failed after 20000000 attempts, skipping block
Mining block at height 1...
✗ Mining failed after 20000000 attempts, skipping block
Mining block at height 1...
✗ Mining failed after 20000000 attempts, skipping block
Mining block at height 1...
✗ Mining failed after 20000000 attempts, skipping block
Mining block at height 1...
✗ Mining failed after 20000000 attempts, skipping block
Mining block at height 1...
✗ Mining failed after 20000000 attempts, skipping block
Mining block at height 1...
✗ Mining failed after 20000000 attempts, skipping block
Mining block at height 1...
✗ Mining failed after 20000000 attempts, skipping block
Mining block at height 1...
✗ Mining failed after 20000000 attempts, skipping block
Mining block at height 1...
✗ Mining failed after 20000000 attempts, skipping block
Mining block at height 1...
✗ Mining failed after 20000000 attempts, skipping block
Mining block at height 1...
✗ Mining failed after 20000000 attempts, skipping block
Mining block at height 1...
✗ Mining failed after 20000000 attempts, skipping block
Mining block at height 1...
✗ Mining failed after 20000000 attempts, skipping block
Mining block at height 1...
✗ Mining failed after 20000000 attempts, skipping block
Mining block at height 1...
✗ Mining failed after 20000000 attempts, skipping block
Mining block at height 1...
✗ Mining failed after 20000000 attempts, skipping block
Mining block at height 1...
✗ Mining failed after 20000000 attempts, skipping block
Mining block at height 1...
✗ Mining failed after 20000000 attempts, skipping block
Mining block at height 1...
✗ Mining failed after 20000000 attempts, skipping block
Mining block at height 1...
✗ Mining failed after 20000000 attempts, skipping block
Mining block at height 1...
✗ Mining failed after 20000000 attempts, skipping block
Mining block at height 1...
✗ Mining failed after 20000000 attempts, skipping block
Mining block at height 1...
✗ Mining failed after 20000000 attempts, skipping block
Mining block at height 1...
✗ Mining failed after 20000000 attempts, skipping block
Mining block at height 1...
✗ Mining failed after 20000000 attempts, skipping block
Mining block at height 1...
✗ Mining failed after 20000000 attempts, skipping block
Mining block at height 1...
✗ Mining failed after 20000000 attempts, skipping block
Mining block at height 1...
✗ Mining failed after 20000000 attempts, skipping block
Mining block at height 1...
✗ Mining failed after 20000000 attempts, skipping block
Mining block at height 1...
✗ Mining failed after 20000000 attempts, skipping block
Mining block at height 1...
✗ Mining failed after 20000000 attempts, skipping block
Mining block at height 1...
✗ Mining failed after 20000000 attempts, skipping block
Mining block at height 1...
✗ Mining failed after 20000000 attempts, skipping block
Mining block at height 1...
✗ Mining failed after 20000000 attempts, skipping block
Mining block at height 1...
✗ Mining failed after 20000000 attempts, skipping block
Mining block at height 1...
✗ Mining failed after 20000000 attempts, skipping block
Mining block at height 1...
✗ Mining failed after 20000000 attempts, skipping block
Mining block at height 1...
✗ Mining failed after 20000000 attempts, skipping block
Mining block at height 1...
✗ Mining failed after 20000000 attempts, skipping block
Mining block at height 1...
✗ Mining failed after 20000000 attempts, skipping block
Mining block at height 1...
✗ Mining failed after 20000000 attempts, skipping block
Mining block at height 1...
✗ Mining failed after 20000000 attempts, skipping block
Mining block at height 1...
✗ Mining failed after 20000000 attempts, skipping block
Mining block at height 1...
✗ Mining failed after 20000000 attempts, skipping block
Mining block at height 1...
✗ Mining failed after 20000000 attempts, skipping block
Mining block at height 1...
✗ Mining failed after 20000000 attempts, skipping block
Mining block at height 1...
✗ Mining failed after 20000000 attempts, skipping block
Mining block at height 1...
✗ Mining failed after 20000000 attempts, skipping block
Mining block at height 1...
✗ Mining failed after 20000000 attempts, skipping block
Mining block at height 1...
✗ Mining failed after 20000000 attempts, skipping block
Mining block at height 1...
✗ Mining failed after 20000000 attempts, skipping block
Mining block at height 1...
✗ Mining failed after 20000000 attempts, skipping block
Mining block at height 1...
✗ Mining failed after 20000000 attempts, skipping block
Mining block at height 1...
✗ Mining failed after 20000000 attempts, skipping block
Mining block at height 1...
✗ Mining failed after 20000000 attempts, skipping block
Mining block at height 1...
✗ Mining failed after 20000000 attempts, skipping block
Mining block at height 1...
✗ Mining failed after 20000000 attempts, skipping block
Mining block at height 1...
✗ Mining failed after 20000000 attempts, skipping block
Mining block at height 1...
✗ Mining failed after 20000000 attempts, skipping block
Mining block at height 1...
✗ Mining failed after 20000000 attempts, skipping block
Mining block at height 1...
✗ Mining failed after 20000000 attempts, skipping block
Mining block at height 1...
✗ Mining failed after 20000000 attempts, skipping block
Mining block at height 1...
✗ Mining failed after 20000000 attempts, skipping block
Mining block at height 1...
✗ Mining failed after 20000000 attempts, skipping block
Mining block at height 1...
✗ Mining failed after 20000000 attempts, skipping block
Mining block at height 1...
✗ Mining failed after 20000000 attempts, skipping block
Mining block at height 1...
✗ Mining failed after 20000000 attempts, skipping block
Mining block at height 1...
✗ Mining failed after 20000000 attempts, skipping block
Mining block at height 1...
✗ Mining failed after 20000000 attempts, skipping block
Mining block at height 1...
✗ Mining failed after 20000000 attempts, skipping block
Mining block at height 1...
✗ Mining failed after 20000000 attempts, skipping block
Mining block at height 1...
✗ Mining failed after 20000000 attempts, skipping block
Mining block at height 1...
✗ Mining failed after 20000000 attempts, skipping block
Mining block at height 1...
✗ Mining failed after 20000000 attempts, skipping block
Mining block at height 1...
✗ Mining failed after 20000000 attempts, skipping block
Mining block at height 1...
✗ Mining failed after 20000000 attempts, skipping block
Mining block at height 1...
✗ Mining failed after 20000000 attempts, skipping block
Mining block at height 1...
✗ Mining failed after 20000000 attempts, skipping block
Mining block at height 1...
✗ Mining failed after 20000000 attempts, skipping block
Mining block at height 1...
✗ Mining failed after 20000000 attempts, skipping block
Mining block at height 1...
✗ Mining failed after 20000000 attempts, skipping block
Mining block at height 1...
✗ Mining failed after 20000000 attempts, skipping block
Mining block at height 1...
✗ Mining failed after 20000000 attempts, skipping block
Mining block at height 1...
✗ Mining failed after 20000000 attempts, skipping block
Mining block at height 1...
✗ Mining failed after 20000000 attempts, skipping block
Mining block at height 1...
✗ Mining failed after 20000000 attempts, skipping block
Mining block at height 1...
✗ Mining failed after 20000000 attempts, skipping block
Mining block at height 1...
✗ Mining failed after 20000000 attempts, skipping block
Mining block at height 1...
✗ Mining failed after 20000000 attempts, skipping block
Mining block at height 1...
✗ Mining failed after 20000000 attempts, skipping block
Mining block at height 1...
✗ Mining failed after 20000000 attempts, skipping block
Mining block at height 1...
✗ Mining failed after 20000000 attempts, skipping block
Mining block at height 1...
✗ Mining failed after 20000000 attempts, skipping block
Mining block at height 1...
✗ Mining failed after 20000000 attempts, skipping block
Mining block at height 1...
✗ Mining failed after 20000000 attempts, skipping block
Mining block at height 1...
✗ Mining failed after 20000000 attempts, skipping block
Mining block at height 1...
✗ Mining failed after 20000000 attempts, skipping block
Mining block at height 1...
✗ Mining failed after 20000000 attempts, skipping block
Mining block at height 1...
✗ Mining failed after 20000000 attempts, skipping block
Mining block at height 1...
✗ Mining failed after 20000000 attempts, skipping block
Mining block at height 1...
✗ Mining failed after 20000000 attempts, skipping block
Mining block at height 1...
✗ Mining failed after 20000000 attempts, skipping block
Mining block at height 1...
✗ Mining failed after 20000000 attempts, skipping block
Mining block at height 1...
✗ Mining failed after 20000000 attempts, skipping block
Mining block at height 1...
✗ Mining failed after 20000000 attempts, skipping block
Mining block at height 1...
✗ Mining failed after 20000000 attempts, skipping block
Mining block at height 1...
✗ Mining failed after 20000000 attempts, skipping block
Mining block at height 1...
✗ Mining failed after 20000000 attempts, skipping block
Mining block at height 1...
✗ Mining failed after 20000000 attempts, skipping block
Mining block at height 1...
✗ Mining failed after 20000000 attempts, skipping block
Mining block at height 1...
✗ Mining failed after 20000000 attempts, skipping block
Mining block at height 1...
✗ Mining failed after 20000000 attempts, skipping block
Mining block at height 1...
✗ Mining failed after 20000000 attempts, skipping block
Mining block at height 1...
✗ Mining failed after 20000000 attempts, skipping block
Mining block at height 1...
✗ Mining failed after 20000000 attempts, skipping block
Mining block at height 1...
✗ Mining failed after 20000000 attempts, skipping block
Mining block at height 1...
✗ Mining failed after 20000000 attempts, skipping block
Mining block at height 1...
✗ Mining failed after 20000000 attempts, skipping block
Mining block at height 1...
✗ Mining failed after 20000000 attempts, skipping block
Mining block at height 1...
✗ Mining failed after 20000000 attempts, skipping block
Mining block at height 1...
✗ Mining failed after 20000000 attempts, skipping block
Mining block at height 1...
✗ Mining failed after 20000000 attempts, skipping block
Mining block at height 1...
✗ Mining failed after 20000000 attempts, skipping block
Mining block at height 1...
✗ Mining failed after 20000000 attempts, skipping block
Mining block at height 1...
✗ Mining failed after 20000000 attempts, skipping block
Mining block at height 1...
✗ Mining failed after 20000000 attempts, skipping block
Mining block at height 1...
✗ Mining failed after 20000000 attempts, skipping block
Mining block at height 1...
✗ Mining failed after 20000000 attempts, skipping block
Mining block at height 1...
✗ Mining failed after 20000000 attempts, skipping block
Mining block at height 1...
✗ Mining failed after 20000000 attempts, skipping block
Mining block at height 1...
✗ Mining failed after 20000000 attempts, skipping block
Mining block at height 1...
✗ Mining failed after 20000000 attempts, skipping block
Mining block at height 1...
✗ Mining failed after 20000000 attempts, skipping block
Mining block at height 1...
✗ Mining failed after 20000000 attempts, skipping block
Mining block at height 1...
✗ Mining failed after 20000000 attempts, skipping block
Mining block at height 1...
✗ Mining failed after 20000000 attempts, skipping block
Mining block at height 1...
✗ Mining failed after 20000000 attempts, skipping block
Mining block at height 1...
✗ Mining failed after 20000000 attempts, skipping block
Mining block at height 1...
✗ Mining failed after 20000000 attempts, skipping block
Mining block at height 1...
✗ Mining failed after 20000000 attempts, skipping block
Mining block at height 1...
✗ Mining failed after 20000000 attempts, skipping block
Mining block at height 1...
✗ Mining failed after 20000000 attempts, skipping block
Mining block at height 1...
✗ Mining failed after 20000000 attempts, skipping block
Mining block at height 1...
✗ Mining failed after 20000000 attempts, skipping block
Mining block at height 1...
✗ Mining failed after 20000000 attempts, skipping block
Mining block at height 1...
✗ Mining failed after 20000000 attempts, skipping block
Mining block at height 1...
✗ Mining failed after 20000000 attempts, skipping block
Mining block at height 1...
✗ Mining failed after 20000000 attempts, skipping block
Mining block at height 1...
✗ Mining failed after 20000000 attempts, skipping block
Mining block at height 1...
✗ Mining failed after 20000000 attempts, skipping block
Mining block at height 1...
✗ Mining failed after 20000000 attempts, skipping block
Mining block at height 1...
✗ Mining failed after 20000000 attempts, skipping block
Mining block at height 1...
✗ Mining failed after 20000000 attempts, skipping block
Mining block at height 1...
✗ Mining failed after 20000000 attempts, skipping block
Mining block at height 1...
✗ Mining failed after 20000000 attempts, skipping block
Mining block at height 1...
✗ Mining failed after 20000000 attempts, skipping block
Mining block at height 1...
✗ Mining failed after 20000000 attempts, skipping block
Mining block at height 1...
✗ Mining failed after 20000000 attempts, skipping block
Mining block at height 1...
✗ Mining failed after 20000000 attempts, skipping block
Mining block at height 1...
✗ Mining failed after 20000000 attempts, skipping block
Mining block at height 1...
✗ Mining failed after 20000000 attempts, skipping block
Mining block at height 1...
✗ Mining failed after 20000000 attempts, skipping block
Mining block at height 1...
✗ Mining failed after 20000000 attempts, skipping block
Mining block at height 1...
✗ Mining failed after 20000000 attempts, skipping block
Mining block at height 1...
✗ Mining failed after 20000000 attempts, skipping block
Mining block at height 1...
✗ Mining failed after 20000000 attempts, skipping block
Mining block at height 1...
✗ Mining failed after 20000000 attempts, skipping block
Mining block at height 1...
✗ Mining failed after 20000000 attempts, skipping block
Mining block at height 1...
✗ Mining failed after 20000000 attempts, skipping block
Mining block at height 1...
✗ Mining failed after 20000000 attempts, skipping block
Mining block at height 1...
✗ Mining failed after 20000000 attempts, skipping block
Mining block at height 1...
✗ Mining failed after 20000000 attempts, skipping block
Mining block at height 1...
✗ Mining failed after 20000000 attempts, skipping block
Mining block at height 1...
✗ Mining failed after 20000000 attempts, skipping block
Mining block at height 1...
✗ Mining failed after 20000000 attempts, skipping block
Mining block at height 1...
✗ Mining failed after 20000000 attempts, skipping block
Mining block at height 1...
✗ Mining failed after 20000000 attempts, skipping block
Mining block at height 1...
✗ Mining failed after 20000000 attempts, skipping block
Mining block at height 1...
✗ Mining failed after 20000000 attempts, skipping block
Mining block at height 1...
✗ Mining failed after 20000000 attempts, skipping block
Mining block at height 1...
✗ Mining failed after 20000000 attempts, skipping block
Mining block at height 1...
✗ Mining failed after 20000000 attempts, skipping block
Mining block at height 1...
✗ Mining failed after 20000000 attempts, skipping block
Mining block at height 1...
✗ Mining failed after 20000000 attempts, skipping block
Mining block at height 1...
✗ Mining failed after 20000000 attempts, skipping block
Mining block at height 1...
✗ Mining failed after 20000000 attempts, skipping block
Mining block at height 1...
✗ Mining failed after 20000000 attempts, skipping block
Mining block at height 1...
✗ Mining failed after 20000000 attempts, skipping block
Mining block at height 1...
✗ Mining failed after 20000000 attempts, skipping block
Mining block at height 1...
✗ Mining failed after 20000000 attempts, skipping block
Mining block at height 1...
✗ Mining failed after 20000000 attempts, skipping block
Mining block at height 1...
✗ Mining failed after 20000000 attempts, skipping block
Mining block at height 1...
✗ Mining failed after 20000000 attempts, skipping block
Mining block at height 1...
✗ Mining failed after 20000000 attempts, skipping block
Mining block at height 1...
✗ Mining failed after 20000000 attempts, skipping block
Mining block at height 1...
✗ Mining failed after 20000000 attempts, skipping block
Mining block at height 1...
✗ Mining failed after 20000000 attempts, skipping block
Mining block at height 1...
✗ Mining failed after 20000000 attempts, skipping block
Mining block at height 1...
✗ Mining failed after 20000000 attempts, skipping block
Mining block at height 1...
✗ Mining failed after 20000000 attempts, skipping block
Mining block at height 1...
✗ Mining failed after 20000000 attempts, skipping block
Mining block at height 1...
✗ Mining failed after 20000000 attempts, skipping block
Mining block at height 1...
✗ Mining failed after 20000000 attempts, skipping block
Mining block at height 1...
✗ Mining failed after 20000000 attempts, skipping block
Mining block at height 1...
✗ Mining failed after 20000000 attempts, skipping block
Mining block at height 1...
✗ Mining failed after 20000000 attempts, skipping block
Mining block at height 1...
✗ Mining failed after 20000000 attempts, skipping block
Mining block at height 1...
✗ Mining failed after 20000000 attempts, skipping block
Mining block at height 1...
✗ Mining failed after 20000000 attempts, skipping block
Mining block at height 1...
✗ Mining failed after 20000000 attempts, skipping block
Mining block at height 1...
✗ Mining failed after 20000000 attempts, skipping block
Mining block at height 1...
✗ Mining failed after 20000000 attempts, skipping block
Mining block at height 1...
✗ Mining failed after 20000000 attempts, skipping block
Mining block at height 1...
✗ Mining failed after 20000000 attempts, skipping block
Mining block at height 1...
✗ Mining failed after 20000000 attempts, skipping block
Mining block at height 1...
✗ Mining failed after 20000000 attempts, skipping block
Mining block at height 1...
✗ Mining failed after 20000000 attempts, skipping block
Mining block at height 1...
✗ Mining failed after 20000000 attempts, skipping block
Mining block at height 1...
✗ Mining failed after 20000000 attempts, skipping block
Mining block at height 1...
✗ Mining failed after 20000000 attempts, skipping block
Mining block at height 1...
✗ Mining failed after 20000000 attempts, skipping block
Mining block at height 1...
✗ Mining failed after 20000000 attempts, skipping block
Mining block at height 1...
✗ Mining failed after 20000000 attempts, skipping block
Mining block at height 1...
✗ Mining failed after 20000000 attempts, skipping block
Mining block at height 1...
✗ Mining failed after 20000000 attempts, skipping block
Mining block at height 1...
✗ Mining failed after 20000000 attempts, skipping block
Mining block at height 1...
✗ Mining failed after 20000000 attempts, skipping block
Mining block at height 1...
✗ Mining failed after 20000000 attempts, skipping block
Mining block at height 1...
✗ Mining failed after 20000000 attempts, skipping block
Mining block at height 1...
✗ Mining failed after 20000000 attempts, skipping block
Mining block at height 1...
✗ Mining failed after 20000000 attempts, skipping block
Mining block at height 1...
✗ Mining failed after 20000000 attempts, skipping block
Mining block at height 1...
✗ Mining failed after 20000000 attempts, skipping block
Mining block at height 1...
✗ Mining failed after 20000000 attempts, skipping block
Mining block at height 1...
✗ Mining failed after 20000000 attempts, skipping block
Mining block at height 1...
✗ Mining failed after 20000000 attempts, skipping block
Mining block at height 1...
✗ Mining failed after 20000000 attempts, skipping block
Mining block at height 1...
✗ Mining failed after 20000000 attempts, skipping block
Mining block at height 1...
✗ Mining failed after 20000000 attempts, skipping block
Mining block at height 1...
✗ Mining failed after 20000000 attempts, skipping block
Mining block at height 1...
✗ Mining failed after 20000000 attempts, skipping block
Mining block at height 1...
✗ Mining failed after 20000000 attempts, skipping block
Mining block at height 1...
✗ Mining failed after 20000000 attempts, skipping block
Mining block at height 1...
✗ Mining failed after 20000000 attempts, skipping block
Mining block at height 1...
✗ Mining failed after 20000000 attempts, skipping block
Mining block at height 1...
✗ Mining failed after 20000000 attempts, skipping block
Mining block at height 1...
✗ Mining failed after 20000000 attempts, skipping block
Mining block at height 1...
✗ Mining failed after 20000000 attempts, skipping block
Mining block at height 1...
✗ Mining failed after 20000000 attempts, skipping block
Mining block at height 1...
✗ Mining failed after 20000000 attempts, skipping block
Mining block at height 1...
✗ Mining failed after 20000000 attempts, skipping block
Mining block at height 1...
✗ Mining failed after 20000000 attempts, skipping block
Mining block at height 1...
✗ Mining failed after 20000000 attempts, skipping block
Mining block at height 1...
✗ Mining failed after 20000000 attempts, skipping block
Mining block at height 1...
✗ Mining failed after 20000000 attempts, skipping block
Mining block at height 1...
✗ Mining failed after 20000000 attempts, skipping block
Mining block at height 1...
✗ Mining failed after 20000000 attempts, skipping block
Mining block at height 1...
✗ Mining failed after 20000000 attempts, skipping block
Mining block at height 1...
✗ Mining failed after 20000000 attempts, skipping block
Mining block at height 1...
✗ Mining failed after 20000000 attempts, skipping block
Mining block at height 1...
✗ Mining failed after 20000000 attempts, skipping block
Mining block at height 1...
✗ Mining failed after 20000000 attempts, skipping block
Mining block at height 1...
✗ Mining failed after 20000000 attempts, skipping block
Mining block at height 1...
✗ Mining failed after 20000000 attempts, skipping block
Mining block at height 1...
✗ Mining failed after 20000000 attempts, skipping block
Mining block at height 1...
✗ Mining failed after 20000000 attempts, skipping block
Mining block at height 1...
✗ Mining failed after 20000000 attempts, skipping block
Mining block at height 1...
✗ Mining failed after 20000000 attempts, skipping block
Mining block at height 1...
✗ Mining failed after 20000000 attempts, skipping block
Mining block at height 1...
✗ Mining failed after 20000000 attempts, skipping block
Mining block at height 1...
✗ Mining failed after 20000000 attempts, skipping block
Mining block at height 1...
✗ Mining failed after 20000000 attempts, skipping block
Mining block at height 1...
✗ Mining failed after 20000000 attempts, skipping block
Mining block at height 1...
✗ Mining failed after 20000000 attempts, skipping block
Mining block at height 1...
✗ Mining failed after 20000000 attempts, skipping block
Mining block at height 1...
✗ Mining failed after 20000000 attempts, skipping block
Mining block at height 1...
✗ Mining failed after 20000000 attempts, skipping block
Mining block at height 1...
✗ Mining failed after 20000000 attempts, skipping block
Mining block at height 1...
✗ Mining failed after 20000000 attempts, skipping block
Mining block at height 1...
✗ Mining failed after 20000000 attempts, skipping block
Mining block at height 1...
✗ Mining failed after 20000000 attempts, skipping block
Mining block at height 1...
✗ Mining failed after 20000000 attempts, skipping block
Mining block at height 1...
✗ Mining failed after 20000000 attempts, skipping block
Mining block at height 1...
✗ Mining failed after 20000000 attempts, skipping block
Mining block at height 1...
✗ Mining failed after 20000000 attempts, skipping block
Mining block at height 1...
✗ Mining failed after 20000000 attempts, skipping block
Mining block at height 1...
✗ Mining failed after 20000000 attempts, skipping block
Mining block at height 1...
✗ Mining failed after 20000000 attempts, skipping block
Mining block at height 1...
✗ Mining failed after 20000000 attempts, skipping block
Mining block at height 1...
✗ Mining failed after 20000000 attempts, skipping block
Mining block at height 1...
✗ Mining failed after 20000000 attempts, skipping block
Mining block at height 1...
✗ Mining failed after 20000000 attempts, skipping block
Mining block at height 1...
✗ Mining failed after 20000000 attempts, skipping block
Mining block at height 1...
✗ Mining failed after 20000000 attempts, skipping block
Mining block at height 1...
✗ Mining failed after 20000000 attempts, skipping block
Mining block at height 1...
✗ Mining failed after 20000000 attempts, skipping block
Mining block at height 1...
✗ Mining failed after 20000000 attempts, skipping block
Mining block at height 1...
✗ Mining failed after 20000000 attempts, skipping block
Mining block at height 1...
✗ Mining failed after 20000000 attempts, skipping block
Mining block at height 1...
✗ Mining failed after 20000000 attempts, skipping block
Mining block at height 1...
✗ Mining failed after 20000000 attempts, skipping block
Mining block at height 1...
✗ Mining failed after 20000000 attempts, skipping block
Mining block at height 1...
✗ Mining failed after 20000000 attempts, skipping block
Mining block at height 1...
✗ Mining failed after 20000000 attempts, skipping block
Mining block at height 1...
✗ Mining failed after 20000000 attempts, skipping block
Mining block at height 1...
✗ Mining failed after 20000000 attempts, skipping block
Mining block at height 1...
✗ Mining failed after 20000000 attempts, skipping block
Mining block at height 1...
✗ Mining failed after 20000000 attempts, skipping block
Mining block at height 1...
✗ Mining failed after 20000000 attempts, skipping block
Mining block at height 1...
✗ Mining failed after 20000000 attempts, skipping block
Mining block at height 1...
✗ Mining failed after 20000000 attempts, skipping block
Mining block at height 1...
✗ Mining failed after 20000000 attempts, skipping block
Mining block at height 1...
✗ Mining failed after 20000000 attempts, skipping block
Mining block at height 1...
✗ Mining failed after 20000000 attempts, skipping block
Mining block at height 1...
✗ Mining failed after 20000000 attempts, skipping block
Mining block at height 1...
✗ Mining failed after 20000000 attempts, skipping block
Mining block at height 1...
✗ Mining failed after 20000000 attempts, skipping block
Mining block at height 1...
✗ Mining failed after 20000000 attempts, skipping block
Mining block at height 1...
✗ Mining failed after 20000000 attempts, skipping block
Mining block at height 1...
✗ Mining failed after 20000000 attempts, skipping block
Mining block at height 1...
✗ Mining failed after 20000000 attempts, skipping block
Mining block at height 1...
✗ Mining failed after 20000000 attempts, skipping block
Mining block at height 1...
✗ Mining failed after 20000000 attempts, skipping block
Mining block at height 1...
✗ Mining failed after 20000000 attempts, skipping block
Mining block at height 1...
✗ Mining failed after 20000000 attempts, skipping block
Mining block at height 1...
✗ Mining failed after 20000000 attempts, skipping block
Mining block at height 1...
✗ Mining failed after 20000000 attempts, skipping block
Mining block at height 1...
✗ Mining failed after 20000000 attempts, skipping block
Mining block at height 1...
✗ Mining failed after 20000000 attempts, skipping block
Mining block at height 1...
✗ Mining failed after 20000000 attempts, skipping block
Mining block at height 1...
✗ Mining failed after 20000000 attempts, skipping block
Mining block at height 1...
✗ Mining failed after 20000000 attempts, skipping block
Mining block at height 1...
✗ Mining failed after 20000000 attempts, skipping block
Mining block at height 1...
✗ Mining failed after 20000000 attempts, skipping block
Mining block at height 1...
✗ Mining failed after 20000000 attempts, skipping block
Mining block at height 1...
✗ Mining failed after 20000000 attempts, skipping block
Mining block at height 1...
✗ Mining failed after 20000000 attempts, skipping block
Mining block at height 1...
✗ Mining failed after 20000000 attempts, skipping block
Mining block at height 1...
✗ Mining failed after 20000000 attempts, skipping block
Mining block at height 1...
✗ Mining failed after 20000000 attempts, skipping block
Mining block at height 1...
✗ Mining failed after 20000000 attempts, skipping block
Mining block at height 1...
✗ Mining failed after 20000000 attempts, skipping block
Mining block at height 1...
✗ Mining failed after 20000000 attempts, skipping block
Mining block at height 1...
✗ Mining failed after 20000000 attempts, skipping block
Mining block at height 1...
✗ Mining failed after 20000000 attempts, skipping block
Mining block at height 1...
✗ Mining failed after 20000000 attempts, skipping block
Mining block at height 1...
✗ Mining failed after 20000000 attempts, skipping block
Mining block at height 1...
✗ Mining failed after 20000000 attempts, skipping block
Mining block at height 1...
✗ Mining failed after 20000000 attempts, skipping block
Mining block at height 1...
✗ Mining failed after 20000000 attempts, skipping block
Mining block at height 1...
✗ Mining failed after 20000000 attempts, skipping block
Mining block at height 1...
✗ Mining failed after 20000000 attempts, skipping block
Mining block at height 1...
✗ Mining failed after 20000000 attempts, skipping block
Mining block at height 1...
✗ Mining failed after 20000000 attempts, skipping block
Mining block at height 1...
✗ Mining failed after 20000000 attempts, skipping block
Mining block at height 1...
✗ Mining failed after 20000000 attempts, skipping block
Mining block at height 1...
✗ Mining failed after 20000000 attempts, skipping block
Mining block at height 1...
✗ Mining failed after 20000000 attempts, skipping block
Mining block at height 1...
✗ Mining failed after 20000000 attempts, skipping block
Mining block at height 1...
✗ Mining failed after 20000000 attempts, skipping block
Mining block at height 1...
✗ Mining failed after 20000000 attempts, skipping block
Mining block at height 1...
✗ Mining failed after 20000000 attempts, skipping block
Mining block at height 1...
✗ Mining failed after 20000000 attempts, skipping block
Mining block at height 1...
✗ Mining failed after 20000000 attempts, skipping block
Mining block at height 1...
✗ Mining failed after 20000000 attempts, skipping block
Mining block at height 1...
✗ Mining failed after 20000000 attempts, skipping block
Mining block at height 1...
✗ Mining failed after 20000000 attempts, skipping block
Mining block at height 1...
✗ Mining failed after 20000000 attempts, skipping block
Mining block at height 1...
✗ Mining failed after 20000000 attempts, skipping block
Mining block at height 1...
✗ Mining failed after 20000000 attempts, skipping block
Mining block at height 1...
✗ Mining failed after 20000000 attempts, skipping block
Mining block at height 1...
✗ Mining failed after 20000000 attempts, skipping block
Mining block at height 1...
✗ Mining failed after 20000000 attempts, skipping block
Mining block at height 1...
✗ Mining failed after 20000000 attempts, skipping block
Mining block at height 1...
✗ Mining failed after 20000000 attempts, skipping block
Mining block at height 1...
✗ Mining failed after 20000000 attempts, skipping block
Mining block at height 1...
✗ Mining failed after 20000000 attempts, skipping block
Mining block at height 1...
✗ Mining failed after 20000000 attempts, skipping block
Mining block at height 1...
✗ Mining failed after 20000000 attempts, skipping block
Mining block at height 1...
✗ Mining failed after 20000000 attempts, skipping block
Mining block at height 1...
✗ Mining failed after 20000000 attempts, skipping block
Mining block at height 1...
✗ Mining failed after 20000000 attempts, skipping block
Mining block at height 1...
✗ Mining failed after 20000000 attempts, skipping block
Mining block at height 1...
✗ Mining failed after 20000000 attempts, skipping block
Mining block at height 1...
✗ Mining failed after 20000000 attempts, skipping block
Mining block at height 1...
✗ Mining failed after 20000000 attempts, skipping block
Mining block at height 1...
✗ Mining failed after 20000000 attempts, skipping block
Mining block at height 1...
✗ Mining failed after 20000000 attempts, skipping block
Mining block at height 1...
✗ Mining failed after 20000000 attempts, skipping block
Mining block at height 1...
✗ Mining failed after 20000000 attempts, skipping block
Mining block at height 1...
✗ Mining failed after 20000000 attempts, skipping block
Mining block at height 1...
✗ Mining failed after 20000000 attempts, skipping block
Mining block at height 1...
✗ Mining failed after 20000000 attempts, skipping block
Mining block at height 1...
✗ Mining failed after 20000000 attempts, skipping block
Mining block at height 1...
✗ Mining failed after 20000000 attempts, skipping block
Mining block at height 1...
✗ Mining failed after 20000000 attempts, skipping block
Mining block at height 1...
✗ Mining failed after 20000000 attempts, skipping block
Mining block at height 1...
✗ Mining failed after 20000000 attempts, skipping block
Mining block at height 1...
✗ Mining failed after 20000000 attempts, skipping block
Mining block at height 1...
✗ Mining failed after 20000000 attempts, skipping block
Mining block at height 1...
✗ Mining failed after 20000000 attempts, skipping block
Mining block at height 1...
✗ Mining failed after 20000000 attempts, skipping block
Mining block at height 1...
✗ Mining failed after 20000000 attempts, skipping block
Mining block at height 1...
✗ Mining failed after 20000000 attempts, skipping block
Mining block at height 1...
✗ Mining failed after 20000000 attempts, skipping block
Mining block at height 1...
✗ Mining failed after 20000000 attempts, skipping block
Mining block at height 1...
✗ Mining failed after 20000000 attempts, skipping block
Mining block at height 1...
✗ Mining failed after 20000000 attempts, skipping block
Mining block at height 1...
✗ Mining failed after 20000000 attempts, skipping block
Mining block at height 1...
✗ Mining failed after 20000000 attempts, skipping block
Mining block at height 1...
✗ Mining failed after 20000000 attempts, skipping block
Mining block at height 1...
✗ Mining failed after 20000000 attempts, skipping block
Mining block at height 1...
✗ Mining failed after 20000000 attempts, skipping block
Mining block at height 1...
✗ Mining failed after 20000000 attempts, skipping block
Mining block at height 1...
✗ Mining failed after 20000000 attempts, skipping block
Mining block at height 1...
✗ Mining failed after 20000000 attempts, skipping block
Mining block at height 1...
✗ Mining failed after 20000000 attempts, skipping block
Mining block at height 1...
✗ Mining failed after 20000000 attempts, skipping block
Mining block at height 1...
✗ Mining failed after 20000000 attempts, skipping block
Mining block at height 1...
✗ Mining failed after 20000000 attempts, skipping block
Mining block at height 1...
✗ Mining failed after 20000000 attempts, skipping block
Mining block at height 1...
✗ Mining failed after 20000000 attempts, skipping block
Mining block at height 1...
✗ Mining failed after 20000000 attempts, skipping block
Mining block at height 1...
✗ Mining failed after 20000000 attempts, skipping block
Mining block at height 1...
✗ Mining failed after 20000000 attempts, skipping block
Mining block at height 1...
✗ Mining failed after 20000000 attempts, skipping block
Mining block at height 1...
✗ Mining failed after 20000000 attempts, skipping block
Mining block at height 1...
✗ Mining failed after 20000000 attempts, skipping block
Mining block at height 1...
✗ Mining failed after 20000000 attempts, skipping block
Mining block at height 1...
✗ Mining failed after 20000000 attempts, skipping block
Mining block at height 1...
✗ Mining failed after 20000000 attempts, skipping block
Mining block at height 1...
✗ Mining failed after 20000000 attempts, skipping block
Mining block at height 1...
✗ Mining failed after 20000000 attempts, skipping block
Mining block at height 1...
✗ Mining failed after 20000000 attempts, skipping block
Mining block at height 1...
✗ Mining failed after 20000000 attempts, skipping block
Mining block at height 1...
✗ Mining failed after 20000000 attempts, skipping block
Mining block at height 1...
✗ Mining failed after 20000000 attempts, skipping block
Mining block at height 1...
✗ Mining failed after 20000000 attempts, skipping block
Mining block at height 1...
✗ Mining failed after 20000000 attempts, skipping block
Mining block at height 1...
✗ Mining failed after 20000000 attempts, skipping block
Mining block at height 1...
✗ Mining failed after 20000000 attempts, skipping block
Mining block at height 1...
✗ Mining failed after 20000000 attempts, skipping block
Mining block at height 1...
✗ Mining failed after 20000000 attempts, skipping block
Mining block at height 1...
✗ Mining failed after 20000000 attempts, skipping block
Mining block at height 1...
✗ Mining failed after 20000000 attempts, skipping block
Mining block at height 1...
✗ Mining failed after 20000000 attempts, skipping block
Mining block at height 1...
✗ Mining failed after 20000000 attempts, skipping block
Mining block at height 1...
✗ Mining failed after 20000000 attempts, skipping block
Mining block at height 1...
✗ Mining failed after 20000000 attempts, skipping block
Mining block at height 1...
✗ Mining failed after 20000000 attempts, skipping block
Mining block at height 1...
✗ Mining failed after 20000000 attempts, skipping block
Mining block at height 1...
✗ Mining failed after 20000000 attempts, skipping block
Mining block at height 1...
✗ Mining failed after 20000000 attempts, skipping block
Mining block at height 1...
✗ Mining failed after 20000000 attempts, skipping block
Mining block at height 1...
✗ Mining failed after 20000000 attempts, skipping block
Mining block at height 1...
✗ Mining failed after 20000000 attempts, skipping block
Mining block at height 1...
✗ Mining failed after 20000000 attempts, skipping block
Mining block at height 1...
✗ Mining failed after 20000000 attempts, skipping block
Mining block at height 1...
✗ Mining failed after 20000000 attempts, skipping block
Mining block at height 1...
✗ Mining failed after 20000000 attempts, skipping block
Mining block at height 1...
✗ Mining failed after 20000000 attempts, skipping block
Mining block at height 1...
✗ Mining failed after 20000000 attempts, skipping block
Mining block at height 1...
✗ Mining failed after 20000000 attempts, skipping block
Mining block at height 1...
✗ Mining failed after 20000000 attempts, skipping block
Mining block at height 1...
✗ Mining failed after 20000000 attempts, skipping block
Mining block at height 1...
✗ Mining failed after 20000000 attempts, skipping block
Mining block at height 1...
✗ Mining failed after 20000000 attempts, skipping block
Mining block at height 1...
✗ Mining failed after 20000000 attempts, skipping block
Mining block at height 1...
✗ Mining failed after 20000000 attempts, skipping block
Mining block at height 1...
✗ Mining failed after 20000000 attempts, skipping block
Mining block at height 1...
✗ Mining failed after 20000000 attempts, skipping block
Mining block at height 1...
✗ Mining failed after 20000000 attempts, skipping block
Mining block at height 1...
✗ Mining failed after 20000000 attempts, skipping block
Mining block at height 1...
✗ Mining failed after 20000000 attempts, skipping block
Mining block at height 1...
✗ Mining failed after 20000000 attempts, skipping block
Mining block at height 1...
✗ Mining failed after 20000000 attempts, skipping block
Mining block at height 1...
✗ Mining failed after 20000000 attempts, skipping block
Mining block at height 1...
✗ Mining failed after 20000000 attempts, skipping block
Mining block at height 1...
✗ Mining failed after 20000000 attempts, skipping block
Mining block at height 1...
✗ Mining failed after 20000000 attempts, skipping block
Mining block at height 1...
✗ Mining failed after 20000000 attempts, skipping block
Mining block at height 1...
✗ Mining failed after 20000000 attempts, skipping block
Mining block at height 1...
✗ Mining failed after 20000000 attempts, skipping block
Mining block at height 1...
✗ Mining failed after 20000000 attempts, skipping block
Mining block at height 1...
✗ Mining failed after 20000000 attempts, skipping block
Mining block at height 1...
✗ Mining failed after 20000000 attempts, skipping block
Mining block at height 1...
✗ Mining failed after 20000000 attempts, skipping block
Mining block at height 1...
✗ Mining failed after 20000000 attempts, skipping block
Mining block at height 1...
✗ Mining failed after 20000000 attempts, skipping block
Mining block at height 1...
✗ Mining failed after 20000000 attempts, skipping block
Mining block at height 1...
✗ Mining failed after 20000000 attempts, skipping block
Mining block at height 1...
✗ Mining failed after 20000000 attempts, skipping block
Mining block at height 1...
✗ Mining failed after 20000000 attempts, skipping block
Mining block at height 1...
✗ Mining failed after 20000000 attempts, skipping block
Mining block at height 1...
✗ Mining failed after 20000000 attempts, skipping block
Mining block at height 1...
✗ Mining failed after 20000000 attempts, skipping block
Mining block at height 1...
✗ Mining failed after 20000000 attempts, skipping block
Mining block at height 1...
✗ Mining failed after 20000000 attempts, skipping block
Mining block at height 1...
✗ Mining failed after 20000000 attempts, skipping block
Mining block at height 1...
✗ Mining failed after 20000000 attempts, skipping block
Mining block at height 1...
✗ Mining failed after 20000000 attempts, skipping block
Mining block at height 1...
✗ Mining failed after 20000000 attempts, skipping block
Mining block at height 1...
✗ Mining failed after 20000000 attempts, skipping block
Mining block at height 1...
✗ Mining failed after 20000000 attempts, skipping block
Mining block at height 1...
✗ Mining failed after 20000000 attempts, skipping block
Mining block at height 1...
✗ Mining failed after 20000000 attempts, skipping block
Mining block at height 1...
✗ Mining failed after 20000000 attempts, skipping block
Mining block at height 1...
✗ Mining failed after 20000000 attempts, skipping block
Mining block at height 1...
✗ Mining failed after 20000000 attempts, skipping block
Mining block at height 1...
✗ Mining failed after 20000000 attempts, skipping block
Mining block at height 1...
✗ Mining failed after 20000000 attempts, skipping block
Mining block at height 1...
✗ Mining failed after 20000000 attempts, skipping block
Mining block at height 1...
✗ Mining failed after 20000000 attempts, skipping block
Mining block at height 1...
✗ Mining failed after 20000000 attempts, skipping block
Mining block at height 1...
✗ Mining failed after 20000000 attempts, skipping block
Mining block at height 1...
✗ Mining failed after 20000000 attempts, skipping block
Mining block at height 1...
✗ Mining failed after 20000000 attempts, skipping block
Mining block at height 1...
✗ Mining failed after 20000000 attempts, skipping block
Mining block at height 1...
✗ Mining failed after 20000000 attempts, skipping block
Mining block at height 1...
✗ Mining failed after 20000000 attempts, skipping block
Mining block at height 1...
✗ Mining failed after 20000000 attempts, skipping block
Mining block at height 1...
✗ Mining failed after 20000000 attempts, skipping block
Mining block at height 1...
✗ Mining failed after 20000000 attempts, skipping block
Mining block at height 1...
✗ Mining failed after 20000000 attempts, skipping block
Mining block at height 1...
✗ Mining failed after 20000000 attempts, skipping block
Mining block at height 1...
✗ Mining failed after 20000000 attempts, skipping block
Mining block at height 1...
✗ Mining failed after 20000000 attempts, skipping block
Mining block at height 1...
✗ Mining failed after 20000000 attempts, skipping block
Mining block at height 1...
✗ Mining failed after 20000000 attempts, skipping block
Mining block at height 1...
✗ Mining failed after 20000000 attempts, skipping block
Mining block at height 1...
✗ Mining failed after 20000000 attempts, skipping block
Mining block at height 1...
✗ Mining failed after 20000000 attempts, skipping block
Mining block at height 1...
✗ Mining failed after 20000000 attempts, skipping block
Mining block at height 1...
✗ Mining failed after 20000000 attempts, skipping block
Mining block at height 1...
✗ Mining failed after 20000000 attempts, skipping block
Mining block at height 1...
✗ Mining failed after 20000000 attempts, skipping block
Mining block at height 1...
✗ Mining failed after 20000000 attempts, skipping block
Mining block at height 1...
✗ Mining failed after 20000000 attempts, skipping block
Mining block at height 1...
✗ Mining failed after 20000000 attempts, skipping block
Mining block at height 1...
✗ Mining failed after 20000000 attempts, skipping block
Mining block at height 1...
✗ Mining failed after 20000000 attempts, skipping block
Mining block at height 1...
✗ Mining failed after 20000000 attempts, skipping block
Mining block at height 1...
✗ Mining failed after 20000000 attempts, skipping block
Mining block at height 1...
✗ Mining failed after 20000000 attempts, skipping block
Mining block at height 1...
✗ Mining failed after 20000000 attempts, skipping block
Mining block at height 1...
✗ Mining failed after 20000000 attempts, skipping block
Mining block at height 1...
✗ Mining failed after 20000000 attempts, skipping block
Mining block at height 1...
✗ Mining failed after 20000000 attempts, skipping block
Mining block at height 1...
✗ Mining failed after 20000000 attempts, skipping block
Mining block at height 1...
✗ Mining failed after 20000000 attempts, skipping block
Mining block at height 1...
✗ Mining failed after 20000000 attempts, skipping block
Mining block at height 1...
✗ Mining failed after 20000000 attempts, skipping block
Mining block at height 1...
✗ Mining failed after 20000000 attempts, skipping block
Mining block at height 1...
✗ Mining failed after 20000000 attempts, skipping block
Mining block at height 1...
✗ Mining failed after 20000000 attempts, skipping block
Mining block at height 1...
✗ Mining failed after 20000000 attempts, skipping block
Mining block at height 1...
✗ Mining failed after 20000000 attempts, skipping block
Mining block at height 1...
✗ Mining failed after 20000000 attempts, skipping block
Mining block at height 1...
✗ Mining failed after 20000000 attempts, skipping block
Mining block at height 1...
✗ Mining failed after 20000000 attempts, skipping block
Mining block at height 1...
✗ Mining failed after 20000000 attempts, skipping block
Mining block at height 1...
✗ Mining failed after 20000000 attempts, skipping block
Mining block at height 1...
✗ Mining failed after 20000000 attempts, skipping block
Mining block at height 1...
✗ Mining failed after 20000000 attempts, skipping block
Mining block at height 1...
✗ Mining failed after 20000000 attempts, skipping block
Mining block at height 1...
✗ Mining failed after 20000000 attempts, skipping block
Mining block at height 1...
✗ Mining failed after 20000000 attempts, skipping block
Mining block at height 1...
✗ Mining failed after 20000000 attempts, skipping block
Mining block at height 1...
✗ Mining failed after 20000000 attempts, skipping block
Mining block at height 1...
✗ Mining failed after 20000000 attempts, skipping block
Mining block at height 1...
✗ Mining failed after 20000000 attempts, skipping block
Mining block at height 1...
✗ Mining failed after 20000000 attempts, skipping block
Mining block at height 1...
✗ Mining failed after 20000000 attempts, skipping block
Mining block at height 1...
✗ Mining failed after 20000000 attempts, skipping block
Mining block at height 1...
✗ Mining failed after 20000000 attempts, skipping block
Mining block at height 1...
✗ Mining failed after 20000000 attempts, skipping block
Mining block at height 1...
✗ Mining failed after 20000000 attempts, skipping block
Mining block at height 1...
✗ Mining failed after 20000000 attempts, skipping block
Mining block at height 1...
✗ Mining failed after 20000000 attempts, skipping block
Mining block at height 1...
✗ Mining failed after 20000000 attempts, skipping block
Mining block at height 1...
✗ Mining failed after 20000000 attempts, skipping block
Mining block at height 1...
✗ Mining failed after 20000000 attempts, skipping block
Mining block at height 1...
✗ Mining failed after 20000000 attempts, skipping block
Mining block at height 1...
✗ Mining failed after 20000000 attempts, skipping block
Mining block at height 1...
✗ Mining failed after 20000000 attempts, skipping block
Mining block at height 1...
✗ Mining failed after 20000000 attempts, skipping block
Mining block at height 1...
✗ Mining failed after 20000000 attempts, skipping block
Mining block at height 1...
✗ Mining failed after 20000000 attempts, skipping block
Mining block at height 1...
✗ Mining failed after 20000000 attempts, skipping block
Mining block at height 1...
✗ Mining failed after 20000000 attempts, skipping block
Mining block at height 1...
✗ Mining failed after 20000000 attempts, skipping block
Mining block at height 1...
✗ Mining failed after 20000000 attempts, skipping block
Mining block at height 1...
✗ Mining failed after 20000000 attempts, skipping block
Mining block at height 1...
✗ Mining failed after 20000000 attempts, skipping block
Mining block at height 1...
✗ Mining failed after 20000000 attempts, skipping block
Mining block at height 1...
✗ Mining failed after 20000000 attempts, skipping block
Mining block at height 1...
✗ Mining failed after 20000000 attempts, skipping block
Mining block at height 1...
✗ Mining failed after 20000000 attempts, skipping block
Mining block at height 1...
✗ Mining failed after 20000000 attempts, skipping block
Mining block at height 1...
✗ Mining failed after 20000000 attempts, skipping block
Mining block at height 1...
✗ Mining failed after 20000000 attempts, skipping block
Mining block at height 1...
✗ Mining failed after 20000000 attempts, skipping block
Mining block at height 1...
✗ Mining failed after 20000000 attempts, skipping block
Mining block at height 1...
✗ Mining failed after 20000000 attempts, skipping block
Mining block at height 1...
✗ Mining failed after 20000000 attempts, skipping block
Mining block at height 1...
✗ Mining failed after 20000000 attempts, skipping block
Mining block at height 1...
✗ Mining failed after 20000000 attempts, skipping block
Mining block at height 1...
✗ Mining failed after 20000000 attempts, skipping block
Mining block at height 1...
✗ Mining failed after 20000000 attempts, skipping block
Mining block at height 1...
✗ Mining failed after 20000000 attempts, skipping block
Mining block at height 1...
✗ Mining failed after 20000000 attempts, skipping block
Mining block at height 1...
✗ Mining failed after 20000000 attempts, skipping block
Mining block at height 1...
✗ Mining failed after 20000000 attempts, skipping block
Mining block at height 1...
✗ Mining failed after 20000000 attempts, skipping block
Mining block at height 1...
✗ Mining failed after 20000000 attempts, skipping block
Mining block at height 1...
✗ Mining failed after 20000000 attempts, skipping block
Mining block at height 1...
✗ Mining failed after 20000000 attempts, skipping block
Mining block at height 1...
✗ Mining failed after 20000000 attempts, skipping block
Mining block at height 1...
✗ Mining failed after 20000000 attempts, skipping block
Mining block at height 1...
✗ Mining failed after 20000000 attempts, skipping block
Mining block at height 1...
✗ Mining failed after 20000000 attempts, skipping block
Mining block at height 1...
✗ Mining failed after 20000000 attempts, skipping block
Mining block at height 1...
✗ Mining failed after 20000000 attempts, skipping block
Mining block at height 1...
✗ Mining failed after 20000000 attempts, skipping block
Mining block at height 1...
✗ Mining failed after 20000000 attempts, skipping block
Mining block at height 1...
✗ Mining failed after 20000000 attempts, skipping block
Mining block at height 1...
✗ Mining failed after 20000000 attempts, skipping block
Mining block at height 1...
✗ Mining failed after 20000000 attempts, skipping block
Mining block at height 1...
✗ Mining failed after 20000000 attempts, skipping block
Mining block at height 1...
✗ Mining failed after 20000000 attempts, skipping block
Mining block at height 1...
✗ Mining failed after 20000000 attempts, skipping block
Mining block at height 1...
✗ Mining failed after 20000000 attempts, skipping block
Mining block at height 1...
✗ Mining failed after 20000000 attempts, skipping block
Mining block at height 1...
✗ Mining failed after 20000000 attempts, skipping block
Mining block at height 1...
✗ Mining failed after 20000000 attempts, skipping block
Mining block at height 1...
✗ Mining failed after 20000000 attempts, skipping block
Mining block at height 1...
✗ Mining failed after 20000000 attempts, skipping block
Mining block at height 1...
✗ Mining failed after 20000000 attempts, skipping block
Mining block at height 1...
✗ Mining failed after 20000000 attempts, skipping block
Mining block at height 1...
✗ Mining failed after 20000000 attempts, skipping block
Mining block at height 1...
✗ Mining failed after 20000000 attempts, skipping block
Mining block at height 1...
✗ Mining failed after 20000000 attempts, skipping block
Mining block at height 1...
✗ Mining failed after 20000000 attempts, skipping block
Mining block at height 1...
✗ Mining failed after 20000000 attempts, skipping block
Mining block at height 1...
✗ Mining failed after 20000000 attempts, skipping block
Mining block at height 1...
✗ Mining failed after 20000000 attempts, skipping block
Mining block at height 1...
✗ Mining failed after 20000000 attempts, skipping block
Mining block at height 1...
✗ Mining failed after 20000000 attempts, skipping block
Mining block at height 1...
✗ Mining failed after 20000000 attempts, skipping block
Mining block at height 1...
✗ Mining failed after 20000000 attempts, skipping block
Mining block at height 1...
✗ Mining failed after 20000000 attempts, skipping block
Mining block at height 1...
✗ Mining failed after 20000000 attempts, skipping block
Mining block at height 1...
✗ Mining failed after 20000000 attempts, skipping block
Mining block at height 1...
✗ Mining failed after 20000000 attempts, skipping block
Mining block at height 1...
✗ Mining failed after 20000000 attempts, skipping block
Mining block at height 1...
✗ Mining failed after 20000000 attempts, skipping block
Mining block at height 1...
✗ Mining failed after 20000000 attempts, skipping block
Mining block at height 1...
✗ Mining failed after 20000000 attempts, skipping block
Mining block at height 1...
✗ Mining failed after 20000000 attempts, skipping block
Mining block at height 1...
✗ Mining failed after 20000000 attempts, skipping block
Mining block at height 1...
✗ Mining failed after 20000000 attempts, skipping block
Mining block at height 1...
✗ Mining failed after 20000000 attempts, skipping block
Mining block at height 1...
✗ Mining failed after 20000000 attempts, skipping block
Mining block at height 1...
✗ Mining failed after 20000000 attempts, skipping block
Mining block at height 1...
✗ Mining failed after 20000000 attempts, skipping block
Mining block at height 1...
✗ Mining failed after 20000000 attempts, skipping block
Mining block at height 1...
✗ Mining failed after 20000000 attempts, skipping block
Mining block at height 1...
✗ Mining failed after 20000000 attempts, skipping block
Mining block at height 1...
✗ Mining failed after 20000000 attempts, skipping block
Mining block at height 1...
✗ Mining failed after 20000000 attempts, skipping block
Mining block at height 1...
✗ Mining failed after 20000000 attempts, skipping block
Mining block at height 1...
✗ Mining failed after 20000000 attempts, skipping block
Mining block at height 1...
✗ Mining failed after 20000000 attempts, skipping block
Mining block at height 1...
✗ Mining failed after 20000000 attempts, skipping block
Mining block at height 1...
✗ Mining failed after 20000000 attempts, skipping block
Mining block at height 1...
✗ Mining failed after 20000000 attempts, skipping block
Mining block at height 1...
✗ Mining failed after 20000000 attempts, skipping block
Mining block at height 1...
✗ Mining failed after 20000000 attempts, skipping block
Mining block at height 1...
✗ Mining failed after 20000000 attempts, skipping block
Mining block at height 1...
✗ Mining failed after 20000000 attempts, skipping block
Mining block at height 1...
✗ Mining failed after 20000000 attempts, skipping block
Mining block at height 1...
✗ Mining failed after 20000000 attempts, skipping block
Mining block at height 1...
✗ Mining failed after 20000000 attempts, skipping block
Mining block at height 1...
✗ Mining failed after 20000000 attempts, skipping block
Mining block at height 1...
✗ Mining failed after 20000000 attempts, skipping block
Mining block at height 1...
✗ Mining failed after 20000000 attempts, skipping block
Mining block at height 1...
✗ Mining failed after 20000000 attempts, skipping block
Mining block at height 1...
✗ Mining failed after 20000000 attempts, skipping block
Mining block at height 1...
✗ Mining failed after 20000000 attempts, skipping block
Mining block at height 1...
✗ Mining failed after 20000000 attempts, skipping block
Mining block at height 1...
✗ Mining failed after 20000000 attempts, skipping block
Mining block at height 1...
✗ Mining failed after 20000000 attempts, skipping block
Mining block at height 1...
✗ Mining failed after 20000000 attempts, skipping block
Mining block at height 1...
✗ Mining failed after 20000000 attempts, skipping block
Mining block at height 1...
✗ Mining failed after 20000000 attempts, skipping block
Mining block at height 1...
✗ Mining failed after 20000000 attempts, skipping block
Mining block at height 1...
✗ Mining failed after 20000000 attempts, skipping block
Mining block at height 1...
✗ Mining failed after 20000000 attempts, skipping block
Mining block at height 1...
✗ Mining failed after 20000000 attempts, skipping block
Mining block at height 1...
✗ Mining failed after 20000000 attempts, skipping block
Mining block at height 1...
✗ Mining failed after 20000000 attempts, skipping block
Mining block at height 1...
✗ Mining failed after 20000000 attempts, skipping block
Mining block at height 1...
✗ Mining failed after 20000000 attempts, skipping block
Mining block at height 1...
✗ Mining failed after 20000000 attempts, skipping block
Mining block at height 1...
✗ Mining failed after 20000000 attempts, skipping block
Mining block at height 1...
✗ Mining failed after 20000000 attempts, skipping block
Mining block at height 1...
✗ Mining failed after 20000000 attempts, skipping block
Mining block at height 1...
✗ Mining failed after 20000000 attempts, skipping block
Mining block at height 1...
✗ Mining failed after 20000000 attempts, skipping block
Mining block at height 1...
✗ Mining failed after 20000000 attempts, skipping block
Mining block at height 1...
✗ Mining failed after 20000000 attempts, skipping block
Mining block at height 1...
✗ Mining failed after 20000000 attempts, skipping block
Mining block at height 1...
✗ Mining failed after 20000000 attempts, skipping block
Mining block at height 1...
✗ Mining failed after 20000000 attempts, skipping block
Mining block at height 1...
✗ Mining failed after 20000000 attempts, skipping block
Mining block at height 1...
✗ Mining failed after 20000000 attempts, skipping block
Mining block at height 1...
✗ Mining failed after 20000000 attempts, skipping block
Mining block at height 1...
✗ Mining failed after 20000000 attempts, skipping block
Mining block at height 1...
✗ Mining failed after 20000000 attempts, skipping block
Mining block at height 1...
✗ Mining failed after 20000000 attempts, skipping block
Mining block at height 1...
✗ Mining failed after 20000000 attempts, skipping block
Mining block at height 1...
✗ Mining failed after 20000000 attempts, skipping block
Mining block at height 1...
✗ Mining failed after 20000000 attempts, skipping block
Mining block at height 1...
✗ Mining failed after 20000000 attempts, skipping block
Mining block at height 1...
✗ Mining failed after 20000000 attempts, skipping block
Mining block at height 1...
✗ Mining failed after 20000000 attempts, skipping block
Mining block at height 1...
✗ Mining failed after 20000000 attempts, skipping block
Mining block at height 1...
✗ Mining failed after 20000000 attempts, skipping block
Mining block at height 1...
✗ Mining failed after 20000000 attempts, skipping block
Mining block at height 1...
✗ Mining failed after 20000000 attempts, skipping block
Mining block at height 1...
✗ Mining failed after 20000000 attempts, skipping block
Mining block at height 1...
✗ Mining failed after 20000000 attempts, skipping block
Mining block at height 1...
✗ Mining failed after 20000000 attempts, skipping block
Mining block at height 1...
✗ Mining failed after 20000000 attempts, skipping block
Mining block at height 1...
✗ Mining failed after 20000000 attempts, skipping block
Mining block at height 1...
✗ Mining failed after 20000000 attempts, skipping block
Mining block at height 1...
✗ Mining failed after 20000000 attempts, skipping block
Mining block at height 1...
✗ Mining failed after 20000000 attempts, skipping block
Mining block at height 1...
✗ Mining failed after 20000000 attempts, skipping block
Mining block at height 1...
✗ Mining failed after 20000000 attempts, skipping block
Mining block at height 1...
✗ Mining failed after 20000000 attempts, skipping block
Mining block at height 1...
✗ Mining failed after 20000000 attempts, skipping block
Mining block at height 1...
✗ Mining failed after 20000000 attempts, skipping block
Mining block at height 1...
✗ Mining failed after 20000000 attempts, skipping block
Mining block at height 1...
✗ Mining failed after 20000000 attempts, skipping block
Mining block at height 1...
✗ Mining failed after 20000000 attempts, skipping block
Mining block at height 1...
✗ Mining failed after 20000000 attempts, skipping block
Mining block at height 1...
✗ Mining failed after 20000000 attempts, skipping block
Mining block at height 1...
✗ Mining failed after 20000000 attempts, skipping block
Mining block at height 1...
✗ Mining failed after 20000000 attempts, skipping block
Mining block at height 1...
✗ Mining failed after 20000000 attempts, skipping block
Mining block at height 1...
✗ Mining failed after 20000000 attempts, skipping block
Mining block at height 1...
✗ Mining failed after 20000000 attempts, skipping block
Mining block at height 1...
✗ Mining failed after 20000000 attempts, skipping block
Mining block at height 1...
✗ Mining failed after 20000000 attempts, skipping block
Mining block at height 1...
✗ Mining failed after 20000000 attempts, skipping block
Mining block at height 1...
✗ Mining failed after 20000000 attempts, skipping block
Mining block at height 1...
✗ Mining failed after 20000000 attempts, skipping block
Mining block at height 1...
✗ Mining failed after 20000000 attempts, skipping block
Mining block at height 1...
✗ Mining failed after 20000000 attempts, skipping block
Mining block at height 1...
✗ Mining failed after 20000000 attempts, skipping block
Mining block at height 1...
✗ Mining failed after 20000000 attempts, skipping block
Mining block at height 1...
✗ Mining failed after 20000000 attempts, skipping block
Mining block at height 1...
✗ Mining failed after 20000000 attempts, skipping block
Mining block at height 1...
✗ Mining failed after 20000000 attempts, skipping block
Mining block at height 1...
✗ Mining failed after 20000000 attempts, skipping block
Mining block at height 1...
✗ Mining failed after 20000000 attempts, skipping block
Mining block at height 1...
✗ Mining failed after 20000000 attempts, skipping block
Mining block at height 1...
✗ Mining failed after 20000000 attempts, skipping block
Mining block at height 1...
✗ Mining failed after 20000000 attempts, skipping block
Mining block at height 1...
✗ Mining failed after 20000000 attempts, skipping block
Mining block at height 1...
✗ Mining failed after 20000000 attempts, skipping block
Mining block at height 1...
✗ Mining failed after 20000000 attempts, skipping block
Mining block at height 1...
✗ Mining failed after 20000000 attempts, skipping block
Mining block at height 1...
✗ Mining failed after 20000000 attempts, skipping block
Mining block at height 1...
✗ Mining failed after 20000000 attempts, skipping block
Mining block at height 1...
✗ Mining failed after 20000000 attempts, skipping block
Mining block at height 1...
✗ Mining failed after 20000000 attempts, skipping block
Mining block at height 1...
✗ Mining failed after 20000000 attempts, skipping block
Mining block at height 1...
✗ Mining failed after 20000000 attempts, skipping block
Mining block at height 1...
✗ Mining failed after 20000000 attempts, skipping block
Mining block at height 1...
✗ Mining failed after 20000000 attempts, skipping block
Mining block at height 1...
✗ Mining failed after 20000000 attempts, skipping block
Mining block at height 1...
✗ Mining failed after 20000000 attempts, skipping block
Mining block at height 1...
✗ Mining failed after 20000000 attempts, skipping block
Mining block at height 1...
✗ Mining failed after 20000000 attempts, skipping block
Mining block at height 1...
✗ Mining failed after 20000000 attempts, skipping block
Mining block at height 1...
✗ Mining failed after 20000000 attempts, skipping block
Mining block at height 1...
✗ Mining failed after 20000000 attempts, skipping block
Mining block at height 1...
✗ Mining failed after 20000000 attempts, skipping block
Mining block at height 1...
✗ Mining failed after 20000000 attempts, skipping block
Mining block at height 1...
✗ Mining failed after 20000000 attempts, skipping block
Mining block at height 1...
✗ Mining failed after 20000000 attempts, skipping block
Mining block at height 1...
✗ Mining failed after 20000000 attempts, skipping block
Mining block at height 1...
✗ Mining failed after 20000000 attempts, skipping block
Mining block at height 1...
✗ Mining failed after 20000000 attempts, skipping block
Mining block at height 1...
✗ Mining failed after 20000000 attempts, skipping block
Mining block at height 1...
✗ Mining failed after 20000000 attempts, skipping block
Mining block at height 1...
✗ Mining failed after 20000000 attempts, skipping block
Mining block at height 1...
✗ Mining failed after 20000000 attempts, skipping block
Mining block at height 1...
✗ Mining failed after 20000000 attempts, skipping block
Mining block at height 1...
✗ Mining failed after 20000000 attempts, skipping block
Mining block at height 1...
✗ Mining failed after 20000000 attempts, skipping block
Mining block at height 1...
✗ Mining failed after 20000000 attempts, skipping block
Mining block at height 1...
✗ Mining failed after 20000000 attempts, skipping block
Mining block at height 1...
✗ Mining failed after 20000000 attempts, skipping block
Mining block at height 1...
✗ Mining failed after 20000000 attempts, skipping block
Mining block at height 1...
✗ Mining failed after 20000000 attempts, skipping block
Mining block at height 1...
✗ Mining failed after 20000000 attempts, skipping block
Mining block at height 1...
✗ Mining failed after 20000000 attempts, skipping block
Mining block at height 1...
✗ Mining failed after 20000000 attempts, skipping block
Mining block at height 1...
✗ Mining failed after 20000000 attempts, skipping block
Mining block at height 1...
✗ Mining failed after 20000000 attempts, skipping block
Mining block at height 1...
✗ Mining failed after 20000000 attempts, skipping block
Mining block at height 1...
✗ Mining failed after 20000000 attempts, skipping block
Mining block at height 1...
✗ Mining failed after 20000000 attempts, skipping block
Mining block at height 1...
✗ Mining failed after 20000000 attempts, skipping block
Mining block at height 1...
✗ Mining failed after 20000000 attempts, skipping block
Mining block at height 1...
✗ Mining failed after 20000000 attempts, skipping block
Mining block at height 1...
✗ Mining failed after 20000000 attempts, skipping block
Mining block at height 1...
✗ Mining failed after 20000000 attempts, skipping block
Mining block at height 1...
✗ Mining failed after 20000000 attempts, skipping block
Mining block at height 1...
✗ Mining failed after 20000000 attempts, skipping block
Mining block at height 1...
✗ Mining failed after 20000000 attempts, skipping block
Mining block at height 1...
✗ Mining failed after 20000000 attempts, skipping block
Mining block at height 1...
✗ Mining failed after 20000000 attempts, skipping block
Mining block at height 1...
✗ Mining failed after 20000000 attempts, skipping block
Mining block at height 1...
✗ Mining failed after 20000000 attempts, skipping block
Mining block at height 1...
✗ Mining failed after 20000000 attempts, skipping block
Mining block at height 1...
✗ Mining failed after 20000000 attempts, skipping block
Mining block at height 1...
✗ Mining failed after 20000000 attempts, skipping block
Mining block at height 1...
✗ Mining failed after 20000000 attempts, skipping block
Mining block at height 1...
✗ Mining failed after 20000000 attempts, skipping block
Mining block at height 1...
✗ Mining failed after 20000000 attempts, skipping block
Mining block at height 1...
✗ Mining failed after 20000000 attempts, skipping block
Mining block at height 1...
✗ Mining failed after 20000000 attempts, skipping block
Mining block at height 1...
✗ Mining failed after 20000000 attempts, skipping block
Mining block at height 1...
✗ Mining failed after 20000000 attempts, skipping block
Mining block at height 1...
✗ Mining failed after 20000000 attempts, skipping block
Mining block at height 1...
✗ Mining failed after 20000000 attempts, skipping block
Mining block at height 1...
✗ Mining failed after 20000000 attempts, skipping block
Mining block at height 1...
✗ Mining failed after 20000000 attempts, skipping block
Mining block at height 1...
✗ Mining failed after 20000000 attempts, skipping block
Mining block at height 1...
✗ Mining failed after 20000000 attempts, skipping block
Mining block at height 1...
✗ Mining failed after 20000000 attempts, skipping block
Mining block at height 1...
✗ Mining failed after 20000000 attempts, skipping block
Mining block at height 1...
✗ Mining failed after 20000000 attempts, skipping block
Mining block at height 1...
✗ Mining failed after 20000000 attempts, skipping block
Mining block at height 1...
✗ Mining failed after 20000000 attempts, skipping block
Mining block at height 1...
✗ Mining failed after 20000000 attempts, skipping block
Mining block at height 1...
✗ Mining failed after 20000000 attempts, skipping block
Mining block at height 1...
✗ Mining failed after 20000000 attempts, skipping block
Mining block at height 1...
✗ Mining failed after 20000000 attempts, skipping block
Mining block at height 1...
✗ Mining failed after 20000000 attempts, skipping block
Mining block at height 1...
✗ Mining failed after 20000000 attempts, skipping block
Mining block at height 1...
✗ Mining failed after 20000000 attempts, skipping block
Mining block at height 1...
✗ Mining failed after 20000000 attempts, skipping block
Mining block at height 1...
✗ Mining failed after 20000000 attempts, skipping block
Mining block at height 1...
✗ Mining failed after 20000000 attempts, skipping block
Mining block at height 1...
✗ Mining failed after 20000000 attempts, skipping block
Mining block at height 1...
✗ Mining failed after 20000000 attempts, skipping block
Mining block at height 1...
✗ Mining failed after 20000000 attempts, skipping block
Mining block at height 1...
✗ Mining failed after 20000000 attempts, skipping block
Mining block at height 1...
✗ Mining failed after 20000000 attempts, skipping block
Mining block at height 1...
✗ Mining failed after 20000000 attempts, skipping block
Mining block at height 1...
✗ Mining failed after 20000000 attempts, skipping block
Mining block at height 1...
✗ Mining failed after 20000000 attempts, skipping block
Mining block at height 1...
✗ Mining failed after 20000000 attempts, skipping block
Mining block at height 1...
✗ Mining failed after 20000000 attempts, skipping block
Mining block at height 1...
✗ Mining failed after 20000000 attempts, skipping block
Mining block at height 1...
✗ Mining failed after 20000000 attempts, skipping block
Mining block at height 1...
✗ Mining failed after 20000000 attempts, skipping block
Mining block at height 1...
✗ Mining failed after 20000000 attempts, skipping block
Mining block at height 1...
✗ Mining failed after 20000000 attempts, skipping block
Mining block at height 1...
✗ Mining failed after 20000000 attempts, skipping block
Mining block at height 1...
✗ Mining failed after 20000000 attempts, skipping block
Mining block at height 1...
✗ Mining failed after 20000000 attempts, skipping block
Mining block at height 1...
✗ Mining failed after 20000000 attempts, skipping block
Mining block at height 1...
✗ Mining failed after 20000000 attempts, skipping block
Mining block at height 1...
✗ Mining failed after 20000000 attempts, skipping block
Mining block at height 1...
✗ Mining failed after 20000000 attempts, skipping block
Mining block at height 1...
✗ Mining failed after 20000000 attempts, skipping block
Mining block at height 1...
✗ Mining failed after 20000000 attempts, skipping block
Mining block at height 1...
✗ Mining failed after 20000000 attempts, skipping block
Mining block at height 1...
✗ Mining failed after 20000000 attempts, skipping block
Mining block at height 1...
✗ Mining failed after 20000000 attempts, skipping block
Mining block at height 1...
✗ Mining failed after 20000000 attempts, skipping block
Mining block at height 1...
✗ Mining failed after 20000000 attempts, skipping block
Mining block at height 1...
✗ Mining failed after 20000000 attempts, skipping block
Mining block at height 1...
✗ Mining failed after 20000000 attempts, skipping block
Mining block at height 1...
✗ Mining failed after 20000000 attempts, skipping block
Mining block at height 1...
✗ Mining failed after 20000000 attempts, skipping block
Mining block at height 1...
✗ Mining failed after 20000000 attempts, skipping block
Mining block at height 1...
✗ Mining failed after 20000000 attempts, skipping block
Mining block at height 1...
✗ Mining failed after 20000000 attempts, skipping block
Mining block at height 1...
✗ Mining failed after 20000000 attempts, skipping block
Mining block at height 1...
✗ Mining failed after 20000000 attempts, skipping block
Mining block at height 1...
✗ Mining failed after 20000000 attempts, skipping block
Mining block at height 1...
✗ Mining failed after 20000000 attempts, skipping block
Mining block at height 1...
✗ Mining failed after 20000000 attempts, skipping block
Mining block at height 1...
✗ Mining failed after 20000000 attempts, skipping block
Mining block at height 1...
✗ Mining failed after 20000000 attempts, skipping block
Mining block at height 1...
✗ Mining failed after 20000000 attempts, skipping block
Mining block at height 1...
✗ Mining failed after 20000000 attempts, skipping block
Mining block at height 1...
✗ Mining failed after 20000000 attempts, skipping block
Mining block at height 1...
✗ Mining failed after 20000000 attempts, skipping block
Mining block at height 1...
✗ Mining failed after 20000000 attempts, skipping block
Mining block at height 1...
✗ Mining failed after 20000000 attempts, skipping block
Mining block at height 1...
✗ Mining failed after 20000000 attempts, skipping block
Mining block at height 1...
✗ Mining failed after 20000000 attempts, skipping block
Mining block at height 1...
✗ Mining failed after 20000000 attempts, skipping block
Mining block at height 1...
✗ Mining failed after 20000000 attempts, skipping block
Mining block at height 1...
✗ Mining failed after 20000000 attempts, skipping block
Mining block at height 1...
✗ Mining failed after 20000000 attempts, skipping block
Mining block at height 1...
✗ Mining failed after 20000000 attempts, skipping block
Mining block at height 1...
✗ Mining failed after 20000000 attempts, skipping block
Mining block at height 1...
✗ Mining failed after 20000000 attempts, skipping block
Mining block at height 1...
✗ Mining failed after 20000000 attempts, skipping block
Mining block at height 1...
✗ Mining failed after 20000000 attempts, skipping block
Mining block at height 1...
✗ Mining failed after 20000000 attempts, skipping block
Mining block at height 1...
✗ Mining failed after 20000000 attempts, skipping block
Mining block at height 1...
✗ Mining failed after 20000000 attempts, skipping block
Mining block at height 1...
✗ Mining failed after 20000000 attempts, skipping block
Mining block at height 1...
✗ Mining failed after 20000000 attempts, skipping block
Mining block at height 1...
✗ Mining failed after 20000000 attempts, skipping block
Mining block at height 1...
✗ Mining failed after 20000000 attempts, skipping block
Mining block at height 1...
✗ Mining failed after 20000000 attempts, skipping block
Mining block at height 1...
✗ Mining failed after 20000000 attempts, skipping block
Mining block at height 1...
✗ Mining failed after 20000000 attempts, skipping block
Mining block at height 1...
✗ Mining failed after 20000000 attempts, skipping block
Mining block at height 1...
✗ Mining failed after 20000000 attempts, skipping block
Mining block at height 1...
✗ Mining failed after 20000000 attempts, skipping block
Mining block at height 1...
✗ Mining failed after 20000000 attempts, skipping block
Mining block at height 1...
✗ Mining failed after 20000000 attempts, skipping block
Mining block at height 1...
✗ Mining failed after 20000000 attempts, skipping block
Mining block at height 1...
✗ Mining failed after 20000000 attempts, skipping block
Mining block at height 1...
✗ Mining failed after 20000000 attempts, skipping block
Mining block at height 1...
✗ Mining failed after 20000000 attempts, skipping block
Mining block at height 1...
✗ Mining failed after 20000000 attempts, skipping block
Mining block at height 1...
✗ Mining failed after 20000000 attempts, skipping block
Mining block at height 1...
✗ Mining failed after 20000000 attempts, skipping block
Mining block at height 1...
✗ Mining failed after 20000000 attempts, skipping block
Mining block at height 1...
✗ Mining failed after 20000000 attempts, skipping block
Mining block at height 1...
✗ Mining failed after 20000000 attempts, skipping block
Mining block at height 1...
✗ Mining failed after 20000000 attempts, skipping block
Mining block at height 1...
✗ Mining failed after 20000000 attempts, skipping block
Mining block at height 1...
✗ Mining failed after 20000000 attempts, skipping block
Mining block at height 1...
✗ Mining failed after 20000000 attempts, skipping block
Mining block at height 1...
✗ Mining failed after 20000000 attempts, skipping block
Mining block at height 1...
✗ Mining failed after 20000000 attempts, skipping block
Mining block at height 1...
✗ Mining failed after 20000000 attempts, skipping block
Mining block at height 1...
✗ Mining failed after 20000000 attempts, skipping block
Mining block at height 1...
✗ Mining failed after 20000000 attempts, skipping block
Mining block at height 1...
✗ Mining failed after 20000000 attempts, skipping block
Mining block at height 1...
✗ Mining failed after 20000000 attempts, skipping block
Mining block at height 1...
✗ Mining failed after 20000000 attempts, skipping block
Mining block at height 1...
✗ Mining failed after 20000000 attempts, skipping block
Mining block at height 1...
✗ Mining failed after 20000000 attempts, skipping block
Mining block at height 1...
✗ Mining failed after 20000000 attempts, skipping block
Mining block at height 1...
✗ Mining failed after 20000000 attempts, skipping block
Mining block at height 1...
✗ Mining failed after 20000000 attempts, skipping block
Mining block at height 1...
✗ Mining failed after 20000000 attempts, skipping block
Mining block at height 1...
✗ Mining failed after 20000000 attempts, skipping block
Mining block at height 1...
✗ Mining failed after 20000000 attempts, skipping block
Mining block at height 1...
✗ Mining failed after 20000000 attempts, skipping block
Mining block at height 1...
✗ Mining failed after 20000000 attempts, skipping block
Mining block at height 1...
✗ Mining failed after 20000000 attempts, skipping block
Mining block at height 1...
✗ Mining failed after 20000000 attempts, skipping block
Mining block at height 1...
✗ Mining failed after 20000000 attempts, skipping block
Mining block at height 1...
✗ Mining failed after 20000000 attempts, skipping block
Mining block at height 1...
✗ Mining failed after 20000000 attempts, skipping block
Mining block at height 1...
✗ Mining failed after 20000000 attempts, skipping block
Mining block at height 1...
✗ Mining failed after 20000000 attempts, skipping block
Mining block at height 1...
✗ Mining failed after 20000000 attempts, skipping block
Mining block at height 1...
✗ Mining failed after 20000000 attempts, skipping block
Mining block at height 1...
✗ Mining failed after 20000000 attempts, skipping block
Mining block at height 1...
✗ Mining failed after 20000000 attempts, skipping block
Mining block at height 1...
✗ Mining failed after 20000000 attempts, skipping block
Mining block at height 1...
✗ Mining failed after 20000000 attempts, skipping block
Mining block at height 1...
✗ Mining failed after 20000000 attempts, skipping block
Mining block at height 1...
✗ Mining failed after 20000000 attempts, skipping block
Mining block at height 1...
✗ Mining failed after 20000000 attempts, skipping block
Mining block at height 1...
✗ Mining failed after 20000000 attempts, skipping block
Mining block at height 1...
✗ Mining failed after 20000000 attempts, skipping block
Mining block at height 1...
✗ Mining failed after 20000000 attempts, skipping block
Mining block at height 1...
✗ Mining failed after 20000000 attempts, skipping block
Mining block at height 1...
✗ Mining failed after 20000000 attempts, skipping block
Mining block at height 1...
✗ Mining failed after 20000000 attempts, skipping block
Mining block at height 1...
✗ Mining failed after 20000000 attempts, skipping block
Mining block at height 1...
✗ Mining failed after 20000000 attempts, skipping block
Mining block at height 1...
✗ Mining failed after 20000000 attempts, skipping block
Mining block at height 1...
✗ Mining failed after 20000000 attempts, skipping block
Mining block at height 1...
✗ Mining failed after 20000000 attempts, skipping block
Mining block at height 1...
✗ Mining failed after 20000000 attempts, skipping block
Mining block at height 1...
✗ Mining failed after 20000000 attempts, skipping block
Mining block at height 1...
✗ Mining failed after 20000000 attempts, skipping block
Mining block at height 1...
✗ Mining failed after 20000000 attempts, skipping block
Mining block at height 1...
✗ Mining failed after 20000000 attempts, skipping block
Mining block at height 1...
✗ Mining failed after 20000000 attempts, skipping block
Mining block at height 1...
✗ Mining failed after 20000000 attempts, skipping block
Mining block at height 1...
✗ Mining failed after 20000000 attempts, skipping block
Mining block at height 1...
✗ Mining failed after 20000000 attempts, skipping block
Mining block at height 1...
✗ Mining failed after 20000000 attempts, skipping block
Mining block at height 1...
✗ Mining failed after 20000000 attempts, skipping block
Mining block at height 1...
✗ Mining failed after 20000000 attempts, skipping block
Mining block at height 1...
✗ Mining failed after 20000000 attempts, skipping block
Mining block at height 1...
✗ Mining failed after 20000000 attempts, skipping block
Mining block at height 1...
✗ Mining failed after 20000000 attempts, skipping block
Mining block at height 1...
✗ Mining failed after 20000000 attempts, skipping block
Mining block at height 1...
✗ Mining failed after 20000000 attempts, skipping block
Mining block at height 1...
✗ Mining failed after 20000000 attempts, skipping block
Mining block at height 1...
✗ Mining failed after 20000000 attempts, skipping block
Mining block at height 1...
✗ Mining failed after 20000000 attempts, skipping block
Mining block at height 1...
✗ Mining failed after 20000000 attempts, skipping block
Mining block at height 1...
✗ Mining failed after 20000000 attempts, skipping block
Mining block at height 1...
✗ Mining failed after 20000000 attempts, skipping block
Mining block at height 1...
✗ Mining failed after 20000000 attempts, skipping block
Mining block at height 1...
✗ Mining failed after 20000000 attempts, skipping block
Mining block at height 1...
✗ Mining failed after 20000000 attempts, skipping block
Mining block at height 1...
✗ Mining failed after 20000000 attempts, skipping block
Mining block at height 1...
✗ Mining failed after 20000000 attempts, skipping block
Mining block at height 1...
✗ Mining failed after 20000000 attempts, skipping block
Mining block at height 1...
✗ Mining failed after 20000000 attempts, skipping block
Mining block at height 1...
✗ Mining failed after 20000000 attempts, skipping block
Mining block at height 1...
✗ Mining failed after 20000000 attempts, skipping block
Mining block at height 1...
✗ Mining failed after 20000000 attempts, skipping block
Mining block at height 1...
✗ Mining failed after 20000000 attempts, skipping block
Mining block at height 1...
✗ Mining failed after 20000000 attempts, skipping block
Mining block at height 1...
✗ Mining failed after 20000000 attempts, skipping block
Mining block at height 1...
✗ Mining failed after 20000000 attempts, skipping block
Mining block at height 1...
✗ Mining failed after 20000000 attempts, skipping block
Mining block at height 1...
✗ Mining failed after 20000000 attempts, skipping block
Mining block at height 1...
✗ Mining failed after 20000000 attempts, skipping block
Mining block at height 1...
✗ Mining failed after 20000000 attempts, skipping block
Mining block at height 1...
✗ Mining failed after 20000000 attempts, skipping block
Mining block at height 1...
✗ Mining failed after 20000000 attempts, skipping block
Mining block at height 1...
✗ Mining failed after 20000000 attempts, skipping block
Mining block at height 1...
✗ Mining failed after 20000000 attempts, skipping block
Mining block at height 1...
✗ Mining failed after 20000000 attempts, skipping block
Mining block at height 1...
✗ Mining failed after 20000000 attempts, skipping block
Mining block at height 1...
✗ Mining failed after 20000000 attempts, skipping block
Mining block at height 1...
✗ Mining failed after 20000000 attempts, skipping block
Mining block at height 1...
✗ Mining failed after 20000000 attempts, skipping block
Mining block at height 1...
✗ Mining failed after 20000000 attempts, skipping block
Mining block at height 1...
✗ Mining failed after 20000000 attempts, skipping block
Mining block at height 1...
✗ Mining failed after 20000000 attempts, skipping block
Mining block at height 1...
✗ Mining failed after 20000000 attempts, skipping block
Mining block at height 1...
✗ Mining failed after 20000000 attempts, skipping block
Mining block at height 1...
✗ Mining failed after 20000000 attempts, skipping block
Mining block at height 1...
✗ Mining failed after 20000000 attempts, skipping block
Mining block at height 1...
✗ Mining failed after 20000000 attempts, skipping block
Mining block at height 1...
✗ Mining failed after 20000000 attempts, skipping block
Mining block at height 1...
✗ Mining failed after 20000000 attempts, skipping block
Mining block at height 1...
✗ Mining failed after 20000000 attempts, skipping block
Mining block at height 1...
✗ Mining failed after 20000000 attempts, skipping block
Mining block at height 1...
✗ Mining failed after 20000000 attempts, skipping block
Mining block at height 1...
✗ Mining failed after 20000000 attempts, skipping block
Mining block at height 1...
✗ Mining failed after 20000000 attempts, skipping block
Mining block at height 1...
✗ Mining failed after 20000000 attempts, skipping block
Mining block at height 1...
✗ Mining failed after 20000000 attempts, skipping block
Mining block at height 1...
✗ Mining failed after 20000000 attempts, skipping block
Mining block at height 1...
✗ Mining failed after 20000000 attempts, skipping block
Mining block at height 1...
✗ Mining failed after 20000000 attempts, skipping block
Mining block at height 1...
✗ Mining failed after 20000000 attempts, skipping block
Mining block at height 1...
✗ Mining failed after 20000000 attempts, skipping block
Mining block at height 1...
✗ Mining failed after 20000000 attempts, skipping block
Mining block at height 1...
✗ Mining failed after 20000000 attempts, skipping block
Mining block at height 1...
✗ Mining failed after 20000000 attempts, skipping block
Mining block at height 1...
✗ Mining failed after 20000000 attempts, skipping block
Mining block at height 1...
✗ Mining failed after 20000000 attempts, skipping block
Mining block at height 1...
✗ Mining failed after 20000000 attempts, skipping block
Mining block at height 1...
✗ Mining failed after 20000000 attempts, skipping block
Mining block at height 1...
✗ Mining failed after 20000000 attempts, skipping block
Mining block at height 1...
✗ Mining failed after 20000000 attempts, skipping block
Mining block at height 1...
✗ Mining failed after 20000000 attempts, skipping block
Mining block at height 1...
✗ Mining failed after 20000000 attempts, skipping block
Mining block at height 1...
✗ Mining failed after 20000000 attempts, skipping block
Mining block at height 1...
✗ Mining failed after 20000000 attempts, skipping block
Mining block at height 1...
✗ Mining failed after 20000000 attempts, skipping block
Mining block at height 1...
✗ Mining failed after 20000000 attempts, skipping block
Mining block at height 1...
✗ Mining failed after 20000000 attempts, skipping block
Mining block at height 1...
✗ Mining failed after 20000000 attempts, skipping block
Mining block at height 1...
✗ Mining failed after 20000000 attempts, skipping block
Mining block at height 1...
✗ Mining failed after 20000000 attempts, skipping block
Mining block at height 1...
✗ Mining failed after 20000000 attempts, skipping block
Mining block at height 1...
✗ Mining failed after 20000000 attempts, skipping block
Mining block at height 1...
✗ Mining failed after 20000000 attempts, skipping block
Mining block at height 1...
✗ Mining failed after 20000000 attempts, skipping block
Mining block at height 1...
✗ Mining failed after 20000000 attempts, skipping block
Mining block at height 1...
✗ Mining failed after 20000000 attempts, skipping block
Mining block at height 1...
✗ Mining failed after 20000000 attempts, skipping block
Mining block at height 1...
✗ Mining failed after 20000000 attempts, skipping block
Mining block at height 1...
✗ Mining failed after 20000000 attempts, skipping block
Mining block at height 1...
✗ Mining failed after 20000000 attempts, skipping block
Mining block at height 1...
✗ Mining failed after 20000000 attempts, skipping block
Mining block at height 1...
✗ Mining failed after 20000000 attempts, skipping block
Mining block at height 1...
✗ Mining failed after 20000000 attempts, skipping block
Mining block at height 1...
✗ Mining failed after 20000000 attempts, skipping block
Mining block at height 1...
✗ Mining failed after 20000000 attempts, skipping block
Mining block at height 1...
✗ Mining failed after 20000000 attempts, skipping block
Mining block at height 1...
✗ Mining failed after 20000000 attempts, skipping block
Mining block at height 1...
✗ Mining failed after 20000000 attempts, skipping block
Mining block at height 1...
✗ Mining failed after 20000000 attempts, skipping block
Mining block at height 1...
✗ Mining failed after 20000000 attempts, skipping block
Mining block at height 1...
✗ Mining failed after 20000000 attempts, skipping block
Mining block at height 1...
✗ Mining failed after 20000000 attempts, skipping block
Mining block at height 1...
✗ Mining failed after 20000000 attempts, skipping block
Mining block at height 1...
✗ Mining failed after 20000000 attempts, skipping block
Mining block at height 1...
✗ Mining failed after 20000000 attempts, skipping block
Mining block at height 1...
✗ Mining failed after 20000000 attempts, skipping block
Mining block at height 1...
✗ Mining failed after 20000000 attempts, skipping block
Mining block at height 1...
✗ Mining failed after 20000000 attempts, skipping block
Mining block at height 1...
✗ Mining failed after 20000000 attempts, skipping block
Mining block at height 1...
✗ Mining failed after 20000000 attempts, skipping block
Mining block at height 1...
✗ Mining failed after 20000000 attempts, skipping block
Mining block at height 1...
✗ Mining failed after 20000000 attempts, skipping block
Mining block at height 1...
✗ Mining failed after 20000000 attempts, skipping block
Mining block at height 1...
✗ Mining failed after 20000000 attempts, skipping block
Mining block at height 1...
✗ Mining failed after 20000000 attempts, skipping block
Mining block at height 1...
✗ Mining failed after 20000000 attempts, skipping block
Mining block at height 1...
✗ Mining failed after 20000000 attempts, skipping block
Mining block at height 1...
✗ Mining failed after 20000000 attempts, skipping block
Mining block at height 1...
✗ Mining failed after 20000000 attempts, skipping block
Mining block at height 1...
✗ Mining failed after 20000000 attempts, skipping block
Mining block at height 1...
✗ Mining failed after 20000000 attempts, skipping block
Mining block at height 1...
✗ Mining failed after 20000000 attempts, skipping block
Mining block at height 1...
✗ Mining failed after 20000000 attempts, skipping block
Mining block at height 1...
✗ Mining failed after 20000000 attempts, skipping block
Mining block at height 1...
✗ Mining failed after 20000000 attempts, skipping block
Mining block at height 1...
✗ Mining failed after 20000000 attempts, skipping block
Mining block at height 1...
✗ Mining failed after 20000000 attempts, skipping block
Mining block at height 1...
✗ Mining failed after 20000000 attempts, skipping block
Mining block at height 1...
✗ Mining failed after 20000000 attempts, skipping block
Mining block at height 1...
✗ Mining failed after 20000000 attempts, skipping block
Mining block at height 1...
✗ Mining failed after 20000000 attempts, skipping block
Mining block at height 1...
✗ Mining failed after 20000000 attempts, skipping block
Mining block at height 1...
✗ Mining failed after 20000000 attempts, skipping block
Mining block at height 1...
✗ Mining failed after 20000000 attempts, skipping block
Mining block at height 1...
✗ Mining failed after 20000000 attempts, skipping block
Mining block at height 1...
✗ Mining failed after 20000000 attempts, skipping block
Mining block at height 1...
✗ Mining failed after 20000000 attempts, skipping block
Mining block at height 1...
✗ Mining failed after 20000000 attempts, skipping block
Mining block at height 1...
✗ Mining failed after 20000000 attempts, skipping block
Mining block at height 1...
✗ Mining failed after 20000000 attempts, skipping block
Mining block at height 1...
✗ Mining failed after 20000000 attempts, skipping block
Mining block at height 1...
✗ Mining failed after 20000000 attempts, skipping block
Mining block at height 1...
✗ Mining failed after 20000000 attempts, skipping block
Mining block at height 1...
✗ Mining failed after 20000000 attempts, skipping block
Mining block at height 1...
✗ Mining failed after 20000000 attempts, skipping block
Mining block at height 1...
✗ Mining failed after 20000000 attempts, skipping block
Mining block at height 1...
✗ Mining failed after 20000000 attempts, skipping block
Mining block at height 1...
✗ Mining failed after 20000000 attempts, skipping block
Mining block at height 1...
✗ Mining failed after 20000000 attempts, skipping block
Mining block at height 1...
✗ Mining failed after 20000000 attempts, skipping block
Mining block at height 1...
✗ Mining failed after 20000000 attempts, skipping block
Mining block at height 1...
✗ Mining failed after 20000000 attempts, skipping block
Mining block at height 1...
✗ Mining failed after 20000000 attempts, skipping block
Mining block at height 1...
✗ Mining failed after 20000000 attempts, skipping block
Mining block at height 1...
✗ Mining failed after 20000000 attempts, skipping block
Mining block at height 1...
✗ Mining failed after 20000000 attempts, skipping block
Mining block at height 1...
✗ Mining failed after 20000000 attempts, skipping block
Mining block at height 1...
✗ Mining failed after 20000000 attempts, skipping block
Mining block at height 1...
✗ Mining failed after 20000000 attempts, skipping block
Mining block at height 1...
✗ Mining failed after 20000000 attempts, skipping block
Mining block at height 1...
✗ Mining failed after 20000000 attempts, skipping block
Mining block at height 1...
✗ Mining failed after 20000000 attempts, skipping block
Mining block at height 1...
✗ Mining failed after 20000000 attempts, skipping block
Mining block at height 1...
✗ Mining failed after 20000000 attempts, skipping block
Mining block at height 1...
✗ Mining failed after 20000000 attempts, skipping block
Mining block at height 1...
✗ Mining failed after 20000000 attempts, skipping block
Mining block at height 1...
✗ Mining failed after 20000000 attempts, skipping block
Mining block at height 1...
✗ Mining failed after 20000000 attempts, skipping block
Mining block at height 1...
✗ Mining failed after 20000000 attempts, skipping block
Mining block at height 1...
✗ Mining failed after 20000000 attempts, skipping block
Mining block at height 1...
✗ Mining failed after 20000000 attempts, skipping block
Mining block at height 1...
✗ Mining failed after 20000000 attempts, skipping block
Mining block at height 1...
✗ Mining failed after 20000000 attempts, skipping block
Mining block at height 1...
✗ Mining failed after 20000000 attempts, skipping block
Mining block at height 1...
✗ Mining failed after 20000000 attempts, skipping block
Mining block at height 1...
✗ Mining failed after 20000000 attempts, skipping block
Mining block at height 1...
✗ Mining failed after 20000000 attempts, skipping block
Mining block at height 1...
✗ Mining failed after 20000000 attempts, skipping block
Mining block at height 1...
✗ Mining failed after 20000000 attempts, skipping block
Mining block at height 1...
✗ Mining failed after 20000000 attempts, skipping block
Mining block at height 1...
✗ Mining failed after 20000000 attempts, skipping block
Mining block at height 1...
✗ Mining failed after 20000000 attempts, skipping block
Mining block at height 1...
✗ Mining failed after 20000000 attempts, skipping block
Mining block at height 1...
✗ Mining failed after 20000000 attempts, skipping block
Mining block at height 1...
✗ Mining failed after 20000000 attempts, skipping block
Mining block at height 1...
✗ Mining failed after 20000000 attempts, skipping block
Mining block at height 1...
✗ Mining failed after 20000000 attempts, skipping block
Mining block at height 1...
✗ Mining failed after 20000000 attempts, skipping block
Mining block at height 1...
✗ Mining failed after 20000000 attempts, skipping block
Mining block at height 1...
✗ Mining failed after 20000000 attempts, skipping block
Mining block at height 1...
✗ Mining failed after 20000000 attempts, skipping block
Mining block at height 1...
✗ Mining failed after 20000000 attempts, skipping block
Mining block at height 1...
✗ Mining failed after 20000000 attempts, skipping block
Mining block at height 1...
✗ Mining failed after 20000000 attempts, skipping block
Mining block at height 1...
✗ Mining failed after 20000000 attempts, skipping block
Mining block at height 1...
✗ Mining failed after 20000000 attempts, skipping block
Mining block at height 1...
✗ Mining failed after 20000000 attempts, skipping block
Mining block at height 1...
✗ Mining failed after 20000000 attempts, skipping block
Mining block at height 1...
✗ Mining failed after 20000000 attempts, skipping block
Mining block at height 1...
✗ Mining failed after 20000000 attempts, skipping block
Mining block at height 1...
✗ Mining failed after 20000000 attempts, skipping block
Mining block at height 1...
✗ Mining failed after 20000000 attempts, skipping block
Mining block at height 1...
✗ Mining failed after 20000000 attempts, skipping block
Mining block at height 1...
✗ Mining failed after 20000000 attempts, skipping block
Mining block at height 1...
✗ Mining failed after 20000000 attempts, skipping block
Mining block at height 1...
✗ Mining failed after 20000000 attempts, skipping block
Mining block at height 1...
✗ Mining failed after 20000000 attempts, skipping block
Mining block at height 1...
✗ Mining failed after 20000000 attempts, skipping block
Mining block at height 1...
✗ Mining failed after 20000000 attempts, skipping block
Mining block at height 1...
✗ Mining failed after 20000000 attempts, skipping block
Mining block at height 1...
✗ Mining failed after 20000000 attempts, skipping block
Mining block at height 1...
✗ Mining failed after 20000000 attempts, skipping block
Mining block at height 1...
✗ Mining failed after 20000000 attempts, skipping block
Mining block at height 1...
✗ Mining failed after 20000000 attempts, skipping block
Mining block at height 1...
✗ Mining failed after 20000000 attempts, skipping block
Mining block at height 1...
✗ Mining failed after 20000000 attempts, skipping block
Mining block at height 1...
✗ Mining failed after 20000000 attempts, skipping block
Mining block at height 1...
✗ Mining failed after 20000000 attempts, skipping block
Mining block at height 1...
✗ Mining failed after 20000000 attempts, skipping block
Mining block at height 1...
✗ Mining failed after 20000000 attempts, skipping block
Mining block at height 1...
✗ Mining failed after 20000000 attempts, skipping block
Mining block at height 1...
✗ Mining failed after 20000000 attempts, skipping block
Mining block at height 1...
✗ Mining failed after 20000000 attempts, skipping block
Mining block at height 1...
✗ Mining failed after 20000000 attempts, skipping block
Mining block at height 1...
✗ Mining failed after 20000000 attempts, skipping block
Mining block at height 1...
✗ Mining failed after 20000000 attempts, skipping block
Mining block at height 1...
✗ Mining failed after 20000000 attempts, skipping block
Mining block at height 1...
✗ Mining failed after 20000000 attempts, skipping block
Mining block at height 1...
✗ Mining failed after 20000000 attempts, skipping block
Mining block at height 1...
✗ Mining failed after 20000000 attempts, skipping block
Mining block at height 1...
✗ Mining failed after 20000000 attempts, skipping block
Mining block at height 1...
✗ Mining failed after 20000000 attempts, skipping block
Mining block at height 1...
✗ Mining failed after 20000000 attempts, skipping block
Mining block at height 1...
✗ Mining failed after 20000000 attempts, skipping block
Mining block at height 1...
✗ Mining failed after 20000000 attempts, skipping block
Mining block at height 1...
✗ Mining failed after 20000000 attempts, skipping block
Mining block at height 1...
✗ Mining failed after 20000000 attempts, skipping block
Mining block at height 1...
✗ Mining failed after 20000000 attempts, skipping block
Mining block at height 1...
✗ Mining failed after 20000000 attempts, skipping block
Mining block at height 1...
✗ Mining failed after 20000000 attempts, skipping block
Mining block at height 1...
✗ Mining failed after 20000000 attempts, skipping block
Mining block at height 1...
✗ Mining failed after 20000000 attempts, skipping block
Mining block at height 1...
✗ Mining failed after 20000000 attempts, skipping block
Mining block at height 1...
✗ Mining failed after 20000000 attempts, skipping block
Mining block at height 1...
✗ Mining failed after 20000000 attempts, skipping block
Mining block at height 1...
✗ Mining failed after 20000000 attempts, skipping block
Mining block at height 1...
✗ Mining failed after 20000000 attempts, skipping block
Mining block at height 1...
✗ Mining failed after 20000000 attempts, skipping block
Mining block at height 1...
✗ Mining failed after 20000000 attempts, skipping block
Mining block at height 1...
✗ Mining failed after 20000000 attempts, skipping block
Mining block at height 1...
✗ Mining failed after 20000000 attempts, skipping block
Mining block at height 1...
✗ Mining failed after 20000000 attempts, skipping block
Mining block at height 1...
✗ Mining failed after 20000000 attempts, skipping block
Mining block at height 1...
✗ Mining failed after 20000000 attempts, skipping block
Mining block at height 1...
✗ Mining failed after 20000000 attempts, skipping block
Mining block at height 1...
✗ Mining failed after 20000000 attempts, skipping block
Mining block at height 1...
✗ Mining failed after 20000000 attempts, skipping block
Mining block at height 1...
✗ Mining failed after 20000000 attempts, skipping block
Mining block at height 1...
✗ Mining failed after 20000000 attempts, skipping block
Mining block at height 1...
✗ Mining failed after 20000000 attempts, skipping block
Mining block at height 1...
✗ Mining failed after 20000000 attempts, skipping block
Mining block at height 1...
✗ Mining failed after 20000000 attempts, skipping block
Mining block at height 1...
✗ Mining failed after 20000000 attempts, skipping block
Mining block at height 1...
✗ Mining failed after 20000000 attempts, skipping block
Mining block at height 1...
✗ Mining failed after 20000000 attempts, skipping block
Mining block at height 1...
✗ Mining failed after 20000000 attempts, skipping block
Mining block at height 1...
✗ Mining failed after 20000000 attempts, skipping block
Mining block at height 1...
✗ Mining failed after 20000000 attempts, skipping block
Mining block at height 1...
✗ Mining failed after 20000000 attempts, skipping block
Mining block at height 1...
✗ Mining failed after 20000000 attempts, skipping block
Mining block at height 1...
✗ Mining failed after 20000000 attempts, skipping block
Mining block at height 1...
✗ Mining failed after 20000000 attempts, skipping block
Mining block at height 1...
✗ Mining failed after 20000000 attempts, skipping block
Mining block at height 1...
✗ Mining failed after 20000000 attempts, skipping block
Mining block at height 1...
✗ Mining failed after 20000000 attempts, skipping block
Mining block at height 1...
✗ Mining failed after 20000000 attempts, skipping block
Mining block at height 1...
✗ Mining failed after 20000000 attempts, skipping block
Mining block at height 1...
✗ Mining failed after 20000000 attempts, skipping block
Mining block at height 1...
✗ Mining failed after 20000000 attempts, skipping block
Mining block at height 1...
✗ Mining failed after 20000000 attempts, skipping block
Mining block at height 1...
✗ Mining failed after 20000000 attempts, skipping block
Mining block at height 1...
✗ Mining failed after 20000000 attempts, skipping block
Mining block at height 1...
✗ Mining failed after 20000000 attempts, skipping block
Mining block at height 1...
✗ Mining failed after 20000000 attempts, skipping block
Mining block at height 1...
✗ Mining failed after 20000000 attempts, skipping block
Mining block at height 1...
✗ Mining failed after 20000000 attempts, skipping block
Mining block at height 1...
✗ Mining failed after 20000000 attempts, skipping block
Mining block at height 1...
✗ Mining failed after 20000000 attempts, skipping block
Mining block at height 1...
✗ Mining failed after 20000000 attempts, skipping block
Mining block at height 1...
✗ Mining failed after 20000000 attempts, skipping block
Mining block at height 1...
✗ Mining failed after 20000000 attempts, skipping block
Mining block at height 1...
✗ Mining failed after 20000000 attempts, skipping block
Mining block at height 1...
✗ Mining failed after 20000000 attempts, skipping block
Mining block at height 1...
✗ Mining failed after 20000000 attempts, skipping block
Mining block at height 1...
✗ Mining failed after 20000000 attempts, skipping block
Mining block at height 1...
✗ Mining failed after 20000000 attempts, skipping block
Mining block at height 1...
✗ Mining failed after 20000000 attempts, skipping block
Mining block at height 1...
✗ Mining failed after 20000000 attempts, skipping block
Mining block at height 1...
✗ Mining failed after 20000000 attempts, skipping block
Mining block at height 1...
✗ Mining failed after 20000000 attempts, skipping block
Mining block at height 1...
✗ Mining failed after 20000000 attempts, skipping block
Mining block at height 1...
✗ Mining failed after 20000000 attempts, skipping block
Mining block at height 1...
✗ Mining failed after 20000000 attempts, skipping block
Mining block at height 1...
✗ Mining failed after 20000000 attempts, skipping block
Mining block at height 1...
✗ Mining failed after 20000000 attempts, skipping block
Mining block at height 1...
✗ Mining failed after 20000000 attempts, skipping block
Mining block at height 1...
✗ Mining failed after 20000000 attempts, skipping block
Mining block at height 1...
✗ Mining failed after 20000000 attempts, skipping block
Mining block at height 1...
✗ Mining failed after 20000000 attempts, skipping block
Mining block at height 1...
✗ Mining failed after 20000000 attempts, skipping block
Mining block at height 1...
✗ Mining failed after 20000000 attempts, skipping block
Mining block at height 1...
✗ Mining failed after 20000000 attempts, skipping block
Mining block at height 1...
✗ Mining failed after 20000000 attempts, skipping block
Mining block at height 1...
✗ Mining failed after 20000000 attempts, skipping block
Mining block at height 1...
✗ Mining failed after 20000000 attempts, skipping block
Mining block at height 1...
✗ Mining failed after 20000000 attempts, skipping block
Mining block at height 1...
✗ Mining failed after 20000000 attempts, skipping block
Mining block at height 1...
✗ Mining failed after 20000000 attempts, skipping block
Mining block at height 1...
✗ Mining failed after 20000000 attempts, skipping block
Mining block at height 1...
✗ Mining failed after 20000000 attempts, skipping block
Mining block at height 1...
✗ Mining failed after 20000000 attempts, skipping block
Mining block at height 1...
✗ Mining failed after 20000000 attempts, skipping block
Mining block at height 1...
✗ Mining failed after 20000000 attempts, skipping block
Mining block at height 1...
✗ Mining failed after 20000000 attempts, skipping block
Mining block at height 1...
✗ Mining failed after 20000000 attempts, skipping block
Mining block at height 1...
✗ Mining failed after 20000000 attempts, skipping block
Mining block at height 1...
✗ Mining failed after 20000000 attempts, skipping block
Mining block at height 1...
✗ Mining failed after 20000000 attempts, skipping block
Mining block at height 1...
✗ Mining failed after 20000000 attempts, skipping block
Mining block at height 1...
✗ Mining failed after 20000000 attempts, skipping block
Mining block at height 1...
✗ Mining failed after 20000000 attempts, skipping block
Mining block at height 1...
✗ Mining failed after 20000000 attempts, skipping block
Mining block at height 1...
✗ Mining failed after 20000000 attempts, skipping block
Mining block at height 1...
✗ Mining failed after 20000000 attempts, skipping block
Mining block at height 1...
✗ Mining failed after 20000000 attempts, skipping block
Mining block at height 1...
✗ Mining failed after 20000000 attempts, skipping block
Mining block at height 1...
✗ Mining failed after 20000000 attempts, skipping block
Mining block at height 1...
✗ Mining failed after 20000000 attempts, skipping block
Mining block at height 1...
✗ Mining failed after 20000000 attempts, skipping block
Mining block at height 1...
✗ Mining failed after 20000000 attempts, skipping block
Mining block at height 1...
✗ Mining failed after 20000000 attempts, skipping block
Mining block at height 1...
✗ Mining failed after 20000000 attempts, skipping block
Mining block at height 1...
✗ Mining failed after 20000000 attempts, skipping block
Mining block at height 1...
✗ Mining failed after 20000000 attempts, skipping block
Mining block at height 1...
✗ Mining failed after 20000000 attempts, skipping block
Mining block at height 1...
✗ Mining failed after 20000000 attempts, skipping block
Mining block at height 1...
✗ Mining failed after 20000000 attempts, skipping block
Mining block at height 1...
✗ Mining failed after 20000000 attempts, skipping block
Mining block at height 1...
✗ Mining failed after 20000000 attempts, skipping block
Mining block at height 1...
✗ Mining failed after 20000000 attempts, skipping block
Mining block at height 1...
✗ Mining failed after 20000000 attempts, skipping block
Mining block at height 1...
✗ Mining failed after 20000000 attempts, skipping block
Mining block at height 1...
✗ Mining failed after 20000000 attempts, skipping block
Mining block at height 1...
✗ Mining failed after 20000000 attempts, skipping block
Mining block at height 1...
✗ Mining failed after 20000000 attempts, skipping block
Mining block at height 1...
✗ Mining failed after 20000000 attempts, skipping block
Mining block at height 1...
✗ Mining failed after 20000000 attempts, skipping block
Mining block at height 1...
✗ Mining failed after 20000000 attempts, skipping block
Mining block at height 1...
✗ Mining failed after 20000000 attempts, skipping block
Mining block at height 1...
✗ Mining failed after 20000000 attempts, skipping block
Mining block at height 1...
✗ Mining failed after 20000000 attempts, skipping block
Mining block at height 1...
✗ Mining failed after 20000000 attempts, skipping block
Mining block at height 1...
✗ Mining failed after 20000000 attempts, skipping block
Mining block at height 1...
✗ Mining failed after 20000000 attempts, skipping block
Mining block at height 1...
✗ Mining failed after 20000000 attempts, skipping block
Mining block at height 1...
✗ Mining failed after 20000000 attempts, skipping block
Mining block at height 1...
✗ Mining failed after 20000000 attempts, skipping block
Mining block at height 1...
✗ Mining failed after 20000000 attempts, skipping block
Mining block at height 1...
✗ Mining failed after 20000000 attempts, skipping block
Mining block at height 1...
✗ Mining failed after 20000000 attempts, skipping block
Mining block at height 1...
✗ Mining failed after 20000000 attempts, skipping block
Mining block at height 1...
✗ Mining failed after 20000000 attempts, skipping block
Mining block at height 1...
✗ Mining failed after 20000000 attempts, skipping block
Mining block at height 1...
✗ Mining failed after 20000000 attempts, skipping block
Mining block at height 1...
✗ Mining failed after 20000000 attempts, skipping block
Mining block at height 1...
✗ Mining failed after 20000000 attempts, skipping block
Mining block at height 1...
✗ Mining failed after 20000000 attempts, skipping block
Mining block at height 1...
✗ Mining failed after 20000000 attempts, skipping block
Mining block at height 1...
✗ Mining failed after 20000000 attempts, skipping block
Mining block at height 1...
✗ Mining failed after 20000000 attempts, skipping block
Mining block at height 1...
✗ Mining failed after 20000000 attempts, skipping block
Mining block at height 1...
✗ Mining failed after 20000000 attempts, skipping block
Mining block at height 1...
✗ Mining failed after 20000000 attempts, skipping block
Mining block at height 1...
✗ Mining failed after 20000000 attempts, skipping block
Mining block at height 1...
✗ Mining failed after 20000000 attempts, skipping block
Mining block at height 1...
✗ Mining failed after 20000000 attempts, skipping block
Mining block at height 1...
✗ Mining failed after 20000000 attempts, skipping block
Mining block at height 1...
✗ Mining failed after 20000000 attempts, skipping block
Mining block at height 1...
✗ Mining failed after 20000000 attempts, skipping block
Mining block at height 1...
✗ Mining failed after 20000000 attempts, skipping block
Mining block at height 1...
✗ Mining failed after 20000000 attempts, skipping block
Mining block at height 1...
✗ Mining failed after 20000000 attempts, skipping block
Mining block at height 1...
✗ Mining failed after 20000000 attempts, skipping block
Mining block at height 1...
✗ Mining failed after 20000000 attempts, skipping block
Mining block at height 1...
✗ Mining failed after 20000000 attempts, skipping block
Mining block at height 1...
✗ Mining failed after 20000000 attempts, skipping block
Mining block at height 1...
✗ Mining failed after 20000000 attempts, skipping block
Mining block at height 1...
✗ Mining failed after 20000000 attempts, skipping block
Mining block at height 1...
✗ Mining failed after 20000000 attempts, skipping block
Mining block at height 1...
✗ Mining failed after 20000000 attempts, skipping block
Mining block at height 1...
✗ Mining failed after 20000000 attempts, skipping block
Mining block at height 1...
✗ Mining failed after 20000000 attempts, skipping block
Mining block at height 1...
✗ Mining failed after 20000000 attempts, skipping block
Mining block at height 1...
✗ Mining failed after 20000000 attempts, skipping block
Mining block at height 1...
✗ Mining failed after 20000000 attempts, skipping block
Mining block at height 1...
✗ Mining failed after 20000000 attempts, skipping block
Mining block at height 1...
✗ Mining failed after 20000000 attempts, skipping block
Mining block at height 1...
✗ Mining failed after 20000000 attempts, skipping block
Mining block at height 1...
✗ Mining failed after 20000000 attempts, skipping block
Mining block at height 1...
✗ Mining failed after 20000000 attempts, skipping block
Mining block at height 1...
✗ Mining failed after 20000000 attempts, skipping block
Mining block at height 1...
✗ Mining failed after 20000000 attempts, skipping block
Mining block at height 1...
✗ Mining failed after 20000000 attempts, skipping block
Mining block at height 1...
✗ Mining failed after 20000000 attempts, skipping block
Mining block at height 1...
✗ Mining failed after 20000000 attempts, skipping block
Mining block at height 1...
✗ Mining failed after 20000000 attempts, skipping block
Mining block at height 1...
✗ Mining failed after 20000000 attempts, skipping block
Mining block at height 1...
✗ Mining failed after 20000000 attempts, skipping block
Mining block at height 1...
✗ Mining failed after 20000000 attempts, skipping block
Mining block at height 1...
✗ Mining failed after 20000000 attempts, skipping block
Mining block at height 1...
✗ Mining failed after 20000000 attempts, skipping block
Mining block at height 1...
✗ Mining failed after 20000000 attempts, skipping block
Mining block at height 1...
✗ Mining failed after 20000000 attempts, skipping block
Mining block at height 1...
✗ Mining failed after 20000000 attempts, skipping block
Mining block at height 1...
✗ Mining failed after 20000000 attempts, skipping block
Mining block at height 1...
✗ Mining failed after 20000000 attempts, skipping block
Mining block at height 1...
✗ Mining failed after 20000000 attempts, skipping block
Mining block at height 1...
✗ Mining failed after 20000000 attempts, skipping block
Mining block at height 1...
✗ Mining failed after 20000000 attempts, skipping block
Mining block at height 1...
✗ Mining failed after 20000000 attempts, skipping block
Mining block at height 1...
✗ Mining failed after 20000000 attempts, skipping block
Mining block at height 1...
✗ Mining failed after 20000000 attempts, skipping block
Mining block at height 1...
✗ Mining failed after 20000000 attempts, skipping block
Mining block at height 1...
✗ Mining failed after 20000000 attempts, skipping block
Mining block at height 1...
✗ Mining failed after 20000000 attempts, skipping block
Mining block at height 1...
✗ Mining failed after 20000000 attempts, skipping block
Mining block at height 1...
✗ Mining failed after 20000000 attempts, skipping block
Mining block at height 1...
✗ Mining failed after 20000000 attempts, skipping block
Mining block at height 1...
✗ Mining failed after 20000000 attempts, skipping block
Mining block at height 1...
✗ Mining failed after 20000000 attempts, skipping block
Mining block at height 1...
✗ Mining failed after 20000000 attempts, skipping block
Mining block at height 1...
✗ Mining failed after 20000000 attempts, skipping block
Mining block at height 1...
✗ Mining failed after 20000000 attempts, skipping block
Mining block at height 1...
✗ Mining failed after 20000000 attempts, skipping block
Mining block at height 1...
✗ Mining failed after 20000000 attempts, skipping block
Mining block at height 1...
✗ Mining failed after 20000000 attempts, skipping block
Mining block at height 1...
✗ Mining failed after 20000000 attempts, skipping block
Mining block at height 1...
✗ Mining failed after 20000000 attempts, skipping block
Mining block at height 1...
✗ Mining failed after 20000000 attempts, skipping block
Mining block at height 1...
✗ Mining failed after 20000000 attempts, skipping block
Mining block at height 1...
✗ Mining failed after 20000000 attempts, skipping block
Mining block at height 1...
✗ Mining failed after 20000000 attempts, skipping block
Mining block at height 1...
✗ Mining failed after 20000000 attempts, skipping block
Mining block at height 1...
✗ Mining failed after 20000000 attempts, skipping block
Mining block at height 1...
✗ Mining failed after 20000000 attempts, skipping block
Mining block at height 1...
✗ Mining failed after 20000000 attempts, skipping block
Mining block at height 1...
✗ Mining failed after 20000000 attempts, skipping block
Mining block at height 1...
✗ Mining failed after 20000000 attempts, skipping block
Mining block at height 1...
✗ Mining failed after 20000000 attempts, skipping block
Mining block at height 1...
✗ Mining failed after 20000000 attempts, skipping block
Mining block at height 1...
✗ Mining failed after 20000000 attempts, skipping block
Mining block at height 1...
✗ Mining failed after 20000000 attempts, skipping block
Mining block at height 1...
✗ Mining failed after 20000000 attempts, skipping block
Mining block at height 1...
✗ Mining failed after 20000000 attempts, skipping block
Mining block at height 1...
✗ Mining failed after 20000000 attempts, skipping block
Mining block at height 1...
✗ Mining failed after 20000000 attempts, skipping block
Mining block at height 1...
✗ Mining failed after 20000000 attempts, skipping block
Mining block at height 1...
✗ Mining failed after 20000000 attempts, skipping block
Mining block at height 1...
✗ Mining failed after 20000000 attempts, skipping block
Mining block at height 1...
✗ Mining failed after 20000000 attempts, skipping block
Mining block at height 1...
✗ Mining failed after 20000000 attempts, skipping block
Mining block at height 1...
✗ Mining failed after 20000000 attempts, skipping block
Mining block at height 1...
✗ Mining failed after 20000000 attempts, skipping block
Mining block at height 1...
✗ Mining failed after 20000000 attempts, skipping block
Mining block at height 1...
✗ Mining failed after 20000000 attempts, skipping block
Mining block at height 1...
✗ Mining failed after 20000000 attempts, skipping block
Mining block at height 1...
✗ Mining failed after 20000000 attempts, skipping block
Mining block at height 1...
✗ Mining failed after 20000000 attempts, skipping block
Mining block at height 1...
✗ Mining failed after 20000000 attempts, skipping block
Mining block at height 1...
✗ Mining failed after 20000000 attempts, skipping block
Mining block at height 1...
✗ Mining failed after 20000000 attempts, skipping block
Mining block at height 1...
✗ Mining failed after 20000000 attempts, skipping block
Mining block at height 1...
✗ Mining failed after 20000000 attempts, skipping block
Mining block at height 1...
✗ Mining failed after 20000000 attempts, skipping block
Mining block at height 1...
✗ Mining failed after 20000000 attempts, skipping block
Mining block at height 1...
✗ Mining failed after 20000000 attempts, skipping block
Mining block at height 1...
✗ Mining failed after 20000000 attempts, skipping block
Mining block at height 1...
✗ Mining failed after 20000000 attempts, skipping block
Mining block at height 1...
✗ Mining failed after 20000000 attempts, skipping block
Mining block at height 1...
✗ Mining failed after 20000000 attempts, skipping block
Mining block at height 1...
✗ Mining failed after 20000000 attempts, skipping block
Mining block at height 1...
✗ Mining failed after 20000000 attempts, skipping block
Mining block at height 1...
✗ Mining failed after 20000000 attempts, skipping block
Mining block at height 1...
✗ Mining failed after 20000000 attempts, skipping block
Mining block at height 1...
✗ Mining failed after 20000000 attempts, skipping block
Mining block at height 1...
✗ Mining failed after 20000000 attempts, skipping block
Mining block at height 1...
✗ Mining failed after 20000000 attempts, skipping block
Mining block at height 1...
✗ Mining failed after 20000000 attempts, skipping block
Mining block at height 1...
✗ Mining failed after 20000000 attempts, skipping block
Mining block at height 1...
✗ Mining failed after 20000000 attempts, skipping block
Mining block at height 1...
✗ Mining failed after 20000000 attempts, skipping block
Mining block at height 1...
✗ Mining failed after 20000000 attempts, skipping block
Mining block at height 1...
✗ Mining failed after 20000000 attempts, skipping block
Mining block at height 1...
✗ Mining failed after 20000000 attempts, skipping block
Mining block at height 1...
✗ Mining failed after 20000000 attempts, skipping block
Mining block at height 1...
✗ Mining failed after 20000000 attempts, skipping block
Mining block at height 1...
✗ Mining failed after 20000000 attempts, skipping block
Mining block at height 1...
✗ Mining failed after 20000000 attempts, skipping block
Mining block at height 1...
✗ Mining failed after 20000000 attempts, skipping block
Mining block at height 1...
✗ Mining failed after 20000000 attempts, skipping block
Mining block at height 1...
✗ Mining failed after 20000000 attempts, skipping block
Mining block at height 1...
✗ Mining failed after 20000000 attempts, skipping block
Mining block at height 1...
✗ Mining failed after 20000000 attempts, skipping block
Mining block at height 1...
✗ Mining failed after 20000000 attempts, skipping block
Mining block at height 1...
✗ Mining failed after 20000000 attempts, skipping block
Mining block at height 1...
✗ Mining failed after 20000000 attempts, skipping block
Mining block at height 1...
✗ Mining failed after 20000000 attempts, skipping block
Mining block at height 1...
✗ Mining failed after 20000000 attempts, skipping block
Mining block at height 1...
✗ Mining failed after 20000000 attempts, skipping block
Mining block at height 1...
✗ Mining failed after 20000000 attempts, skipping block
Mining block at height 1...
✗ Mining failed after 20000000 attempts, skipping block
Mining block at height 1...
✗ Mining failed after 20000000 attempts, skipping block
Mining block at height 1...
✗ Mining failed after 20000000 attempts, skipping block
Mining block at height 1...
✗ Mining failed after 20000000 attempts, skipping block
Mining block at height 1...
✗ Mining failed after 20000000 attempts, skipping block
Mining block at height 1...
✗ Mining failed after 20000000 attempts, skipping block
Mining block at height 1...
✗ Mining failed after 20000000 attempts, skipping block
Mining block at height 1...
✗ Mining failed after 20000000 attempts, skipping block
Mining block at height 1...
✗ Mining failed after 20000000 attempts, skipping block
Mining block at height 1...
✗ Mining failed after 20000000 attempts, skipping block
Mining block at height 1...
✗ Mining failed after 20000000 attempts, skipping block
Mining block at height 1...
✗ Mining failed after 20000000 attempts, skipping block
Mining block at height 1...
✗ Mining failed after 20000000 attempts, skipping block
Mining block at height 1...
✗ Mining failed after 20000000 attempts, skipping block
Mining block at height 1...
✗ Mining failed after 20000000 attempts, skipping block
Mining block at height 1...
✗ Mining failed after 20000000 attempts, skipping block
Mining block at height 1...
✗ Mining failed after 20000000 attempts, skipping block
Mining block at height 1...
✗ Mining failed after 20000000 attempts, skipping block
Mining block at height 1...
✗ Mining failed after 20000000 attempts, skipping block
Mining block at height 1...
✗ Mining failed after 20000000 attempts, skipping block
Mining block at height 1...
✗ Mining failed after 20000000 attempts, skipping block
Mining block at height 1...
✗ Mining failed after 20000000 attempts, skipping block
Mining block at height 1...
✗ Mining failed after 20000000 attempts, skipping block
Mining block at height 1...
✗ Mining failed after 20000000 attempts, skipping block
Mining block at height 1...
✗ Mining failed after 20000000 attempts, skipping block
Mining block at height 1...
✗ Mining failed after 20000000 attempts, skipping block
Mining block at height 1...
✗ Mining failed after 20000000 attempts, skipping block
Mining block at height 1...
✗ Mining failed after 20000000 attempts, skipping block
Mining block at height 1...
✗ Mining failed after 20000000 attempts, skipping block
Mining block at height 1...
✗ Mining failed after 20000000 attempts, skipping block
Mining block at height 1...
✗ Mining failed after 20000000 attempts, skipping block
Mining block at height 1...
✗ Mining failed after 20000000 attempts, skipping block
Mining block at height 1...
✗ Mining failed after 20000000 attempts, skipping block
Mining block at height 1...
✗ Mining failed after 20000000 attempts, skipping block
Mining block at height 1...
✗ Mining failed after 20000000 attempts, skipping block
Mining block at height 1...
✗ Mining failed after 20000000 attempts, skipping block
Mining block at height 1...
✗ Mining failed after 20000000 attempts, skipping block
Mining block at height 1...
✗ Mining failed after 20000000 attempts, skipping block
Mining block at height 1...
✗ Mining failed after 20000000 attempts, skipping block
Mining block at height 1...
✗ Mining failed after 20000000 attempts, skipping block
Mining block at height 1...
✗ Mining failed after 20000000 attempts, skipping block
Mining block at height 1...
✗ Mining failed after 20000000 attempts, skipping block
Mining block at height 1...
✗ Mining failed after 20000000 attempts, skipping block
Mining block at height 1...
✗ Mining failed after 20000000 attempts, skipping block
Mining block at height 1...
✗ Mining failed after 20000000 attempts, skipping block
Mining block at height 1...
✗ Mining failed after 20000000 attempts, skipping block
Mining block at height 1...
✗ Mining failed after 20000000 attempts, skipping block
Mining block at height 1...
✗ Mining failed after 20000000 attempts, skipping block
Mining block at height 1...
✗ Mining failed after 20000000 attempts, skipping block
Mining block at height 1...
✗ Mining failed after 20000000 attempts, skipping block
Mining block at height 1...
✗ Mining failed after 20000000 attempts, skipping block
Mining block at height 1...
✗ Mining failed after 20000000 attempts, skipping block
Mining block at height 1...
✗ Mining failed after 20000000 attempts, skipping block
Mining block at height 1...
✗ Mining failed after 20000000 attempts, skipping block
Mining block at height 1...
✗ Mining failed after 20000000 attempts, skipping block
Mining block at height 1...
✗ Mining failed after 20000000 attempts, skipping block
Mining block at height 1...
✗ Mining failed after 20000000 attempts, skipping block
Mining block at height 1...
✗ Mining failed after 20000000 attempts, skipping block
Mining block at height 1...
✗ Mining failed after 20000000 attempts, skipping block
Mining block at height 1...
✗ Mining failed after 20000000 attempts, skipping block
Mining block at height 1...
✗ Mining failed after 20000000 attempts, skipping block
Mining block at height 1...
✗ Mining failed after 20000000 attempts, skipping block
Mining block at height 1...
✗ Mining failed after 20000000 attempts, skipping block
Mining block at height 1...
✗ Mining failed after 20000000 attempts, skipping block
Mining block at height 1...
✗ Mining failed after 20000000 attempts, skipping block
Mining block at height 1...
✗ Mining failed after 20000000 attempts, skipping block
Mining block at height 1...
✗ Mining failed after 20000000 attempts, skipping block
Mining block at height 1...
✗ Mining failed after 20000000 attempts, skipping block
Mining block at height 1...
✗ Mining failed after 20000000 attempts, skipping block
Mining block at height 1...
✗ Mining failed after 20000000 attempts, skipping block
Mining block at height 1...
✗ Mining failed after 20000000 attempts, skipping block
Mining block at height 1...
✗ Mining failed after 20000000 attempts, skipping block
Mining block at height 1...
✗ Mining failed after 20000000 attempts, skipping block
Mining block at height 1...
✗ Mining failed after 20000000 attempts, skipping block
Mining block at height 1...
✗ Mining failed after 20000000 attempts, skipping block
Mining block at height 1...
✗ Mining failed after 20000000 attempts, skipping block
Mining block at height 1...
✗ Mining failed after 20000000 attempts, skipping block
Mining block at height 1...
✗ Mining failed after 20000000 attempts, skipping block
Mining block at height 1...
✗ Mining failed after 20000000 attempts, skipping block
Mining block at height 1...
✗ Mining failed after 20000000 attempts, skipping block
Mining block at height 1...
✗ Mining failed after 20000000 attempts, skipping block
Mining block at height 1...
✗ Mining failed after 20000000 attempts, skipping block
Mining block at height 1...
✗ Mining failed after 20000000 attempts, skipping block
Mining block at height 1...
✗ Mining failed after 20000000 attempts, skipping block
Mining block at height 1...
✗ Mining failed after 20000000 attempts, skipping block
Mining block at height 1...
✗ Mining failed after 20000000 attempts, skipping block
Mining block at height 1...
✗ Mining failed after 20000000 attempts, skipping block
Mining block at height 1...
✗ Mining failed after 20000000 attempts, skipping block
Mining block at height 1...
✗ Mining failed after 20000000 attempts, skipping block
Mining block at height 1...
✗ Mining failed after 20000000 attempts, skipping block
Mining block at height 1...
✗ Mining failed after 20000000 attempts, skipping block
Mining block at height 1...
✗ Mining failed after 20000000 attempts, skipping block
Mining block at height 1...
✗ Mining failed after 20000000 attempts, skipping block
Mining block at height 1...
✗ Mining failed after 20000000 attempts, skipping block
Mining block at height 1...
✗ Mining failed after 20000000 attempts, skipping block
Mining block at height 1...
✗ Mining failed after 20000000 attempts, skipping block
Mining block at height 1...
✗ Mining failed after 20000000 attempts, skipping block
Mining block at height 1...
✗ Mining failed after 20000000 attempts, skipping block
Mining block at height 1...
✗ Mining failed after 20000000 attempts, skipping block
Mining block at height 1...
✗ Mining failed after 20000000 attempts, skipping block
Mining block at height 1...
✗ Mining failed after 20000000 attempts, skipping block
Mining block at height 1...
✗ Mining failed after 20000000 attempts, skipping block
Mining block at height 1...
✗ Mining failed after 20000000 attempts, skipping block
Mining block at height 1...
✗ Mining failed after 20000000 attempts, skipping block
Mining block at height 1...
✗ Mining failed after 20000000 attempts, skipping block
Mining block at height 1...
✗ Mining failed after 20000000 attempts, skipping block
Mining block at height 1...
✗ Mining failed after 20000000 attempts, skipping block
Mining block at height 1...
✗ Mining failed after 20000000 attempts, skipping block
Mining block at height 1...
✗ Mining failed after 20000000 attempts, skipping block
Mining block at height 1...
✗ Mining failed after 20000000 attempts, skipping block
Mining block at height 1...
✗ Mining failed after 20000000 attempts, skipping block
Mining block at height 1...
✗ Mining failed after 20000000 attempts, skipping block
Mining block at height 1...
✗ Mining failed after 20000000 attempts, skipping block
Mining block at height 1...
✗ Mining failed after 20000000 attempts, skipping block
Mining block at height 1...
✗ Mining failed after 20000000 attempts, skipping block
Mining block at height 1...
✗ Mining failed after 20000000 attempts, skipping block
Mining block at height 1...
✗ Mining failed after 20000000 attempts, skipping block
Mining block at height 1...
✗ Mining failed after 20000000 attempts, skipping block
Mining block at height 1...
✗ Mining failed after 20000000 attempts, skipping block
Mining block at height 1...
✗ Mining failed after 20000000 attempts, skipping block
Mining block at height 1...
✗ Mining failed after 20000000 attempts, skipping block
Mining block at height 1...
✗ Mining failed after 20000000 attempts, skipping block
Mining block at height 1...
✗ Mining failed after 20000000 attempts, skipping block
Mining block at height 1...
✗ Mining failed after 20000000 attempts, skipping block
Mining block at height 1...
✗ Mining failed after 20000000 attempts, skipping block
Mining block at height 1...
✗ Mining failed after 20000000 attempts, skipping block
Mining block at height 1...
✗ Mining failed after 20000000 attempts, skipping block
Mining block at height 1...
✗ Mining failed after 20000000 attempts, skipping block
Mining block at height 1...
✗ Mining failed after 20000000 attempts, skipping block
Mining block at height 1...
✗ Mining failed after 20000000 attempts, skipping block
Mining block at height 1...
✗ Mining failed after 20000000 attempts, skipping block
Mining block at height 1...
✗ Mining failed after 20000000 attempts, skipping block
Mining block at height 1...
✗ Mining failed after 20000000 attempts, skipping block
Mining block at height 1...
✗ Mining failed after 20000000 attempts, skipping block
Mining block at height 1...
✗ Mining failed after 20000000 attempts, skipping block
Mining block at height 1...
✗ Mining failed after 20000000 attempts, skipping block
Mining block at height 1...
✗ Mining failed after 20000000 attempts, skipping block
Mining block at height 1...
✗ Mining failed after 20000000 attempts, skipping block
Mining block at height 1...
✗ Mining failed after 20000000 attempts, skipping block
Mining block at height 1...
✗ Mining failed after 20000000 attempts, skipping block
Mining block at height 1...
✗ Mining failed after 20000000 attempts, skipping block
Mining block at height 1...
✗ Mining failed after 20000000 attempts, skipping block
Mining block at height 1...
✗ Mining failed after 20000000 attempts, skipping block
Mining block at height 1...
✗ Mining failed after 20000000 attempts, skipping block
Mining block at height 1...
✗ Mining failed after 20000000 attempts, skipping block
Mining block at height 1...
✗ Mining failed after 20000000 attempts, skipping block
Mining block at height 1...
✗ Mining failed after 20000000 attempts, skipping block
Mining block at height 1...
✗ Mining failed after 20000000 attempts, skipping block
Mining block at height 1...
✗ Mining failed after 20000000 attempts, skipping block
Mining block at height 1...
✗ Mining failed after 20000000 attempts, skipping block
Mining block at height 1...
✗ Mining failed after 20000000 attempts, skipping block
Mining block at height 1...
✗ Mining failed after 20000000 attempts, skipping block
Mining block at height 1...
✗ Mining failed after 20000000 attempts, skipping block
Mining block at height 1...
✗ Mining failed after 20000000 attempts, skipping block
Mining block at height 1...
✗ Mining failed after 20000000 attempts, skipping block
Mining block at height 1...
✗ Mining failed after 20000000 attempts, skipping block
Mining block at height 1...
✗ Mining failed after 20000000 attempts, skipping block
Mining block at height 1...
✗ Mining failed after 20000000 attempts, skipping block
Mining block at height 1...
✗ Mining failed after 20000000 attempts, skipping block
Mining block at height 1...
✗ Mining failed after 20000000 attempts, skipping block
Mining block at height 1...
✗ Mining failed after 20000000 attempts, skipping block
Mining block at height 1...
✗ Mining failed after 20000000 attempts, skipping block
Mining block at height 1...
✗ Mining failed after 20000000 attempts, skipping block
Mining block at height 1...
✗ Mining failed after 20000000 attempts, skipping block
Mining block at height 1...
✗ Mining failed after 20000000 attempts, skipping block
Mining block at height 1...
✗ Mining failed after 20000000 attempts, skipping block
Mining block at height 1...
✗ Mining failed after 20000000 attempts, skipping block
Mining block at height 1...
✗ Mining failed after 20000000 attempts, skipping block
Mining block at height 1...
✗ Mining failed after 20000000 attempts, skipping block
Mining block at height 1...
✗ Mining failed after 20000000 attempts, skipping block
Mining block at height 1...
✗ Mining failed after 20000000 attempts, skipping block
Mining block at height 1...
✗ Mining failed after 20000000 attempts, skipping block
Mining block at height 1...
✗ Mining failed after 20000000 attempts, skipping block
Mining block at height 1...
✗ Mining failed after 20000000 attempts, skipping block
Mining block at height 1...
✗ Mining failed after 20000000 attempts, skipping block
Mining block at height 1...
✗ Mining failed after 20000000 attempts, skipping block
Mining block at height 1...
✗ Mining failed after 20000000 attempts, skipping block
Mining block at height 1...
✗ Mining failed after 20000000 attempts, skipping block
Mining block at height 1...
✗ Mining failed after 20000000 attempts, skipping block
Mining block at height 1...
✗ Mining failed after 20000000 attempts, skipping block
Mining block at height 1...
✗ Mining failed after 20000000 attempts, skipping block
Mining block at height 1...
✗ Mining failed after 20000000 attempts, skipping block
Mining block at height 1...
✗ Mining failed after 20000000 attempts, skipping block
Mining block at height 1...
✗ Mining failed after 20000000 attempts, skipping block
Mining block at height 1...
✗ Mining failed after 20000000 attempts, skipping block
Mining block at height 1...
✗ Mining failed after 20000000 attempts, skipping block
Mining block at height 1...
✗ Mining failed after 20000000 attempts, skipping block
Mining block at height 1...
✗ Mining failed after 20000000 attempts, skipping block
Mining block at height 1...
✗ Mining failed after 20000000 attempts, skipping block
Mining block at height 1...
✗ Mining failed after 20000000 attempts, skipping block
Mining block at height 1...
✗ Mining failed after 20000000 attempts, skipping block
Mining block at height 1...
✗ Mining failed after 20000000 attempts, skipping block
Mining block at height 1...
✗ Mining failed after 20000000 attempts, skipping block
Mining block at height 1...
✗ Mining failed after 20000000 attempts, skipping block
Mining block at height 1...
✗ Mining failed after 20000000 attempts, skipping block
Mining block at height 1...
✗ Mining failed after 20000000 attempts, skipping block
Mining block at height 1...
✗ Mining failed after 20000000 attempts, skipping block
Mining block at height 1...
✗ Mining failed after 20000000 attempts, skipping block
Mining block at height 1...
✗ Mining failed after 20000000 attempts, skipping block
Mining block at height 1...
✗ Mining failed after 20000000 attempts, skipping block
Mining block at height 1...
✗ Mining failed after 20000000 attempts, skipping block
Mining block at height 1...
✗ Mining failed after 20000000 attempts, skipping block
Mining block at height 1...
✗ Mining failed after 20000000 attempts, skipping block
Mining block at height 1...
✗ Mining failed after 20000000 attempts, skipping block
Mining block at height 1...
✗ Mining failed after 20000000 attempts, skipping block
Mining block at height 1...
✗ Mining failed after 20000000 attempts, skipping block
Mining block at height 1...
✗ Mining failed after 20000000 attempts, skipping block
Mining block at height 1...
✗ Mining failed after 20000000 attempts, skipping block
Mining block at height 1...
✗ Mining failed after 20000000 attempts, skipping block
Mining block at height 1...
✗ Mining failed after 20000000 attempts, skipping block
Mining block at height 1...
✗ Mining failed after 20000000 attempts, skipping block
Mining block at height 1...
✗ Mining failed after 20000000 attempts, skipping block
Mining block at height 1...
✗ Mining failed after 20000000 attempts, skipping block
Mining block at height 1...
✗ Mining failed after 20000000 attempts, skipping block
Mining block at height 1...
✗ Mining failed after 20000000 attempts, skipping block
Mining block at height 1...
✗ Mining failed after 20000000 attempts, skipping block
Mining block at height 1...
✗ Mining failed after 20000000 attempts, skipping block
Mining block at height 1...
✗ Mining failed after 20000000 attempts, skipping block
Mining block at height 1...
✗ Mining failed after 20000000 attempts, skipping block
Mining block at height 1...
✗ Mining failed after 20000000 attempts, skipping block
Mining block at height 1...
✗ Mining failed after 20000000 attempts, skipping block
Mining block at height 1...
✗ Mining failed after 20000000 attempts, skipping block
Mining block at height 1...
✗ Mining failed after 20000000 attempts, skipping block
Mining block at height 1...
✗ Mining failed after 20000000 attempts, skipping block
Mining block at height 1...
✗ Mining failed after 20000000 attempts, skipping block
Mining block at height 1...
✗ Mining failed after 20000000 attempts, skipping block
Mining block at height 1...
✗ Mining failed after 20000000 attempts, skipping block
Mining block at height 1...
✗ Mining failed after 20000000 attempts, skipping block
Mining block at height 1...
✗ Mining failed after 20000000 attempts, skipping block
Mining block at height 1...
✗ Mining failed after 20000000 attempts, skipping block
Mining block at height 1...
✗ Mining failed after 20000000 attempts, skipping block
Mining block at height 1...
✗ Mining failed after 20000000 attempts, skipping block
Mining block at height 1...
✗ Mining failed after 20000000 attempts, skipping block
Mining block at height 1...
✗ Mining failed after 20000000 attempts, skipping block
Mining block at height 1...
✗ Mining failed after 20000000 attempts, skipping block
Mining block at height 1...
✗ Mining failed after 20000000 attempts, skipping block
Mining block at height 1...
✗ Mining failed after 20000000 attempts, skipping block
Mining block at height 1...
✗ Mining failed after 20000000 attempts, skipping block
Mining block at height 1...
✗ Mining failed after 20000000 attempts, skipping block
Mining block at height 1...
✗ Mining failed after 20000000 attempts, skipping block
Mining block at height 1...
✗ Mining failed after 20000000 attempts, skipping block
Mining block at height 1...
✗ Mining failed after 20000000 attempts, skipping block
Mining block at height 1...
✗ Mining failed after 20000000 attempts, skipping block
Mining block at height 1...
✗ Mining failed after 20000000 attempts, skipping block
Mining block at height 1...
✗ Mining failed after 20000000 attempts, skipping block
Mining block at height 1...
✗ Mining failed after 20000000 attempts, skipping block
Mining block at height 1...
✗ Mining failed after 20000000 attempts, skipping block
Mining block at height 1...
✗ Mining failed after 20000000 attempts, skipping block
Mining block at height 1...
✗ Mining failed after 20000000 attempts, skipping block
Mining block at height 1...
✗ Mining failed after 20000000 attempts, skipping block
Mining block at height 1...
✗ Mining failed after 20000000 attempts, skipping block
Mining block at height 1...
✗ Mining failed after 20000000 attempts, skipping block
Mining block at height 1...
✗ Mining failed after 20000000 attempts, skipping block
Mining block at height 1...
✗ Mining failed after 20000000 attempts, skipping block
Mining block at height 1...
✗ Mining failed after 20000000 attempts, skipping block
Mining block at height 1...
✗ Mining failed after 20000000 attempts, skipping block
Mining block at height 1...
✗ Mining failed after 20000000 attempts, skipping block
Mining block at height 1...
✗ Mining failed after 20000000 attempts, skipping block
Mining block at height 1...
✗ Mining failed after 20000000 attempts, skipping block
Mining block at height 1...
✗ Mining failed after 20000000 attempts, skipping block
Mining block at height 1...
✗ Mining failed after 20000000 attempts, skipping block
Mining block at height 1...
✗ Mining failed after 20000000 attempts, skipping block
Mining block at height 1...
✗ Mining failed after 20000000 attempts, skipping block
Mining block at height 1...
✗ Mining failed after 20000000 attempts, skipping block
Mining block at height 1...
✗ Mining failed after 20000000 attempts, skipping block
Mining block at height 1...
✗ Mining failed after 20000000 attempts, skipping block
Mining block at height 1...
✗ Mining failed after 20000000 attempts, skipping block
Mining block at height 1...
✗ Mining failed after 20000000 attempts, skipping block
Mining block at height 1...
✗ Mining failed after 20000000 attempts, skipping block
Mining block at height 1...
✗ Mining failed after 20000000 attempts, skipping block
Mining block at height 1...
✗ Mining failed after 20000000 attempts, skipping block
Mining block at height 1...
✗ Mining failed after 20000000 attempts, skipping block
Mining block at height 1...
✗ Mining failed after 20000000 attempts, skipping block
Mining block at height 1...
✗ Mining failed after 20000000 attempts, skipping block
Mining block at height 1...
✗ Mining failed after 20000000 attempts, skipping block
Mining block at height 1...
✗ Mining failed after 20000000 attempts, skipping block
Mining block at height 1...
✗ Mining failed after 20000000 attempts, skipping block
Mining block at height 1...
✗ Mining failed after 20000000 attempts, skipping block
Mining block at height 1...
✗ Mining failed after 20000000 attempts, skipping block
Mining block at height 1...
✗ Mining failed after 20000000 attempts, skipping block
Mining block at height 1...
✗ Mining failed after 20000000 attempts, skipping block
Mining block at height 1...
✗ Mining failed after 20000000 attempts, skipping block
Mining block at height 1...
✗ Mining failed after 20000000 attempts, skipping block
Mining block at height 1...
✗ Mining failed after 20000000 attempts, skipping block
Mining block at height 1...
✗ Mining failed after 20000000 attempts, skipping block
Mining block at height 1...
✗ Mining failed after 20000000 attempts, skipping block
Mining block at height 1...
✗ Mining failed after 20000000 attempts, skipping block
Mining block at height 1...
✗ Mining failed after 20000000 attempts, skipping block
Mining block at height 1...
✗ Mining failed after 20000000 attempts, skipping block
Mining block at height 1...
✗ Mining failed after 20000000 attempts, skipping block
Mining block at height 1...
✗ Mining failed after 20000000 attempts, skipping block
Mining block at height 1...
✗ Mining failed after 20000000 attempts, skipping block
Mining block at height 1...
✗ Mining failed after 20000000 attempts, skipping block
Mining block at height 1...
✗ Mining failed after 20000000 attempts, skipping block
Mining block at height 1...
✗ Mining failed after 20000000 attempts, skipping block
Mining block at height 1...
✗ Mining failed after 20000000 attempts, skipping block
Mining block at height 1...
✗ Mining failed after 20000000 attempts, skipping block
Mining block at height 1...
✗ Mining failed after 20000000 attempts, skipping block
Mining block at height 1...
✗ Mining failed after 20000000 attempts, skipping block
Mining block at height 1...
✗ Mining failed after 20000000 attempts, skipping block
Mining block at height 1...
✗ Mining failed after 20000000 attempts, skipping block
Mining block at height 1...
✗ Mining failed after 20000000 attempts, skipping block
Mining block at height 1...
✗ Mining failed after 20000000 attempts, skipping block
Mining block at height 1...
✗ Mining failed after 20000000 attempts, skipping block
Mining block at height 1...
✗ Mining failed after 20000000 attempts, skipping block
Mining block at height 1...
✗ Mining failed after 20000000 attempts, skipping block
Mining block at height 1...
✗ Mining failed after 20000000 attempts, skipping block
Mining block at height 1...
✗ Mining failed after 20000000 attempts, skipping block
Mining block at height 1...
✗ Mining failed after 20000000 attempts, skipping block
Mining block at height 1...
✗ Mining failed after 20000000 attempts, skipping block
Mining block at height 1...
✗ Mining failed after 20000000 attempts, skipping block
Mining block at height 1...
✗ Mining failed after 20000000 attempts, skipping block
Mining block at height 1...
✗ Mining failed after 20000000 attempts, skipping block
Mining block at height 1...
✗ Mining failed after 20000000 attempts, skipping block
Mining block at height 1...
✗ Mining failed after 20000000 attempts, skipping block
Mining block at height 1...
✗ Mining failed after 20000000 attempts, skipping block
Mining block at height 1...
✗ Mining failed after 20000000 attempts, skipping block
Mining block at height 1...
✗ Mining failed after 20000000 attempts, skipping block
Mining block at height 1...
✗ Mining failed after 20000000 attempts, skipping block
Mining block at height 1...
✗ Mining failed after 20000000 attempts, skipping block
Mining block at height 1...
✗ Mining failed after 20000000 attempts, skipping block
Mining block at height 1...
✗ Mining failed after 20000000 attempts, skipping block
Mining block at height 1...
✗ Mining failed after 20000000 attempts, skipping block
Mining block at height 1...
✗ Mining failed after 20000000 attempts, skipping block
Mining block at height 1...
✗ Mining failed after 20000000 attempts, skipping block
Mining block at height 1...
✗ Mining failed after 20000000 attempts, skipping block
Mining block at height 1...
✗ Mining failed after 20000000 attempts, skipping block
Mining block at height 1...
✗ Mining failed after 20000000 attempts, skipping block
Mining block at height 1...
✗ Mining failed after 20000000 attempts, skipping block
Mining block at height 1...
✗ Mining failed after 20000000 attempts, skipping block
Mining block at height 1...
✗ Mining failed after 20000000 attempts, skipping block
Mining block at height 1...
✗ Mining failed after 20000000 attempts, skipping block
Mining block at height 1...
✗ Mining failed after 20000000 attempts, skipping block
Mining block at height 1...
✗ Mining failed after 20000000 attempts, skipping block
Mining block at height 1...
✗ Mining failed after 20000000 attempts, skipping block
Mining block at height 1...
✗ Mining failed after 20000000 attempts, skipping block
Mining block at height 1...
✗ Mining failed after 20000000 attempts, skipping block
Mining block at height 1...
✗ Mining failed after 20000000 attempts, skipping block
Mining block at height 1...
✗ Mining failed after 20000000 attempts, skipping block
Mining block at height 1...
✗ Mining failed after 20000000 attempts, skipping block
Mining block at height 1...
✗ Mining failed after 20000000 attempts, skipping block
Mining block at height 1...
✗ Mining failed after 20000000 attempts, skipping block
Mining block at height 1...
✗ Mining failed after 20000000 attempts, skipping block
Mining block at height 1...
✗ Mining failed after 20000000 attempts, skipping block
Mining block at height 1...
✗ Mining failed after 20000000 attempts, skipping block
Mining block at height 1...
✗ Mining failed after 20000000 attempts, skipping block
Mining block at height 1...
✗ Mining failed after 20000000 attempts, skipping block
Mining block at height 1...
✗ Mining failed after 20000000 attempts, skipping block
Mining block at height 1...
✗ Mining failed after 20000000 attempts, skipping block
Mining block at height 1...
✗ Mining failed after 20000000 attempts, skipping block
Mining block at height 1...
✗ Mining failed after 20000000 attempts, skipping block
Mining block at height 1...
✗ Mining failed after 20000000 attempts, skipping block
Mining block at height 1...
✗ Mining failed after 20000000 attempts, skipping block
Mining block at height 1...
✗ Mining failed after 20000000 attempts, skipping block
Mining block at height 1...
✗ Mining failed after 20000000 attempts, skipping block
Mining block at height 1...
✗ Mining failed after 20000000 attempts, skipping block
Mining block at height 1...
✗ Mining failed after 20000000 attempts, skipping block
Mining block at height 1...
✗ Mining failed after 20000000 attempts, skipping block
Mining block at height 1...
✗ Mining failed after 20000000 attempts, skipping block
Mining block at height 1...
✗ Mining failed after 20000000 attempts, skipping block
Mining block at height 1...
✗ Mining failed after 20000000 attempts, skipping block
Mining block at height 1...
✗ Mining failed after 20000000 attempts, skipping block
Mining block at height 1...
✗ Mining failed after 20000000 attempts, skipping block
Mining block at height 1...
✗ Mining failed after 20000000 attempts, skipping block
Mining block at height 1...
✗ Mining failed after 20000000 attempts, skipping block
Mining block at height 1...
✗ Mining failed after 20000000 attempts, skipping block
Mining block at height 1...
✗ Mining failed after 20000000 attempts, skipping block
Mining block at height 1...
✗ Mining failed after 20000000 attempts, skipping block
Mining block at height 1...
✗ Mining failed after 20000000 attempts, skipping block
Mining block at height 1...
✗ Mining failed after 20000000 attempts, skipping block
Mining block at height 1...
✗ Mining failed after 20000000 attempts, skipping block
Mining block at height 1...
✗ Mining failed after 20000000 attempts, skipping block
Mining block at height 1...
✗ Mining failed after 20000000 attempts, skipping block
Mining block at height 1...
✗ Mining failed after 20000000 attempts, skipping block
Mining block at height 1...
✗ Mining failed after 20000000 attempts, skipping block
Mining block at height 1...
✗ Mining failed after 20000000 attempts, skipping block
Mining block at height 1...
✗ Mining failed after 20000000 attempts, skipping block
Mining block at height 1...
✗ Mining failed after 20000000 attempts, skipping block
Mining block at height 1...
✗ Mining failed after 20000000 attempts, skipping block
Mining block at height 1...
✗ Mining failed after 20000000 attempts, skipping block
Mining block at height 1...
✗ Mining failed after 20000000 attempts, skipping block
Mining block at height 1...
✗ Mining failed after 20000000 attempts, skipping block
Mining block at height 1...
✗ Mining failed after 20000000 attempts, skipping block
Mining block at height 1...
✗ Mining failed after 20000000 attempts, skipping block
Mining block at height 1...
✗ Mining failed after 20000000 attempts, skipping block
Mining block at height 1...
✗ Mining failed after 20000000 attempts, skipping block
Mining block at height 1...
✗ Mining failed after 20000000 attempts, skipping block
Mining block at height 1...
✗ Mining failed after 20000000 attempts, skipping block
Mining block at height 1...
✗ Mining failed after 20000000 attempts, skipping block
Mining block at height 1...
✗ Mining failed after 20000000 attempts, skipping block
Mining block at height 1...
✗ Mining failed after 20000000 attempts, skipping block
Mining block at height 1...
✗ Mining failed after 20000000 attempts, skipping block
Mining block at height 1...
✗ Mining failed after 20000000 attempts, skipping block
Mining block at height 1...
✗ Mining failed after 20000000 attempts, skipping block
Mining block at height 1...
✗ Mining failed after 20000000 attempts, skipping block
Mining block at height 1...
✗ Mining failed after 20000000 attempts, skipping block
Mining block at height 1...
✗ Mining failed after 20000000 attempts, skipping block
Mining block at height 1...
✗ Mining failed after 20000000 attempts, skipping block
Mining block at height 1...
✗ Mining failed after 20000000 attempts, skipping block
Mining block at height 1...
✗ Mining failed after 20000000 attempts, skipping block
Mining block at height 1...
✗ Mining failed after 20000000 attempts, skipping block
Mining block at height 1...
✗ Mining failed after 20000000 attempts, skipping block
Mining block at height 1...
✗ Mining failed after 20000000 attempts, skipping block
Mining block at height 1...
✗ Mining failed after 20000000 attempts, skipping block
Mining block at height 1...
✗ Mining failed after 20000000 attempts, skipping block
Mining block at height 1...
✗ Mining failed after 20000000 attempts, skipping block
Mining block at height 1...
✗ Mining failed after 20000000 attempts, skipping block
Mining block at height 1...
✗ Mining failed after 20000000 attempts, skipping block
Mining block at height 1...
✗ Mining failed after 20000000 attempts, skipping block
Mining block at height 1...
✗ Mining failed after 20000000 attempts, skipping block
Mining block at height 1...
✗ Mining failed after 20000000 attempts, skipping block
Mining block at height 1...
✗ Mining failed after 20000000 attempts, skipping block
Mining block at height 1...
✗ Mining failed after 20000000 attempts, skipping block
Mining block at height 1...
✗ Mining failed after 20000000 attempts, skipping block
Mining block at height 1...
✗ Mining failed after 20000000 attempts, skipping block
Mining block at height 1...
✗ Mining failed after 20000000 attempts, skipping block
Mining block at height 1...
✗ Mining failed after 20000000 attempts, skipping block
Mining block at height 1...
✗ Mining failed after 20000000 attempts, skipping block
Mining block at height 1...
✗ Mining failed after 20000000 attempts, skipping block
Mining block at height 1...
✗ Mining failed after 20000000 attempts, skipping block
Mining block at height 1...
✗ Mining failed after 20000000 attempts, skipping block
Mining block at height 1...
✗ Mining failed after 20000000 attempts, skipping block
Mining block at height 1...
✗ Mining failed after 20000000 attempts, skipping block
Mining block at height 1...
✗ Mining failed after 20000000 attempts, skipping block
Mining block at height 1...
✗ Mining failed after 20000000 attempts, skipping block
Mining block at height 1...
✗ Mining failed after 20000000 attempts, skipping block
Mining block at height 1...
✗ Mining failed after 20000000 attempts, skipping block
Mining block at height 1...
✗ Mining failed after 20000000 attempts, skipping block
Mining block at height 1...
✗ Mining failed after 20000000 attempts, skipping block
Mining block at height 1...
✗ Mining failed after 20000000 attempts, skipping block
Mining block at height 1...
✗ Mining failed after 20000000 attempts, skipping block
Mining block at height 1...
✗ Mining failed after 20000000 attempts, skipping block
Mining block at height 1...
✗ Mining failed after 20000000 attempts, skipping block
Mining block at height 1...
✗ Mining failed after 20000000 attempts, skipping block
Mining block at height 1...
✗ Mining failed after 20000000 attempts, skipping block
Mining block at height 1...
✗ Mining failed after 20000000 attempts, skipping block
Mining block at height 1...
✗ Mining failed after 20000000 attempts, skipping block
Mining block at height 1...
✗ Mining failed after 20000000 attempts, skipping block
Mining block at height 1...
✗ Mining failed after 20000000 attempts, skipping block
Mining block at height 1...
✗ Mining failed after 20000000 attempts, skipping block
Mining block at height 1...
✗ Mining failed after 20000000 attempts, skipping block
Mining block at height 1...
✗ Mining failed after 20000000 attempts, skipping block
Mining block at height 1...
✗ Mining failed after 20000000 attempts, skipping block
Mining block at height 1...
✗ Mining failed after 20000000 attempts, skipping block
Mining block at height 1...
✗ Mining failed after 20000000 attempts, skipping block
Mining block at height 1...
✗ Mining failed after 20000000 attempts, skipping block
Mining block at height 1...
✗ Mining failed after 20000000 attempts, skipping block
Mining block at height 1...
✗ Mining failed after 20000000 attempts, skipping block
Mining block at height 1...
✗ Mining failed after 20000000 attempts, skipping block
Mining block at height 1...
✗ Mining failed after 20000000 attempts, skipping block
Mining block at height 1...
✗ Mining failed after 20000000 attempts, skipping block
Mining block at height 1...
✗ Mining failed after 20000000 attempts, skipping block
Mining block at height 1...
✗ Mining failed after 20000000 attempts, skipping block
Mining block at height 1...
✗ Mining failed after 20000000 attempts, skipping block
Mining block at height 1...
✗ Mining failed after 20000000 attempts, skipping block
Mining block at height 1...
✗ Mining failed after 20000000 attempts, skipping block
Mining block at height 1...
✗ Mining failed after 20000000 attempts, skipping block
Mining block at height 1...
✗ Mining failed after 20000000 attempts, skipping block
Mining block at height 1...
✗ Mining failed after 20000000 attempts, skipping block
Mining block at height 1...
✗ Mining failed after 20000000 attempts, skipping block
Mining block at height 1...
✗ Mining failed after 20000000 attempts, skipping block
Mining block at height 1...
✗ Mining failed after 20000000 attempts, skipping block
Mining block at height 1...
✗ Mining failed after 20000000 attempts, skipping block
Mining block at height 1...
✗ Mining failed after 20000000 attempts, skipping block
Mining block at height 1...
✗ Mining failed after 20000000 attempts, skipping block
Mining block at height 1...
✗ Mining failed after 20000000 attempts, skipping block
Mining block at height 1...
✗ Mining failed after 20000000 attempts, skipping block
Mining block at height 1...
✗ Mining failed after 20000000 attempts, skipping block
Mining block at height 1...
✗ Mining failed after 20000000 attempts, skipping block
Mining block at height 1...
✗ Mining failed after 20000000 attempts, skipping block
Mining block at height 1...
✗ Mining failed after 20000000 attempts, skipping block
Mining block at height 1...
✗ Mining failed after 20000000 attempts, skipping block
Mining block at height 1...
✗ Mining failed after 20000000 attempts, skipping block
Mining block at height 1...
✗ Mining failed after 20000000 attempts, skipping block
Mining block at height 1...
✗ Mining failed after 20000000 attempts, skipping block
Mining block at height 1...
✗ Mining failed after 20000000 attempts, skipping block
Mining block at height 1...
✗ Mining failed after 20000000 attempts, skipping block
Mining block at height 1...
✗ Mining failed after 20000000 attempts, skipping block
Mining block at height 1...
✗ Mining failed after 20000000 attempts, skipping block
Mining block at height 1...
✗ Mining failed after 20000000 attempts, skipping block
Mining block at height 1...
✗ Mining failed after 20000000 attempts, skipping block
Mining block at height 1...
✗ Mining failed after 20000000 attempts, skipping block
Mining block at height 1...
✗ Mining failed after 20000000 attempts, skipping block
Mining block at height 1...
✗ Mining failed after 20000000 attempts, skipping block
Mining block at height 1...
✗ Mining failed after 20000000 attempts, skipping block
Mining block at height 1...
✗ Mining failed after 20000000 attempts, skipping block
Mining block at height 1...
✗ Mining failed after 20000000 attempts, skipping block
Mining block at height 1...
✗ Mining failed after 20000000 attempts, skipping block
Mining block at height 1...
✗ Mining failed after 20000000 attempts, skipping block
Mining block at height 1...
✗ Mining failed after 20000000 attempts, skipping block
Mining block at height 1...
✗ Mining failed after 20000000 attempts, skipping block
Mining block at height 1...
✗ Mining failed after 20000000 attempts, skipping block
Mining block at height 1...
✗ Mining failed after 20000000 attempts, skipping block
Mining block at height 1...
✗ Mining failed after 20000000 attempts, skipping block
Mining block at height 1...
✗ Mining failed after 20000000 attempts, skipping block
Mining block at height 1...
✗ Mining failed after 20000000 attempts, skipping block
Mining block at height 1...
✗ Mining failed after 20000000 attempts, skipping block
Mining block at height 1...
✗ Mining failed after 20000000 attempts, skipping block
Mining block at height 1...
✗ Mining failed after 20000000 attempts, skipping block
Mining block at height 1...
✗ Mining failed after 20000000 attempts, skipping block
Mining block at height 1...
✗ Mining failed after 20000000 attempts, skipping block
Mining block at height 1...
✗ Mining failed after 20000000 attempts, skipping block
Mining block at height 1...
✗ Mining failed after 20000000 attempts, skipping block
Mining block at height 1...
✗ Mining failed after 20000000 attempts, skipping block
Mining block at height 1...
✗ Mining failed after 20000000 attempts, skipping block
Mining block at height 1...
✗ Mining failed after 20000000 attempts, skipping block
Mining block at height 1...
✗ Mining failed after 20000000 attempts, skipping block
Mining block at height 1...
✗ Mining failed after 20000000 attempts, skipping block
Mining block at height 1...
✗ Mining failed after 20000000 attempts, skipping block
Mining block at height 1...
✗ Mining failed after 20000000 attempts, skipping block
Mining block at height 1...
✗ Mining failed after 20000000 attempts, skipping block
Mining block at height 1...
✗ Mining failed after 20000000 attempts, skipping block
Mining block at height 1...
✗ Mining failed after 20000000 attempts, skipping block
Mining block at height 1...
✗ Mining failed after 20000000 attempts, skipping block
Mining block at height 1...
✗ Mining failed after 20000000 attempts, skipping block
Mining block at height 1...
✗ Mining failed after 20000000 attempts, skipping block
Mining block at height 1...
✗ Mining failed after 20000000 attempts, skipping block
Mining block at height 1...
✗ Mining failed after 20000000 attempts, skipping block
Mining block at height 1...
✗ Mining failed after 20000000 attempts, skipping block
Mining block at height 1...
✗ Mining failed after 20000000 attempts, skipping block
Mining block at height 1...
✗ Mining failed after 20000000 attempts, skipping block
Mining block at height 1...
✗ Mining failed after 20000000 attempts, skipping block
Mining block at height 1...
✗ Mining failed after 20000000 attempts, skipping block
Mining block at height 1...
✗ Mining failed after 20000000 attempts, skipping block
Mining block at height 1...
✗ Mining failed after 20000000 attempts, skipping block
Mining block at height 1...
✗ Mining failed after 20000000 attempts, skipping block
Mining block at height 1...
✗ Mining failed after 20000000 attempts, skipping block
Mining block at height 1...
✗ Mining failed after 20000000 attempts, skipping block
Mining block at height 1...
✗ Mining failed after 20000000 attempts, skipping block
Mining block at height 1...
✗ Mining failed after 20000000 attempts, skipping block
Mining block at height 1...
✗ Mining failed after 20000000 attempts, skipping block
Mining block at height 1...
✗ Mining failed after 20000000 attempts, skipping block
Mining block at height 1...
✗ Mining failed after 20000000 attempts, skipping block
Mining block at height 1...
✗ Mining failed after 20000000 attempts, skipping block
Mining block at height 1...
✗ Mining failed after 20000000 attempts, skipping block
Mining block at height 1...
✗ Mining failed after 20000000 attempts, skipping block
Mining block at height 1...
✗ Mining failed after 20000000 attempts, skipping block
Mining block at height 1...
✗ Mining failed after 20000000 attempts, skipping block
Mining block at height 1...
✗ Mining failed after 20000000 attempts, skipping block
Mining block at height 1...
✗ Mining failed after 20000000 attempts, skipping block
Mining block at height 1...
✗ Mining failed after 20000000 attempts, skipping block
Mining block at height 1...
✗ Mining failed after 20000000 attempts, skipping block
Mining block at height 1...
✗ Mining failed after 20000000 attempts, skipping block
Mining block at height 1...
✗ Mining failed after 20000000 attempts, skipping block
Mining block at height 1...
✗ Mining failed after 20000000 attempts, skipping block
Mining block at height 1...
✗ Mining failed after 20000000 attempts, skipping block
Mining block at height 1...
✗ Mining failed after 20000000 attempts, skipping block
Mining block at height 1...
✗ Mining failed after 20000000 attempts, skipping block
Mining block at height 1...
✗ Mining failed after 20000000 attempts, skipping block
Mining block at height 1...
✗ Mining failed after 20000000 attempts, skipping block
Mining block at height 1...
✗ Mining failed after 20000000 attempts, skipping block
Mining block at height 1...
✗ Mining failed after 20000000 attempts, skipping block
Mining block at height 1...
✗ Mining failed after 20000000 attempts, skipping block
Mining block at height 1...
✗ Mining failed after 20000000 attempts, skipping block
Mining block at height 1...
✗ Mining failed after 20000000 attempts, skipping block
Mining block at height 1...
✗ Mining failed after 20000000 attempts, skipping block
Mining block at height 1...
✗ Mining failed after 20000000 attempts, skipping block
Mining block at height 1...
✗ Mining failed after 20000000 attempts, skipping block
Mining block at height 1...
✗ Mining failed after 20000000 attempts, skipping block
Mining block at height 1...
✗ Mining failed after 20000000 attempts, skipping block
Mining block at height 1...
✗ Mining failed after 20000000 attempts, skipping block
Mining block at height 1...
✗ Mining failed after 20000000 attempts, skipping block
Mining block at height 1...
✗ Mining failed after 20000000 attempts, skipping block
Mining block at height 1...
✗ Mining failed after 20000000 attempts, skipping block
Mining block at height 1...
✗ Mining failed after 20000000 attempts, skipping block
Mining block at height 1...
✗ Mining failed after 20000000 attempts, skipping block
Mining block at height 1...
✗ Mining failed after 20000000 attempts, skipping block
Mining block at height 1...
✗ Mining failed after 20000000 attempts, skipping block
Mining block at height 1...
✗ Mining failed after 20000000 attempts, skipping block
Mining block at height 1...
✗ Mining failed after 20000000 attempts, skipping block
Mining block at height 1...
✗ Mining failed after 20000000 attempts, skipping block
Mining block at height 1...
✗ Mining failed after 20000000 attempts, skipping block
Mining block at height 1...
✗ Mining failed after 20000000 attempts, skipping block
Mining block at height 1...
✗ Mining failed after 20000000 attempts, skipping block
Mining block at height 1...
✗ Mining failed after 20000000 attempts, skipping block
Mining block at height 1...
✗ Mining failed after 20000000 attempts, skipping block
Mining block at height 1...
✗ Mining failed after 20000000 attempts, skipping block
Mining block at height 1...
✗ Mining failed after 20000000 attempts, skipping block
Mining block at height 1...
✗ Mining failed after 20000000 attempts, skipping block
Mining block at height 1...
✗ Mining failed after 20000000 attempts, skipping block
Mining block at height 1...
✗ Mining failed after 20000000 attempts, skipping block
Mining block at height 1...
✗ Mining failed after 20000000 attempts, skipping block
Mining block at height 1...
✗ Mining failed after 20000000 attempts, skipping block
Mining block at height 1...
✗ Mining failed after 20000000 attempts, skipping block
Mining block at height 1...
✗ Mining failed after 20000000 attempts, skipping block
Mining block at height 1...
✗ Mining failed after 20000000 attempts, skipping block
Mining block at height 1...
✗ Mining failed after 20000000 attempts, skipping block
Mining block at height 1...
✗ Mining failed after 20000000 attempts, skipping block
Mining block at height 1...
✗ Mining failed after 20000000 attempts, skipping block
Mining block at height 1...
✗ Mining failed after 20000000 attempts, skipping block
Mining block at height 1...
✗ Mining failed after 20000000 attempts, skipping block
Mining block at height 1...
✗ Mining failed after 20000000 attempts, skipping block
Mining block at height 1...
✗ Mining failed after 20000000 attempts, skipping block
Mining block at height 1...
✗ Mining failed after 20000000 attempts, skipping block
Mining block at height 1...
✗ Mining failed after 20000000 attempts, skipping block
Mining block at height 1...
✗ Mining failed after 20000000 attempts, skipping block
Mining block at height 1...
✗ Mining failed after 20000000 attempts, skipping block
Mining block at height 1...
✗ Mining failed after 20000000 attempts, skipping block
Mining block at height 1...
✗ Mining failed after 20000000 attempts, skipping block
Mining block at height 1...
✗ Mining failed after 20000000 attempts, skipping block
Mining block at height 1...
✗ Mining failed after 20000000 attempts, skipping block
Mining block at height 1...
✗ Mining failed after 20000000 attempts, skipping block
Mining block at height 1...
✗ Mining failed after 20000000 attempts, skipping block
Mining block at height 1...
✗ Mining failed after 20000000 attempts, skipping block
Mining block at height 1...
✗ Mining failed after 20000000 attempts, skipping block
Mining block at height 1...
✗ Mining failed after 20000000 attempts, skipping block
Mining block at height 1...
✗ Mining failed after 20000000 attempts, skipping block
Mining block at height 1...
✗ Mining failed after 20000000 attempts, skipping block
Mining block at height 1...
✗ Mining failed after 20000000 attempts, skipping block
Mining block at height 1...
✗ Mining failed after 20000000 attempts, skipping block
Mining block at height 1...
✗ Mining failed after 20000000 attempts, skipping block
Mining block at height 1...
✗ Mining failed after 20000000 attempts, skipping block
Mining block at height 1...
✗ Mining failed after 20000000 attempts, skipping block
Mining block at height 1...
✗ Mining failed after 20000000 attempts, skipping block
Mining block at height 1...
✗ Mining failed after 20000000 attempts, skipping block
Mining block at height 1...
✗ Mining failed after 20000000 attempts, skipping block
Mining block at height 1...
✗ Mining failed after 20000000 attempts, skipping block
Mining block at height 1...
✗ Mining failed after 20000000 attempts, skipping block
Mining block at height 1...
✗ Mining failed after 20000000 attempts, skipping block
Mining block at height 1...
✗ Mining failed after 20000000 attempts, skipping block
Mining block at height 1...
✗ Mining failed after 20000000 attempts, skipping block
Mining block at height 1...
✗ Mining failed after 20000000 attempts, skipping block
Mining block at height 1...
✗ Mining failed after 20000000 attempts, skipping block
Mining block at height 1...
✗ Mining failed after 20000000 attempts, skipping block
Mining block at height 1...
✗ Mining failed after 20000000 attempts, skipping block
Mining block at height 1...
✗ Mining failed after 20000000 attempts, skipping block
Mining block at height 1...
✗ Mining failed after 20000000 attempts, skipping block
Mining block at height 1...
✗ Mining failed after 20000000 attempts, skipping block
Mining block at height 1...
✗ Mining failed after 20000000 attempts, skipping block
Mining block at height 1...
✗ Mining failed after 20000000 attempts, skipping block
Mining block at height 1...
✗ Mining failed after 20000000 attempts, skipping block
Mining block at height 1...
✗ Mining failed after 20000000 attempts, skipping block
Mining block at height 1...
✗ Mining failed after 20000000 attempts, skipping block
Mining block at height 1...
✗ Mining failed after 20000000 attempts, skipping block
Mining block at height 1...
✗ Mining failed after 20000000 attempts, skipping block
Mining block at height 1...
✗ Mining failed after 20000000 attempts, skipping block
Mining block at height 1...
✗ Mining failed after 20000000 attempts, skipping block
Mining block at height 1...
✗ Mining failed after 20000000 attempts, skipping block
Mining block at height 1...
✗ Mining failed after 20000000 attempts, skipping block
Mining block at height 1...
✗ Mining failed after 20000000 attempts, skipping block
Mining block at height 1...
✗ Mining failed after 20000000 attempts, skipping block
Mining block at height 1...
✗ Mining failed after 20000000 attempts, skipping block
Mining block at height 1...
✗ Mining failed after 20000000 attempts, skipping block
Mining block at height 1...
✗ Mining failed after 20000000 attempts, skipping block
Mining block at height 1...
✗ Mining failed after 20000000 attempts, skipping block
Mining block at height 1...
✗ Mining failed after 20000000 attempts, skipping block
Mining block at height 1...
✗ Mining failed after 20000000 attempts, skipping block
Mining block at height 1...
✗ Mining failed after 20000000 attempts, skipping block
Mining block at height 1...
✗ Mining failed after 20000000 attempts, skipping block
Mining block at height 1...
✗ Mining failed after 20000000 attempts, skipping block
Mining block at height 1...
✗ Mining failed after 20000000 attempts, skipping block
Mining block at height 1...
✗ Mining failed after 20000000 attempts, skipping block
Mining block at height 1...
✗ Mining failed after 20000000 attempts, skipping block
Mining block at height 1...
✗ Mining failed after 20000000 attempts, skipping block
Mining block at height 1...
✗ Mining failed after 20000000 attempts, skipping block
Mining block at height 1...
✗ Mining failed after 20000000 attempts, skipping block
Mining block at height 1...
✗ Mining failed after 20000000 attempts, skipping block
Mining block at height 1...
✗ Mining failed after 20000000 attempts, skipping block
Mining block at height 1...
✗ Mining failed after 20000000 attempts, skipping block
Mining block at height 1...
✗ Mining failed after 20000000 attempts, skipping block
Mining block at height 1...
✗ Mining failed after 20000000 attempts, skipping block
Mining block at height 1...
✗ Mining failed after 20000000 attempts, skipping block
Mining block at height 1...
✗ Mining failed after 20000000 attempts, skipping block
Mining block at height 1...
✗ Mining failed after 20000000 attempts, skipping block
Mining block at height 1...
✗ Mining failed after 20000000 attempts, skipping block
Mining block at height 1...
✗ Mining failed after 20000000 attempts, skipping block
Mining block at height 1...
✗ Mining failed after 20000000 attempts, skipping block
Mining block at height 1...
✗ Mining failed after 20000000 attempts, skipping block
Mining block at height 1...
✗ Mining failed after 20000000 attempts, skipping block
Mining block at height 1...
✗ Mining failed after 20000000 attempts, skipping block
Mining block at height 1...
✗ Mining failed after 20000000 attempts, skipping block
Mining block at height 1...
✗ Mining failed after 20000000 attempts, skipping block
Mining block at height 1...
✗ Mining failed after 20000000 attempts, skipping block
Mining block at height 1...
✗ Mining failed after 20000000 attempts, skipping block
Mining block at height 1...
✗ Mining failed after 20000000 attempts, skipping block
Mining block at height 1...
✗ Mining failed after 20000000 attempts, skipping block
Mining block at height 1...
✗ Mining failed after 20000000 attempts, skipping block
Mining block at height 1...
✗ Mining failed after 20000000 attempts, skipping block
Mining block at height 1...
✗ Mining failed after 20000000 attempts, skipping block
Mining block at height 1...
✗ Mining failed after 20000000 attempts, skipping block
Mining block at height 1...
✗ Mining failed after 20000000 attempts, skipping block
Mining block at height 1...
✗ Mining failed after 20000000 attempts, skipping block
Mining block at height 1...
✗ Mining failed after 20000000 attempts, skipping block
Mining block at height 1...
✗ Mining failed after 20000000 attempts, skipping block
Mining block at height 1...
✗ Mining failed after 20000000 attempts, skipping block
Mining block at height 1...
✗ Mining failed after 20000000 attempts, skipping block
Mining block at height 1...
✗ Mining failed after 20000000 attempts, skipping block
Mining block at height 1...
✗ Mining failed after 20000000 attempts, skipping block
Mining block at height 1...
✗ Mining failed after 20000000 attempts, skipping block
Mining block at height 1...
✗ Mining failed after 20000000 attempts, skipping block
Mining block at height 1...
✗ Mining failed after 20000000 attempts, skipping block
Mining block at height 1...
✗ Mining failed after 20000000 attempts, skipping block
Mining block at height 1...
✗ Mining failed after 20000000 attempts, skipping block
Mining block at height 1...
✗ Mining failed after 20000000 attempts, skipping block
Mining block at height 1...
✗ Mining failed after 20000000 attempts, skipping block
Mining block at height 1...
✗ Mining failed after 20000000 attempts, skipping block
Mining block at height 1...
✗ Mining failed after 20000000 attempts, skipping block
Mining block at height 1...
✗ Mining failed after 20000000 attempts, skipping block
Mining block at height 1...
✗ Mining failed after 20000000 attempts, skipping block
Mining block at height 1...
✗ Mining failed after 20000000 attempts, skipping block
Mining block at height 1...
✗ Mining failed after 20000000 attempts, skipping block
Mining block at height 1...
✗ Mining failed after 20000000 attempts, skipping block
Mining block at height 1...
✗ Mining failed after 20000000 attempts, skipping block
Mining block at height 1...
✗ Mining failed after 20000000 attempts, skipping block
Mining block at height 1...
✗ Mining failed after 20000000 attempts, skipping block
Mining block at height 1...
✗ Mining failed after 20000000 attempts, skipping block
Mining block at height 1...
✗ Mining failed after 20000000 attempts, skipping block
Mining block at height 1...
✗ Mining failed after 20000000 attempts, skipping block
Mining block at height 1...
✗ Mining failed after 20000000 attempts, skipping block
Mining block at height 1...
✗ Mining failed after 20000000 attempts, skipping block
Mining block at height 1...
✗ Mining failed after 20000000 attempts, skipping block
Mining block at height 1...
✗ Mining failed after 20000000 attempts, skipping block
Mining block at height 1...
✗ Mining failed after 20000000 attempts, skipping block
Mining block at height 1...
✗ Mining failed after 20000000 attempts, skipping block
Mining block at height 1...
✗ Mining failed after 20000000 attempts, skipping block
Mining block at height 1...
✗ Mining failed after 20000000 attempts, skipping block
Mining block at height 1...
✗ Mining failed after 20000000 attempts, skipping block
Mining block at height 1...
✗ Mining failed after 20000000 attempts, skipping block
Mining block at height 1...
✗ Mining failed after 20000000 attempts, skipping block
Mining block at height 1...
✗ Mining failed after 20000000 attempts, skipping block
Mining block at height 1...
✗ Mining failed after 20000000 attempts, skipping block
Mining block at height 1...
✗ Mining failed after 20000000 attempts, skipping block
Mining block at height 1...
✗ Mining failed after 20000000 attempts, skipping block
Mining block at height 1...
✗ Mining failed after 20000000 attempts, skipping block
Mining block at height 1...
✗ Mining failed after 20000000 attempts, skipping block
Mining block at height 1...
✗ Mining failed after 20000000 attempts, skipping block
Mining block at height 1...
✗ Mining failed after 20000000 attempts, skipping block
Mining block at height 1...
✗ Mining failed after 20000000 attempts, skipping block
Mining block at height 1...
✗ Mining failed after 20000000 attempts, skipping block
Mining block at height 1...
✗ Mining failed after 20000000 attempts, skipping block
Mining block at height 1...
✗ Mining failed after 20000000 attempts, skipping block
Mining block at height 1...
✗ Mining failed after 20000000 attempts, skipping block
Mining block at height 1...
✗ Mining failed after 20000000 attempts, skipping block
Mining block at height 1...
✗ Mining failed after 20000000 attempts, skipping block
Mining block at height 1...
✗ Mining failed after 20000000 attempts, skipping block
Mining block at height 1...
✗ Mining failed after 20000000 attempts, skipping block
Mining block at height 1...
✗ Mining failed after 20000000 attempts, skipping block
Mining block at height 1...
✗ Mining failed after 20000000 attempts, skipping block
Mining block at height 1...
✗ Mining failed after 20000000 attempts, skipping block
Mining block at height 1...
✗ Mining failed after 20000000 attempts, skipping block
Mining block at height 1...
✗ Mining failed after 20000000 attempts, skipping block
Mining block at height 1...
✗ Mining failed after 20000000 attempts, skipping block
Mining block at height 1...
✗ Mining failed after 20000000 attempts, skipping block
Mining block at height 1...
✗ Mining failed after 20000000 attempts, skipping block
Mining block at height 1...
✗ Mining failed after 20000000 attempts, skipping block
Mining block at height 1...
✗ Mining failed after 20000000 attempts, skipping block
Mining block at height 1...
✗ Mining failed after 20000000 attempts, skipping block
Mining block at height 1...
✗ Mining failed after 20000000 attempts, skipping block
Mining block at height 1...
✗ Mining failed after 20000000 attempts, skipping block
Mining block at height 1...
✗ Mining failed after 20000000 attempts, skipping block
Mining block at height 1...
✗ Mining failed after 20000000 attempts, skipping block
Mining block at height 1...
✗ Mining failed after 20000000 attempts, skipping block
Mining block at height 1...
✗ Mining failed after 20000000 attempts, skipping block
Mining block at height 1...
✗ Mining failed after 20000000 attempts, skipping block
Mining block at height 1...
✗ Mining failed after 20000000 attempts, skipping block
Mining block at height 1...
✗ Mining failed after 20000000 attempts, skipping block
Mining block at height 1...
✗ Mining failed after 20000000 attempts, skipping block
Mining block at height 1...
✗ Mining failed after 20000000 attempts, skipping block
Mining block at height 1...
✗ Mining failed after 20000000 attempts, skipping block
Mining block at height 1...
✗ Mining failed after 20000000 attempts, skipping block
Mining block at height 1...
✗ Mining failed after 20000000 attempts, skipping block
Mining block at height 1...
✗ Mining failed after 20000000 attempts, skipping block
Mining block at height 1...
✗ Mining failed after 20000000 attempts, skipping block
Mining block at height 1...
✗ Mining failed after 20000000 attempts, skipping block
Mining block at height 1...
✗ Mining failed after 20000000 attempts, skipping block
Mining block at height 1...
✗ Mining failed after 20000000 attempts, skipping block
Mining block at height 1...
✗ Mining failed after 20000000 attempts, skipping block
Mining block at height 1...
✗ Mining failed after 20000000 attempts, skipping block
Mining block at height 1...
✗ Mining failed after 20000000 attempts, skipping block
Mining block at height 1...
✗ Mining failed after 20000000 attempts, skipping block
Mining block at height 1...
✗ Mining failed after 20000000 attempts, skipping block
Mining block at height 1...
✗ Mining failed after 20000000 attempts, skipping block
Mining block at height 1...
✗ Mining failed after 20000000 attempts, skipping block
Mining block at height 1...
✗ Mining failed after 20000000 attempts, skipping block
Mining block at height 1...
✗ Mining failed after 20000000 attempts, skipping block
Mining block at height 1...
✗ Mining failed after 20000000 attempts, skipping block
Mining block at height 1...
✗ Mining failed after 20000000 attempts, skipping block
Mining block at height 1...
✗ Mining failed after 20000000 attempts, skipping block
Mining block at height 1...
✗ Mining failed after 20000000 attempts, skipping block
Mining block at height 1...
✗ Mining failed after 20000000 attempts, skipping block
Mining block at height 1...
✗ Mining failed after 20000000 attempts, skipping block
Mining block at height 1...
✗ Mining failed after 20000000 attempts, skipping block
Mining block at height 1...
✗ Mining failed after 20000000 attempts, skipping block
Mining block at height 1...
✗ Mining failed after 20000000 attempts, skipping block
Mining block at height 1...
✗ Mining failed after 20000000 attempts, skipping block
Mining block at height 1...
✗ Mining failed after 20000000 attempts, skipping block
Mining block at height 1...
✗ Mining failed after 20000000 attempts, skipping block
Mining block at height 1...
✗ Mining failed after 20000000 attempts, skipping block
Mining block at height 1...
✗ Mining failed after 20000000 attempts, skipping block
Mining block at height 1...
✗ Mining failed after 20000000 attempts, skipping block
Mining block at height 1...
✗ Mining failed after 20000000 attempts, skipping block
Mining block at height 1...
✗ Mining failed after 20000000 attempts, skipping block
Mining block at height 1...
✗ Mining failed after 20000000 attempts, skipping block
Mining block at height 1...
✗ Mining failed after 20000000 attempts, skipping block
Mining block at height 1...
✗ Mining failed after 20000000 attempts, skipping block
Mining block at height 1...
✗ Mining failed after 20000000 attempts, skipping block
Mining block at height 1...
✗ Mining failed after 20000000 attempts, skipping block
Mining block at height 1...
✗ Mining failed after 20000000 attempts, skipping block
Mining block at height 1...
✗ Mining failed after 20000000 attempts, skipping block
Mining block at height 1...
✗ Mining failed after 20000000 attempts, skipping block
Mining block at height 1...
✗ Mining failed after 20000000 attempts, skipping block
Mining block at height 1...
✗ Mining failed after 20000000 attempts, skipping block
Mining block at height 1...
✗ Mining failed after 20000000 attempts, skipping block
Mining block at height 1...
✗ Mining failed after 20000000 attempts, skipping block
Mining block at height 1...
✗ Mining failed after 20000000 attempts, skipping block
Mining block at height 1...
✗ Mining failed after 20000000 attempts, skipping block
Mining block at height 1...
✗ Mining failed after 20000000 attempts, skipping block
Mining block at height 1...
✗ Mining failed after 20000000 attempts, skipping block
Mining block at height 1...
✗ Mining failed after 20000000 attempts, skipping block
Mining block at height 1...
✗ Mining failed after 20000000 attempts, skipping block
Mining block at height 1...
✗ Mining failed after 20000000 attempts, skipping block
Mining block at height 1...
✗ Mining failed after 20000000 attempts, skipping block
Mining block at height 1...
✗ Mining failed after 20000000 attempts, skipping block
Mining block at height 1...
✗ Mining failed after 20000000 attempts, skipping block
Mining block at height 1...
✗ Mining failed after 20000000 attempts, skipping block
Mining block at height 1...
✗ Mining failed after 20000000 attempts, skipping block
Mining block at height 1...
✗ Mining failed after 20000000 attempts, skipping block
Mining block at height 1...
✗ Mining failed after 20000000 attempts, skipping block
Mining block at height 1...
✗ Mining failed after 20000000 attempts, skipping block
Mining block at height 1...
✗ Mining failed after 20000000 attempts, skipping block
Mining block at height 1...
✗ Mining failed after 20000000 attempts, skipping block
Mining block at height 1...
✗ Mining failed after 20000000 attempts, skipping block
Mining block at height 1...
✗ Mining failed after 20000000 attempts, skipping block
Mining block at height 1...
✗ Mining failed after 20000000 attempts, skipping block
Mining block at height 1...
✗ Mining failed after 20000000 attempts, skipping block
Mining block at height 1...
✗ Mining failed after 20000000 attempts, skipping block
Mining block at height 1...
✗ Mining failed after 20000000 attempts, skipping block
Mining block at height 1...
✗ Mining failed after 20000000 attempts, skipping block
Mining block at height 1...
✗ Mining failed after 20000000 attempts, skipping block
Mining block at height 1...
✗ Mining failed after 20000000 attempts, skipping block
Mining block at height 1...
✗ Mining failed after 20000000 attempts, skipping block
Mining block at height 1...
✗ Mining failed after 20000000 attempts, skipping block
Mining block at height 1...
✗ Mining failed after 20000000 attempts, skipping block
Mining block at height 1...
✗ Mining failed after 20000000 attempts, skipping block
Mining block at height 1...
✗ Mining failed after 20000000 attempts, skipping block
Mining block at height 1...
✗ Mining failed after 20000000 attempts, skipping block
Mining block at height 1...
✗ Mining failed after 20000000 attempts, skipping block
Mining block at height 1...
✗ Mining failed after 20000000 attempts, skipping block
Mining block at height 1...
✗ Mining failed after 20000000 attempts, skipping block
Mining block at height 1...
✗ Mining failed after 20000000 attempts, skipping block
Mining block at height 1...
✗ Mining failed after 20000000 attempts, skipping block
Mining block at height 1...
✗ Mining failed after 20000000 attempts, skipping block
Mining block at height 1...
✗ Mining failed after 20000000 attempts, skipping block
Mining block at height 1...
✗ Mining failed after 20000000 attempts, skipping block
Mining block at height 1...
✗ Mining failed after 20000000 attempts, skipping block
Mining block at height 1...
✗ Mining failed after 20000000 attempts, skipping block
Mining block at height 1...
✗ Mining failed after 20000000 attempts, skipping block
Mining block at height 1...
✗ Mining failed after 20000000 attempts, skipping block
Mining block at height 1...
✗ Mining failed after 20000000 attempts, skipping block
Mining block at height 1...
✗ Mining failed after 20000000 attempts, skipping block
Mining block at height 1...
✗ Mining failed after 20000000 attempts, skipping block
Mining block at height 1...
✗ Mining failed after 20000000 attempts, skipping block
Mining block at height 1...
✗ Mining failed after 20000000 attempts, skipping block
Mining block at height 1...
✗ Mining failed after 20000000 attempts, skipping block
Mining block at height 1...
✗ Mining failed after 20000000 attempts, skipping block
Mining block at height 1...
✗ Mining failed after 20000000 attempts, skipping block
Mining block at height 1...
✗ Mining failed after 20000000 attempts, skipping block
Mining block at height 1...
✗ Mining failed after 20000000 attempts, skipping block
Mining block at height 1...
✗ Mining failed after 20000000 attempts, skipping block
Mining block at height 1...
✗ Mining failed after 20000000 attempts, skipping block
Mining block at height 1...
✗ Mining failed after 20000000 attempts, skipping block
Mining block at height 1...
✗ Mining failed after 20000000 attempts, skipping block
Mining block at height 1...
✗ Mining failed after 20000000 attempts, skipping block
Mining block at height 1...
✗ Mining failed after 20000000 attempts, skipping block
Mining block at height 1...
✗ Mining failed after 20000000 attempts, skipping block
Mining block at height 1...
✗ Mining failed after 20000000 attempts, skipping block
Mining block at height 1...
✗ Mining failed after 20000000 attempts, skipping block
Mining block at height 1...
✗ Mining failed after 20000000 attempts, skipping block
Mining block at height 1...
✗ Mining failed after 20000000 attempts, skipping block
Mining block at height 1...
✗ Mining failed after 20000000 attempts, skipping block
Mining block at height 1...
✗ Mining failed after 20000000 attempts, skipping block
Mining block at height 1...
✗ Mining failed after 20000000 attempts, skipping block
Mining block at height 1...
✗ Mining failed after 20000000 attempts, skipping block
Mining block at height 1...
✗ Mining failed after 20000000 attempts, skipping block
Mining block at height 1...
✗ Mining failed after 20000000 attempts, skipping block
Mining block at height 1...
✗ Mining failed after 20000000 attempts, skipping block
Mining block at height 1...
✗ Mining failed after 20000000 attempts, skipping block
Mining block at height 1...
✗ Mining failed after 20000000 attempts, skipping block
Mining block at height 1...
✗ Mining failed after 20000000 attempts, skipping block
Mining block at height 1...
✗ Mining failed after 20000000 attempts, skipping block
Mining block at height 1...
✗ Mining failed after 20000000 attempts, skipping block
Mining block at height 1...
✗ Mining failed after 20000000 attempts, skipping block
Mining block at height 1...
✗ Mining failed after 20000000 attempts, skipping block
Mining block at height 1...
✗ Mining failed after 20000000 attempts, skipping block
Mining block at height 1...
✗ Mining failed after 20000000 attempts, skipping block
Mining block at height 1...
✗ Mining failed after 20000000 attempts, skipping block
Mining block at height 1...
✗ Mining failed after 20000000 attempts, skipping block
Mining block at height 1...
✗ Mining failed after 20000000 attempts, skipping block
Mining block at height 1...
✗ Mining failed after 20000000 attempts, skipping block
Mining block at height 1...
✗ Mining failed after 20000000 attempts, skipping block
Mining block at height 1...
✗ Mining failed after 20000000 attempts, skipping block
Mining block at height 1...
✗ Mining failed after 20000000 attempts, skipping block
Mining block at height 1...
✗ Mining failed after 20000000 attempts, skipping block
Mining block at height 1...
✗ Mining failed after 20000000 attempts, skipping block
Mining block at height 1...
✗ Mining failed after 20000000 attempts, skipping block
Mining block at height 1...
✗ Mining failed after 20000000 attempts, skipping block
Mining block at height 1...
✗ Mining failed after 20000000 attempts, skipping block
Mining block at height 1...
✗ Mining failed after 20000000 attempts, skipping block
Mining block at height 1...
✗ Mining failed after 20000000 attempts, skipping block
Mining block at height 1...
✗ Mining failed after 20000000 attempts, skipping block
Mining block at height 1...
✗ Mining failed after 20000000 attempts, skipping block
Mining block at height 1...
✗ Mining failed after 20000000 attempts, skipping block
Mining block at height 1...
✗ Mining failed after 20000000 attempts, skipping block
Mining block at height 1...
✗ Mining failed after 20000000 attempts, skipping block
Mining block at height 1...
✗ Mining failed after 20000000 attempts, skipping block
Mining block at height 1...
✗ Mining failed after 20000000 attempts, skipping block
Mining block at height 1...
✗ Mining failed after 20000000 attempts, skipping block
Mining block at height 1...
✗ Mining failed after 20000000 attempts, skipping block
Mining block at height 1...
✗ Mining failed after 20000000 attempts, skipping block
Mining block at height 1...
✗ Mining failed after 20000000 attempts, skipping block
Mining block at height 1...
✗ Mining failed after 20000000 attempts, skipping block
Mining block at height 1...
✗ Mining failed after 20000000 attempts, skipping block
Mining block at height 1...
✗ Mining failed after 20000000 attempts, skipping block
Mining block at height 1...
✗ Mining failed after 20000000 attempts, skipping block
Mining block at height 1...
✗ Mining failed after 20000000 attempts, skipping block
Mining block at height 1...
✗ Mining failed after 20000000 attempts, skipping block
Mining block at height 1...
✗ Mining failed after 20000000 attempts, skipping block
Mining block at height 1...
✗ Mining failed after 20000000 attempts, skipping block
Mining block at height 1...
✗ Mining failed after 20000000 attempts, skipping block
Mining block at height 1...
✗ Mining failed after 20000000 attempts, skipping block
Mining block at height 1...
✗ Mining failed after 20000000 attempts, skipping block
Mining block at height 1...
✗ Mining failed after 20000000 attempts, skipping block
Mining block at height 1...
✗ Mining failed after 20000000 attempts, skipping block
Mining block at height 1...
✗ Mining failed after 20000000 attempts, skipping block
Mining block at height 1...
✗ Mining failed after 20000000 attempts, skipping block
Mining block at height 1...
✗ Mining failed after 20000000 attempts, skipping block
Mining block at height 1...
✗ Mining failed after 20000000 attempts, skipping block
Mining block at height 1...
✗ Mining failed after 20000000 attempts, skipping block
Mining block at height 1...
✗ Mining failed after 20000000 attempts, skipping block
Mining block at height 1...
✗ Mining failed after 20000000 attempts, skipping block
Mining block at height 1...
✗ Mining failed after 20000000 attempts, skipping block
Mining block at height 1...
✗ Mining failed after 20000000 attempts, skipping block
Mining block at height 1...
✗ Mining failed after 20000000 attempts, skipping block
Mining block at height 1...
✗ Mining failed after 20000000 attempts, skipping block
Mining block at height 1...
✗ Mining failed after 20000000 attempts, skipping block
Mining block at height 1...
✗ Mining failed after 20000000 attempts, skipping block
Mining block at height 1...
✗ Mining failed after 20000000 attempts, skipping block
Mining block at height 1...
✗ Mining failed after 20000000 attempts, skipping block
Mining block at height 1...
✗ Mining failed after 20000000 attempts, skipping block
Mining block at height 1...
✗ Mining failed after 20000000 attempts, skipping block
Mining block at height 1...
✗ Mining failed after 20000000 attempts, skipping block
Mining block at height 1...
✗ Mining failed after 20000000 attempts, skipping block
Mining block at height 1...
✗ Mining failed after 20000000 attempts, skipping block
Mining block at height 1...
✗ Mining failed after 20000000 attempts, skipping block
Mining block at height 1...
✗ Mining failed after 20000000 attempts, skipping block
Mining block at height 1...
✗ Mining failed after 20000000 attempts, skipping block
Mining block at height 1...
✗ Mining failed after 20000000 attempts, skipping block
Mining block at height 1...
✗ Mining failed after 20000000 attempts, skipping block
Mining block at height 1...
✗ Mining failed after 20000000 attempts, skipping block
Mining block at height 1...
✗ Mining failed after 20000000 attempts, skipping block
Mining block at height 1...
✗ Mining failed after 20000000 attempts, skipping block
Mining block at height 1...
✗ Mining failed after 20000000 attempts, skipping block
Mining block at height 1...
✗ Mining failed after 20000000 attempts, skipping block
Mining block at height 1...
✗ Mining failed after 20000000 attempts, skipping block
Mining block at height 1...
✗ Mining failed after 20000000 attempts, skipping block
Mining block at height 1...
✗ Mining failed after 20000000 attempts, skipping block
Mining block at height 1...
✗ Mining failed after 20000000 attempts, skipping block
Mining block at height 1...
✗ Mining failed after 20000000 attempts, skipping block
Mining block at height 1...
✗ Mining failed after 20000000 attempts, skipping block
Mining block at height 1...
✗ Mining failed after 20000000 attempts, skipping block
Mining block at height 1...
✗ Mining failed after 20000000 attempts, skipping block
Mining block at height 1...
✗ Mining failed after 20000000 attempts, skipping block
Mining block at height 1...
✗ Mining failed after 20000000 attempts, skipping block
Mining block at height 1...
✗ Mining failed after 20000000 attempts, skipping block
Mining block at height 1...
✗ Mining failed after 20000000 attempts, skipping block
Mining block at height 1...
✗ Mining failed after 20000000 attempts, skipping block
Mining block at height 1...
✗ Mining failed after 20000000 attempts, skipping block
Mining block at height 1...
✗ Mining failed after 20000000 attempts, skipping block
Mining block at height 1...
✗ Mining failed after 20000000 attempts, skipping block
Mining block at height 1...
✗ Mining failed after 20000000 attempts, skipping block
Mining block at height 1...
✗ Mining failed after 20000000 attempts, skipping block
Mining block at height 1...
✗ Mining failed after 20000000 attempts, skipping block
Mining block at height 1...
✗ Mining failed after 20000000 attempts, skipping block
Mining block at height 1...
✗ Mining failed after 20000000 attempts, skipping block
Mining block at height 1...
✗ Mining failed after 20000000 attempts, skipping block
Mining block at height 1...
✗ Mining failed after 20000000 attempts, skipping block
Mining block at height 1...
✗ Mining failed after 20000000 attempts, skipping block
Mining block at height 1...
✗ Mining failed after 20000000 attempts, skipping block
Mining block at height 1...
✗ Mining failed after 20000000 attempts, skipping block
Mining block at height 1...
✗ Mining failed after 20000000 attempts, skipping block
Mining block at height 1...
✗ Mining failed after 20000000 attempts, skipping block
Mining block at height 1...
✗ Mining failed after 20000000 attempts, skipping block
Mining block at height 1...
✗ Mining failed after 20000000 attempts, skipping block
Mining block at height 1...
✗ Mining failed after 20000000 attempts, skipping block
Mining block at height 1...
✗ Mining failed after 20000000 attempts, skipping block
Mining block at height 1...
✗ Mining failed after 20000000 attempts, skipping block
Mining block at height 1...
✗ Mining failed after 20000000 attempts, skipping block
Mining block at height 1...
✗ Mining failed after 20000000 attempts, skipping block
Mining block at height 1...
✗ Mining failed after 20000000 attempts, skipping block
Mining block at height 1...
✗ Mining failed after 20000000 attempts, skipping block
Mining block at height 1...
✗ Mining failed after 20000000 attempts, skipping block
Mining block at height 1...
✗ Mining failed after 20000000 attempts, skipping block
Mining block at height 1...
✗ Mining failed after 20000000 attempts, skipping block
Mining block at height 1...
✗ Mining failed after 20000000 attempts, skipping block
Mining block at height 1...
✗ Mining failed after 20000000 attempts, skipping block
Mining block at height 1...
✗ Mining failed after 20000000 attempts, skipping block
Mining block at height 1...
✗ Mining failed after 20000000 attempts, skipping block
Mining block at height 1...
✗ Mining failed after 20000000 attempts, skipping block
Mining block at height 1...
✗ Mining failed after 20000000 attempts, skipping block
Mining block at height 1...
✗ Mining failed after 20000000 attempts, skipping block
Mining block at height 1...
✗ Mining failed after 20000000 attempts, skipping block
Mining block at height 1...
✗ Mining failed after 20000000 attempts, skipping block
Mining block at height 1...
✗ Mining failed after 20000000 attempts, skipping block
Mining block at height 1...
✗ Mining failed after 20000000 attempts, skipping block
Mining block at height 1...
✗ Mining failed after 20000000 attempts, skipping block
Mining block at height 1...
✗ Mining failed after 20000000 attempts, skipping block
Mining block at height 1...
✗ Mining failed after 20000000 attempts, skipping block
Mining block at height 1...
✗ Mining failed after 20000000 attempts, skipping block
Mining block at height 1...
✗ Mining failed after 20000000 attempts, skipping block
Mining block at height 1...
✗ Mining failed after 20000000 attempts, skipping block
Mining block at height 1...
✗ Mining failed after 20000000 attempts, skipping block
Mining block at height 1...
✗ Mining failed after 20000000 attempts, skipping block
Mining block at height 1...
✗ Mining failed after 20000000 attempts, skipping block
Mining block at height 1...
✗ Mining failed after 20000000 attempts, skipping block
Mining block at height 1...
✗ Mining failed after 20000000 attempts, skipping block
Mining block at height 1...
✗ Mining failed after 20000000 attempts, skipping block
Mining block at height 1...
✗ Mining failed after 20000000 attempts, skipping block
Mining block at height 1...
✗ Mining failed after 20000000 attempts, skipping block
Mining block at height 1...
✗ Mining failed after 20000000 attempts, skipping block
Mining block at height 1...
✗ Mining failed after 20000000 attempts, skipping block
Mining block at height 1...
✗ Mining failed after 20000000 attempts, skipping block
Mining block at height 1...
✗ Mining failed after 20000000 attempts, skipping block
Mining block at height 1...
✗ Mining failed after 20000000 attempts, skipping block
Mining block at height 1...
✗ Mining failed after 20000000 attempts, skipping block
Mining block at height 1...
✗ Mining failed after 20000000 attempts, skipping block
Mining block at height 1...
✗ Mining failed after 20000000 attempts, skipping block
Mining block at height 1...
✗ Mining failed after 20000000 attempts, skipping block
Mining block at height 1...
✗ Mining failed after 20000000 attempts, skipping block
Mining block at height 1...
✗ Mining failed after 20000000 attempts, skipping block
Mining block at height 1...
✗ Mining failed after 20000000 attempts, skipping block
Mining block at height 1...
✗ Mining failed after 20000000 attempts, skipping block
Mining block at height 1...
✗ Mining failed after 20000000 attempts, skipping block
Mining block at height 1...
✗ Mining failed after 20000000 attempts, skipping block
Mining block at height 1...
✗ Mining failed after 20000000 attempts, skipping block
Mining block at height 1...
✗ Mining failed after 20000000 attempts, skipping block
Mining block at height 1...
✗ Mining failed after 20000000 attempts, skipping block
Mining block at height 1...
✗ Mining failed after 20000000 attempts, skipping block
Mining block at height 1...
✗ Mining failed after 20000000 attempts, skipping block
Mining block at height 1...
✗ Mining failed after 20000000 attempts, skipping block
Mining block at height 1...
✗ Mining failed after 20000000 attempts, skipping block
Mining block at height 1...
✗ Mining failed after 20000000 attempts, skipping block
Mining block at height 1...
✗ Mining failed after 20000000 attempts, skipping block
Mining block at height 1...
✗ Mining failed after 20000000 attempts, skipping block
Mining block at height 1...
✗ Mining failed after 20000000 attempts, skipping block
Mining block at height 1...
✗ Mining failed after 20000000 attempts, skipping block
Mining block at height 1...
✗ Mining failed after 20000000 attempts, skipping block
Mining block at height 1...
✗ Mining failed after 20000000 attempts, skipping block
Mining block at height 1...
✗ Mining failed after 20000000 attempts, skipping block
Mining block at height 1...
✗ Mining failed after 20000000 attempts, skipping block
Mining block at height 1...
✗ Mining failed after 20000000 attempts, skipping block
Mining block at height 1...
✗ Mining failed after 20000000 attempts, skipping block
Mining block at height 1...
✗ Mining failed after 20000000 attempts, skipping block
Mining block at height 1...
✗ Mining failed after 20000000 attempts, skipping block
Mining block at height 1...
✗ Mining failed after 20000000 attempts, skipping block
Mining block at height 1...
✗ Mining failed after 20000000 attempts, skipping block
Mining block at height 1...
✗ Mining failed after 20000000 attempts, skipping block
Mining block at height 1...
✗ Mining failed after 20000000 attempts, skipping block
Mining block at height 1...
✗ Mining failed after 20000000 attempts, skipping block
Mining block at height 1...
✗ Mining failed after 20000000 attempts, skipping block
Mining block at height 1...
✗ Mining failed after 20000000 attempts, skipping block
Mining block at height 1...
✗ Mining failed after 20000000 attempts, skipping block
Mining block at height 1...
✗ Mining failed after 20000000 attempts, skipping block
Mining block at height 1...
✗ Mining failed after 20000000 attempts, skipping block
Mining block at height 1...
✗ Mining failed after 20000000 attempts, skipping block
Mining block at height 1...
✗ Mining failed after 20000000 attempts, skipping block
Mining block at height 1...
✗ Mining failed after 20000000 attempts, skipping block
Mining block at height 1...
✗ Mining failed after 20000000 attempts, skipping block
Mining block at height 1...
✗ Mining failed after 20000000 attempts, skipping block
Mining block at height 1...
✗ Mining failed after 20000000 attempts, skipping block
Mining block at height 1...
✗ Mining failed after 20000000 attempts, skipping block
Mining block at height 1...
✗ Mining failed after 20000000 attempts, skipping block
Mining block at height 1...
✗ Mining failed after 20000000 attempts, skipping block
Mining block at height 1...
✗ Mining failed after 20000000 attempts, skipping block
Mining block at height 1...
✗ Mining failed after 20000000 attempts, skipping block
Mining block at height 1...
✗ Mining failed after 20000000 attempts, skipping block
Mining block at height 1...
✗ Mining failed after 20000000 attempts, skipping block
Mining block at height 1...
✗ Mining failed after 20000000 attempts, skipping block
Mining block at height 1...
✗ Mining failed after 20000000 attempts, skipping block
Mining block at height 1...
✗ Mining failed after 20000000 attempts, skipping block
Mining block at height 1...
✗ Mining failed after 20000000 attempts, skipping block
Mining block at height 1...
✗ Mining failed after 20000000 attempts, skipping block
Mining block at height 1...
✗ Mining failed after 20000000 attempts, skipping block
Mining block at height 1...
✗ Mining failed after 20000000 attempts, skipping block
Mining block at height 1...
✗ Mining failed after 20000000 attempts, skipping block
Mining block at height 1...
✗ Mining failed after 20000000 attempts, skipping block
Mining block at height 1...
✗ Mining failed after 20000000 attempts, skipping block
Mining block at height 1...
✗ Mining failed after 20000000 attempts, skipping block
Mining block at height 1...
✗ Mining failed after 20000000 attempts, skipping block
Mining block at height 1...
✗ Mining failed after 20000000 attempts, skipping block
Mining block at height 1...
✗ Mining failed after 20000000 attempts, skipping block
Mining block at height 1...
✗ Mining failed after 20000000 attempts, skipping block
Mining block at height 1...
✗ Mining failed after 20000000 attempts, skipping block
Mining block at height 1...
✗ Mining failed after 20000000 attempts, skipping block
Mining block at height 1...
✗ Mining failed after 20000000 attempts, skipping block
Mining block at height 1...
✗ Mining failed after 20000000 attempts, skipping block
Mining block at height 1...
✗ Mining failed after 20000000 attempts, skipping block
Mining block at height 1...
✗ Mining failed after 20000000 attempts, skipping block
Mining block at height 1...
✗ Mining failed after 20000000 attempts, skipping block
Mining block at height 1...
✗ Mining failed after 20000000 attempts, skipping block
Mining block at height 1...
✗ Mining failed after 20000000 attempts, skipping block
Mining block at height 1...
✗ Mining failed after 20000000 attempts, skipping block
Mining block at height 1...
✗ Mining failed after 20000000 attempts, skipping block
Mining block at height 1...
✗ Mining failed after 20000000 attempts, skipping block
Mining block at height 1...
✗ Mining failed after 20000000 attempts, skipping block
Mining block at height 1...
✗ Mining failed after 20000000 attempts, skipping block
Mining block at height 1...
✗ Mining failed after 20000000 attempts, skipping block
Mining block at height 1...
✗ Mining failed after 20000000 attempts, skipping block
Mining block at height 1...
✗ Mining failed after 20000000 attempts, skipping block
Mining block at height 1...
✗ Mining failed after 20000000 attempts, skipping block
Mining block at height 1...
✗ Mining failed after 20000000 attempts, skipping block
Mining block at height 1...
✗ Mining failed after 20000000 attempts, skipping block
Mining block at height 1...
✗ Mining failed after 20000000 attempts, skipping block
Mining block at height 1...
✗ Mining failed after 20000000 attempts, skipping block
Mining block at height 1...
✗ Mining failed after 20000000 attempts, skipping block
Mining block at height 1...
✗ Mining failed after 20000000 attempts, skipping block
Mining block at height 1...
✗ Mining failed after 20000000 attempts, skipping block
Mining block at height 1...
✗ Mining failed after 20000000 attempts, skipping block
Mining block at height 1...
✗ Mining failed after 20000000 attempts, skipping block
Mining block at height 1...
✗ Mining failed after 20000000 attempts, skipping block
Mining block at height 1...
✗ Mining failed after 20000000 attempts, skipping block
Mining block at height 1...
✗ Mining failed after 20000000 attempts, skipping block
Mining block at height 1...
✗ Mining failed after 20000000 attempts, skipping block
Mining block at height 1...
✗ Mining failed after 20000000 attempts, skipping block
Mining block at height 1...
✗ Mining failed after 20000000 attempts, skipping block
Mining block at height 1...
✗ Mining failed after 20000000 attempts, skipping block
Mining block at height 1...
✗ Mining failed after 20000000 attempts, skipping block
Mining block at height 1...
✗ Mining failed after 20000000 attempts, skipping block
Mining block at height 1...
✗ Mining failed after 20000000 attempts, skipping block
Mining block at height 1...
✗ Mining failed after 20000000 attempts, skipping block
Mining block at height 1...
✗ Mining failed after 20000000 attempts, skipping block
Mining block at height 1...
✗ Mining failed after 20000000 attempts, skipping block
Mining block at height 1...
✗ Mining failed after 20000000 attempts, skipping block
Mining block at height 1...
✗ Mining failed after 20000000 attempts, skipping block
Mining block at height 1...
✗ Mining failed after 20000000 attempts, skipping block
Mining block at height 1...
✗ Mining failed after 20000000 attempts, skipping block
Mining block at height 1...
✗ Mining failed after 20000000 attempts, skipping block
Mining block at height 1...
✗ Mining failed after 20000000 attempts, skipping block
Mining block at height 1...
✗ Mining failed after 20000000 attempts, skipping block
Mining block at height 1...
✗ Mining failed after 20000000 attempts, skipping block
Mining block at height 1...
✗ Mining failed after 20000000 attempts, skipping block
Mining block at height 1...
✗ Mining failed after 20000000 attempts, skipping block
Mining block at height 1...
✗ Mining failed after 20000000 attempts, skipping block
Mining block at height 1...
✗ Mining failed after 20000000 attempts, skipping block
Mining block at height 1...
✗ Mining failed after 20000000 attempts, skipping block
Mining block at height 1...
✗ Mining failed after 20000000 attempts, skipping block
Mining block at height 1...
✗ Mining failed after 20000000 attempts, skipping block
Mining block at height 1...
✗ Mining failed after 20000000 attempts, skipping block
Mining block at height 1...
✗ Mining failed after 20000000 attempts, skipping block
Mining block at height 1...
✗ Mining failed after 20000000 attempts, skipping block
Mining block at height 1...
✗ Mining failed after 20000000 attempts, skipping block
Mining block at height 1...
✗ Mining failed after 20000000 attempts, skipping block
Mining block at height 1...
✗ Mining failed after 20000000 attempts, skipping block
Mining block at height 1...
✗ Mining failed after 20000000 attempts, skipping block
Mining block at height 1...
✗ Mining failed after 20000000 attempts, skipping block
Mining block at height 1...
✗ Mining failed after 20000000 attempts, skipping block
Mining block at height 1...
✗ Mining failed after 20000000 attempts, skipping block
Mining block at height 1...
✗ Mining failed after 20000000 attempts, skipping block
Mining block at height 1...
✗ Mining failed after 20000000 attempts, skipping block
Mining block at height 1...
✗ Mining failed after 20000000 attempts, skipping block
Mining block at height 1...
✗ Mining failed after 20000000 attempts, skipping block
Mining block at height 1...
✗ Mining failed after 20000000 attempts, skipping block
Mining block at height 1...
✗ Mining failed after 20000000 attempts, skipping block
Mining block at height 1...
✗ Mining failed after 20000000 attempts, skipping block
Mining block at height 1...
✗ Mining failed after 20000000 attempts, skipping block
Mining block at height 1...
✗ Mining failed after 20000000 attempts, skipping block
Mining block at height 1...
✗ Mining failed after 20000000 attempts, skipping block
Mining block at height 1...
✗ Mining failed after 20000000 attempts, skipping block
Mining block at height 1...
✗ Mining failed after 20000000 attempts, skipping block
Mining block at height 1...
✗ Mining failed after 20000000 attempts, skipping block
Mining block at height 1...
✗ Mining failed after 20000000 attempts, skipping block
Mining block at height 1...
✗ Mining failed after 20000000 attempts, skipping block
Mining block at height 1...
✗ Mining failed after 20000000 attempts, skipping block
Mining block at height 1...
✗ Mining failed after 20000000 attempts, skipping block
Mining block at height 1...
✗ Mining failed after 20000000 attempts, skipping block
Mining block at height 1...
✗ Mining failed after 20000000 attempts, skipping block
Mining block at height 1...
✗ Mining failed after 20000000 attempts, skipping block
Mining block at height 1...
✗ Mining failed after 20000000 attempts, skipping block
Mining block at height 1...
✗ Mining failed after 20000000 attempts, skipping block
Mining block at height 1...
✗ Mining failed after 20000000 attempts, skipping block
Mining block at height 1...
✗ Mining failed after 20000000 attempts, skipping block
Mining block at height 1...
✗ Mining failed after 20000000 attempts, skipping block
Mining block at height 1...
✗ Mining failed after 20000000 attempts, skipping block
Mining block at height 1...
✗ Mining failed after 20000000 attempts, skipping block
Mining block at height 1...
✗ Mining failed after 20000000 attempts, skipping block
Mining block at height 1...
✗ Mining failed after 20000000 attempts, skipping block
Mining block at height 1...
✗ Mining failed after 20000000 attempts, skipping block
Mining block at height 1...
✗ Mining failed after 20000000 attempts, skipping block
Mining block at height 1...
✗ Mining failed after 20000000 attempts, skipping block
Mining block at height 1...
✗ Mining failed after 20000000 attempts, skipping block
Mining block at height 1...
✗ Mining failed after 20000000 attempts, skipping block
Mining block at height 1...
✗ Mining failed after 20000000 attempts, skipping block
Mining block at height 1...
✗ Mining failed after 20000000 attempts, skipping block
Mining block at height 1...
✗ Mining failed after 20000000 attempts, skipping block
Mining block at height 1...
✗ Mining failed after 20000000 attempts, skipping block
Mining block at height 1...
✗ Mining failed after 20000000 attempts, skipping block
Mining block at height 1...
✗ Mining failed after 20000000 attempts, skipping block
Mining block at height 1...
✗ Mining failed after 20000000 attempts, skipping block
Mining block at height 1...
✗ Mining failed after 20000000 attempts, skipping block
Mining block at height 1...
✗ Mining failed after 20000000 attempts, skipping block
Mining block at height 1...
✗ Mining failed after 20000000 attempts, skipping block
Mining block at height 1...
✗ Mining failed after 20000000 attempts, skipping block
Mining block at height 1...
✗ Mining failed after 20000000 attempts, skipping block
Mining block at height 1...
✗ Mining failed after 20000000 attempts, skipping block
Mining block at height 1...
✗ Mining failed after 20000000 attempts, skipping block
Mining block at height 1...
✗ Mining failed after 20000000 attempts, skipping block
Mining block at height 1...
✗ Mining failed after 20000000 attempts, skipping block
Mining block at height 1...
✗ Mining failed after 20000000 attempts, skipping block
Mining block at height 1...
✗ Mining failed after 20000000 attempts, skipping block
Mining block at height 1...
✗ Mining failed after 20000000 attempts, skipping block
Mining block at height 1...
✗ Mining failed after 20000000 attempts, skipping block
Mining block at height 1...
✗ Mining failed after 20000000 attempts, skipping block
Mining block at height 1...
✗ Mining failed after 20000000 attempts, skipping block
Mining block at height 1...
✗ Mining failed after 20000000 attempts, skipping block
Mining block at height 1...
✗ Mining failed after 20000000 attempts, skipping block
Mining block at height 1...
✗ Mining failed after 20000000 attempts, skipping block
Mining block at height 1...
✗ Mining failed after 20000000 attempts, skipping block
Mining block at height 1...
✗ Mining failed after 20000000 attempts, skipping block
Mining block at height 1...
✗ Mining failed after 20000000 attempts, skipping block
Mining block at height 1...
✗ Mining failed after 20000000 attempts, skipping block
Mining block at height 1...
✗ Mining failed after 20000000 attempts, skipping block
Mining block at height 1...
✗ Mining failed after 20000000 attempts, skipping block
Mining block at height 1...
✗ Mining failed after 20000000 attempts, skipping block
Mining block at height 1...
✗ Mining failed after 20000000 attempts, skipping block
Mining block at height 1...
✗ Mining failed after 20000000 attempts, skipping block
Mining block at height 1...
✗ Mining failed after 20000000 attempts, skipping block
Mining block at height 1...
✗ Mining failed after 20000000 attempts, skipping block
Mining block at height 1...
✗ Mining failed after 20000000 attempts, skipping block
Mining block at height 1...
✗ Mining failed after 20000000 attempts, skipping block
Mining block at height 1...
✗ Mining failed after 20000000 attempts, skipping block
Mining block at height 1...
✗ Mining failed after 20000000 attempts, skipping block
Mining block at height 1...
✗ Mining failed after 20000000 attempts, skipping block
Mining block at height 1...
✗ Mining failed after 20000000 attempts, skipping block
Mining block at height 1...
✗ Mining failed after 20000000 attempts, skipping block
Mining block at height 1...
✗ Mining failed after 20000000 attempts, skipping block
Mining block at height 1...
✗ Mining failed after 20000000 attempts, skipping block
Mining block at height 1...
✗ Mining failed after 20000000 attempts, skipping block
Mining block at height 1...
✗ Mining failed after 20000000 attempts, skipping block
Mining block at height 1...
✗ Mining failed after 20000000 attempts, skipping block
Mining block at height 1...
✗ Mining failed after 20000000 attempts, skipping block
Mining block at height 1...
✗ Mining failed after 20000000 attempts, skipping block
Mining block at height 1...
✗ Mining failed after 20000000 attempts, skipping block
Mining block at height 1...
✗ Mining failed after 20000000 attempts, skipping block
Mining block at height 1...
✗ Mining failed after 20000000 attempts, skipping block
Mining block at height 1...
✗ Mining failed after 20000000 attempts, skipping block
Mining block at height 1...
✗ Mining failed after 20000000 attempts, skipping block
Mining block at height 1...
✗ Mining failed after 20000000 attempts, skipping block
Mining block at height 1...
✗ Mining failed after 20000000 attempts, skipping block
Mining block at height 1...
✗ Mining failed after 20000000 attempts, skipping block
Mining block at height 1...
✗ Mining failed after 20000000 attempts, skipping block
Mining block at height 1...
✗ Mining failed after 20000000 attempts, skipping block
Mining block at height 1...
✗ Mining failed after 20000000 attempts, skipping block
Mining block at height 1...
✗ Mining failed after 20000000 attempts, skipping block
Mining block at height 1...
✗ Mining failed after 20000000 attempts, skipping block
Mining block at height 1...
✗ Mining failed after 20000000 attempts, skipping block
Mining block at height 1...
✗ Mining failed after 20000000 attempts, skipping block
Mining block at height 1...
✗ Mining failed after 20000000 attempts, skipping block
Mining block at height 1...
✗ Mining failed after 20000000 attempts, skipping block
Mining block at height 1...
✗ Mining failed after 20000000 attempts, skipping block
Mining block at height 1...
✗ Mining failed after 20000000 attempts, skipping block
Mining block at height 1...
✗ Mining failed after 20000000 attempts, skipping block
Mining block at height 1...
✗ Mining failed after 20000000 attempts, skipping block
Mining block at height 1...
✗ Mining failed after 20000000 attempts, skipping block
Mining block at height 1...
✗ Mining failed after 20000000 attempts, skipping block
Mining block at height 1...
✗ Mining failed after 20000000 attempts, skipping block
Mining block at height 1...
✗ Mining failed after 20000000 attempts, skipping block
Mining block at height 1...
✗ Mining failed after 20000000 attempts, skipping block
Mining block at height 1...
✗ Mining failed after 20000000 attempts, skipping block
Mining block at height 1...
✗ Mining failed after 20000000 attempts, skipping block
Mining block at height 1...
✗ Mining failed after 20000000 attempts, skipping block
Mining block at height 1...
✗ Mining failed after 20000000 attempts, skipping block
Mining block at height 1...
✗ Mining failed after 20000000 attempts, skipping block
Mining block at height 1...
✗ Mining failed after 20000000 attempts, skipping block
Mining block at height 1...
✗ Mining failed after 20000000 attempts, skipping block
Mining block at height 1...
✗ Mining failed after 20000000 attempts, skipping block
Mining block at height 1...
✗ Mining failed after 20000000 attempts, skipping block
Mining block at height 1...
✗ Mining failed after 20000000 attempts, skipping block
Mining block at height 1...
✗ Mining failed after 20000000 attempts, skipping block
Mining block at height 1...
✗ Mining failed after 20000000 attempts, skipping block
Mining block at height 1...
✗ Mining failed after 20000000 attempts, skipping block
Mining block at height 1...
✗ Mining failed after 20000000 attempts, skipping block
Mining block at height 1...
✗ Mining failed after 20000000 attempts, skipping block
Mining block at height 1...
✗ Mining failed after 20000000 attempts, skipping block
Mining block at height 1...
✗ Mining failed after 20000000 attempts, skipping block
Mining block at height 1...
✗ Mining failed after 20000000 attempts, skipping block
Mining block at height 1...
✗ Mining failed after 20000000 attempts, skipping block
Mining block at height 1...
✗ Mining failed after 20000000 attempts, skipping block
Mining block at height 1...
✗ Mining failed after 20000000 attempts, skipping block
Mining block at height 1...
✗ Mining failed after 20000000 attempts, skipping block
Mining block at height 1...
✗ Mining failed after 20000000 attempts, skipping block
Mining block at height 1...
✗ Mining failed after 20000000 attempts, skipping block
Mining block at height 1...
✗ Mining failed after 20000000 attempts, skipping block
Mining block at height 1...
✗ Mining failed after 20000000 attempts, skipping block
Mining block at height 1...
✗ Mining failed after 20000000 attempts, skipping block
Mining block at height 1...
✗ Mining failed after 20000000 attempts, skipping block
Mining block at height 1...
✗ Mining failed after 20000000 attempts, skipping block
Mining block at height 1...
✗ Mining failed after 20000000 attempts, skipping block
Mining block at height 1...
✗ Mining failed after 20000000 attempts, skipping block
Mining block at height 1...
✗ Mining failed after 20000000 attempts, skipping block
Mining block at height 1...
✗ Mining failed after 20000000 attempts, skipping block
Mining block at height 1...
✗ Mining failed after 20000000 attempts, skipping block
Mining block at height 1...
✗ Mining failed after 20000000 attempts, skipping block
Mining block at height 1...
✗ Mining failed after 20000000 attempts, skipping block
Mining block at height 1...
✗ Mining failed after 20000000 attempts, skipping block
Mining block at height 1...
✗ Mining failed after 20000000 attempts, skipping block
Mining block at height 1...
✗ Mining failed after 20000000 attempts, skipping block
Mining block at height 1...
✗ Mining failed after 20000000 attempts, skipping block
Mining block at height 1...
✗ Mining failed after 20000000 attempts, skipping block
Mining block at height 1...
✗ Mining failed after 20000000 attempts, skipping block
Mining block at height 1...
✗ Mining failed after 20000000 attempts, skipping block
Mining block at height 1...
✗ Mining failed after 20000000 attempts, skipping block
Mining block at height 1...
✗ Mining failed after 20000000 attempts, skipping block
Mining block at height 1...
✗ Mining failed after 20000000 attempts, skipping block
Mining block at height 1...
✗ Mining failed after 20000000 attempts, skipping block
Mining block at height 1...
✗ Mining failed after 20000000 attempts, skipping block
Mining block at height 1...
✗ Mining failed after 20000000 attempts, skipping block
Mining block at height 1...
✗ Mining failed after 20000000 attempts, skipping block
Mining block at height 1...
✗ Mining failed after 20000000 attempts, skipping block
Mining block at height 1...
✗ Mining failed after 20000000 attempts, skipping block
Mining block at height 1...
✗ Mining failed after 20000000 attempts, skipping block
Mining block at height 1...
✗ Mining failed after 20000000 attempts, skipping block
Mining block at height 1...
✗ Mining failed after 20000000 attempts, skipping block
Mining block at height 1...
✗ Mining failed after 20000000 attempts, skipping block
Mining block at height 1...
✗ Mining failed after 20000000 attempts, skipping block
Mining block at height 1...
✗ Mining failed after 20000000 attempts, skipping block
Mining block at height 1...
✗ Mining failed after 20000000 attempts, skipping block
Mining block at height 1...
✗ Mining failed after 20000000 attempts, skipping block
Mining block at height 1...
✗ Mining failed after 20000000 attempts, skipping block
Mining block at height 1...
✗ Mining failed after 20000000 attempts, skipping block
Mining block at height 1...
✗ Mining failed after 20000000 attempts, skipping block
Mining block at height 1...
✗ Mining failed after 20000000 attempts, skipping block
Mining block at height 1...
✗ Mining failed after 20000000 attempts, skipping block
Mining block at height 1...
✗ Mining failed after 20000000 attempts, skipping block
Mining block at height 1...
✗ Mining failed after 20000000 attempts, skipping block
Mining block at height 1...
✗ Mining failed after 20000000 attempts, skipping block
Mining block at height 1...
✗ Mining failed after 20000000 attempts, skipping block
Mining block at height 1...
✗ Mining failed after 20000000 attempts, skipping block
Mining block at height 1...
✗ Mining failed after 20000000 attempts, skipping block
Mining block at height 1...
✗ Mining failed after 20000000 attempts, skipping block
Mining block at height 1...
✗ Mining failed after 20000000 attempts, skipping block
Mining block at height 1...
✗ Mining failed after 20000000 attempts, skipping block
Mining block at height 1...
✗ Mining failed after 20000000 attempts, skipping block
Mining block at height 1...
✗ Mining failed after 20000000 attempts, skipping block
Mining block at height 1...
✗ Mining failed after 20000000 attempts, skipping block
Mining block at height 1...
✗ Mining failed after 20000000 attempts, skipping block
Mining block at height 1...
✗ Mining failed after 20000000 attempts, skipping block
Mining block at height 1...
✗ Mining failed after 20000000 attempts, skipping block
Mining block at height 1...
✗ Mining failed after 20000000 attempts, skipping block
Mining block at height 1...
✗ Mining failed after 20000000 attempts, skipping block
Mining block at height 1...
✗ Mining failed after 20000000 attempts, skipping block
Mining block at height 1...
✗ Mining failed after 20000000 attempts, skipping block
Mining block at height 1...
✗ Mining failed after 20000000 attempts, skipping block
Mining block at height 1...
✗ Mining failed after 20000000 attempts, skipping block
Mining block at height 1...
✗ Mining failed after 20000000 attempts, skipping block
Mining block at height 1...
✗ Mining failed after 20000000 attempts, skipping block
Mining block at height 1...
✗ Mining failed after 20000000 attempts, skipping block
Mining block at height 1...
✗ Mining failed after 20000000 attempts, skipping block
Mining block at height 1...
✗ Mining failed after 20000000 attempts, skipping block
Mining block at height 1...
✗ Mining failed after 20000000 attempts, skipping block
Mining block at height 1...
✗ Mining failed after 20000000 attempts, skipping block
Mining block at height 1...
✗ Mining failed after 20000000 attempts, skipping block
Mining block at height 1...
✗ Mining failed after 20000000 attempts, skipping block
Mining block at height 1...
✗ Mining failed after 20000000 attempts, skipping block
Mining block at height 1...
✗ Mining failed after 20000000 attempts, skipping block
Mining block at height 1...
✗ Mining failed after 20000000 attempts, skipping block
Mining block at height 1...
✗ Mining failed after 20000000 attempts, skipping block
Mining block at height 1...
✗ Mining failed after 20000000 attempts, skipping block
Mining block at height 1...
✗ Mining failed after 20000000 attempts, skipping block
Mining block at height 1...
✗ Mining failed after 20000000 attempts, skipping block
Mining block at height 1...
✗ Mining failed after 20000000 attempts, skipping block
Mining block at height 1...
✗ Mining failed after 20000000 attempts, skipping block
Mining block at height 1...
✗ Mining failed after 20000000 attempts, skipping block
Mining block at height 1...
✗ Mining failed after 20000000 attempts, skipping block
Mining block at height 1...
✗ Mining failed after 20000000 attempts, skipping block
Mining block at height 1...
✗ Mining failed after 20000000 attempts, skipping block
Mining block at height 1...
✗ Mining failed after 20000000 attempts, skipping block
Mining block at height 1...
✗ Mining failed after 20000000 attempts, skipping block
Mining block at height 1...
✗ Mining failed after 20000000 attempts, skipping block
Mining block at height 1...
✗ Mining failed after 20000000 attempts, skipping block
Mining block at height 1...
✗ Mining failed after 20000000 attempts, skipping block
Mining block at height 1...
✗ Mining failed after 20000000 attempts, skipping block
Mining block at height 1...
✗ Mining failed after 20000000 attempts, skipping block
Mining block at height 1...
✗ Mining failed after 20000000 attempts, skipping block
Mining block at height 1...
✗ Mining failed after 20000000 attempts, skipping block
Mining block at height 1...
✗ Mining failed after 20000000 attempts, skipping block
Mining block at height 1...
✗ Mining failed after 20000000 attempts, skipping block
Mining block at height 1...
✗ Mining failed after 20000000 attempts, skipping block
Mining block at height 1...
✗ Mining failed after 20000000 attempts, skipping block
Mining block at height 1...
✗ Mining failed after 20000000 attempts, skipping block
Mining block at height 1...
✗ Mining failed after 20000000 attempts, skipping block
Mining block at height 1...
✗ Mining failed after 20000000 attempts, skipping block
Mining block at height 1...
✗ Mining failed after 20000000 attempts, skipping block
Mining block at height 1...
✗ Mining failed after 20000000 attempts, skipping block
Mining block at height 1...
✗ Mining failed after 20000000 attempts, skipping block
Mining block at height 1...
✗ Mining failed after 20000000 attempts, skipping block
Mining block at height 1...
✗ Mining failed after 20000000 attempts, skipping block
Mining block at height 1...
✗ Mining failed after 20000000 attempts, skipping block
Mining block at height 1...
✗ Mining failed after 20000000 attempts, skipping block
Mining block at height 1...
✗ Mining failed after 20000000 attempts, skipping block
Mining block at height 1...
✗ Mining failed after 20000000 attempts, skipping block
Mining block at height 1...
✗ Mining failed after 20000000 attempts, skipping block
Mining block at height 1...
✗ Mining failed after 20000000 attempts, skipping block
Mining block at height 1...
✗ Mining failed after 20000000 attempts, skipping block
Mining block at height 1...
✗ Mining failed after 20000000 attempts, skipping block
Mining block at height 1...
✗ Mining failed after 20000000 attempts, skipping block
Mining block at height 1...
✗ Mining failed after 20000000 attempts, skipping block
Mining block at height 1...
✗ Mining failed after 20000000 attempts, skipping block
Mining block at height 1...
✗ Mining failed after 20000000 attempts, skipping block
Mining block at height 1...
✗ Mining failed after 20000000 attempts, skipping block
Mining block at height 1...
✗ Mining failed after 20000000 attempts, skipping block
Mining block at height 1...
✗ Mining failed after 20000000 attempts, skipping block
Mining block at height 1...
✗ Mining failed after 20000000 attempts, skipping block
Mining block at height 1...
✗ Mining failed after 20000000 attempts, skipping block
Mining block at height 1...
✗ Mining failed after 20000000 attempts, skipping block
Mining block at height 1...
✗ Mining failed after 20000000 attempts, skipping block
Mining block at height 1...
✗ Mining failed after 20000000 attempts, skipping block
Mining block at height 1...
✗ Mining failed after 20000000 attempts, skipping block
Mining block at height 1...
✗ Mining failed after 20000000 attempts, skipping block
Mining block at height 1...
✗ Mining failed after 20000000 attempts, skipping block
Mining block at height 1...
✗ Mining failed after 20000000 attempts, skipping block
Mining block at height 1...
✗ Mining failed after 20000000 attempts, skipping block
Mining block at height 1...
✗ Mining failed after 20000000 attempts, skipping block
Mining block at height 1...
✗ Mining failed after 20000000 attempts, skipping block
Mining block at height 1...
✗ Mining failed after 20000000 attempts, skipping block
Mining block at height 1...
✗ Mining failed after 20000000 attempts, skipping block
Mining block at height 1...
✗ Mining failed after 20000000 attempts, skipping block
Mining block at height 1...
✗ Mining failed after 20000000 attempts, skipping block
Mining block at height 1...
✗ Mining failed after 20000000 attempts, skipping block
Mining block at height 1...
✗ Mining failed after 20000000 attempts, skipping block
Mining block at height 1...
✗ Mining failed after 20000000 attempts, skipping block
Mining block at height 1...
✗ Mining failed after 20000000 attempts, skipping block
Mining block at height 1...
✗ Mining failed after 20000000 attempts, skipping block
Mining block at height 1...
✗ Mining failed after 20000000 attempts, skipping block
Mining block at height 1...
✗ Mining failed after 20000000 attempts, skipping block
Mining block at height 1...
✗ Mining failed after 20000000 attempts, skipping block
Mining block at height 1...
✗ Mining failed after 20000000 attempts, skipping block
Mining block at height 1...
✗ Mining failed after 20000000 attempts, skipping block
Mining block at height 1...
✗ Mining failed after 20000000 attempts, skipping block
Mining block at height 1...
✗ Mining failed after 20000000 attempts, skipping block
Mining block at height 1...
✗ Mining failed after 20000000 attempts, skipping block
Mining block at height 1...
✗ Mining failed after 20000000 attempts, skipping block
Mining block at height 1...
✗ Mining failed after 20000000 attempts, skipping block
Mining block at height 1...
✗ Mining failed after 20000000 attempts, skipping block
Mining block at height 1...
✗ Mining failed after 20000000 attempts, skipping block
Mining block at height 1...
✗ Mining failed after 20000000 attempts, skipping block
Mining block at height 1...
✗ Mining failed after 20000000 attempts, skipping block
Mining block at height 1...
✗ Mining failed after 20000000 attempts, skipping block
Mining block at height 1...
✗ Mining failed after 20000000 attempts, skipping block
Mining block at height 1...
✗ Mining failed after 20000000 attempts, skipping block
Mining block at height 1...
✗ Mining failed after 20000000 attempts, skipping block
Mining block at height 1...
✗ Mining failed after 20000000 attempts, skipping block
Mining block at height 1...
✗ Mining failed after 20000000 attempts, skipping block
Mining block at height 1...
✗ Mining failed after 20000000 attempts, skipping block
Mining block at height 1...
✗ Mining failed after 20000000 attempts, skipping block
Mining block at height 1...
✗ Mining failed after 20000000 attempts, skipping block
Mining block at height 1...
✗ Mining failed after 20000000 attempts, skipping block
Mining block at height 1...
✗ Mining failed after 20000000 attempts, skipping block
Mining block at height 1...
✗ Mining failed after 20000000 attempts, skipping block
Mining block at height 1...
✗ Mining failed after 20000000 attempts, skipping block
Mining block at height 1...
✗ Mining failed after 20000000 attempts, skipping block
Mining block at height 1...
✗ Mining failed after 20000000 attempts, skipping block
Mining block at height 1...
✗ Mining failed after 20000000 attempts, skipping block
Mining block at height 1...
✗ Mining failed after 20000000 attempts, skipping block
Mining block at height 1...
✗ Mining failed after 20000000 attempts, skipping block
Mining block at height 1...
✗ Mining failed after 20000000 attempts, skipping block
Mining block at height 1...
✗ Mining failed after 20000000 attempts, skipping block
Mining block at height 1...
✗ Mining failed after 20000000 attempts, skipping block
Mining block at height 1...
✗ Mining failed after 20000000 attempts, skipping block
Mining block at height 1...
✗ Mining failed after 20000000 attempts, skipping block
Mining block at height 1...
✗ Mining failed after 20000000 attempts, skipping block
Mining block at height 1...
✗ Mining failed after 20000000 attempts, skipping block
Mining block at height 1...
✗ Mining failed after 20000000 attempts, skipping block
Mining block at height 1...
✗ Mining failed after 20000000 attempts, skipping block
Mining block at height 1...
✗ Mining failed after 20000000 attempts, skipping block
Mining block at height 1...
✗ Mining failed after 20000000 attempts, skipping block
Mining block at height 1...
✗ Mining failed after 20000000 attempts, skipping block
Mining block at height 1...
✗ Mining failed after 20000000 attempts, skipping block
Mining block at height 1...
✗ Mining failed after 20000000 attempts, skipping block
Mining block at height 1...
✗ Mining failed after 20000000 attempts, skipping block
Mining block at height 1...
✗ Mining failed after 20000000 attempts, skipping block
Mining block at height 1...
✗ Mining failed after 20000000 attempts, skipping block
Mining block at height 1...
✗ Mining failed after 20000000 attempts, skipping block
Mining block at height 1...
✗ Mining failed after 20000000 attempts, skipping block
Mining block at height 1...
✗ Mining failed after 20000000 attempts, skipping block
Mining block at height 1...
✗ Mining failed after 20000000 attempts, skipping block
Mining block at height 1...
✗ Mining failed after 20000000 attempts, skipping block
Mining block at height 1...
✗ Mining failed after 20000000 attempts, skipping block
Mining block at height 1...
✗ Mining failed after 20000000 attempts, skipping block
Mining block at height 1...
✗ Mining failed after 20000000 attempts, skipping block
Mining block at height 1...
✗ Mining failed after 20000000 attempts, skipping block
Mining block at height 1...
✗ Mining failed after 20000000 attempts, skipping block
Mining block at height 1...
✗ Mining failed after 20000000 attempts, skipping block
Mining block at height 1...
✗ Mining failed after 20000000 attempts, skipping block
Mining block at height 1...
✗ Mining failed after 20000000 attempts, skipping block
Mining block at height 1...
✗ Mining failed after 20000000 attempts, skipping block
Mining block at height 1...
✗ Mining failed after 20000000 attempts, skipping block
Mining block at height 1...
✗ Mining failed after 20000000 attempts, skipping block
Mining block at height 1...
✗ Mining failed after 20000000 attempts, skipping block
Mining block at height 1...
✗ Mining failed after 20000000 attempts, skipping block
Mining block at height 1...
✗ Mining failed after 20000000 attempts, skipping block
Mining block at height 1...
✗ Mining failed after 20000000 attempts, skipping block
Mining block at height 1...
✗ Mining failed after 20000000 attempts, skipping block
Mining block at height 1...
✗ Mining failed after 20000000 attempts, skipping block
Mining block at height 1...
✗ Mining failed after 20000000 attempts, skipping block
Mining block at height 1...
✗ Mining failed after 20000000 attempts, skipping block
Mining block at height 1...
✗ Mining failed after 20000000 attempts, skipping block
Mining block at height 1...
✗ Mining failed after 20000000 attempts, skipping block
Mining block at height 1...
✗ Mining failed after 20000000 attempts, skipping block
Mining block at height 1...
✗ Mining failed after 20000000 attempts, skipping block
Mining block at height 1...
✗ Mining failed after 20000000 attempts, skipping block
Mining block at height 1...
✗ Mining failed after 20000000 attempts, skipping block
Mining block at height 1...
✗ Mining failed after 20000000 attempts, skipping block
Mining block at height 1...
✗ Mining failed after 20000000 attempts, skipping block
Mining block at height 1...
✗ Mining failed after 20000000 attempts, skipping block
Mining block at height 1...
✗ Mining failed after 20000000 attempts, skipping block
Mining block at height 1...
✗ Mining failed after 20000000 attempts, skipping block
Mining block at height 1...
✗ Mining failed after 20000000 attempts, skipping block
Mining block at height 1...
✗ Mining failed after 20000000 attempts, skipping block
Mining block at height 1...
✗ Mining failed after 20000000 attempts, skipping block
Mining block at height 1...
✗ Mining failed after 20000000 attempts, skipping block
Mining block at height 1...
✗ Mining failed after 20000000 attempts, skipping block
Mining block at height 1...
✗ Mining failed after 20000000 attempts, skipping block
Mining block at height 1...
✗ Mining failed after 20000000 attempts, skipping block
Mining block at height 1...
✗ Mining failed after 20000000 attempts, skipping block
Mining block at height 1...
✗ Mining failed after 20000000 attempts, skipping block
Mining block at height 1...
✗ Mining failed after 20000000 attempts, skipping block
Mining block at height 1...
✗ Mining failed after 20000000 attempts, skipping block
Mining block at height 1...
✗ Mining failed after 20000000 attempts, skipping block
Mining block at height 1...
✗ Mining failed after 20000000 attempts, skipping block
Mining block at height 1...
✗ Mining failed after 20000000 attempts, skipping block
Mining block at height 1...
✗ Mining failed after 20000000 attempts, skipping block
Mining block at height 1...
✗ Mining failed after 20000000 attempts, skipping block
Mining block at height 1...
✗ Mining failed after 20000000 attempts, skipping block
Mining block at height 1...
✗ Mining failed after 20000000 attempts, skipping block
Mining block at height 1...
✗ Mining failed after 20000000 attempts, skipping block
Mining block at height 1...
✗ Mining failed after 20000000 attempts, skipping block
Mining block at height 1...
✗ Mining failed after 20000000 attempts, skipping block
Mining block at height 1...
✗ Mining failed after 20000000 attempts, skipping block
Mining block at height 1...
✗ Mining failed after 20000000 attempts, skipping block
Mining block at height 1...
✗ Mining failed after 20000000 attempts, skipping block
Mining block at height 1...
✗ Mining failed after 20000000 attempts, skipping block
Mining block at height 1...
✗ Mining failed after 20000000 attempts, skipping block
Mining block at height 1...
✗ Mining failed after 20000000 attempts, skipping block
Mining block at height 1...
✗ Mining failed after 20000000 attempts, skipping block
Mining block at height 1...
✗ Mining failed after 20000000 attempts, skipping block
Mining block at height 1...
✗ Mining failed after 20000000 attempts, skipping block
Mining block at height 1...
✗ Mining failed after 20000000 attempts, skipping block
Mining block at height 1...
✗ Mining failed after 20000000 attempts, skipping block
Mining block at height 1...
✗ Mining failed after 20000000 attempts, skipping block
Mining block at height 1...
✗ Mining failed after 20000000 attempts, skipping block
Mining block at height 1...
✗ Mining failed after 20000000 attempts, skipping block
Mining block at height 1...
✗ Mining failed after 20000000 attempts, skipping block
Mining block at height 1...
✗ Mining failed after 20000000 attempts, skipping block
Mining block at height 1...
✗ Mining failed after 20000000 attempts, skipping block
Mining block at height 1...
✗ Mining failed after 20000000 attempts, skipping block
Mining block at height 1...
✗ Mining failed after 20000000 attempts, skipping block
Mining block at height 1...
✗ Mining failed after 20000000 attempts, skipping block
Mining block at height 1...
✗ Mining failed after 20000000 attempts, skipping block
Mining block at height 1...
✗ Mining failed after 20000000 attempts, skipping block
Mining block at height 1...
✗ Mining failed after 20000000 attempts, skipping block
Mining block at height 1...
✗ Mining failed after 20000000 attempts, skipping block
Mining block at height 1...
✗ Mining failed after 20000000 attempts, skipping block
Mining block at height 1...
✗ Mining failed after 20000000 attempts, skipping block
Mining block at height 1...
✗ Mining failed after 20000000 attempts, skipping block
Mining block at height 1...
✗ Mining failed after 20000000 attempts, skipping block
Mining block at height 1...
✗ Mining failed after 20000000 attempts, skipping block
Mining block at height 1...
✗ Mining failed after 20000000 attempts, skipping block
Mining block at height 1...
✗ Mining failed after 20000000 attempts, skipping block
Mining block at height 1...
✗ Mining failed after 20000000 attempts, skipping block
Mining block at height 1...
✗ Mining failed after 20000000 attempts, skipping block
Mining block at height 1...
✗ Mining failed after 20000000 attempts, skipping block
Mining block at height 1...
✗ Mining failed after 20000000 attempts, skipping block
Mining block at height 1...
✗ Mining failed after 20000000 attempts, skipping block
Mining block at height 1...
✗ Mining failed after 20000000 attempts, skipping block
Mining block at height 1...
✗ Mining failed after 20000000 attempts, skipping block
Mining block at height 1...
✗ Mining failed after 20000000 attempts, skipping block
Mining block at height 1...
✗ Mining failed after 20000000 attempts, skipping block
Mining block at height 1...
✗ Mining failed after 20000000 attempts, skipping block
Mining block at height 1...
✗ Mining failed after 20000000 attempts, skipping block
Mining block at height 1...
✗ Mining failed after 20000000 attempts, skipping block
Mining block at height 1...
✗ Mining failed after 20000000 attempts, skipping block
Mining block at height 1...
✗ Mining failed after 20000000 attempts, skipping block
Mining block at height 1...
✗ Mining failed after 20000000 attempts, skipping block
Mining block at height 1...
✗ Mining failed after 20000000 attempts, skipping block
Mining block at height 1...
✗ Mining failed after 20000000 attempts, skipping block
Mining block at height 1...
✗ Mining failed after 20000000 attempts, skipping block
Mining block at height 1...
✗ Mining failed after 20000000 attempts, skipping block
Mining block at height 1...
✗ Mining failed after 20000000 attempts, skipping block
Mining block at height 1...
✗ Mining failed after 20000000 attempts, skipping block
Mining block at height 1...
✗ Mining failed after 20000000 attempts, skipping block
Mining block at height 1...
✗ Mining failed after 20000000 attempts, skipping block
Mining block at height 1...
✗ Mining failed after 20000000 attempts, skipping block
Mining block at height 1...
✗ Mining failed after 20000000 attempts, skipping block
Mining block at height 1...
✗ Mining failed after 20000000 attempts, skipping block
Mining block at height 1...
✗ Mining failed after 20000000 attempts, skipping block
Mining block at height 1...
✗ Mining failed after 20000000 attempts, skipping block
Mining block at height 1...
✗ Mining failed after 20000000 attempts, skipping block
Mining block at height 1...
✗ Mining failed after 20000000 attempts, skipping block
Mining block at height 1...
✗ Mining failed after 20000000 attempts, skipping block
Mining block at height 1...
✗ Mining failed after 20000000 attempts, skipping block
Mining block at height 1...
✗ Mining failed after 20000000 attempts, skipping block
Mining block at height 1...
✗ Mining failed after 20000000 attempts, skipping block
Mining block at height 1...
✗ Mining failed after 20000000 attempts, skipping block
Mining block at height 1...
✗ Mining failed after 20000000 attempts, skipping block
Mining block at height 1...
✗ Mining failed after 20000000 attempts, skipping block
Mining block at height 1...
✗ Mining failed after 20000000 attempts, skipping block
Mining block at height 1...
✗ Mining failed after 20000000 attempts, skipping block
Mining block at height 1...
✗ Mining failed after 20000000 attempts, skipping block
Mining block at height 1...
✗ Mining failed after 20000000 attempts, skipping block
Mining block at height 1...
✗ Mining failed after 20000000 attempts, skipping block
Mining block at height 1...
✗ Mining failed after 20000000 attempts, skipping block
Mining block at height 1...
✗ Mining failed after 20000000 attempts, skipping block
Mining block at height 1...
✗ Mining failed after 20000000 attempts, skipping block
Mining block at height 1...
✗ Mining failed after 20000000 attempts, skipping block
Mining block at height 1...
✗ Mining failed after 20000000 attempts, skipping block
Mining block at height 1...
✗ Mining failed after 20000000 attempts, skipping block
Mining block at height 1...
✗ Mining failed after 20000000 attempts, skipping block
Mining block at height 1...
✗ Mining failed after 20000000 attempts, skipping block
Mining block at height 1...
✗ Mining failed after 20000000 attempts, skipping block
Mining block at height 1...
✗ Mining failed after 20000000 attempts, skipping block
Mining block at height 1...
✗ Mining failed after 20000000 attempts, skipping block
Mining block at height 1...
✗ Mining failed after 20000000 attempts, skipping block
Mining block at height 1...
✗ Mining failed after 20000000 attempts, skipping block
Mining block at height 1...
✗ Mining failed after 20000000 attempts, skipping block
Mining block at height 1...
✗ Mining failed after 20000000 attempts, skipping block
Mining block at height 1...
✗ Mining failed after 20000000 attempts, skipping block
Mining block at height 1...
✗ Mining failed after 20000000 attempts, skipping block
Mining block at height 1...
✗ Mining failed after 20000000 attempts, skipping block
Mining block at height 1...
✗ Mining failed after 20000000 attempts, skipping block
Mining block at height 1...
✗ Mining failed after 20000000 attempts, skipping block
Mining block at height 1...
✗ Mining failed after 20000000 attempts, skipping block
Mining block at height 1...
✗ Mining failed after 20000000 attempts, skipping block
Mining block at height 1...
✗ Mining failed after 20000000 attempts, skipping block
Mining block at height 1...
✗ Mining failed after 20000000 attempts, skipping block
Mining block at height 1...
✗ Mining failed after 20000000 attempts, skipping block
Mining block at height 1...
✗ Mining failed after 20000000 attempts, skipping block
Mining block at height 1...
✗ Mining failed after 20000000 attempts, skipping block
Mining block at height 1...
✗ Mining failed after 20000000 attempts, skipping block
Mining block at height 1...
✗ Mining failed after 20000000 attempts, skipping block
Mining block at height 1...
✗ Mining failed after 20000000 attempts, skipping block
Mining block at height 1...
✗ Mining failed after 20000000 attempts, skipping block
Mining block at height 1...
✗ Mining failed after 20000000 attempts, skipping block
Mining block at height 1...
✗ Mining failed after 20000000 attempts, skipping block
Mining block at height 1...
✗ Mining failed after 20000000 attempts, skipping block
Mining block at height 1...
✗ Mining failed after 20000000 attempts, skipping block
Mining block at height 1...
✗ Mining failed after 20000000 attempts, skipping block
Mining block at height 1...
✗ Mining failed after 20000000 attempts, skipping block
Mining block at height 1...
✗ Mining failed after 20000000 attempts, skipping block
Mining block at height 1...
✗ Mining failed after 20000000 attempts, skipping block
Mining block at height 1...
✗ Mining failed after 20000000 attempts, skipping block
Mining block at height 1...
✗ Mining failed after 20000000 attempts, skipping block
Mining block at height 1...
✗ Mining failed after 20000000 attempts, skipping block
Mining block at height 1...
✗ Mining failed after 20000000 attempts, skipping block
Mining block at height 1...
✗ Mining failed after 20000000 attempts, skipping block
Mining block at height 1...
✗ Mining failed after 20000000 attempts, skipping block
Mining block at height 1...
✗ Mining failed after 20000000 attempts, skipping block
Mining block at height 1...
✗ Mining failed after 20000000 attempts, skipping block
Mining block at height 1...
✗ Mining failed after 20000000 attempts, skipping block
Mining block at height 1...
✗ Mining failed after 20000000 attempts, skipping block
Mining block at height 1...
✗ Mining failed after 20000000 attempts, skipping block
Mining block at height 1...
✗ Mining failed after 20000000 attempts, skipping block
Mining block at height 1...
✗ Mining failed after 20000000 attempts, skipping block
Mining block at height 1...
✗ Mining failed after 20000000 attempts, skipping block
Mining block at height 1...
✗ Mining failed after 20000000 attempts, skipping block
Mining block at height 1...
✗ Mining failed after 20000000 attempts, skipping block
Mining block at height 1...
✗ Mining failed after 20000000 attempts, skipping block
Mining block at height 1...
✗ Mining failed after 20000000 attempts, skipping block
Mining block at height 1...
✗ Mining failed after 20000000 attempts, skipping block
Mining block at height 1...
✗ Mining failed after 20000000 attempts, skipping block
Mining block at height 1...
✗ Mining failed after 20000000 attempts, skipping block
Mining block at height 1...
✗ Mining failed after 20000000 attempts, skipping block
Mining block at height 1...
✗ Mining failed after 20000000 attempts, skipping block
Mining block at height 1...
✗ Mining failed after 20000000 attempts, skipping block
Mining block at height 1...
✗ Mining failed after 20000000 attempts, skipping block
Mining block at height 1...
✗ Mining failed after 20000000 attempts, skipping block
Mining block at height 1...
✗ Mining failed after 20000000 attempts, skipping block
Mining block at height 1...
✗ Mining failed after 20000000 attempts, skipping block
Mining block at height 1...
✗ Mining failed after 20000000 attempts, skipping block
Mining block at height 1...
✗ Mining failed after 20000000 attempts, skipping block
Mining block at height 1...
✗ Mining failed after 20000000 attempts, skipping block
Mining block at height 1...
✗ Mining failed after 20000000 attempts, skipping block
Mining block at height 1...
✗ Mining failed after 20000000 attempts, skipping block
Mining block at height 1...
✗ Mining failed after 20000000 attempts, skipping block
Mining block at height 1...
✗ Mining failed after 20000000 attempts, skipping block
Mining block at height 1...
✗ Mining failed after 20000000 attempts, skipping block
Mining block at height 1...
✗ Mining failed after 20000000 attempts, skipping block
Mining block at height 1...
✗ Mining failed after 20000000 attempts, skipping block
Mining block at height 1...
✗ Mining failed after 20000000 attempts, skipping block
Mining block at height 1...
✗ Mining failed after 20000000 attempts, skipping block
Mining block at height 1...
✗ Mining failed after 20000000 attempts, skipping block
Mining block at height 1...
✗ Mining failed after 20000000 attempts, skipping block
Mining block at height 1...
✗ Mining failed after 20000000 attempts, skipping block
Mining block at height 1...
✗ Mining failed after 20000000 attempts, skipping block
Mining block at height 1...
✗ Mining failed after 20000000 attempts, skipping block
Mining block at height 1...
✗ Mining failed after 20000000 attempts, skipping block
Mining block at height 1...
✗ Mining failed after 20000000 attempts, skipping block
Mining block at height 1...
✗ Mining failed after 20000000 attempts, skipping block
Mining block at height 1...
✗ Mining failed after 20000000 attempts, skipping block
Mining block at height 1...
✗ Mining failed after 20000000 attempts, skipping block
Mining block at height 1...
✗ Mining failed after 20000000 attempts, skipping block
Mining block at height 1...
✗ Mining failed after 20000000 attempts, skipping block
Mining block at height 1...
✗ Mining failed after 20000000 attempts, skipping block
Mining block at height 1...
✗ Mining failed after 20000000 attempts, skipping block
Mining block at height 1...
✗ Mining failed after 20000000 attempts, skipping block
Mining block at height 1...
✗ Mining failed after 20000000 attempts, skipping block
Mining block at height 1...
✗ Mining failed after 20000000 attempts, skipping block
Mining block at height 1...
✗ Mining failed after 20000000 attempts, skipping block
Mining block at height 1...
✗ Mining failed after 20000000 attempts, skipping block
Mining block at height 1...
✗ Mining failed after 20000000 attempts, skipping block
Mining block at height 1...
✗ Mining failed after 20000000 attempts, skipping block
Mining block at height 1...
✗ Mining failed after 20000000 attempts, skipping block
Mining block at height 1...
✗ Mining failed after 20000000 attempts, skipping block
Mining block at height 1...
✗ Mining failed after 20000000 attempts, skipping block
Mining block at height 1...
✗ Mining failed after 20000000 attempts, skipping block
Mining block at height 1...
✗ Mining failed after 20000000 attempts, skipping block
Mining block at height 1...
✗ Mining failed after 20000000 attempts, skipping block
Mining block at height 1...
✗ Mining failed after 20000000 attempts, skipping block
Mining block at height 1...
✗ Mining failed after 20000000 attempts, skipping block
Mining block at height 1...
✗ Mining failed after 20000000 attempts, skipping block
Mining block at height 1...
✗ Mining failed after 20000000 attempts, skipping block
Mining block at height 1...
✗ Mining failed after 20000000 attempts, skipping block
Mining block at height 1...
✗ Mining failed after 20000000 attempts, skipping block
Mining block at height 1...
✗ Mining failed after 20000000 attempts, skipping block
Mining block at height 1...
✗ Mining failed after 20000000 attempts, skipping block
Mining block at height 1...
✗ Mining failed after 20000000 attempts, skipping block
Mining block at height 1...
✗ Mining failed after 20000000 attempts, skipping block
Mining block at height 1...
✗ Mining failed after 20000000 attempts, skipping block
Mining block at height 1...
✗ Mining failed after 20000000 attempts, skipping block
Mining block at height 1...
✗ Mining failed after 20000000 attempts, skipping block
Mining block at height 1...
✗ Mining failed after 20000000 attempts, skipping block
Mining block at height 1...
✗ Mining failed after 20000000 attempts, skipping block
Mining block at height 1...
✗ Mining failed after 20000000 attempts, skipping block
Mining block at height 1...
✗ Mining failed after 20000000 attempts, skipping block
Mining block at height 1...
✗ Mining failed after 20000000 attempts, skipping block
Mining block at height 1...
✗ Mining failed after 20000000 attempts, skipping block
Mining block at height 1...
✗ Mining failed after 20000000 attempts, skipping block
Mining block at height 1...
✗ Mining failed after 20000000 attempts, skipping block
Mining block at height 1...
✗ Mining failed after 20000000 attempts, skipping block
Mining block at height 1...
✗ Mining failed after 20000000 attempts, skipping block
Mining block at height 1...
✗ Mining failed after 20000000 attempts, skipping block
Mining block at height 1...
✗ Mining failed after 20000000 attempts, skipping block
Mining block at height 1...
✗ Mining failed after 20000000 attempts, skipping block
Mining block at height 1...
✗ Mining failed after 20000000 attempts, skipping block
Mining block at height 1...
✗ Mining failed after 20000000 attempts, skipping block
Mining block at height 1...
✗ Mining failed after 20000000 attempts, skipping block
Mining block at height 1...
✗ Mining failed after 20000000 attempts, skipping block
Mining block at height 1...
✗ Mining failed after 20000000 attempts, skipping block
Mining block at height 1...
✗ Mining failed after 20000000 attempts, skipping block
Mining block at height 1...
✗ Mining failed after 20000000 attempts, skipping block
Mining block at height 1...
✗ Mining failed after 20000000 attempts, skipping block
Mining block at height 1...
✗ Mining failed after 20000000 attempts, skipping block
Mining block at height 1...
✗ Mining failed after 20000000 attempts, skipping block
Mining block at height 1...
✗ Mining failed after 20000000 attempts, skipping block
Mining block at height 1...
✗ Mining failed after 20000000 attempts, skipping block
Mining block at height 1...
✗ Mining failed after 20000000 attempts, skipping block
Mining block at height 1...
✗ Mining failed after 20000000 attempts, skipping block
Mining block at height 1...
✗ Mining failed after 20000000 attempts, skipping block
Mining block at height 1...
✗ Mining failed after 20000000 attempts, skipping block
Mining block at height 1...
✗ Mining failed after 20000000 attempts, skipping block
Mining block at height 1...
✗ Mining failed after 20000000 attempts, skipping block
Mining block at height 1...
✗ Mining failed after 20000000 attempts, skipping block
Mining block at height 1...
✗ Mining failed after 20000000 attempts, skipping block
Mining block at height 1...
✗ Mining failed after 20000000 attempts, skipping block
Mining block at height 1...
✗ Mining failed after 20000000 attempts, skipping block
Mining block at height 1...
✗ Mining failed after 20000000 attempts, skipping block
Mining block at height 1...
✗ Mining failed after 20000000 attempts, skipping block
Mining block at height 1...
✗ Mining failed after 20000000 attempts, skipping block
Mining block at height 1...
✗ Mining failed after 20000000 attempts, skipping block
Mining block at height 1...
✗ Mining failed after 20000000 attempts, skipping block
Mining block at height 1...
✗ Mining failed after 20000000 attempts, skipping block
Mining block at height 1...
✗ Mining failed after 20000000 attempts, skipping block
Mining block at height 1...
✗ Mining failed after 20000000 attempts, skipping block
Mining block at height 1...
✗ Mining failed after 20000000 attempts, skipping block
Mining block at height 1...
✗ Mining failed after 20000000 attempts, skipping block
Mining block at height 1...
✗ Mining failed after 20000000 attempts, skipping block
Mining block at height 1...
✗ Mining failed after 20000000 attempts, skipping block
Mining block at height 1...
✗ Mining failed after 20000000 attempts, skipping block
Mining block at height 1...
✗ Mining failed after 20000000 attempts, skipping block
Mining block at height 1...
✗ Mining failed after 20000000 attempts, skipping block
Mining block at height 1...
✗ Mining failed after 20000000 attempts, skipping block
Mining block at height 1...
✗ Mining failed after 20000000 attempts, skipping block
Mining block at height 1...
✗ Mining failed after 20000000 attempts, skipping block
Mining block at height 1...
✗ Mining failed after 20000000 attempts, skipping block
Mining block at height 1...
✗ Mining failed after 20000000 attempts, skipping block
Mining block at height 1...
✗ Mining failed after 20000000 attempts, skipping block
Mining block at height 1...
✗ Mining failed after 20000000 attempts, skipping block
Mining block at height 1...
✗ Mining failed after 20000000 attempts, skipping block
Mining block at height 1...
✗ Mining failed after 20000000 attempts, skipping block
Mining block at height 1...
✗ Mining failed after 20000000 attempts, skipping block
Mining block at height 1...
✗ Mining failed after 20000000 attempts, skipping block
Mining block at height 1...
✗ Mining failed after 20000000 attempts, skipping block
Mining block at height 1...
✗ Mining failed after 20000000 attempts, skipping block
Mining block at height 1...
✗ Mining failed after 20000000 attempts, skipping block
Mining block at height 1...
✗ Mining failed after 20000000 attempts, skipping block
Mining block at height 1...
✗ Mining failed after 20000000 attempts, skipping block
Mining block at height 1...
✗ Mining failed after 20000000 attempts, skipping block
Mining block at height 1...
✗ Mining failed after 20000000 attempts, skipping block
Mining block at height 1...
✗ Mining failed after 20000000 attempts, skipping block
Mining block at height 1...
✗ Mining failed after 20000000 attempts, skipping block
Mining block at height 1...
✗ Mining failed after 20000000 attempts, skipping block
Mining block at height 1...
✗ Mining failed after 20000000 attempts, skipping block
Mining block at height 1...
✗ Mining failed after 20000000 attempts, skipping block
Mining block at height 1...
✗ Mining failed after 20000000 attempts, skipping block
Mining block at height 1...
✗ Mining failed after 20000000 attempts, skipping block
Mining block at height 1...
✗ Mining failed after 20000000 attempts, skipping block
Mining block at height 1...
✗ Mining failed after 20000000 attempts, skipping block
Mining block at height 1...
✗ Mining failed after 20000000 attempts, skipping block
Mining block at height 1...
✗ Mining failed after 20000000 attempts, skipping block
Mining block at height 1...
✗ Mining failed after 20000000 attempts, skipping block
Mining block at height 1...
✗ Mining failed after 20000000 attempts, skipping block
Mining block at height 1...
✗ Mining failed after 20000000 attempts, skipping block
Mining block at height 1...
✗ Mining failed after 20000000 attempts, skipping block
Mining block at height 1...
✗ Mining failed after 20000000 attempts, skipping block
Mining block at height 1...
✗ Mining failed after 20000000 attempts, skipping block
Mining block at height 1...
✗ Mining failed after 20000000 attempts, skipping block
Mining block at height 1...
✗ Mining failed after 20000000 attempts, skipping block
Mining block at height 1...
✗ Mining failed after 20000000 attempts, skipping block
Mining block at height 1...
✗ Mining failed after 20000000 attempts, skipping block
Mining block at height 1...
✗ Mining failed after 20000000 attempts, skipping block
Mining block at height 1...
✗ Mining failed after 20000000 attempts, skipping block
Mining block at height 1...
✗ Mining failed after 20000000 attempts, skipping block
Mining block at height 1...
✗ Mining failed after 20000000 attempts, skipping block
Mining block at height 1...
✗ Mining failed after 20000000 attempts, skipping block
Mining block at height 1...
✗ Mining failed after 20000000 attempts, skipping block
Mining block at height 1...
✗ Mining failed after 20000000 attempts, skipping block
Mining block at height 1...
✗ Mining failed after 20000000 attempts, skipping block
Mining block at height 1...
✗ Mining failed after 20000000 attempts, skipping block
Mining block at height 1...
✗ Mining failed after 20000000 attempts, skipping block
Mining block at height 1...
✗ Mining failed after 20000000 attempts, skipping block
Mining block at height 1...
✗ Mining failed after 20000000 attempts, skipping block
Mining block at height 1...
✗ Mining failed after 20000000 attempts, skipping block
Mining block at height 1...
✗ Mining failed after 20000000 attempts, skipping block
Mining block at height 1...
✗ Mining failed after 20000000 attempts, skipping block
Mining block at height 1...
✗ Mining failed after 20000000 attempts, skipping block
Mining block at height 1...
✗ Mining failed after 20000000 attempts, skipping block
Mining block at height 1...
✗ Mining failed after 20000000 attempts, skipping block
Mining block at height 1...
✗ Mining failed after 20000000 attempts, skipping block
Mining block at height 1...
✗ Mining failed after 20000000 attempts, skipping block
Mining block at height 1...
✗ Mining failed after 20000000 attempts, skipping block
Mining block at height 1...
✗ Mining failed after 20000000 attempts, skipping block
Mining block at height 1...
✗ Mining failed after 20000000 attempts, skipping block
Mining block at height 1...
✗ Mining failed after 20000000 attempts, skipping block
Mining block at height 1...
✗ Mining failed after 20000000 attempts, skipping block
Mining block at height 1...
✗ Mining failed after 20000000 attempts, skipping block
Mining block at height 1...
✗ Mining failed after 20000000 attempts, skipping block
Mining block at height 1...
✗ Mining failed after 20000000 attempts, skipping block
Mining block at height 1...
✗ Mining failed after 20000000 attempts, skipping block
Mining block at height 1...
✗ Mining failed after 20000000 attempts, skipping block
Mining block at height 1...
✗ Mining failed after 20000000 attempts, skipping block
Mining block at height 1...
✗ Mining failed after 20000000 attempts, skipping block
Mining block at height 1...
✗ Mining failed after 20000000 attempts, skipping block
Mining block at height 1...
✗ Mining failed after 20000000 attempts, skipping block
Mining block at height 1...
✗ Mining failed after 20000000 attempts, skipping block
Mining block at height 1...
✗ Mining failed after 20000000 attempts, skipping block
Mining block at height 1...
✗ Mining failed after 20000000 attempts, skipping block
Mining block at height 1...
✗ Mining failed after 20000000 attempts, skipping block
Mining block at height 1...
✗ Mining failed after 20000000 attempts, skipping block
Mining block at height 1...
✗ Mining failed after 20000000 attempts, skipping block
Mining block at height 1...
✗ Mining failed after 20000000 attempts, skipping block
Mining block at height 1...
✗ Mining failed after 20000000 attempts, skipping block
Mining block at height 1...
✗ Mining failed after 20000000 attempts, skipping block
Mining block at height 1...
✗ Mining failed after 20000000 attempts, skipping block
Mining block at height 1...
✗ Mining failed after 20000000 attempts, skipping block
Mining block at height 1...
✗ Mining failed after 20000000 attempts, skipping block
Mining block at height 1...
✗ Mining failed after 20000000 attempts, skipping block
Mining block at height 1...
✗ Mining failed after 20000000 attempts, skipping block
Mining block at height 1...
✗ Mining failed after 20000000 attempts, skipping block
Mining block at height 1...
✗ Mining failed after 20000000 attempts, skipping block
Mining block at height 1...
✗ Mining failed after 20000000 attempts, skipping block
Mining block at height 1...
✗ Mining failed after 20000000 attempts, skipping block
Mining block at height 1...
✗ Mining failed after 20000000 attempts, skipping block
Mining block at height 1...
✗ Mining failed after 20000000 attempts, skipping block
Mining block at height 1...
✗ Mining failed after 20000000 attempts, skipping block
Mining block at height 1...
✗ Mining failed after 20000000 attempts, skipping block
Mining block at height 1...
✗ Mining failed after 20000000 attempts, skipping block
Mining block at height 1...
✗ Mining failed after 20000000 attempts, skipping block
Mining block at height 1...
✗ Mining failed after 20000000 attempts, skipping block
Mining block at height 1...
✗ Mining failed after 20000000 attempts, skipping block
Mining block at height 1...
✗ Mining failed after 20000000 attempts, skipping block
Mining block at height 1...
✗ Mining failed after 20000000 attempts, skipping block
Mining block at height 1...
✗ Mining failed after 20000000 attempts, skipping block
Mining block at height 1...
✗ Mining failed after 20000000 attempts, skipping block
Mining block at height 1...
✗ Mining failed after 20000000 attempts, skipping block
Mining block at height 1...
✗ Mining failed after 20000000 attempts, skipping block
Mining block at height 1...
✗ Mining failed after 20000000 attempts, skipping block
Mining block at height 1...
✗ Mining failed after 20000000 attempts, skipping block
Mining block at height 1...
✗ Mining failed after 20000000 attempts, skipping block
Mining block at height 1...
✗ Mining failed after 20000000 attempts, skipping block
Mining block at height 1...
✗ Mining failed after 20000000 attempts, skipping block
Mining block at height 1...
✗ Mining failed after 20000000 attempts, skipping block
Mining block at height 1...
✗ Mining failed after 20000000 attempts, skipping block
Mining block at height 1...
✗ Mining failed after 20000000 attempts, skipping block
Mining block at height 1...
✗ Mining failed after 20000000 attempts, skipping block
Mining block at height 1...
✗ Mining failed after 20000000 attempts, skipping block
Mining block at height 1...
✗ Mining failed after 20000000 attempts, skipping block
Mining block at height 1...
✗ Mining failed after 20000000 attempts, skipping block
Mining block at height 1...
✗ Mining failed after 20000000 attempts, skipping block
Mining block at height 1...
✗ Mining failed after 20000000 attempts, skipping block
Mining block at height 1...
✗ Mining failed after 20000000 attempts, skipping block
Mining block at height 1...
✗ Mining failed after 20000000 attempts, skipping block
Mining block at height 1...
✗ Mining failed after 20000000 attempts, skipping block
Mining block at height 1...
✗ Mining failed after 20000000 attempts, skipping block
Mining block at height 1...
✗ Mining failed after 20000000 attempts, skipping block
Mining block at height 1...
✗ Mining failed after 20000000 attempts, skipping block
Mining block at height 1...
✗ Mining failed after 20000000 attempts, skipping block
Mining block at height 1...
✗ Mining failed after 20000000 attempts, skipping block
Mining block at height 1...
✗ Mining failed after 20000000 attempts, skipping block
Mining block at height 1...
✗ Mining failed after 20000000 attempts, skipping block
Mining block at height 1...
✗ Mining failed after 20000000 attempts, skipping block
Mining block at height 1...
✗ Mining failed after 20000000 attempts, skipping block
Mining block at height 1...
✗ Mining failed after 20000000 attempts, skipping block
Mining block at height 1...
✗ Mining failed after 20000000 attempts, skipping block
Mining block at height 1...
✗ Mining failed after 20000000 attempts, skipping block
Mining block at height 1...
✗ Mining failed after 20000000 attempts, skipping block
Mining block at height 1...
✗ Mining failed after 20000000 attempts, skipping block
Mining block at height 1...
✗ Mining failed after 20000000 attempts, skipping block
Mining block at height 1...
✗ Mining failed after 20000000 attempts, skipping block
Mining block at height 1...
✗ Mining failed after 20000000 attempts, skipping block
Mining block at height 1...
✗ Mining failed after 20000000 attempts, skipping block
Mining block at height 1...
✗ Mining failed after 20000000 attempts, skipping block
Mining block at height 1...
✗ Mining failed after 20000000 attempts, skipping block
Mining block at height 1...
✗ Mining failed after 20000000 attempts, skipping block
Mining block at height 1...
✗ Mining failed after 20000000 attempts, skipping block
Mining block at height 1...
✗ Mining failed after 20000000 attempts, skipping block
Mining block at height 1...
✗ Mining failed after 20000000 attempts, skipping block
Mining block at height 1...
✗ Mining failed after 20000000 attempts, skipping block
Mining block at height 1...
✗ Mining failed after 20000000 attempts, skipping block
Mining block at height 1...
✗ Mining failed after 20000000 attempts, skipping block
Mining block at height 1...
✗ Mining failed after 20000000 attempts, skipping block
Mining block at height 1...
✗ Mining failed after 20000000 attempts, skipping block
Mining block at height 1...
✗ Mining failed after 20000000 attempts, skipping block
Mining block at height 1...
✗ Mining failed after 20000000 attempts, skipping block
Mining block at height 1...
✗ Mining failed after 20000000 attempts, skipping block
Mining block at height 1...
✗ Mining failed after 20000000 attempts, skipping block
Mining block at height 1...
✗ Mining failed after 20000000 attempts, skipping block
Mining block at height 1...
✗ Mining failed after 20000000 attempts, skipping block
Mining block at height 1...
✗ Mining failed after 20000000 attempts, skipping block
Mining block at height 1...
✗ Mining failed after 20000000 attempts, skipping block
Mining block at height 1...
✗ Mining failed after 20000000 attempts, skipping block
Mining block at height 1...
✗ Mining failed after 20000000 attempts, skipping block
Mining block at height 1...
✗ Mining failed after 20000000 attempts, skipping block
Mining block at height 1...
✗ Mining failed after 20000000 attempts, skipping block
Mining block at height 1...
✗ Mining failed after 20000000 attempts, skipping block
Mining block at height 1...
✗ Mining failed after 20000000 attempts, skipping block
Mining block at height 1...
✗ Mining failed after 20000000 attempts, skipping block
Mining block at height 1...
✗ Mining failed after 20000000 attempts, skipping block
Mining block at height 1...
✗ Mining failed after 20000000 attempts, skipping block
Mining block at height 1...
✗ Mining failed after 20000000 attempts, skipping block
Mining block at height 1...
✗ Mining failed after 20000000 attempts, skipping block
Mining block at height 1...
✗ Mining failed after 20000000 attempts, skipping block
Mining block at height 1...
✗ Mining failed after 20000000 attempts, skipping block
Mining block at height 1...
✗ Mining failed after 20000000 attempts, skipping block
Mining block at height 1...
✗ Mining failed after 20000000 attempts, skipping block
Mining block at height 1...
✗ Mining failed after 20000000 attempts, skipping block
Mining block at height 1...
✗ Mining failed after 20000000 attempts, skipping block
Mining block at height 1...
✗ Mining failed after 20000000 attempts, skipping block
Mining block at height 1...
✗ Mining failed after 20000000 attempts, skipping block
Mining block at height 1...
✗ Mining failed after 20000000 attempts, skipping block
Mining block at height 1...
✗ Mining failed after 20000000 attempts, skipping block
Mining block at height 1...
✗ Mining failed after 20000000 attempts, skipping block
Mining block at height 1...
✗ Mining failed after 20000000 attempts, skipping block
Mining block at height 1...
✗ Mining failed after 20000000 attempts, skipping block
Mining block at height 1...
✗ Mining failed after 20000000 attempts, skipping block
Mining block at height 1...
✗ Mining failed after 20000000 attempts, skipping block
Mining block at height 1...
✗ Mining failed after 20000000 attempts, skipping block
Mining block at height 1...
✗ Mining failed after 20000000 attempts, skipping block
Mining block at height 1...
✗ Mining failed after 20000000 attempts, skipping block
Mining block at height 1...
✗ Mining failed after 20000000 attempts, skipping block
Mining block at height 1...
✗ Mining failed after 20000000 attempts, skipping block
Mining block at height 1...
✗ Mining failed after 20000000 attempts, skipping block
Mining block at height 1...
✗ Mining failed after 20000000 attempts, skipping block
Mining block at height 1...
✗ Mining failed after 20000000 attempts, skipping block
Mining block at height 1...
✗ Mining failed after 20000000 attempts, skipping block
Mining block at height 1...
✗ Mining failed after 20000000 attempts, skipping block
Mining block at height 1...
✗ Mining failed after 20000000 attempts, skipping block
Mining block at height 1...
✗ Mining failed after 20000000 attempts, skipping block
Mining block at height 1...
✗ Mining failed after 20000000 attempts, skipping block
Mining block at height 1...
✗ Mining failed after 20000000 attempts, skipping block
Mining block at height 1...
✗ Mining failed after 20000000 attempts, skipping block
Mining block at height 1...
✗ Mining failed after 20000000 attempts, skipping block
Mining block at height 1...
✗ Mining failed after 20000000 attempts, skipping block
Mining block at height 1...
✗ Mining failed after 20000000 attempts, skipping block
Mining block at height 1...
✗ Mining failed after 20000000 attempts, skipping block
Mining block at height 1...
✗ Mining failed after 20000000 attempts, skipping block
Mining block at height 1...
✗ Mining failed after 20000000 attempts, skipping block
Mining block at height 1...
✗ Mining failed after 20000000 attempts, skipping block
Mining block at height 1...
✗ Mining failed after 20000000 attempts, skipping block
Mining block at height 1...
✗ Mining failed after 20000000 attempts, skipping block
Mining block at height 1...
✗ Mining failed after 20000000 attempts, skipping block
Mining block at height 1...
✗ Mining failed after 20000000 attempts, skipping block
Mining block at height 1...
✗ Mining failed after 20000000 attempts, skipping block
Mining block at height 1...
✗ Mining failed after 20000000 attempts, skipping block
Mining block at height 1...
✗ Mining failed after 20000000 attempts, skipping block
Mining block at height 1...
✗ Mining failed after 20000000 attempts, skipping block
Mining block at height 1...
✗ Mining failed after 20000000 attempts, skipping block
Mining block at height 1...
✗ Mining failed after 20000000 attempts, skipping block
Mining block at height 1...
✗ Mining failed after 20000000 attempts, skipping block
Mining block at height 1...
✗ Mining failed after 20000000 attempts, skipping block
Mining block at height 1...
✗ Mining failed after 20000000 attempts, skipping block
Mining block at height 1...
✗ Mining failed after 20000000 attempts, skipping block
Mining block at height 1...
✗ Mining failed after 20000000 attempts, skipping block
Mining block at height 1...
✗ Mining failed after 20000000 attempts, skipping block
Mining block at height 1...
✗ Mining failed after 20000000 attempts, skipping block
Mining block at height 1...
✗ Mining failed after 20000000 attempts, skipping block
Mining block at height 1...
✗ Mining failed after 20000000 attempts, skipping block
Mining block at height 1...
✗ Mining failed after 20000000 attempts, skipping block
Mining block at height 1...
✗ Mining failed after 20000000 attempts, skipping block
Mining block at height 1...
✗ Mining failed after 20000000 attempts, skipping block
Mining block at height 1...
✗ Mining failed after 20000000 attempts, skipping block
Mining block at height 1...
✗ Mining failed after 20000000 attempts, skipping block
Mining block at height 1...
✗ Mining failed after 20000000 attempts, skipping block
Mining block at height 1...
✗ Mining failed after 20000000 attempts, skipping block
Mining block at height 1...
✗ Mining failed after 20000000 attempts, skipping block
Mining block at height 1...
✗ Mining failed after 20000000 attempts, skipping block
Mining block at height 1...
✗ Mining failed after 20000000 attempts, skipping block
Mining block at height 1...
✗ Mining failed after 20000000 attempts, skipping block
Mining block at height 1...
✗ Mining failed after 20000000 attempts, skipping block
Mining block at height 1...
✗ Mining failed after 20000000 attempts, skipping block
Mining block at height 1...
✗ Mining failed after 20000000 attempts, skipping block
Mining block at height 1...
✗ Mining failed after 20000000 attempts, skipping block
Mining block at height 1...
✗ Mining failed after 20000000 attempts, skipping block
Mining block at height 1...
✗ Mining failed after 20000000 attempts, skipping block
Mining block at height 1...
✗ Mining failed after 20000000 attempts, skipping block
Mining block at height 1...
✗ Mining failed after 20000000 attempts, skipping block
Mining block at height 1...
✗ Mining failed after 20000000 attempts, skipping block
Mining block at height 1...
✗ Mining failed after 20000000 attempts, skipping block
Mining block at height 1...
✗ Mining failed after 20000000 attempts, skipping block
Mining block at height 1...
✗ Mining failed after 20000000 attempts, skipping block
Mining block at height 1...
✗ Mining failed after 20000000 attempts, skipping block
Mining block at height 1...
✗ Mining failed after 20000000 attempts, skipping block
Mining block at height 1...
✗ Mining failed after 20000000 attempts, skipping block
Mining block at height 1...
✗ Mining failed after 20000000 attempts, skipping block
Mining block at height 1...
✗ Mining failed after 20000000 attempts, skipping block
Mining block at height 1...
✗ Mining failed after 20000000 attempts, skipping block
Mining block at height 1...
✗ Mining failed after 20000000 attempts, skipping block
Mining block at height 1...
✗ Mining failed after 20000000 attempts, skipping block
Mining block at height 1...
✗ Mining failed after 20000000 attempts, skipping block
Mining block at height 1...
✗ Mining failed after 20000000 attempts, skipping block
Mining block at height 1...
✗ Mining failed after 20000000 attempts, skipping block
Mining block at height 1...
✗ Mining failed after 20000000 attempts, skipping block
Mining block at height 1...
✗ Mining failed after 20000000 attempts, skipping block
Mining block at height 1...
✗ Mining failed after 20000000 attempts, skipping block
Mining block at height 1...
✗ Mining failed after 20000000 attempts, skipping block
Mining block at height 1...
✗ Mining failed after 20000000 attempts, skipping block
Mining block at height 1...
✗ Mining failed after 20000000 attempts, skipping block
Mining block at height 1...
✗ Mining failed after 20000000 attempts, skipping block
Mining block at height 1...
✗ Mining failed after 20000000 attempts, skipping block
Mining block at height 1...
✗ Mining failed after 20000000 attempts, skipping block
Mining block at height 1...
✗ Mining failed after 20000000 attempts, skipping block
Mining block at height 1...
✗ Mining failed after 20000000 attempts, skipping block
Mining block at height 1...
✗ Mining failed after 20000000 attempts, skipping block
Mining block at height 1...
✗ Mining failed after 20000000 attempts, skipping block
Mining block at height 1...
✗ Mining failed after 20000000 attempts, skipping block
Mining block at height 1...
✗ Mining failed after 20000000 attempts, skipping block
Mining block at height 1...
✗ Mining failed after 20000000 attempts, skipping block
Mining block at height 1...
✗ Mining failed after 20000000 attempts, skipping block
Mining block at height 1...
✗ Mining failed after 20000000 attempts, skipping block
Mining block at height 1...
✗ Mining failed after 20000000 attempts, skipping block
Mining block at height 1...
✗ Mining failed after 20000000 attempts, skipping block
Mining block at height 1...
✗ Mining failed after 20000000 attempts, skipping block
Mining block at height 1...
✗ Mining failed after 20000000 attempts, skipping block
Mining block at height 1...
✗ Mining failed after 20000000 attempts, skipping block
Mining block at height 1...
✗ Mining failed after 20000000 attempts, skipping block
Mining block at height 1...
✗ Mining failed after 20000000 attempts, skipping block
Mining block at height 1...
✗ Mining failed after 20000000 attempts, skipping block
Mining block at height 1...
✗ Mining failed after 20000000 attempts, skipping block
Mining block at height 1...
✗ Mining failed after 20000000 attempts, skipping block
Mining block at height 1...
✗ Mining failed after 20000000 attempts, skipping block
Mining block at height 1...
✗ Mining failed after 20000000 attempts, skipping block
Mining block at height 1...
✗ Mining failed after 20000000 attempts, skipping block
Mining block at height 1...
✗ Mining failed after 20000000 attempts, skipping block
Mining block at height 1...
✗ Mining failed after 20000000 attempts, skipping block
Mining block at height 1...
✗ Mining failed after 20000000 attempts, skipping block
Mining block at height 1...
✗ Mining failed after 20000000 attempts, skipping block
Mining block at height 1...
✗ Mining failed after 20000000 attempts, skipping block
Mining block at height 1...
✗ Mining failed after 20000000 attempts, skipping block
Mining block at height 1...
✗ Mining failed after 20000000 attempts, skipping block
Mining block at height 1...
✗ Mining failed after 20000000 attempts, skipping block
Mining block at height 1...
✗ Mining failed after 20000000 attempts, skipping block
Mining block at height 1...
✗ Mining failed after 20000000 attempts, skipping block
Mining block at height 1...
✗ Mining failed after 20000000 attempts, skipping block
Mining block at height 1...
✗ Mining failed after 20000000 attempts, skipping block
Mining block at height 1...
✗ Mining failed after 20000000 attempts, skipping block
Mining block at height 1...
✗ Mining failed after 20000000 attempts, skipping block
Mining block at height 1...
✗ Mining failed after 20000000 attempts, skipping block
Mining block at height 1...
✗ Mining failed after 20000000 attempts, skipping block
Mining block at height 1...
✗ Mining failed after 20000000 attempts, skipping block
Mining block at height 1...
✗ Mining failed after 20000000 attempts, skipping block
Mining block at height 1...
✗ Mining failed after 20000000 attempts, skipping block
Mining block at height 1...
✗ Mining failed after 20000000 attempts, skipping block
Mining block at height 1...
✗ Mining failed after 20000000 attempts, skipping block
Mining block at height 1...
✗ Mining failed after 20000000 attempts, skipping block
Mining block at height 1...
✗ Mining failed after 20000000 attempts, skipping block
Mining block at height 1...
✗ Mining failed after 20000000 attempts, skipping block
Mining block at height 1...
✗ Mining failed after 20000000 attempts, skipping block
Mining block at height 1...
✗ Mining failed after 20000000 attempts, skipping block
Mining block at height 1...
✗ Mining failed after 20000000 attempts, skipping block
Mining block at height 1...
✗ Mining failed after 20000000 attempts, skipping block
Mining block at height 1...
✗ Mining failed after 20000000 attempts, skipping block
Mining block at height 1...
✗ Mining failed after 20000000 attempts, skipping block
Mining block at height 1...
✗ Mining failed after 20000000 attempts, skipping block
Mining block at height 1...
✗ Mining failed after 20000000 attempts, skipping block
Mining block at height 1...
✗ Mining failed after 20000000 attempts, skipping block
Mining block at height 1...
✗ Mining failed after 20000000 attempts, skipping block
Mining block at height 1...
✗ Mining failed after 20000000 attempts, skipping block
Mining block at height 1...
✗ Mining failed after 20000000 attempts, skipping block
Mining block at height 1...
✗ Mining failed after 20000000 attempts, skipping block
Mining block at height 1...
✗ Mining failed after 20000000 attempts, skipping block
Mining block at height 1...
✗ Mining failed after 20000000 attempts, skipping block
Mining block at height 1...
✗ Mining failed after 20000000 attempts, skipping block
Mining block at height 1...
✗ Mining failed after 20000000 attempts, skipping block
Mining block at height 1...
✗ Mining failed after 20000000 attempts, skipping block
Mining block at height 1...
✗ Mining failed after 20000000 attempts, skipping block
Mining block at height 1...
✗ Mining failed after 20000000 attempts, skipping block
Mining block at height 1...
✗ Mining failed after 20000000 attempts, skipping block
Mining block at height 1...
✗ Mining failed after 20000000 attempts, skipping block
Mining block at height 1...
✗ Mining failed after 20000000 attempts, skipping block
Mining block at height 1...
✗ Mining failed after 20000000 attempts, skipping block
Mining block at height 1...
✗ Mining failed after 20000000 attempts, skipping block
Mining block at height 1...
✗ Mining failed after 20000000 attempts, skipping block
Mining block at height 1...
✗ Mining failed after 20000000 attempts, skipping block
Mining block at height 1...
✗ Mining failed after 20000000 attempts, skipping block
Mining block at height 1...
✗ Mining failed after 20000000 attempts, skipping block
Mining block at height 1...
✗ Mining failed after 20000000 attempts, skipping block
Mining block at height 1...
✗ Mining failed after 20000000 attempts, skipping block
Mining block at height 1...
✗ Mining failed after 20000000 attempts, skipping block
Mining block at height 1...
✗ Mining failed after 20000000 attempts, skipping block
Mining block at height 1...
✗ Mining failed after 20000000 attempts, skipping block
Mining block at height 1...
✗ Mining failed after 20000000 attempts, skipping block
Mining block at height 1...
✗ Mining failed after 20000000 attempts, skipping block
Mining block at height 1...
✗ Mining failed after 20000000 attempts, skipping block
Mining block at height 1...
✗ Mining failed after 20000000 attempts, skipping block
Mining block at height 1...
✗ Mining failed after 20000000 attempts, skipping block
Mining block at height 1...
✗ Mining failed after 20000000 attempts, skipping block
Mining block at height 1...
✗ Mining failed after 20000000 attempts, skipping block
Mining block at height 1...
✗ Mining failed after 20000000 attempts, skipping block
Mining block at height 1...
✗ Mining failed after 20000000 attempts, skipping block
Mining block at height 1...
✗ Mining failed after 20000000 attempts, skipping block
Mining block at height 1...
✗ Mining failed after 20000000 attempts, skipping block
Mining block at height 1...
✗ Mining failed after 20000000 attempts, skipping block
Mining block at height 1...
✗ Mining failed after 20000000 attempts, skipping block
Mining block at height 1...
✗ Mining failed after 20000000 attempts, skipping block
Mining block at height 1...
✗ Mining failed after 20000000 attempts, skipping block
Mining block at height 1...
✗ Mining failed after 20000000 attempts, skipping block
Mining block at height 1...
✗ Mining failed after 20000000 attempts, skipping block
Mining block at height 1...
✗ Mining failed after 20000000 attempts, skipping block
Mining block at height 1...
✗ Mining failed after 20000000 attempts, skipping block
Mining block at height 1...
✗ Mining failed after 20000000 attempts, skipping block
Mining block at height 1...
✗ Mining failed after 20000000 attempts, skipping block
Mining block at height 1...
✗ Mining failed after 20000000 attempts, skipping block
Mining block at height 1...
✗ Mining failed after 20000000 attempts, skipping block
Mining block at height 1...
✗ Mining failed after 20000000 attempts, skipping block
Mining block at height 1...
✗ Mining failed after 20000000 attempts, skipping block
Mining block at height 1...
✗ Mining failed after 20000000 attempts, skipping block
Mining block at height 1...
✗ Mining failed after 20000000 attempts, skipping block
Mining block at height 1...
✗ Mining failed after 20000000 attempts, skipping block
Mining block at height 1...
✗ Mining failed after 20000000 attempts, skipping block
Mining block at height 1...
✗ Mining failed after 20000000 attempts, skipping block
Mining block at height 1...
✗ Mining failed after 20000000 attempts, skipping block
Mining block at height 1...
✗ Mining failed after 20000000 attempts, skipping block
Mining block at height 1...
✗ Mining failed after 20000000 attempts, skipping block
Mining block at height 1...
✗ Mining failed after 20000000 attempts, skipping block
Mining block at height 1...
✗ Mining failed after 20000000 attempts, skipping block
Mining block at height 1...
✗ Mining failed after 20000000 attempts, skipping block
Mining block at height 1...
✗ Mining failed after 20000000 attempts, skipping block
Mining block at height 1...
✗ Mining failed after 20000000 attempts, skipping block
Mining block at height 1...
✗ Mining failed after 20000000 attempts, skipping block
Mining block at height 1...
✗ Mining failed after 20000000 attempts, skipping block
Mining block at height 1...
✗ Mining failed after 20000000 attempts, skipping block
Mining block at height 1...
✗ Mining failed after 20000000 attempts, skipping block
Mining block at height 1...
✗ Mining failed after 20000000 attempts, skipping block
Mining block at height 1...
✗ Mining failed after 20000000 attempts, skipping block
Mining block at height 1...
✗ Mining failed after 20000000 attempts, skipping block
Mining block at height 1...
✗ Mining failed after 20000000 attempts, skipping block
Mining block at height 1...
✗ Mining failed after 20000000 attempts, skipping block
Mining block at height 1...
✗ Mining failed after 20000000 attempts, skipping block
Mining block at height 1...
✗ Mining failed after 20000000 attempts, skipping block
Mining block at height 1...
✗ Mining failed after 20000000 attempts, skipping block
Mining block at height 1...
✗ Mining failed after 20000000 attempts, skipping block
Mining block at height 1...
✗ Mining failed after 20000000 attempts, skipping block
Mining block at height 1...
✗ Mining failed after 20000000 attempts, skipping block
Mining block at height 1...
✗ Mining failed after 20000000 attempts, skipping block
Mining block at height 1...
✗ Mining failed after 20000000 attempts, skipping block
Mining block at height 1...
✗ Mining failed after 20000000 attempts, skipping block
Mining block at height 1...
✗ Mining failed after 20000000 attempts, skipping block
Mining block at height 1...
✗ Mining failed after 20000000 attempts, skipping block
Mining block at height 1...
✗ Mining failed after 20000000 attempts, skipping block
Mining block at height 1...
✗ Mining failed after 20000000 attempts, skipping block
Mining block at height 1...
✗ Mining failed after 20000000 attempts, skipping block
Mining block at height 1...
✗ Mining failed after 20000000 attempts, skipping block
Mining block at height 1...
✗ Mining failed after 20000000 attempts, skipping block
Mining block at height 1...
✗ Mining failed after 20000000 attempts, skipping block
Mining block at height 1...
✗ Mining failed after 20000000 attempts, skipping block
Mining block at height 1...
✗ Mining failed after 20000000 attempts, skipping block
Mining block at height 1...
✗ Mining failed after 20000000 attempts, skipping block
Mining block at height 1...
✗ Mining failed after 20000000 attempts, skipping block
Mining block at height 1...
✗ Mining failed after 20000000 attempts, skipping block
Mining block at height 1...
✗ Mining failed after 20000000 attempts, skipping block
Mining block at height 1...
✗ Mining failed after 20000000 attempts, skipping block
Mining block at height 1...
✗ Mining failed after 20000000 attempts, skipping block
Mining block at height 1...
✗ Mining failed after 20000000 attempts, skipping block
Mining block at height 1...
✗ Mining failed after 20000000 attempts, skipping block
Mining block at height 1...
✗ Mining failed after 20000000 attempts, skipping block
Mining block at height 1...
✗ Mining failed after 20000000 attempts, skipping block
Mining block at height 1...
✗ Mining failed after 20000000 attempts, skipping block
Mining block at height 1...
✗ Mining failed after 20000000 attempts, skipping block
Mining block at height 1...
✗ Mining failed after 20000000 attempts, skipping block
Mining block at height 1...
✗ Mining failed after 20000000 attempts, skipping block
Mining block at height 1...
✗ Mining failed after 20000000 attempts, skipping block
Mining block at height 1...
✗ Mining failed after 20000000 attempts, skipping block
Mining block at height 1...
✗ Mining failed after 20000000 attempts, skipping block
Mining block at height 1...
✗ Mining failed after 20000000 attempts, skipping block
Mining block at height 1...
✗ Mining failed after 20000000 attempts, skipping block
Mining block at height 1...
✗ Mining failed after 20000000 attempts, skipping block
Mining block at height 1...
✗ Mining failed after 20000000 attempts, skipping block
Mining block at height 1...
✗ Mining failed after 20000000 attempts, skipping block
Mining block at height 1...
✗ Mining failed after 20000000 attempts, skipping block
Mining block at height 1...
✗ Mining failed after 20000000 attempts, skipping block
Mining block at height 1...
✗ Mining failed after 20000000 attempts, skipping block
Mining block at height 1...
✗ Mining failed after 20000000 attempts, skipping block
Mining block at height 1...
✗ Mining failed after 20000000 attempts, skipping block
Mining block at height 1...
✗ Mining failed after 20000000 attempts, skipping block
Mining block at height 1...
✗ Mining failed after 20000000 attempts, skipping block
Mining block at height 1...
✗ Mining failed after 20000000 attempts, skipping block
Mining block at height 1...
✗ Mining failed after 20000000 attempts, skipping block
Mining block at height 1...
✗ Mining failed after 20000000 attempts, skipping block
Mining block at height 1...
✗ Mining failed after 20000000 attempts, skipping block
Mining block at height 1...
✗ Mining failed after 20000000 attempts, skipping block
Mining block at height 1...
✗ Mining failed after 20000000 attempts, skipping block
Mining block at height 1...
✗ Mining failed after 20000000 attempts, skipping block
Mining block at height 1...
✗ Mining failed after 20000000 attempts, skipping block
Mining block at height 1...
✗ Mining failed after 20000000 attempts, skipping block
Mining block at height 1...
✗ Mining failed after 20000000 attempts, skipping block
Mining block at height 1...
✗ Mining failed after 20000000 attempts, skipping block
Mining block at height 1...
✗ Mining failed after 20000000 attempts, skipping block
Mining block at height 1...
✗ Mining failed after 20000000 attempts, skipping block
Mining block at height 1...
✗ Mining failed after 20000000 attempts, skipping block
Mining block at height 1...
✗ Mining failed after 20000000 attempts, skipping block
Mining block at height 1...
✗ Mining failed after 20000000 attempts, skipping block
Mining block at height 1...
✗ Mining failed after 20000000 attempts, skipping block
Mining block at height 1...
✗ Mining failed after 20000000 attempts, skipping block
Mining block at height 1...
✗ Mining failed after 20000000 attempts, skipping block
Mining block at height 1...
✗ Mining failed after 20000000 attempts, skipping block
Mining block at height 1...
✗ Mining failed after 20000000 attempts, skipping block
Mining block at height 1...
✗ Mining failed after 20000000 attempts, skipping block
Mining block at height 1...
✗ Mining failed after 20000000 attempts, skipping block
Mining block at height 1...
✗ Mining failed after 20000000 attempts, skipping block
Mining block at height 1...
✗ Mining failed after 20000000 attempts, skipping block
Mining block at height 1...
✗ Mining failed after 20000000 attempts, skipping block
Mining block at height 1...
✗ Mining failed after 20000000 attempts, skipping block
Mining block at height 1...
✗ Mining failed after 20000000 attempts, skipping block
Mining block at height 1...
✗ Mining failed after 20000000 attempts, skipping block
Mining block at height 1...
✗ Mining failed after 20000000 attempts, skipping block
Mining block at height 1...
✗ Mining failed after 20000000 attempts, skipping block
Mining block at height 1...
✗ Mining failed after 20000000 attempts, skipping block
Mining block at height 1...
✗ Mining failed after 20000000 attempts, skipping block
Mining block at height 1...
✗ Mining failed after 20000000 attempts, skipping block
Mining block at height 1...
✗ Mining failed after 20000000 attempts, skipping block
Mining block at height 1...
✗ Mining failed after 20000000 attempts, skipping block
Mining block at height 1...
✗ Mining failed after 20000000 attempts, skipping block
Mining block at height 1...
✗ Mining failed after 20000000 attempts, skipping block
Mining block at height 1...
✗ Mining failed after 20000000 attempts, skipping block
Mining block at height 1...
✗ Mining failed after 20000000 attempts, skipping block
Mining block at height 1...
✗ Mining failed after 20000000 attempts, skipping block
Mining block at height 1...
✗ Mining failed after 20000000 attempts, skipping block
Mining block at height 1...
✗ Mining failed after 20000000 attempts, skipping block
Mining block at height 1...
✗ Mining failed after 20000000 attempts, skipping block
Mining block at height 1...
✗ Mining failed after 20000000 attempts, skipping block
Mining block at height 1...
✗ Mining failed after 20000000 attempts, skipping block
Mining block at height 1...
✗ Mining failed after 20000000 attempts, skipping block
Mining block at height 1...
✗ Mining failed after 20000000 attempts, skipping block
Mining block at height 1...
✗ Mining failed after 20000000 attempts, skipping block
Mining block at height 1...
✗ Mining failed after 20000000 attempts, skipping block
Mining block at height 1...
✗ Mining failed after 20000000 attempts, skipping block
Mining block at height 1...
✗ Mining failed after 20000000 attempts, skipping block
Mining block at height 1...
✗ Mining failed after 20000000 attempts, skipping block
Mining block at height 1...
✗ Mining failed after 20000000 attempts, skipping block
Mining block at height 1...
✗ Mining failed after 20000000 attempts, skipping block
Mining block at height 1...
✗ Mining failed after 20000000 attempts, skipping block
Mining block at height 1...
✗ Mining failed after 20000000 attempts, skipping block
Mining block at height 1...
✗ Mining failed after 20000000 attempts, skipping block
Mining block at height 1...
✗ Mining failed after 20000000 attempts, skipping block
Mining block at height 1...
✗ Mining failed after 20000000 attempts, skipping block
Mining block at height 1...
✗ Mining failed after 20000000 attempts, skipping block
Mining block at height 1...
✗ Mining failed after 20000000 attempts, skipping block
Mining block at height 1...
✗ Mining failed after 20000000 attempts, skipping block
Mining block at height 1...
✗ Mining failed after 20000000 attempts, skipping block
Mining block at height 1...
✗ Mining failed after 20000000 attempts, skipping block
Mining block at height 1...
✗ Mining failed after 20000000 attempts, skipping block
Mining block at height 1...
✗ Mining failed after 20000000 attempts, skipping block
Mining block at height 1...
✗ Mining failed after 20000000 attempts, skipping block
Mining block at height 1...
✗ Mining failed after 20000000 attempts, skipping block
Mining block at height 1...
✗ Mining failed after 20000000 attempts, skipping block
Mining block at height 1...
✗ Mining failed after 20000000 attempts, skipping block
Mining block at height 1...
✗ Mining failed after 20000000 attempts, skipping block
Mining block at height 1...
✗ Mining failed after 20000000 attempts, skipping block
Mining block at height 1...
✗ Mining failed after 20000000 attempts, skipping block
Mining block at height 1...
✗ Mining failed after 20000000 attempts, skipping block
Mining block at height 1...
✗ Mining failed after 20000000 attempts, skipping block
Mining block at height 1...
✗ Mining failed after 20000000 attempts, skipping block
Mining block at height 1...
✗ Mining failed after 20000000 attempts, skipping block
Mining block at height 1...
✗ Mining failed after 20000000 attempts, skipping block
Mining block at height 1...
✗ Mining failed after 20000000 attempts, skipping block
Mining block at height 1...
✗ Mining failed after 20000000 attempts, skipping block
Mining block at height 1...
✗ Mining failed after 20000000 attempts, skipping block
Mining block at height 1...
✗ Mining failed after 20000000 attempts, skipping block
Mining block at height 1...
✗ Mining failed after 20000000 attempts, skipping block
Mining block at height 1...
✗ Mining failed after 20000000 attempts, skipping block
Mining block at height 1...
✗ Mining failed after 20000000 attempts, skipping block
Mining block at height 1...
✗ Mining failed after 20000000 attempts, skipping block
Mining block at height 1...
✗ Mining failed after 20000000 attempts, skipping block
Mining block at height 1...
✗ Mining failed after 20000000 attempts, skipping block
Mining block at height 1...
✗ Mining failed after 20000000 attempts, skipping block
Mining block at height 1...
✗ Mining failed after 20000000 attempts, skipping block
Mining block at height 1...
✗ Mining failed after 20000000 attempts, skipping block
Mining block at height 1...
✗ Mining failed after 20000000 attempts, skipping block
Mining block at height 1...
✗ Mining failed after 20000000 attempts, skipping block
Mining block at height 1...
✗ Mining failed after 20000000 attempts, skipping block
Mining block at height 1...
✗ Mining failed after 20000000 attempts, skipping block
Mining block at height 1...
✗ Mining failed after 20000000 attempts, skipping block
Mining block at height 1...
✗ Mining failed after 20000000 attempts, skipping block
Mining block at height 1...
✗ Mining failed after 20000000 attempts, skipping block
Mining block at height 1...
✗ Mining failed after 20000000 attempts, skipping block
Mining block at height 1...
✗ Mining failed after 20000000 attempts, skipping block
Mining block at height 1...
✗ Mining failed after 20000000 attempts, skipping block
Mining block at height 1...
✗ Mining failed after 20000000 attempts, skipping block
Mining block at height 1...
✗ Mining failed after 20000000 attempts, skipping block
Mining block at height 1...
✗ Mining failed after 20000000 attempts, skipping block
Mining block at height 1...
✗ Mining failed after 20000000 attempts, skipping block
Mining block at height 1...
✗ Mining failed after 20000000 attempts, skipping block
Mining block at height 1...
✗ Mining failed after 20000000 attempts, skipping block
Mining block at height 1...
✗ Mining failed after 20000000 attempts, skipping block
Mining block at height 1...
✗ Mining failed after 20000000 attempts, skipping block
Mining block at height 1...
✗ Mining failed after 20000000 attempts, skipping block
Mining block at height 1...
✗ Mining failed after 20000000 attempts, skipping block
Mining block at height 1...
✗ Mining failed after 20000000 attempts, skipping block
Mining block at height 1...
✗ Mining failed after 20000000 attempts, skipping block
Mining block at height 1...
✗ Mining failed after 20000000 attempts, skipping block
Mining block at height 1...
✗ Mining failed after 20000000 attempts, skipping block
Mining block at height 1...
✗ Mining failed after 20000000 attempts, skipping block
Mining block at height 1...
✗ Mining failed after 20000000 attempts, skipping block
Mining block at height 1...
✗ Mining failed after 20000000 attempts, skipping block
Mining block at height 1...
✗ Mining failed after 20000000 attempts, skipping block
Mining block at height 1...
✗ Mining failed after 20000000 attempts, skipping block
Mining block at height 1...
✗ Mining failed after 20000000 attempts, skipping block
Mining block at height 1...
✗ Mining failed after 20000000 attempts, skipping block
Mining block at height 1...
✗ Mining failed after 20000000 attempts, skipping block
Mining block at height 1...
✗ Mining failed after 20000000 attempts, skipping block
Mining block at height 1...
✗ Mining failed after 20000000 attempts, skipping block
Mining block at height 1...
✗ Mining failed after 20000000 attempts, skipping block
Mining block at height 1...
✗ Mining failed after 20000000 attempts, skipping block
Mining block at height 1...
✗ Mining failed after 20000000 attempts, skipping block
Mining block at height 1...
✗ Mining failed after 20000000 attempts, skipping block
Mining block at height 1...
✗ Mining failed after 20000000 attempts, skipping block
Mining block at height 1...
✗ Mining failed after 20000000 attempts, skipping block
Mining block at height 1...
✗ Mining failed after 20000000 attempts, skipping block
Mining block at height 1...
✗ Mining failed after 20000000 attempts, skipping block
Mining block at height 1...
✗ Mining failed after 20000000 attempts, skipping block
Mining block at height 1...
✗ Mining failed after 20000000 attempts, skipping block
Mining block at height 1...
✗ Mining failed after 20000000 attempts, skipping block
Mining block at height 1...
✗ Mining failed after 20000000 attempts, skipping block
Mining block at height 1...
✗ Mining failed after 20000000 attempts, skipping block
Mining block at height 1...
✗ Mining failed after 20000000 attempts, skipping block
Mining block at height 1...
✗ Mining failed after 20000000 attempts, skipping block
Mining block at height 1...
✗ Mining failed after 20000000 attempts, skipping block
Mining block at height 1...
✗ Mining failed after 20000000 attempts, skipping block
Mining block at height 1...
✗ Mining failed after 20000000 attempts, skipping block
Mining block at height 1...
✗ Mining failed after 20000000 attempts, skipping block
Mining block at height 1...
✗ Mining failed after 20000000 attempts, skipping block
Mining block at height 1...
✗ Mining failed after 20000000 attempts, skipping block
Mining block at height 1...
✗ Mining failed after 20000000 attempts, skipping block
Mining block at height 1...
✗ Mining failed after 20000000 attempts, skipping block
Mining block at height 1...
✗ Mining failed after 20000000 attempts, skipping block
Mining block at height 1...
✗ Mining failed after 20000000 attempts, skipping block
Mining block at height 1...
✗ Mining failed after 20000000 attempts, skipping block
Mining block at height 1...
✗ Mining failed after 20000000 attempts, skipping block
Mining block at height 1...
✗ Mining failed after 20000000 attempts, skipping block
Mining block at height 1...
✗ Mining failed after 20000000 attempts, skipping block
Mining block at height 1...
✗ Mining failed after 20000000 attempts, skipping block
Mining block at height 1...
✗ Mining failed after 20000000 attempts, skipping block
Mining block at height 1...
✗ Mining failed after 20000000 attempts, skipping block
Mining block at height 1...
✗ Mining failed after 20000000 attempts, skipping block
Mining block at height 1...
✗ Mining failed after 20000000 attempts, skipping block
Mining block at height 1...
✗ Mining failed after 20000000 attempts, skipping block
Mining block at height 1...
✗ Mining failed after 20000000 attempts, skipping block
Mining block at height 1...
✗ Mining failed after 20000000 attempts, skipping block
Mining block at height 1...
✗ Mining failed after 20000000 attempts, skipping block
Mining block at height 1...
✗ Mining failed after 20000000 attempts, skipping block
Mining block at height 1...
✗ Mining failed after 20000000 attempts, skipping block
Mining block at height 1...
✗ Mining failed after 20000000 attempts, skipping block
Mining block at height 1...
✗ Mining failed after 20000000 attempts, skipping block
Mining block at height 1...
✗ Mining failed after 20000000 attempts, skipping block
Mining block at height 1...
✗ Mining failed after 20000000 attempts, skipping block
Mining block at height 1...
✗ Mining failed after 20000000 attempts, skipping block
Mining block at height 1...
✗ Mining failed after 20000000 attempts, skipping block
Mining block at height 1...
✗ Mining failed after 20000000 attempts, skipping block
Mining block at height 1...
✗ Mining failed after 20000000 attempts, skipping block
Mining block at height 1...
✗ Mining failed after 20000000 attempts, skipping block
Mining block at height 1...
✗ Mining failed after 20000000 attempts, skipping block
Mining block at height 1...
✗ Mining failed after 20000000 attempts, skipping block
Mining block at height 1...
✗ Mining failed after 20000000 attempts, skipping block
Mining block at height 1...
✗ Mining failed after 20000000 attempts, skipping block
Mining block at height 1...
✗ Mining failed after 20000000 attempts, skipping block
Mining block at height 1...
✗ Mining failed after 20000000 attempts, skipping block
Mining block at height 1...
✗ Mining failed after 20000000 attempts, skipping block
Mining block at height 1...
✗ Mining failed after 20000000 attempts, skipping block
Mining block at height 1...
✗ Mining failed after 20000000 attempts, skipping block
Mining block at height 1...
✗ Mining failed after 20000000 attempts, skipping block
Mining block at height 1...
✗ Mining failed after 20000000 attempts, skipping block
Mining block at height 1...
✗ Mining failed after 20000000 attempts, skipping block
Mining block at height 1...
✗ Mining failed after 20000000 attempts, skipping block
Mining block at height 1...
✗ Mining failed after 20000000 attempts, skipping block
Mining block at height 1...
✗ Mining failed after 20000000 attempts, skipping block
Mining block at height 1...
✗ Mining failed after 20000000 attempts, skipping block
Mining block at height 1...
✗ Mining failed after 20000000 attempts, skipping block
Mining block at height 1...
✗ Mining failed after 20000000 attempts, skipping block
Mining block at height 1...
✗ Mining failed after 20000000 attempts, skipping block
Mining block at height 1...
✗ Mining failed after 20000000 attempts, skipping block
Mining block at height 1...
✗ Mining failed after 20000000 attempts, skipping block
Mining block at height 1...
✗ Mining failed after 20000000 attempts, skipping block
Mining block at height 1...
✗ Mining failed after 20000000 attempts, skipping block
Mining block at height 1...
✗ Mining failed after 20000000 attempts, skipping block
Mining block at height 1...
✗ Mining failed after 20000000 attempts, skipping block
Mining block at height 1...
✗ Mining failed after 20000000 attempts, skipping block
Mining block at height 1...
✗ Mining failed after 20000000 attempts, skipping block
Mining block at height 1...
✗ Mining failed after 20000000 attempts, skipping block
Mining block at height 1...
✗ Mining failed after 20000000 attempts, skipping block
Mining block at height 1...
✗ Mining failed after 20000000 attempts, skipping block
Mining block at height 1...
✗ Mining failed after 20000000 attempts, skipping block
Mining block at height 1...
✗ Mining failed after 20000000 attempts, skipping block
Mining block at height 1...
✗ Mining failed after 20000000 attempts, skipping block
Mining block at height 1...
✗ Mining failed after 20000000 attempts, skipping block
Mining block at height 1...
✗ Mining failed after 20000000 attempts, skipping block
Mining block at height 1...
✗ Mining failed after 20000000 attempts, skipping block
Mining block at height 1...
✗ Mining failed after 20000000 attempts, skipping block
Mining block at height 1...
✗ Mining failed after 20000000 attempts, skipping block
Mining block at height 1...
✗ Mining failed after 20000000 attempts, skipping block
Mining block at height 1...
✗ Mining failed after 20000000 attempts, skipping block
Mining block at height 1...
✗ Mining failed after 20000000 attempts, skipping block
Mining block at height 1...
✗ Mining failed after 20000000 attempts, skipping block
Mining block at height 1...
✗ Mining failed after 20000000 attempts, skipping block
Mining block at height 1...
✗ Mining failed after 20000000 attempts, skipping block
Mining block at height 1...
✗ Mining failed after 20000000 attempts, skipping block
Mining block at height 1...
✗ Mining failed after 20000000 attempts, skipping block
Mining block at height 1...
✗ Mining failed after 20000000 attempts, skipping block
Mining block at height 1...
✗ Mining failed after 20000000 attempts, skipping block
Mining block at height 1...
✗ Mining failed after 20000000 attempts, skipping block
Mining block at height 1...
✗ Mining failed after 20000000 attempts, skipping block
Mining block at height 1...
✗ Mining failed after 20000000 attempts, skipping block
Mining block at height 1...
✗ Mining failed after 20000000 attempts, skipping block
Mining block at height 1...
✗ Mining failed after 20000000 attempts, skipping block
Mining block at height 1...
✗ Mining failed after 20000000 attempts, skipping block
Mining block at height 1...
✗ Mining failed after 20000000 attempts, skipping block
Mining block at height 1...
✗ Mining failed after 20000000 attempts, skipping block
Mining block at height 1...
✗ Mining failed after 20000000 attempts, skipping block
Mining block at height 1...
✗ Mining failed after 20000000 attempts, skipping block
Mining block at height 1...
✗ Mining failed after 20000000 attempts, skipping block
Mining block at height 1...
✗ Mining failed after 20000000 attempts, skipping block
Mining block at height 1...
✗ Mining failed after 20000000 attempts, skipping block
Mining block at height 1...
✗ Mining failed after 20000000 attempts, skipping block
Mining block at height 1...
✗ Mining failed after 20000000 attempts, skipping block
Mining block at height 1...
✗ Mining failed after 20000000 attempts, skipping block
Mining block at height 1...
✗ Mining failed after 20000000 attempts, skipping block
Mining block at height 1...
✗ Mining failed after 20000000 attempts, skipping block
Mining block at height 1...
✗ Mining failed after 20000000 attempts, skipping block
Mining block at height 1...
✗ Mining failed after 20000000 attempts, skipping block
Mining block at height 1...
✗ Mining failed after 20000000 attempts, skipping block
Mining block at height 1...
✗ Mining failed after 20000000 attempts, skipping block
Mining block at height 1...
✗ Mining failed after 20000000 attempts, skipping block
Mining block at height 1...
✗ Mining failed after 20000000 attempts, skipping block
Mining block at height 1...
✗ Mining failed after 20000000 attempts, skipping block
Mining block at height 1...
✗ Mining failed after 20000000 attempts, skipping block
Mining block at height 1...
✗ Mining failed after 20000000 attempts, skipping block
Mining block at height 1...
✗ Mining failed after 20000000 attempts, skipping block
Mining block at height 1...
✗ Mining failed after 20000000 attempts, skipping block
Mining block at height 1...
✗ Mining failed after 20000000 attempts, skipping block
Mining block at height 1...
✗ Mining failed after 20000000 attempts, skipping block
Mining block at height 1...
✗ Mining failed after 20000000 attempts, skipping block
Mining block at height 1...
✗ Mining failed after 20000000 attempts, skipping block
Mining block at height 1...
✗ Mining failed after 20000000 attempts, skipping block
Mining block at height 1...
✗ Mining failed after 20000000 attempts, skipping block
Mining block at height 1...
✗ Mining failed after 20000000 attempts, skipping block
Mining block at height 1...
✗ Mining failed after 20000000 attempts, skipping block
Mining block at height 1...
✗ Mining failed after 20000000 attempts, skipping block
Mining block at height 1...
✗ Mining failed after 20000000 attempts, skipping block
Mining block at height 1...
✗ Mining failed after 20000000 attempts, skipping block
Mining block at height 1...
✗ Mining failed after 20000000 attempts, skipping block
Mining block at height 1...
✗ Mining failed after 20000000 attempts, skipping block
Mining block at height 1...
✗ Mining failed after 20000000 attempts, skipping block
Mining block at height 1...
✗ Mining failed after 20000000 attempts, skipping block
Mining block at height 1...
✗ Mining failed after 20000000 attempts, skipping block
Mining block at height 1...
✗ Mining failed after 20000000 attempts, skipping block
Mining block at height 1...
✗ Mining failed after 20000000 attempts, skipping block
Mining block at height 1...
✗ Mining failed after 20000000 attempts, skipping block
Mining block at height 1...
✗ Mining failed after 20000000 attempts, skipping block
Mining block at height 1...
✗ Mining failed after 20000000 attempts, skipping block
Mining block at height 1...
✗ Mining failed after 20000000 attempts, skipping block
Mining block at height 1...
✗ Mining failed after 20000000 attempts, skipping block
Mining block at height 1...
✗ Mining failed after 20000000 attempts, skipping block
Mining block at height 1...
✗ Mining failed after 20000000 attempts, skipping block
Mining block at height 1...
✗ Mining failed after 20000000 attempts, skipping block
Mining block at height 1...
✗ Mining failed after 20000000 attempts, skipping block
Mining block at height 1...
✗ Mining failed after 20000000 attempts, skipping block
Mining block at height 1...
✗ Mining failed after 20000000 attempts, skipping block
Mining block at height 1...
✗ Mining failed after 20000000 attempts, skipping block
Mining block at height 1...
✗ Mining failed after 20000000 attempts, skipping block
Mining block at height 1...
✗ Mining failed after 20000000 attempts, skipping block
Mining block at height 1...
✗ Mining failed after 20000000 attempts, skipping block
Mining block at height 1...
✗ Mining failed after 20000000 attempts, skipping block
Mining block at height 1...
✗ Mining failed after 20000000 attempts, skipping block
Mining block at height 1...
✗ Mining failed after 20000000 attempts, skipping block
Mining block at height 1...
✗ Mining failed after 20000000 attempts, skipping block
Mining block at height 1...
✗ Mining failed after 20000000 attempts, skipping block
Mining block at height 1...
✗ Mining failed after 20000000 attempts, skipping block
Mining block at height 1...
✗ Mining failed after 20000000 attempts, skipping block
Mining block at height 1...
✗ Mining failed after 20000000 attempts, skipping block
Mining block at height 1...
✗ Mining failed after 20000000 attempts, skipping block
Mining block at height 1...
✗ Mining failed after 20000000 attempts, skipping block
Mining block at height 1...
✗ Mining failed after 20000000 attempts, skipping block
Mining block at height 1...
✗ Mining failed after 20000000 attempts, skipping block
Mining block at height 1...
✗ Mining failed after 20000000 attempts, skipping block
Mining block at height 1...
✗ Mining failed after 20000000 attempts, skipping block
Mining block at height 1...
✗ Mining failed after 20000000 attempts, skipping block
Mining block at height 1...
✗ Mining failed after 20000000 attempts, skipping block
Mining block at height 1...
✗ Mining failed after 20000000 attempts, skipping block
Mining block at height 1...
✗ Mining failed after 20000000 attempts, skipping block
Mining block at height 1...
✗ Mining failed after 20000000 attempts, skipping block
Mining block at height 1...
✗ Mining failed after 20000000 attempts, skipping block
Mining block at height 1...
✗ Mining failed after 20000000 attempts, skipping block
Mining block at height 1...
✗ Mining failed after 20000000 attempts, skipping block
Mining block at height 1...
✗ Mining failed after 20000000 attempts, skipping block
Mining block at height 1...
✗ Mining failed after 20000000 attempts, skipping block
Mining block at height 1...
✗ Mining failed after 20000000 attempts, skipping block
Mining block at height 1...
✗ Mining failed after 20000000 attempts, skipping block
Mining block at height 1...
✗ Mining failed after 20000000 attempts, skipping block
Mining block at height 1...
✗ Mining failed after 20000000 attempts, skipping block
Mining block at height 1...
✗ Mining failed after 20000000 attempts, skipping block
Mining block at height 1...
✗ Mining failed after 20000000 attempts, skipping block
Mining block at height 1...
✗ Mining failed after 20000000 attempts, skipping block
Mining block at height 1...
✗ Mining failed after 20000000 attempts, skipping block
Mining block at height 1...
✗ Mining failed after 20000000 attempts, skipping block
Mining block at height 1...
✗ Mining failed after 20000000 attempts, skipping block
Mining block at height 1...
✗ Mining failed after 20000000 attempts, skipping block
Mining block at height 1...
✗ Mining failed after 20000000 attempts, skipping block
Mining block at height 1...
✗ Mining failed after 20000000 attempts, skipping block
Mining block at height 1...
✗ Mining failed after 20000000 attempts, skipping block
Mining block at height 1...
✗ Mining failed after 20000000 attempts, skipping block
Mining block at height 1...
✗ Mining failed after 20000000 attempts, skipping block
Mining block at height 1...
✗ Mining failed after 20000000 attempts, skipping block
Mining block at height 1...
✗ Mining failed after 20000000 attempts, skipping block
Mining block at height 1...
✗ Mining failed after 20000000 attempts, skipping block
Mining block at height 1...
✗ Mining failed after 20000000 attempts, skipping block
Mining block at height 1...
✗ Mining failed after 20000000 attempts, skipping block
Mining block at height 1...
✗ Mining failed after 20000000 attempts, skipping block
Mining block at height 1...
✗ Mining failed after 20000000 attempts, skipping block
Mining block at height 1...
✗ Mining failed after 20000000 attempts, skipping block
Mining block at height 1...
✗ Mining failed after 20000000 attempts, skipping block
Mining block at height 1...
✗ Mining failed after 20000000 attempts, skipping block
Mining block at height 1...
✗ Mining failed after 20000000 attempts, skipping block
Mining block at height 1...
✗ Mining failed after 20000000 attempts, skipping block
Mining block at height 1...
✗ Mining failed after 20000000 attempts, skipping block
Mining block at height 1...
✗ Mining failed after 20000000 attempts, skipping block
Mining block at height 1...
✗ Mining failed after 20000000 attempts, skipping block
Mining block at height 1...
✗ Mining failed after 20000000 attempts, skipping block
Mining block at height 1...
✗ Mining failed after 20000000 attempts, skipping block
Mining block at height 1...
✗ Mining failed after 20000000 attempts, skipping block
Mining block at height 1...
✗ Mining failed after 20000000 attempts, skipping block
Mining block at height 1...
✗ Mining failed after 20000000 attempts, skipping block
Mining block at height 1...
✗ Mining failed after 20000000 attempts, skipping block
Mining block at height 1...
✗ Mining failed after 20000000 attempts, skipping block
Mining block at height 1...
✗ Mining failed after 20000000 attempts, skipping block
Mining block at height 1...
✗ Mining failed after 20000000 attempts, skipping block
Mining block at height 1...
✗ Mining failed after 20000000 attempts, skipping block
Mining block at height 1...
✗ Mining failed after 20000000 attempts, skipping block
Mining block at height 1...
✗ Mining failed after 20000000 attempts, skipping block
Mining block at height 1...
✗ Mining failed after 20000000 attempts, skipping block
Mining block at height 1...
✗ Mining failed after 20000000 attempts, skipping block
Mining block at height 1...
✗ Mining failed after 20000000 attempts, skipping block
Mining block at height 1...
✗ Mining failed after 20000000 attempts, skipping block
Mining block at height 1...
✗ Mining failed after 20000000 attempts, skipping block
Mining block at height 1...
✗ Mining failed after 20000000 attempts, skipping block
Mining block at height 1...
✗ Mining failed after 20000000 attempts, skipping block
Mining block at height 1...
✗ Mining failed after 20000000 attempts, skipping block
Mining block at height 1...
✗ Mining failed after 20000000 attempts, skipping block
Mining block at height 1...
✗ Mining failed after 20000000 attempts, skipping block
Mining block at height 1...
✗ Mining failed after 20000000 attempts, skipping block
Mining block at height 1...
✗ Mining failed after 20000000 attempts, skipping block
Mining block at height 1...
✗ Mining failed after 20000000 attempts, skipping block
Mining block at height 1...
✗ Mining failed after 20000000 attempts, skipping block
Mining block at height 1...
✗ Mining failed after 20000000 attempts, skipping block
Mining block at height 1...
✗ Mining failed after 20000000 attempts, skipping block
Mining block at height 1...
✗ Mining failed after 20000000 attempts, skipping block
Mining block at height 1...
✗ Mining failed after 20000000 attempts, skipping block
Mining block at height 1...
✗ Mining failed after 20000000 attempts, skipping block
Mining block at height 1...
✗ Mining failed after 20000000 attempts, skipping block
Mining block at height 1...
✗ Mining failed after 20000000 attempts, skipping block
Mining block at height 1...
✗ Mining failed after 20000000 attempts, skipping block
Mining block at height 1...
✗ Mining failed after 20000000 attempts, skipping block
Mining block at height 1...
✗ Mining failed after 20000000 attempts, skipping block
Mining block at height 1...
✗ Mining failed after 20000000 attempts, skipping block
Mining block at height 1...
✗ Mining failed after 20000000 attempts, skipping block
Mining block at height 1...
✗ Mining failed after 20000000 attempts, skipping block
Mining block at height 1...
✗ Mining failed after 20000000 attempts, skipping block
Mining block at height 1...
✗ Mining failed after 20000000 attempts, skipping block
Mining block at height 1...
✗ Mining failed after 20000000 attempts, skipping block
Mining block at height 1...
✗ Mining failed after 20000000 attempts, skipping block
Mining block at height 1...
✗ Mining failed after 20000000 attempts, skipping block
Mining block at height 1...
✗ Mining failed after 20000000 attempts, skipping block
Mining block at height 1...
✗ Mining failed after 20000000 attempts, skipping block
Mining block at height 1...
✗ Mining failed after 20000000 attempts, skipping block
Mining block at height 1...
✗ Mining failed after 20000000 attempts, skipping block
Mining block at height 1...
✗ Mining failed after 20000000 attempts, skipping block
Mining block at height 1...
✗ Mining failed after 20000000 attempts, skipping block
Mining block at height 1...
✗ Mining failed after 20000000 attempts, skipping block
Mining block at height 1...
✗ Mining failed after 20000000 attempts, skipping block
Mining block at height 1...
✗ Mining failed after 20000000 attempts, skipping block
Mining block at height 1...
✗ Mining failed after 20000000 attempts, skipping block
Mining block at height 1...
✗ Mining failed after 20000000 attempts, skipping block
Mining block at height 1...
✗ Mining failed after 20000000 attempts, skipping block
Mining block at height 1...
✗ Mining failed after 20000000 attempts, skipping block
Mining block at height 1...
✗ Mining failed after 20000000 attempts, skipping block
Mining block at height 1...
✗ Mining failed after 20000000 attempts, skipping block
Mining block at height 1...
✗ Mining failed after 20000000 attempts, skipping block
Mining block at height 1...
✗ Mining failed after 20000000 attempts, skipping block
Mining block at height 1...
✗ Mining failed after 20000000 attempts, skipping block
Mining block at height 1...
✗ Mining failed after 20000000 attempts, skipping block
Mining block at height 1...
✗ Mining failed after 20000000 attempts, skipping block
Mining block at height 1...
✗ Mining failed after 20000000 attempts, skipping block
Mining block at height 1...
✗ Mining failed after 20000000 attempts, skipping block
Mining block at height 1...
✗ Mining failed after 20000000 attempts, skipping block
Mining block at height 1...
✗ Mining failed after 20000000 attempts, skipping block
Mining block at height 1...
✗ Mining failed after 20000000 attempts, skipping block
Mining block at height 1...
✗ Mining failed after 20000000 attempts, skipping block
Mining block at height 1...
✗ Mining failed after 20000000 attempts, skipping block
Mining block at height 1...
✗ Mining failed after 20000000 attempts, skipping block
Mining block at height 1...
✗ Mining failed after 20000000 attempts, skipping block
Mining block at height 1...
✗ Mining failed after 20000000 attempts, skipping block
Mining block at height 1...
✗ Mining failed after 20000000 attempts, skipping block
Mining block at height 1...
✗ Mining failed after 20000000 attempts, skipping block
Mining block at height 1...
✗ Mining failed after 20000000 attempts, skipping block
Mining block at height 1...
✗ Mining failed after 20000000 attempts, skipping block
Mining block at height 1...
✗ Mining failed after 20000000 attempts, skipping block
Mining block at height 1...
✗ Mining failed after 20000000 attempts, skipping block
Mining block at height 1...
✗ Mining failed after 20000000 attempts, skipping block
Mining block at height 1...
✗ Mining failed after 20000000 attempts, skipping block
Mining block at height 1...
✗ Mining failed after 20000000 attempts, skipping block
Mining block at height 1...
✗ Mining failed after 20000000 attempts, skipping block
Mining block at height 1...
✗ Mining failed after 20000000 attempts, skipping block
Mining block at height 1...
✗ Mining failed after 20000000 attempts, skipping block
Mining block at height 1...
✗ Mining failed after 20000000 attempts, skipping block
Mining block at height 1...
✗ Mining failed after 20000000 attempts, skipping block
Mining block at height 1...
✗ Mining failed after 20000000 attempts, skipping block
Mining block at height 1...
✗ Mining failed after 20000000 attempts, skipping block
Mining block at height 1...
✗ Mining failed after 20000000 attempts, skipping block
Mining block at height 1...
✗ Mining failed after 20000000 attempts, skipping block
Mining block at height 1...
✗ Mining failed after 20000000 attempts, skipping block
Mining block at height 1...
✗ Mining failed after 20000000 attempts, skipping block
Mining block at height 1...
✗ Mining failed after 20000000 attempts, skipping block
Mining block at height 1...
✗ Mining failed after 20000000 attempts, skipping block
Mining block at height 1...
✗ Mining failed after 20000000 attempts, skipping block
Mining block at height 1...
✗ Mining failed after 20000000 attempts, skipping block
Mining block at height 1...
✗ Mining failed after 20000000 attempts, skipping block
Mining block at height 1...
✗ Mining failed after 20000000 attempts, skipping block
Mining block at height 1...
✗ Mining failed after 20000000 attempts, skipping block
Mining block at height 1...
✗ Mining failed after 20000000 attempts, skipping block
Mining block at height 1...
✗ Mining failed after 20000000 attempts, skipping block
Mining block at height 1...
✗ Mining failed after 20000000 attempts, skipping block
Mining block at height 1...
✗ Mining failed after 20000000 attempts, skipping block
Mining block at height 1...
✗ Mining failed after 20000000 attempts, skipping block
Mining block at height 1...
✗ Mining failed after 20000000 attempts, skipping block
Mining block at height 1...
✗ Mining failed after 20000000 attempts, skipping block
Mining block at height 1...
✗ Mining failed after 20000000 attempts, skipping block
Mining block at height 1...
✗ Mining failed after 20000000 attempts, skipping block
Mining block at height 1...
✗ Mining failed after 20000000 attempts, skipping block
Mining block at height 1...
✗ Mining failed after 20000000 attempts, skipping block
Mining block at height 1...
✗ Mining failed after 20000000 attempts, skipping block
Mining block at height 1...
✗ Mining failed after 20000000 attempts, skipping block
Mining block at height 1...
✗ Mining failed after 20000000 attempts, skipping block
Mining block at height 1...
✗ Mining failed after 20000000 attempts, skipping block
Mining block at height 1...
✗ Mining failed after 20000000 attempts, skipping block
Mining block at height 1...
✗ Mining failed after 20000000 attempts, skipping block
Mining block at height 1...
✗ Mining failed after 20000000 attempts, skipping block
Mining block at height 1...
✗ Mining failed after 20000000 attempts, skipping block
Mining block at height 1...
✗ Mining failed after 20000000 attempts, skipping block
Mining block at height 1...
✗ Mining failed after 20000000 attempts, skipping block
Mining block at height 1...
✗ Mining failed after 20000000 attempts, skipping block
Mining block at height 1...
✗ Mining failed after 20000000 attempts, skipping block
Mining block at height 1...
✗ Mining failed after 20000000 attempts, skipping block
Mining block at height 1...
✗ Mining failed after 20000000 attempts, skipping block
Mining block at height 1...
✗ Mining failed after 20000000 attempts, skipping block
Mining block at height 1...
✗ Mining failed after 20000000 attempts, skipping block
Mining block at height 1...
✗ Mining failed after 20000000 attempts, skipping block
Mining block at height 1...
✗ Mining failed after 20000000 attempts, skipping block
Mining block at height 1...
✗ Mining failed after 20000000 attempts, skipping block
Mining block at height 1...
✗ Mining failed after 20000000 attempts, skipping block
Mining block at height 1...
✗ Mining failed after 20000000 attempts, skipping block
Mining block at height 1...
✗ Mining failed after 20000000 attempts, skipping block
Mining block at height 1...
✗ Mining failed after 20000000 attempts, skipping block
Mining block at height 1...
✗ Mining failed after 20000000 attempts, skipping block
Mining block at height 1...
✗ Mining failed after 20000000 attempts, skipping block
Mining block at height 1...
✗ Mining failed after 20000000 attempts, skipping block
Mining block at height 1...
✗ Mining failed after 20000000 attempts, skipping block
Mining block at height 1...
✗ Mining failed after 20000000 attempts, skipping block
Mining block at height 1...
✗ Mining failed after 20000000 attempts, skipping block
Mining block at height 1...
✗ Mining failed after 20000000 attempts, skipping block
Mining block at height 1...
✗ Mining failed after 20000000 attempts, skipping block
Mining block at height 1...
✗ Mining failed after 20000000 attempts, skipping block
Mining block at height 1...
✗ Mining failed after 20000000 attempts, skipping block
Mining block at height 1...
✗ Mining failed after 20000000 attempts, skipping block
Mining block at height 1...
✗ Mining failed after 20000000 attempts, skipping block
Mining block at height 1...
✗ Mining failed after 20000000 attempts, skipping block
Mining block at height 1...
✗ Mining failed after 20000000 attempts, skipping block
Mining block at height 1...
✗ Mining failed after 20000000 attempts, skipping block
Mining block at height 1...
✗ Mining failed after 20000000 attempts, skipping block
Mining block at height 1...
✗ Mining failed after 20000000 attempts, skipping block
Mining block at height 1...
✗ Mining failed after 20000000 attempts, skipping block
Mining block at height 1...
✗ Mining failed after 20000000 attempts, skipping block
Mining block at height 1...
✗ Mining failed after 20000000 attempts, skipping block
Mining block at height 1...
✗ Mining failed after 20000000 attempts, skipping block
Mining block at height 1...
✗ Mining failed after 20000000 attempts, skipping block
Mining block at height 1...
✗ Mining failed after 20000000 attempts, skipping block
Mining block at height 1...
✗ Mining failed after 20000000 attempts, skipping block
Mining block at height 1...
✗ Mining failed after 20000000 attempts, skipping block
Mining block at height 1...
✗ Mining failed after 20000000 attempts, skipping block
Mining block at height 1...
✗ Mining failed after 20000000 attempts, skipping block
Mining block at height 1...
✗ Mining failed after 20000000 attempts, skipping block
Mining block at height 1...
✗ Mining failed after 20000000 attempts, skipping block
Mining block at height 1...
✗ Mining failed after 20000000 attempts, skipping block
Mining block at height 1...
✗ Mining failed after 20000000 attempts, skipping block
Mining block at height 1...
✗ Mining failed after 20000000 attempts, skipping block
Mining block at height 1...
✗ Mining failed after 20000000 attempts, skipping block
Mining block at height 1...
✗ Mining failed after 20000000 attempts, skipping block
Mining block at height 1...
✗ Mining failed after 20000000 attempts, skipping block
Mining block at height 1...
✗ Mining failed after 20000000 attempts, skipping block
Mining block at height 1...
✗ Mining failed after 20000000 attempts, skipping block
Mining block at height 1...
✗ Mining failed after 20000000 attempts, skipping block
Mining block at height 1...
✗ Mining failed after 20000000 attempts, skipping block
Mining block at height 1...
✗ Mining failed after 20000000 attempts, skipping block
Mining block at height 1...
✗ Mining failed after 20000000 attempts, skipping block
Mining block at height 1...
✗ Mining failed after 20000000 attempts, skipping block
Mining block at height 1...
✗ Mining failed after 20000000 attempts, skipping block
Mining block at height 1...
✗ Mining failed after 20000000 attempts, skipping block
Mining block at height 1...
✗ Mining failed after 20000000 attempts, skipping block
Mining block at height 1...
✗ Mining failed after 20000000 attempts, skipping block
Mining block at height 1...
✗ Mining failed after 20000000 attempts, skipping block
Mining block at height 1...
✗ Mining failed after 20000000 attempts, skipping block
Mining block at height 1...
✗ Mining failed after 20000000 attempts, skipping block
Mining block at height 1...
✗ Mining failed after 20000000 attempts, skipping block
Mining block at height 1...
✗ Mining failed after 20000000 attempts, skipping block
Mining block at height 1...
✗ Mining failed after 20000000 attempts, skipping block
Mining block at height 1...
✗ Mining failed after 20000000 attempts, skipping block
Mining block at height 1...
✗ Mining failed after 20000000 attempts, skipping block
Mining block at height 1...
✗ Mining failed after 20000000 attempts, skipping block
Mining block at height 1...
✗ Mining failed after 20000000 attempts, skipping block
Mining block at height 1...
✗ Mining failed after 20000000 attempts, skipping block
Mining block at height 1...
✗ Mining failed after 20000000 attempts, skipping block
Mining block at height 1...
✗ Mining failed after 20000000 attempts, skipping block
Mining block at height 1...
✗ Mining failed after 20000000 attempts, skipping block
Mining block at height 1...
✗ Mining failed after 20000000 attempts, skipping block
Mining block at height 1...
✗ Mining failed after 20000000 attempts, skipping block
Mining block at height 1...
✗ Mining failed after 20000000 attempts, skipping block
Mining block at height 1...
✗ Mining failed after 20000000 attempts, skipping block
Mining block at height 1...
✗ Mining failed after 20000000 attempts, skipping block
Mining block at height 1...
✗ Mining failed after 20000000 attempts, skipping block
Mining block at height 1...
✗ Mining failed after 20000000 attempts, skipping block
Mining block at height 1...
✗ Mining failed after 20000000 attempts, skipping block
Mining block at height 1...
✗ Mining failed after 20000000 attempts, skipping block
Mining block at height 1...
✗ Mining failed after 20000000 attempts, skipping block
Mining block at height 1...
✗ Mining failed after 20000000 attempts, skipping block
Mining block at height 1...
✗ Mining failed after 20000000 attempts, skipping block
Mining block at height 1...
✗ Mining failed after 20000000 attempts, skipping block
Mining block at height 1...
✗ Mining failed after 20000000 attempts, skipping block
Mining block at height 1...
✗ Mining failed after 20000000 attempts, skipping block
Mining block at height 1...
✗ Mining failed after 20000000 attempts, skipping block
Mining block at height 1...
✗ Mining failed after 20000000 attempts, skipping block
Mining block at height 1...
✗ Mining failed after 20000000 attempts, skipping block
Mining block at height 1...
✗ Mining failed after 20000000 attempts, skipping block
Mining block at height 1...
✗ Mining failed after 20000000 attempts, skipping block
Mining block at height 1...
✗ Mining failed after 20000000 attempts, skipping block
Mining block at height 1...
✗ Mining failed after 20000000 attempts, skipping block
Mining block at height 1...
✗ Mining failed after 20000000 attempts, skipping block
Mining block at height 1...
✗ Mining failed after 20000000 attempts, skipping block
Mining block at height 1...
✗ Mining failed after 20000000 attempts, skipping block
Mining block at height 1...
✗ Mining failed after 20000000 attempts, skipping block
Mining block at height 1...
✗ Mining failed after 20000000 attempts, skipping block
Mining block at height 1...
✗ Mining failed after 20000000 attempts, skipping block
Mining block at height 1...
✗ Mining failed after 20000000 attempts, skipping block
Mining block at height 1...
✗ Mining failed after 20000000 attempts, skipping block
Mining block at height 1...
✗ Mining failed after 20000000 attempts, skipping block
Mining block at height 1...
✗ Mining failed after 20000000 attempts, skipping block
Mining block at height 1...
✗ Mining failed after 20000000 attempts, skipping block
Mining block at height 1...
✗ Mining failed after 20000000 attempts, skipping block
Mining block at height 1...
✗ Mining failed after 20000000 attempts, skipping block
Mining block at height 1...
✗ Mining failed after 20000000 attempts, skipping block
Mining block at height 1...
✗ Mining failed after 20000000 attempts, skipping block
Mining block at height 1...
✗ Mining failed after 20000000 attempts, skipping block
Mining block at height 1...
✗ Mining failed after 20000000 attempts, skipping block
Mining block at height 1...
✗ Mining failed after 20000000 attempts, skipping block
Mining block at height 1...
✗ Mining failed after 20000000 attempts, skipping block
Mining block at height 1...
✗ Mining failed after 20000000 attempts, skipping block
Mining block at height 1...
✗ Mining failed after 20000000 attempts, skipping block
Mining block at height 1...
✗ Mining failed after 20000000 attempts, skipping block
Mining block at height 1...
✗ Mining failed after 20000000 attempts, skipping block
Mining block at height 1...
✗ Mining failed after 20000000 attempts, skipping block
Mining block at height 1...
✗ Mining failed after 20000000 attempts, skipping block
Mining block at height 1...
✗ Mining failed after 20000000 attempts, skipping block
Mining block at height 1...
✗ Mining failed after 20000000 attempts, skipping block
Mining block at height 1...
✗ Mining failed after 20000000 attempts, skipping block
Mining block at height 1...
✗ Mining failed after 20000000 attempts, skipping block
Mining block at height 1...
✗ Mining failed after 20000000 attempts, skipping block
Mining block at height 1...
✗ Mining failed after 20000000 attempts, skipping block
Mining block at height 1...
✗ Mining failed after 20000000 attempts, skipping block
Mining block at height 1...
✗ Mining failed after 20000000 attempts, skipping block
Mining block at height 1...
✗ Mining failed after 20000000 attempts, skipping block
Mining block at height 1...
✗ Mining failed after 20000000 attempts, skipping block
Mining block at height 1...
✗ Mining failed after 20000000 attempts, skipping block
Mining block at height 1...
✗ Mining failed after 20000000 attempts, skipping block
Mining block at height 1...
✗ Mining failed after 20000000 attempts, skipping block
Mining block at height 1...
✗ Mining failed after 20000000 attempts, skipping block
Mining block at height 1...
✗ Mining failed after 20000000 attempts, skipping block
Mining block at height 1...
✗ Mining failed after 20000000 attempts, skipping block
Mining block at height 1...
✗ Mining failed after 20000000 attempts, skipping block
Mining block at height 1...
✗ Mining failed after 20000000 attempts, skipping block
Mining block at height 1...
✗ Mining failed after 20000000 attempts, skipping block
Mining block at height 1...
✗ Mining failed after 20000000 attempts, skipping block
Mining block at height 1...
✗ Mining failed after 20000000 attempts, skipping block
Mining block at height 1...
✗ Mining failed after 20000000 attempts, skipping block
Mining block at height 1...
✗ Mining failed after 20000000 attempts, skipping block
Mining block at height 1...
✗ Mining failed after 20000000 attempts, skipping block
Mining block at height 1...
✗ Mining failed after 20000000 attempts, skipping block
Mining block at height 1...
✗ Mining failed after 20000000 attempts, skipping block
Mining block at height 1...
✗ Mining failed after 20000000 attempts, skipping block
Mining block at height 1...
✗ Mining failed after 20000000 attempts, skipping block
Mining block at height 1...
✗ Mining failed after 20000000 attempts, skipping block
Mining block at height 1...
✗ Mining failed after 20000000 attempts, skipping block
Mining block at height 1...
✗ Mining failed after 20000000 attempts, skipping block
Mining block at height 1...
✗ Mining failed after 20000000 attempts, skipping block
Mining block at height 1...
✗ Mining failed after 20000000 attempts, skipping block
Mining block at height 1...
✗ Mining failed after 20000000 attempts, skipping block
Mining block at height 1...
✗ Mining failed after 20000000 attempts, skipping block
Mining block at height 1...
✗ Mining failed after 20000000 attempts, skipping block
Mining block at height 1...
✗ Mining failed after 20000000 attempts, skipping block
Mining block at height 1...
✗ Mining failed after 20000000 attempts, skipping block
Mining block at height 1...
✗ Mining failed after 20000000 attempts, skipping block
Mining block at height 1...
✗ Mining failed after 20000000 attempts, skipping block
Mining block at height 1...
✗ Mining failed after 20000000 attempts, skipping block
Mining block at height 1...
✗ Mining failed after 20000000 attempts, skipping block
Mining block at height 1...
✗ Mining failed after 20000000 attempts, skipping block
Mining block at height 1...
✗ Mining failed after 20000000 attempts, skipping block
Mining block at height 1...
✗ Mining failed after 20000000 attempts, skipping block
Mining block at height 1...
✗ Mining failed after 20000000 attempts, skipping block
Mining block at height 1...
✗ Mining failed after 20000000 attempts, skipping block
Mining block at height 1...
✗ Mining failed after 20000000 attempts, skipping block
Mining block at height 1...
✗ Mining failed after 20000000 attempts, skipping block
Mining block at height 1...
✗ Mining failed after 20000000 attempts, skipping block
Mining block at height 1...
✗ Mining failed after 20000000 attempts, skipping block
Mining block at height 1...
✗ Mining failed after 20000000 attempts, skipping block
Mining block at height 1...
✗ Mining failed after 20000000 attempts, skipping block
Mining block at height 1...
✗ Mining failed after 20000000 attempts, skipping block
Mining block at height 1...
✗ Mining failed after 20000000 attempts, skipping block
Mining block at height 1...
✗ Mining failed after 20000000 attempts, skipping block
Mining block at height 1...
✗ Mining failed after 20000000 attempts, skipping block
Mining block at height 1...
✗ Mining failed after 20000000 attempts, skipping block
Mining block at height 1...
✗ Mining failed after 20000000 attempts, skipping block
Mining block at height 1...
✗ Mining failed after 20000000 attempts, skipping block
Mining block at height 1...
✗ Mining failed after 20000000 attempts, skipping block
Mining block at height 1...
✗ Mining failed after 20000000 attempts, skipping block
Mining block at height 1...
✗ Mining failed after 20000000 attempts, skipping block
Mining block at height 1...
✗ Mining failed after 20000000 attempts, skipping block
Mining block at height 1...
✗ Mining failed after 20000000 attempts, skipping block
Mining block at height 1...
✗ Mining failed after 20000000 attempts, skipping block
Mining block at height 1...
✗ Mining failed after 20000000 attempts, skipping block
Mining block at height 1...
✗ Mining failed after 20000000 attempts, skipping block
Mining block at height 1...
✗ Mining failed after 20000000 attempts, skipping block
Mining block at height 1...
✗ Mining failed after 20000000 attempts, skipping block
Mining block at height 1...
✗ Mining failed after 20000000 attempts, skipping block
Mining block at height 1...
✗ Mining failed after 20000000 attempts, skipping block
Mining block at height 1...
✗ Mining failed after 20000000 attempts, skipping block
Mining block at height 1...
✗ Mining failed after 20000000 attempts, skipping block
Mining block at height 1...
✗ Mining failed after 20000000 attempts, skipping block
Mining block at height 1...
✗ Mining failed after 20000000 attempts, skipping block
Mining block at height 1...
✗ Mining failed after 20000000 attempts, skipping block
Mining block at height 1...
✗ Mining failed after 20000000 attempts, skipping block
Mining block at height 1...
✗ Mining failed after 20000000 attempts, skipping block
Mining block at height 1...
✗ Mining failed after 20000000 attempts, skipping block
Mining block at height 1...
✗ Mining failed after 20000000 attempts, skipping block
Mining block at height 1...
✗ Mining failed after 20000000 attempts, skipping block
Mining block at height 1...
✗ Mining failed after 20000000 attempts, skipping block
Mining block at height 1...
✗ Mining failed after 20000000 attempts, skipping block
Mining block at height 1...
✗ Mining failed after 20000000 attempts, skipping block
Mining block at height 1...
✗ Mining failed after 20000000 attempts, skipping block
Mining block at height 1...
✗ Mining failed after 20000000 attempts, skipping block
Mining block at height 1...
✗ Mining failed after 20000000 attempts, skipping block
Mining block at height 1...
✗ Mining failed after 20000000 attempts, skipping block
Mining block at height 1...
✗ Mining failed after 20000000 attempts, skipping block
Mining block at height 1...
✗ Mining failed after 20000000 attempts, skipping block
Mining block at height 1...
✗ Mining failed after 20000000 attempts, skipping block
Mining block at height 1...
✗ Mining failed after 20000000 attempts, skipping block
Mining block at height 1...
✗ Mining failed after 20000000 attempts, skipping block
Mining block at height 1...
✗ Mining failed after 20000000 attempts, skipping block
Mining block at height 1...
✗ Mining failed after 20000000 attempts, skipping block
Mining block at height 1...
✗ Mining failed after 20000000 attempts, skipping block
Mining block at height 1...
✗ Mining failed after 20000000 attempts, skipping block
Mining block at height 1...
✗ Mining failed after 20000000 attempts, skipping block
Mining block at height 1...
✗ Mining failed after 20000000 attempts, skipping block
Mining block at height 1...
✗ Mining failed after 20000000 attempts, skipping block
Mining block at height 1...
✗ Mining failed after 20000000 attempts, skipping block
Mining block at height 1...
✗ Mining failed after 20000000 attempts, skipping block
Mining block at height 1...
✗ Mining failed after 20000000 attempts, skipping block
Mining block at height 1...
✗ Mining failed after 20000000 attempts, skipping block
Mining block at height 1...
✗ Mining failed after 20000000 attempts, skipping block
Mining block at height 1...
✗ Mining failed after 20000000 attempts, skipping block
Mining block at height 1...
✗ Mining failed after 20000000 attempts, skipping block
Mining block at height 1...
✗ Mining failed after 20000000 attempts, skipping block
Mining block at height 1...
✗ Mining failed after 20000000 attempts, skipping block
Mining block at height 1...
✗ Mining failed after 20000000 attempts, skipping block
Mining block at height 1...
✗ Mining failed after 20000000 attempts, skipping block
Mining block at height 1...
✗ Mining failed after 20000000 attempts, skipping block
Mining block at height 1...
✗ Mining failed after 20000000 attempts, skipping block
Mining block at height 1...
✗ Mining failed after 20000000 attempts, skipping block
Mining block at height 1...
✗ Mining failed after 20000000 attempts, skipping block
Mining block at height 1...
✗ Mining failed after 20000000 attempts, skipping block
Mining block at height 1...
✗ Mining failed after 20000000 attempts, skipping block
Mining block at height 1...
✗ Mining failed after 20000000 attempts, skipping block
Mining block at height 1...
✗ Mining failed after 20000000 attempts, skipping block
Mining block at height 1...
✗ Mining failed after 20000000 attempts, skipping block
Mining block at height 1...
✗ Mining failed after 20000000 attempts, skipping block
Mining block at height 1...
✗ Mining failed after 20000000 attempts, skipping block
Mining block at height 1...
✗ Mining failed after 20000000 attempts, skipping block
Mining block at height 1...
✗ Mining failed after 20000000 attempts, skipping block
Mining block at height 1...
✗ Mining failed after 20000000 attempts, skipping block
Mining block at height 1...
✗ Mining failed after 20000000 attempts, skipping block
Mining block at height 1...
✗ Mining failed after 20000000 attempts, skipping block
Mining block at height 1...
✗ Mining failed after 20000000 attempts, skipping block
Mining block at height 1...
✗ Mining failed after 20000000 attempts, skipping block
Mining block at height 1...
✗ Mining failed after 20000000 attempts, skipping block
Mining block at height 1...
✗ Mining failed after 20000000 attempts, skipping block
Mining block at height 1...
✗ Mining failed after 20000000 attempts, skipping block
Mining block at height 1...
✗ Mining failed after 20000000 attempts, skipping block
Mining block at height 1...
✗ Mining failed after 20000000 attempts, skipping block
Mining block at height 1...
✗ Mining failed after 20000000 attempts, skipping block
Mining block at height 1...
✗ Mining failed after 20000000 attempts, skipping block
Mining block at height 1...
✗ Mining failed after 20000000 attempts, skipping block
Mining block at height 1...
✗ Mining failed after 20000000 attempts, skipping block
Mining block at height 1...
✗ Mining failed after 20000000 attempts, skipping block
Mining block at height 1...
✗ Mining failed after 20000000 attempts, skipping block
Mining block at height 1...
✗ Mining failed after 20000000 attempts, skipping block
Mining block at height 1...
✗ Mining failed after 20000000 attempts, skipping block
Mining block at height 1...
✗ Mining failed after 20000000 attempts, skipping block
Mining block at height 1...
✗ Mining failed after 20000000 attempts, skipping block
Mining block at height 1...
✗ Mining failed after 20000000 attempts, skipping block
Mining block at height 1...
✗ Mining failed after 20000000 attempts, skipping block
Mining block at height 1...
✗ Mining failed after 20000000 attempts, skipping block
Mining block at height 1...
✗ Mining failed after 20000000 attempts, skipping block
Mining block at height 1...
✗ Mining failed after 20000000 attempts, skipping block
Mining block at height 1...
✗ Mining failed after 20000000 attempts, skipping block
Mining block at height 1...
✗ Mining failed after 20000000 attempts, skipping block
Mining block at height 1...
✗ Mining failed after 20000000 attempts, skipping block
Mining block at height 1...
✗ Mining failed after 20000000 attempts, skipping block
Mining block at height 1...
✗ Mining failed after 20000000 attempts, skipping block
Mining block at height 1...
✗ Mining failed after 20000000 attempts, skipping block
Mining block at height 1...
✗ Mining failed after 20000000 attempts, skipping block
Mining block at height 1...
✗ Mining failed after 20000000 attempts, skipping block
Mining block at height 1...
✗ Mining failed after 20000000 attempts, skipping block
Mining block at height 1...
✗ Mining failed after 20000000 attempts, skipping block
Mining block at height 1...
✗ Mining failed after 20000000 attempts, skipping block
Mining block at height 1...
✗ Mining failed after 20000000 attempts, skipping block
Mining block at height 1...
✗ Mining failed after 20000000 attempts, skipping block
Mining block at height 1...
✗ Mining failed after 20000000 attempts, skipping block
Mining block at height 1...
✗ Mining failed after 20000000 attempts, skipping block
Mining block at height 1...
✗ Mining failed after 20000000 attempts, skipping block
Mining block at height 1...
✗ Mining failed after 20000000 attempts, skipping block
Mining block at height 1...
✗ Mining failed after 20000000 attempts, skipping block
Mining block at height 1...
✗ Mining failed after 20000000 attempts, skipping block
Mining block at height 1...
✗ Mining failed after 20000000 attempts, skipping block
Mining block at height 1...
✗ Mining failed after 20000000 attempts, skipping block
Mining block at height 1...
✗ Mining failed after 20000000 attempts, skipping block
Mining block at height 1...
✗ Mining failed after 20000000 attempts, skipping block
Mining block at height 1...
✗ Mining failed after 20000000 attempts, skipping block
Mining block at height 1...
✗ Mining failed after 20000000 attempts, skipping block
Mining block at height 1...
✗ Mining failed after 20000000 attempts, skipping block
Mining block at height 1...
✗ Mining failed after 20000000 attempts, skipping block
Mining block at height 1...
✗ Mining failed after 20000000 attempts, skipping block
Mining block at height 1...
✗ Mining failed after 20000000 attempts, skipping block
Mining block at height 1...
✗ Mining failed after 20000000 attempts, skipping block
Mining block at height 1...
✗ Mining failed after 20000000 attempts, skipping block
Mining block at height 1...
✗ Mining failed after 20000000 attempts, skipping block
Mining block at height 1...
✗ Mining failed after 20000000 attempts, skipping block
Mining block at height 1...
✗ Mining failed after 20000000 attempts, skipping block
Mining block at height 1...
✗ Mining failed after 20000000 attempts, skipping block
Mining block at height 1...
✗ Mining failed after 20000000 attempts, skipping block
Mining block at height 1...
✗ Mining failed after 20000000 attempts, skipping block
Mining block at height 1...
✗ Mining failed after 20000000 attempts, skipping block
Mining block at height 1...
✗ Mining failed after 20000000 attempts, skipping block
Mining block at height 1...
✗ Mining failed after 20000000 attempts, skipping block
Mining block at height 1...
✗ Mining failed after 20000000 attempts, skipping block
Mining block at height 1...
✗ Mining failed after 20000000 attempts, skipping block
Mining block at height 1...
✗ Mining failed after 20000000 attempts, skipping block
Mining block at height 1...
✗ Mining failed after 20000000 attempts, skipping block
Mining block at height 1...
✗ Mining failed after 20000000 attempts, skipping block
Mining block at height 1...
✗ Mining failed after 20000000 attempts, skipping block
Mining block at height 1...
✗ Mining failed after 20000000 attempts, skipping block
Mining block at height 1...
✗ Mining failed after 20000000 attempts, skipping block
Mining block at height 1...
✗ Mining failed after 20000000 attempts, skipping block
Mining block at height 1...
✗ Mining failed after 20000000 attempts, skipping block
Mining block at height 1...
✗ Mining failed after 20000000 attempts, skipping block
Mining block at height 1...
✗ Mining failed after 20000000 attempts, skipping block
Mining block at height 1...
✗ Mining failed after 20000000 attempts, skipping block
Mining block at height 1...
✗ Mining failed after 20000000 attempts, skipping block
Mining block at height 1...
✗ Mining failed after 20000000 attempts, skipping block
Mining block at height 1...
✗ Mining failed after 20000000 attempts, skipping block
Mining block at height 1...
✗ Mining failed after 20000000 attempts, skipping block
Mining block at height 1...
✗ Mining failed after 20000000 attempts, skipping block
Mining block at height 1...
✗ Mining failed after 20000000 attempts, skipping block
Mining block at height 1...
✗ Mining failed after 20000000 attempts, skipping block
Mining block at height 1...
✗ Mining failed after 20000000 attempts, skipping block
Mining block at height 1...
✗ Mining failed after 20000000 attempts, skipping block
Mining block at height 1...
✗ Mining failed after 20000000 attempts, skipping block
Mining block at height 1...
✗ Mining failed after 20000000 attempts, skipping block
Mining block at height 1...
✗ Mining failed after 20000000 attempts, skipping block
Mining block at height 1...
✗ Mining failed after 20000000 attempts, skipping block
Mining block at height 1...
✗ Mining failed after 20000000 attempts, skipping block
Mining block at height 1...
✗ Mining failed after 20000000 attempts, skipping block
Mining block at height 1...
✗ Mining failed after 20000000 attempts, skipping block
Mining block at height 1...
✗ Mining failed after 20000000 attempts, skipping block
Mining block at height 1...
✗ Mining failed after 20000000 attempts, skipping block
Mining block at height 1...
✗ Mining failed after 20000000 attempts, skipping block
Mining block at height 1...
✗ Mining failed after 20000000 attempts, skipping block
Mining block at height 1...
✗ Mining failed after 20000000 attempts, skipping block
Mining block at height 1...
✗ Mining failed after 20000000 attempts, skipping block
Mining block at height 1...
✗ Mining failed after 20000000 attempts, skipping block
Mining block at height 1...
✗ Mining failed after 20000000 attempts, skipping block
Mining block at height 1...
✗ Mining failed after 20000000 attempts, skipping block
Mining block at height 1...
✗ Mining failed after 20000000 attempts, skipping block
Mining block at height 1...
✗ Mining failed after 20000000 attempts, skipping block
Mining block at height 1...
✗ Mining failed after 20000000 attempts, skipping block
Mining block at height 1...
✗ Mining failed after 20000000 attempts, skipping block
Mining block at height 1...
✗ Mining failed after 20000000 attempts, skipping block
Mining block at height 1...
✗ Mining failed after 20000000 attempts, skipping block
Mining block at height 1...
✗ Mining failed after 20000000 attempts, skipping block
Mining block at height 1...
✗ Mining failed after 20000000 attempts, skipping block
Mining block at height 1...
✗ Mining failed after 20000000 attempts, skipping block
Mining block at height 1...
✗ Mining failed after 20000000 attempts, skipping block
Mining block at height 1...
✗ Mining failed after 20000000 attempts, skipping block
Mining block at height 1...
✗ Mining failed after 20000000 attempts, skipping block
Mining block at height 1...
✗ Mining failed after 20000000 attempts, skipping block
Mining block at height 1...
✗ Mining failed after 20000000 attempts, skipping block
Mining block at height 1...
✗ Mining failed after 20000000 attempts, skipping block
Mining block at height 1...
✗ Mining failed after 20000000 attempts, skipping block
Mining block at height 1...
✗ Mining failed after 20000000 attempts, skipping block
Mining block at height 1...
✗ Mining failed after 20000000 attempts, skipping block
Mining block at height 1...
✗ Mining failed after 20000000 attempts, skipping block
Mining block at height 1...
✗ Mining failed after 20000000 attempts, skipping block
Mining block at height 1...
✗ Mining failed after 20000000 attempts, skipping block
Mining block at height 1...
✗ Mining failed after 20000000 attempts, skipping block
Mining block at height 1...
✗ Mining failed after 20000000 attempts, skipping block
Mining block at height 1...
✗ Mining failed after 20000000 attempts, skipping block
Mining block at height 1...
✗ Mining failed after 20000000 attempts, skipping block
Mining block at height 1...
✗ Mining failed after 20000000 attempts, skipping block
Mining block at height 1...
✗ Mining failed after 20000000 attempts, skipping block
Mining block at height 1...
✗ Mining failed after 20000000 attempts, skipping block
Mining block at height 1...
✗ Mining failed after 20000000 attempts, skipping block
Mining block at height 1...
✗ Mining failed after 20000000 attempts, skipping block
Mining block at height 1...
✗ Mining failed after 20000000 attempts, skipping block
Mining block at height 1...
✗ Mining failed after 20000000 attempts, skipping block
Mining block at height 1...
✗ Mining failed after 20000000 attempts, skipping block
Mining block at height 1...
✗ Mining failed after 20000000 attempts, skipping block
Mining block at height 1...
✗ Mining failed after 20000000 attempts, skipping block
Mining block at height 1...
✗ Mining failed after 20000000 attempts, skipping block
Mining block at height 1...
✗ Mining failed after 20000000 attempts, skipping block
Mining block at height 1...
✗ Mining failed after 20000000 attempts, skipping block
Mining block at height 1...
✗ Mining failed after 20000000 attempts, skipping block
Mining block at height 1...
✗ Mining failed after 20000000 attempts, skipping block
Mining block at height 1...
✗ Mining failed after 20000000 attempts, skipping block
Mining block at height 1...
✗ Mining failed after 20000000 attempts, skipping block
Mining block at height 1...
✗ Mining failed after 20000000 attempts, skipping block
Mining block at height 1...
✗ Mining failed after 20000000 attempts, skipping block
Mining block at height 1...
✗ Mining failed after 20000000 attempts, skipping block
Mining block at height 1...
✗ Mining failed after 20000000 attempts, skipping block
Mining block at height 1...
✗ Mining failed after 20000000 attempts, skipping block
Mining block at height 1...
✗ Mining failed after 20000000 attempts, skipping block
Mining block at height 1...
✗ Mining failed after 20000000 attempts, skipping block
Mining block at height 1...
✗ Mining failed after 20000000 attempts, skipping block
Mining block at height 1...
✗ Mining failed after 20000000 attempts, skipping block
Mining block at height 1...
✗ Mining failed after 20000000 attempts, skipping block
Mining block at height 1...
✗ Mining failed after 20000000 attempts, skipping block
Mining block at height 1...
✗ Mining failed after 20000000 attempts, skipping block
Mining block at height 1...
✗ Mining failed after 20000000 attempts, skipping block
Mining block at height 1...
✗ Mining failed after 20000000 attempts, skipping block
Mining block at height 1...
✗ Mining failed after 20000000 attempts, skipping block
Mining block at height 1...
✗ Mining failed after 20000000 attempts, skipping block
Mining block at height 1...
✗ Mining failed after 20000000 attempts, skipping block
Mining block at height 1...
✗ Mining failed after 20000000 attempts, skipping block
Mining block at height 1...
✗ Mining failed after 20000000 attempts, skipping block
Mining block at height 1...
✗ Mining failed after 20000000 attempts, skipping block
Mining block at height 1...
✗ Mining failed after 20000000 attempts, skipping block
Mining block at height 1...
✗ Mining failed after 20000000 attempts, skipping block
Mining block at height 1...
✗ Mining failed after 20000000 attempts, skipping block
Mining block at height 1...
✗ Mining failed after 20000000 attempts, skipping block
Mining block at height 1...
✗ Mining failed after 20000000 attempts, skipping block
Mining block at height 1...
✗ Mining failed after 20000000 attempts, skipping block
Mining block at height 1...
✗ Mining failed after 20000000 attempts, skipping block
Mining block at height 1...
✗ Mining failed after 20000000 attempts, skipping block
Mining block at height 1...
✗ Mining failed after 20000000 attempts, skipping block
Mining block at height 1...
✗ Mining failed after 20000000 attempts, skipping block
Mining block at height 1...
✗ Mining failed after 20000000 attempts, skipping block
Mining block at height 1...
✗ Mining failed after 20000000 attempts, skipping block
Mining block at height 1...
✗ Mining failed after 20000000 attempts, skipping block
Mining block at height 1...
✗ Mining failed after 20000000 attempts, skipping block
Mining block at height 1...
✗ Mining failed after 20000000 attempts, skipping block
Mining block at height 1...
✗ Mining failed after 20000000 attempts, skipping block
Mining block at height 1...
✗ Mining failed after 20000000 attempts, skipping block
Mining block at height 1...
✗ Mining failed after 20000000 attempts, skipping block
Mining block at height 1...
✗ Mining failed after 20000000 attempts, skipping block
Mining block at height 1...
✗ Mining failed after 20000000 attempts, skipping block
Mining block at height 1...
✗ Mining failed after 20000000 attempts, skipping block
Mining block at height 1...
✗ Mining failed after 20000000 attempts, skipping block
Mining block at height 1...
✗ Mining failed after 20000000 attempts, skipping block
Mining block at height 1...
✗ Mining failed after 20000000 attempts, skipping block
Mining block at height 1...
✗ Mining failed after 20000000 attempts, skipping block
Mining block at height 1...
✗ Mining failed after 20000000 attempts, skipping block
Mining block at height 1...
✗ Mining failed after 20000000 attempts, skipping block
Mining block at height 1...
✗ Mining failed after 20000000 attempts, skipping block
Mining block at height 1...
✗ Mining failed after 20000000 attempts, skipping block
Mining block at height 1...
✗ Mining failed after 20000000 attempts, skipping block
Mining block at height 1...
✗ Mining failed after 20000000 attempts, skipping block
Mining block at height 1...
✗ Mining failed after 20000000 attempts, skipping block
Mining block at height 1...
✗ Mining failed after 20000000 attempts, skipping block
Mining block at height 1...
✗ Mining failed after 20000000 attempts, skipping block
Mining block at height 1...
✗ Mining failed after 20000000 attempts, skipping block
Mining block at height 1...
✗ Mining failed after 20000000 attempts, skipping block
Mining block at height 1...
✗ Mining failed after 20000000 attempts, skipping block
Mining block at height 1...
✗ Mining failed after 20000000 attempts, skipping block
Mining block at height 1...
✗ Mining failed after 20000000 attempts, skipping block
Mining block at height 1...
✗ Mining failed after 20000000 attempts, skipping block
Mining block at height 1...
✗ Mining failed after 20000000 attempts, skipping block
Mining block at height 1...
✗ Mining failed after 20000000 attempts, skipping block
Mining block at height 1...
✗ Mining failed after 20000000 attempts, skipping block
Mining block at height 1...
✗ Mining failed after 20000000 attempts, skipping block
Mining block at height 1...
✗ Mining failed after 20000000 attempts, skipping block
Mining block at height 1...
✗ Mining failed after 20000000 attempts, skipping block
Mining block at height 1...
✗ Mining failed after 20000000 attempts, skipping block
Mining block at height 1...
✗ Mining failed after 20000000 attempts, skipping block
Mining block at height 1...
✗ Mining failed after 20000000 attempts, skipping block
Mining block at height 1...
✗ Mining failed after 20000000 attempts, skipping block
Mining block at height 1...
✗ Mining failed after 20000000 attempts, skipping block
Mining block at height 1...
✗ Mining failed after 20000000 attempts, skipping block
Mining block at height 1...
✗ Mining failed after 20000000 attempts, skipping block
Mining block at height 1...
✗ Mining failed after 20000000 attempts, skipping block
Mining block at height 1...
✗ Mining failed after 20000000 attempts, skipping block
Mining block at height 1...
✗ Mining failed after 20000000 attempts, skipping block
Mining block at height 1...
✗ Mining failed after 20000000 attempts, skipping block
Mining block at height 1...
✗ Mining failed after 20000000 attempts, skipping block
Mining block at height 1...
✗ Mining failed after 20000000 attempts, skipping block
Mining block at height 1...
✗ Mining failed after 20000000 attempts, skipping block
Mining block at height 1...
✗ Mining failed after 20000000 attempts, skipping block
Mining block at height 1...
✗ Mining failed after 20000000 attempts, skipping block
Mining block at height 1...
✗ Mining failed after 20000000 attempts, skipping block
Mining block at height 1...
✗ Mining failed after 20000000 attempts, skipping block
Mining block at height 1...
✗ Mining failed after 20000000 attempts, skipping block
Mining block at height 1...
✗ Mining failed after 20000000 attempts, skipping block
Mining block at height 1...
✗ Mining failed after 20000000 attempts, skipping block
Mining block at height 1...
✗ Mining failed after 20000000 attempts, skipping block
Mining block at height 1...
✗ Mining failed after 20000000 attempts, skipping block
Mining block at height 1...
✗ Mining failed after 20000000 attempts, skipping block
Mining block at height 1...
✗ Mining failed after 20000000 attempts, skipping block
Mining block at height 1...
✗ Mining failed after 20000000 attempts, skipping block
Mining block at height 1...
✗ Mining failed after 20000000 attempts, skipping block
Mining block at height 1...
✗ Mining failed after 20000000 attempts, skipping block
Mining block at height 1...
✗ Mining failed after 20000000 attempts, skipping block
Mining block at height 1...
✗ Mining failed after 20000000 attempts, skipping block
Mining block at height 1...
✗ Mining failed after 20000000 attempts, skipping block
Mining block at height 1...
✗ Mining failed after 20000000 attempts, skipping block
Mining block at height 1...
✗ Mining failed after 20000000 attempts, skipping block
Mining block at height 1...
✗ Mining failed after 20000000 attempts, skipping block
Mining block at height 1...
✗ Mining failed after 20000000 attempts, skipping block
Mining block at height 1...
✗ Mining failed after 20000000 attempts, skipping block
Mining block at height 1...
✗ Mining failed after 20000000 attempts, skipping block
Mining block at height 1...
✗ Mining failed after 20000000 attempts, skipping block
Mining block at height 1...
✗ Mining failed after 20000000 attempts, skipping block
Mining block at height 1...
✗ Mining failed after 20000000 attempts, skipping block
Mining block at height 1...
✗ Mining failed after 20000000 attempts, skipping block
Mining block at height 1...
✗ Mining failed after 20000000 attempts, skipping block
Mining block at height 1...
✗ Mining failed after 20000000 attempts, skipping block
Mining block at height 1...
✗ Mining failed after 20000000 attempts, skipping block
Mining block at height 1...
✗ Mining failed after 20000000 attempts, skipping block
Mining block at height 1...
✗ Mining failed after 20000000 attempts, skipping block
Mining block at height 1...
✗ Mining failed after 20000000 attempts, skipping block
Mining block at height 1...
✗ Mining failed after 20000000 attempts, skipping block
Mining block at height 1...
✗ Mining failed after 20000000 attempts, skipping block
Mining block at height 1...
✗ Mining failed after 20000000 attempts, skipping block
Mining block at height 1...
✗ Mining failed after 20000000 attempts, skipping block
Mining block at height 1...
✗ Mining failed after 20000000 attempts, skipping block
Mining block at height 1...
✗ Mining failed after 20000000 attempts, skipping block
Mining block at height 1...
✗ Mining failed after 20000000 attempts, skipping block
Mining block at height 1...
✗ Mining failed after 20000000 attempts, skipping block
Mining block at height 1...
✗ Mining failed after 20000000 attempts, skipping block
Mining block at height 1...
✗ Mining failed after 20000000 attempts, skipping block
Mining block at height 1...
✗ Mining failed after 20000000 attempts, skipping block
Mining block at height 1...
✗ Mining failed after 20000000 attempts, skipping block
Mining block at height 1...
✗ Mining failed after 20000000 attempts, skipping block
Mining block at height 1...
✗ Mining failed after 20000000 attempts, skipping block
Mining block at height 1...
✗ Mining failed after 20000000 attempts, skipping block
Mining block at height 1...
✗ Mining failed after 20000000 attempts, skipping block
Mining block at height 1...
✗ Mining failed after 20000000 attempts, skipping block
Mining block at height 1...
✗ Mining failed after 20000000 attempts, skipping block
Mining block at height 1...
✗ Mining failed after 20000000 attempts, skipping block
Mining block at height 1...
✗ Mining failed after 20000000 attempts, skipping block
Mining block at height 1...
✗ Mining failed after 20000000 attempts, skipping block
Mining block at height 1...
✗ Mining failed after 20000000 attempts, skipping block
Mining block at height 1...
✗ Mining failed after 20000000 attempts, skipping block
Mining block at height 1...
✗ Mining failed after 20000000 attempts, skipping block
Mining block at height 1...
✗ Mining failed after 20000000 attempts, skipping block
Mining block at height 1...
✗ Mining failed after 20000000 attempts, skipping block
Mining block at height 1...
✗ Mining failed after 20000000 attempts, skipping block
Mining block at height 1...
✗ Mining failed after 20000000 attempts, skipping block
Mining block at height 1...
✗ Mining failed after 20000000 attempts, skipping block
Mining block at height 1...
✗ Mining failed after 20000000 attempts, skipping block
Mining block at height 1...
✗ Mining failed after 20000000 attempts, skipping block
Mining block at height 1...
✗ Mining failed after 20000000 attempts, skipping block
Mining block at height 1...
✗ Mining failed after 20000000 attempts, skipping block
Mining block at height 1...
✗ Mining failed after 20000000 attempts, skipping block
Mining block at height 1...
✗ Mining failed after 20000000 attempts, skipping block
Mining block at height 1...
✗ Mining failed after 20000000 attempts, skipping block
Mining block at height 1...
✗ Mining failed after 20000000 attempts, skipping block
Mining block at height 1...
✗ Mining failed after 20000000 attempts, skipping block
Mining block at height 1...
✗ Mining failed after 20000000 attempts, skipping block
Mining block at height 1...
✗ Mining failed after 20000000 attempts, skipping block
Mining block at height 1...
✗ Mining failed after 20000000 attempts, skipping block
Mining block at height 1...
✗ Mining failed after 20000000 attempts, skipping block
Mining block at height 1...
✗ Mining failed after 20000000 attempts, skipping block
Mining block at height 1...
✗ Mining failed after 20000000 attempts, skipping block
Mining block at height 1...
✗ Mining failed after 20000000 attempts, skipping block
Mining block at height 1...
✗ Mining failed after 20000000 attempts, skipping block
Mining block at height 1...
✗ Mining failed after 20000000 attempts, skipping block
Mining block at height 1...
✗ Mining failed after 20000000 attempts, skipping block
Mining block at height 1...
✗ Mining failed after 20000000 attempts, skipping block
Mining block at height 1...
✗ Mining failed after 20000000 attempts, skipping block
Mining block at height 1...
✗ Mining failed after 20000000 attempts, skipping block
Mining block at height 1...
✗ Mining failed after 20000000 attempts, skipping block
Mining block at height 1...
✗ Mining failed after 20000000 attempts, skipping block
Mining block at height 1...
✗ Mining failed after 20000000 attempts, skipping block
Mining block at height 1...
✗ Mining failed after 20000000 attempts, skipping block
Mining block at height 1...
✗ Mining failed after 20000000 attempts, skipping block
Mining block at height 1...
✗ Mining failed after 20000000 attempts, skipping block
Mining block at height 1...
✗ Mining failed after 20000000 attempts, skipping block
Mining block at height 1...
✗ Mining failed after 20000000 attempts, skipping block
Mining block at height 1...
✗ Mining failed after 20000000 attempts, skipping block
Mining block at height 1...
✗ Mining failed after 20000000 attempts, skipping block
Mining block at height 1...
✗ Mining failed after 20000000 attempts, skipping block
Mining block at height 1...
✗ Mining failed after 20000000 attempts, skipping block
Mining block at height 1...
✗ Mining failed after 20000000 attempts, skipping block
Mining block at height 1...
✗ Mining failed after 20000000 attempts, skipping block
Mining block at height 1...
✗ Mining failed after 20000000 attempts, skipping block
Mining block at height 1...
✗ Mining failed after 20000000 attempts, skipping block
Mining block at height 1...
✗ Mining failed after 20000000 attempts, skipping block
Mining block at height 1...
✗ Mining failed after 20000000 attempts, skipping block
Mining block at height 1...
✗ Mining failed after 20000000 attempts, skipping block
Mining block at height 1...
✗ Mining failed after 20000000 attempts, skipping block
Mining block at height 1...
✗ Mining failed after 20000000 attempts, skipping block
Mining block at height 1...
✗ Mining failed after 20000000 attempts, skipping block
Mining block at height 1...
✗ Mining failed after 20000000 attempts, skipping block
Mining block at height 1...
✗ Mining failed after 20000000 attempts, skipping block
Mining block at height 1...
✗ Mining failed after 20000000 attempts, skipping block
Mining block at height 1...
✗ Mining failed after 20000000 attempts, skipping block
Mining block at height 1...
✗ Mining failed after 20000000 attempts, skipping block
Mining block at height 1...
✗ Mining failed after 20000000 attempts, skipping block
Mining block at height 1...
✗ Mining failed after 20000000 attempts, skipping block
Mining block at height 1...
✗ Mining failed after 20000000 attempts, skipping block
Mining block at height 1...
✗ Mining failed after 20000000 attempts, skipping block
Mining block at height 1...
✗ Mining failed after 20000000 attempts, skipping block
Mining block at height 1...
✗ Mining failed after 20000000 attempts, skipping block
Mining block at height 1...
✗ Mining failed after 20000000 attempts, skipping block
Mining block at height 1...
✗ Mining failed after 20000000 attempts, skipping block
Mining block at height 1...
✗ Mining failed after 20000000 attempts, skipping block
Mining block at height 1...
✗ Mining failed after 20000000 attempts, skipping block
Mining block at height 1...
✗ Mining failed after 20000000 attempts, skipping block
Mining block at height 1...
✗ Mining failed after 20000000 attempts, skipping block
Mining block at height 1...
✗ Mining failed after 20000000 attempts, skipping block
Mining block at height 1...
✗ Mining failed after 20000000 attempts, skipping block
Mining block at height 1...
✗ Mining failed after 20000000 attempts, skipping block
Mining block at height 1...
✗ Mining failed after 20000000 attempts, skipping block
Mining block at height 1...
✗ Mining failed after 20000000 attempts, skipping block
Mining block at height 1...
✗ Mining failed after 20000000 attempts, skipping block
Mining block at height 1...
✗ Mining failed after 20000000 attempts, skipping block
Mining block at height 1...
✗ Mining failed after 20000000 attempts, skipping block
Mining block at height 1...
✗ Mining failed after 20000000 attempts, skipping block
Mining block at height 1...
✗ Mining failed after 20000000 attempts, skipping block
Mining block at height 1...
✗ Mining failed after 20000000 attempts, skipping block
Mining block at height 1...
✗ Mining failed after 20000000 attempts, skipping block
Mining block at height 1...
✗ Mining failed after 20000000 attempts, skipping block
Mining block at height 1...
✗ Mining failed after 20000000 attempts, skipping block
Mining block at height 1...
✗ Mining failed after 20000000 attempts, skipping block
Mining block at height 1...
✗ Mining failed after 20000000 attempts, skipping block
Mining block at height 1...
✗ Mining failed after 20000000 attempts, skipping block
Mining block at height 1...
✗ Mining failed after 20000000 attempts, skipping block
Mining block at height 1...
✗ Mining failed after 20000000 attempts, skipping block
Mining block at height 1...
✗ Mining failed after 20000000 attempts, skipping block
Mining block at height 1...
✗ Mining failed after 20000000 attempts, skipping block
Mining block at height 1...
✗ Mining failed after 20000000 attempts, skipping block
Mining block at height 1...
✗ Mining failed after 20000000 attempts, skipping block
Mining block at height 1...
✗ Mining failed after 20000000 attempts, skipping block
Mining block at height 1...
✗ Mining failed after 20000000 attempts, skipping block
Mining block at height 1...
✗ Mining failed after 20000000 attempts, skipping block
Mining block at height 1...
✗ Mining failed after 20000000 attempts, skipping block
Mining block at height 1...
✗ Mining failed after 20000000 attempts, skipping block
Mining block at height 1...
✗ Mining failed after 20000000 attempts, skipping block
Mining block at height 1...
✗ Mining failed after 20000000 attempts, skipping block
Mining block at height 1...
✗ Mining failed after 20000000 attempts, skipping block
Mining block at height 1...
✗ Mining failed after 20000000 attempts, skipping block
Mining block at height 1...
✗ Mining failed after 20000000 attempts, skipping block
Mining block at height 1...
✗ Mining failed after 20000000 attempts, skipping block
Mining block at height 1...
✗ Mining failed after 20000000 attempts, skipping block
Mining block at height 1...
✗ Mining failed after 20000000 attempts, skipping block
Mining block at height 1...
✗ Mining failed after 20000000 attempts, skipping block
Mining block at height 1...
✗ Mining failed after 20000000 attempts, skipping block
Mining block at height 1...
✗ Mining failed after 20000000 attempts, skipping block
Mining block at height 1...
✗ Mining failed after 20000000 attempts, skipping block
Mining block at height 1...
✗ Mining failed after 20000000 attempts, skipping block
Mining block at height 1...
✗ Mining failed after 20000000 attempts, skipping block
Mining block at height 1...
✗ Mining failed after 20000000 attempts, skipping block
Mining block at height 1...
✗ Mining failed after 20000000 attempts, skipping block
Mining block at height 1...
✗ Mining failed after 20000000 attempts, skipping block
Mining block at height 1...
✗ Mining failed after 20000000 attempts, skipping block
Mining block at height 1...
✗ Mining failed after 20000000 attempts, skipping block
Mining block at height 1...
✗ Mining failed after 20000000 attempts, skipping block
Mining block at height 1...
✗ Mining failed after 20000000 attempts, skipping block
Mining block at height 1...
✗ Mining failed after 20000000 attempts, skipping block
Mining block at height 1...
✗ Mining failed after 20000000 attempts, skipping block
Mining block at height 1...
✗ Mining failed after 20000000 attempts, skipping block
Mining block at height 1...
✗ Mining failed after 20000000 attempts, skipping block
Mining block at height 1...
✗ Mining failed after 20000000 attempts, skipping block
Mining block at height 1...
✗ Mining failed after 20000000 attempts, skipping block
Mining block at height 1...
✗ Mining failed after 20000000 attempts, skipping block
Mining block at height 1...
✗ Mining failed after 20000000 attempts, skipping block
Mining block at height 1...
✗ Mining failed after 20000000 attempts, skipping block
Mining block at height 1...
✗ Mining failed after 20000000 attempts, skipping block
Mining block at height 1...
✗ Mining failed after 20000000 attempts, skipping block
Mining block at height 1...
✗ Mining failed after 20000000 attempts, skipping block
Mining block at height 1...
✗ Mining failed after 20000000 attempts, skipping block
Mining block at height 1...
✗ Mining failed after 20000000 attempts, skipping block
Mining block at height 1...
✗ Mining failed after 20000000 attempts, skipping block
Mining block at height 1...
✗ Mining failed after 20000000 attempts, skipping block
Mining block at height 1...
✗ Mining failed after 20000000 attempts, skipping block
Mining block at height 1...
✗ Mining failed after 20000000 attempts, skipping block
Mining block at height 1...
✗ Mining failed after 20000000 attempts, skipping block
Mining block at height 1...
✗ Mining failed after 20000000 attempts, skipping block
Mining block at height 1...
✗ Mining failed after 20000000 attempts, skipping block
Mining block at height 1...
✗ Mining failed after 20000000 attempts, skipping block
Mining block at height 1...
✗ Mining failed after 20000000 attempts, skipping block
Mining block at height 1...
✗ Mining failed after 20000000 attempts, skipping block
Mining block at height 1...
✗ Mining failed after 20000000 attempts, skipping block
Mining block at height 1...
✗ Mining failed after 20000000 attempts, skipping block
Mining block at height 1...
✗ Mining failed after 20000000 attempts, skipping block
Mining block at height 1...
✗ Mining failed after 20000000 attempts, skipping block
Mining block at height 1...
✗ Mining failed after 20000000 attempts, skipping block
Mining block at height 1...
✗ Mining failed after 20000000 attempts, skipping block
Mining block at height 1...
✗ Mining failed after 20000000 attempts, skipping block
Mining block at height 1...
✗ Mining failed after 20000000 attempts, skipping block
Mining block at height 1...
✗ Mining failed after 20000000 attempts, skipping block
Mining block at height 1...
✗ Mining failed after 20000000 attempts, skipping block
Mining block at height 1...
✗ Mining failed after 20000000 attempts, skipping block
Mining block at height 1...
✗ Mining failed after 20000000 attempts, skipping block
Mining block at height 1...
✗ Mining failed after 20000000 attempts, skipping block
Mining block at height 1...
✗ Mining failed after 20000000 attempts, skipping block
Mining block at height 1...
✗ Mining failed after 20000000 attempts, skipping block
Mining block at height 1...
✗ Mining failed after 20000000 attempts, skipping block
Mining block at height 1...
✗ Mining failed after 20000000 attempts, skipping block
Mining block at height 1...
✗ Mining failed after 20000000 attempts, skipping block
Mining block at height 1...
✗ Mining failed after 20000000 attempts, skipping block
Mining block at height 1...
✗ Mining failed after 20000000 attempts, skipping block
Mining block at height 1...
✗ Mining failed after 20000000 attempts, skipping block
Mining block at height 1...
✗ Mining failed after 20000000 attempts, skipping block
Mining block at height 1...
✗ Mining failed after 20000000 attempts, skipping block
Mining block at height 1...
✗ Mining failed after 20000000 attempts, skipping block
Mining block at height 1...
✗ Mining failed after 20000000 attempts, skipping block
Mining block at height 1...
✗ Mining failed after 20000000 attempts, skipping block
Mining block at height 1...
✗ Mining failed after 20000000 attempts, skipping block
Mining block at height 1...
✗ Mining failed after 20000000 attempts, skipping block
Mining block at height 1...
✗ Mining failed after 20000000 attempts, skipping block
Mining block at height 1...
✗ Mining failed after 20000000 attempts, skipping block
Mining block at height 1...
✗ Mining failed after 20000000 attempts, skipping block
Mining block at height 1...
✗ Mining failed after 20000000 attempts, skipping block
Mining block at height 1...
✗ Mining failed after 20000000 attempts, skipping block
Mining block at height 1...
✗ Mining failed after 20000000 attempts, skipping block
Mining block at height 1...
✗ Mining failed after 20000000 attempts, skipping block
Mining block at height 1...
✗ Mining failed after 20000000 attempts, skipping block
Mining block at height 1...
✗ Mining failed after 20000000 attempts, skipping block
Mining block at height 1...
✗ Mining failed after 20000000 attempts, skipping block
Mining block at height 1...
✗ Mining failed after 20000000 attempts, skipping block
Mining block at height 1...
✗ Mining failed after 20000000 attempts, skipping block
Mining block at height 1...
✗ Mining failed after 20000000 attempts, skipping block
Mining block at height 1...
✗ Mining failed after 20000000 attempts, skipping block
Mining block at height 1...
✗ Mining failed after 20000000 attempts, skipping block
Mining block at height 1...
✗ Mining failed after 20000000 attempts, skipping block
Mining block at height 1...
✗ Mining failed after 20000000 attempts, skipping block
Mining block at height 1...
✗ Mining failed after 20000000 attempts, skipping block
Mining block at height 1...
✗ Mining failed after 20000000 attempts, skipping block
Mining block at height 1...
✗ Mining failed after 20000000 attempts, skipping block
Mining block at height 1...
✗ Mining failed after 20000000 attempts, skipping block
Mining block at height 1...
✗ Mining failed after 20000000 attempts, skipping block
Mining block at height 1...
✗ Mining failed after 20000000 attempts, skipping block
Mining block at height 1...
✗ Mining failed after 20000000 attempts, skipping block
Mining block at height 1...
✗ Mining failed after 20000000 attempts, skipping block
Mining block at height 1...
✗ Mining failed after 20000000 attempts, skipping block
Mining block at height 1...
✗ Mining failed after 20000000 attempts, skipping block
Mining block at height 1...
✗ Mining failed after 20000000 attempts, skipping block
Mining block at height 1...
✗ Mining failed after 20000000 attempts, skipping block
Mining block at height 1...
✗ Mining failed after 20000000 attempts, skipping block
Mining block at height 1...
✗ Mining failed after 20000000 attempts, skipping block
Mining block at height 1...
✗ Mining failed after 20000000 attempts, skipping block
Mining block at height 1...
✗ Mining failed after 20000000 attempts, skipping block
Mining block at height 1...
✗ Mining failed after 20000000 attempts, skipping block
Mining block at height 1...
✗ Mining failed after 20000000 attempts, skipping block
Mining block at height 1...
✗ Mining failed after 20000000 attempts, skipping block
Mining block at height 1...
✗ Mining failed after 20000000 attempts, skipping block
Mining block at height 1...
✗ Mining failed after 20000000 attempts, skipping block
Mining block at height 1...
✗ Mining failed after 20000000 attempts, skipping block
Mining block at height 1...
✗ Mining failed after 20000000 attempts, skipping block
Mining block at height 1...
✗ Mining failed after 20000000 attempts, skipping block
Mining block at height 1...
✗ Mining failed after 20000000 attempts, skipping block
Mining block at height 1...
✗ Mining failed after 20000000 attempts, skipping block
Mining block at height 1...
✗ Mining failed after 20000000 attempts, skipping block
Mining block at height 1...
✗ Mining failed after 20000000 attempts, skipping block
Mining block at height 1...
✗ Mining failed after 20000000 attempts, skipping block
Mining block at height 1...
✗ Mining failed after 20000000 attempts, skipping block
Mining block at height 1...
✗ Mining failed after 20000000 attempts, skipping block
Mining block at height 1...
✗ Mining failed after 20000000 attempts, skipping block
Mining block at height 1...
✗ Mining failed after 20000000 attempts, skipping block
Mining block at height 1...
✗ Mining failed after 20000000 attempts, skipping block
Mining block at height 1...
✗ Mining failed after 20000000 attempts, skipping block
Mining block at height 1...
✗ Mining failed after 20000000 attempts, skipping block
Mining block at height 1...
✗ Mining failed after 20000000 attempts, skipping block
Mining block at height 1...
✗ Mining failed after 20000000 attempts, skipping block
Mining block at height 1...
✗ Mining failed after 20000000 attempts, skipping block
Mining block at height 1...
✗ Mining failed after 20000000 attempts, skipping block
Mining block at height 1...
✗ Mining failed after 20000000 attempts, skipping block
Mining block at height 1...
✗ Mining failed after 20000000 attempts, skipping block
Mining block at height 1...
✗ Mining failed after 20000000 attempts, skipping block
Mining block at height 1...
✗ Mining failed after 20000000 attempts, skipping block
Mining block at height 1...
✗ Mining failed after 20000000 attempts, skipping block
Mining block at height 1...
✗ Mining failed after 20000000 attempts, skipping block
Mining block at height 1...
✗ Mining failed after 20000000 attempts, skipping block
Mining block at height 1...
✗ Mining failed after 20000000 attempts, skipping block
Mining block at height 1...
✗ Mining failed after 20000000 attempts, skipping block
Mining block at height 1...
✗ Mining failed after 20000000 attempts, skipping block
Mining block at height 1...
✗ Mining failed after 20000000 attempts, skipping block
Mining block at height 1...
✗ Mining failed after 20000000 attempts, skipping block
Mining block at height 1...
✗ Mining failed after 20000000 attempts, skipping block
Mining block at height 1...
✗ Mining failed after 20000000 attempts, skipping block
Mining block at height 1...
✗ Mining failed after 20000000 attempts, skipping block
Mining block at height 1...
✗ Mining failed after 20000000 attempts, skipping block
Mining block at height 1...
✗ Mining failed after 20000000 attempts, skipping block
Mining block at height 1...
✗ Mining failed after 20000000 attempts, skipping block
Mining block at height 1...
✗ Mining failed after 20000000 attempts, skipping block
Mining block at height 1...
✗ Mining failed after 20000000 attempts, skipping block
Mining block at height 1...
✗ Mining failed after 20000000 attempts, skipping block
Mining block at height 1...
✗ Mining failed after 20000000 attempts, skipping block
Mining block at height 1...
✗ Mining failed after 20000000 attempts, skipping block
Mining block at height 1...
✗ Mining failed after 20000000 attempts, skipping block
Mining block at height 1...
✗ Mining failed after 20000000 attempts, skipping block
Mining block at height 1...
✗ Mining failed after 20000000 attempts, skipping block
Mining block at height 1...
✗ Mining failed after 20000000 attempts, skipping block
Mining block at height 1...
✗ Mining failed after 20000000 attempts, skipping block
Mining block at height 1...
✗ Mining failed after 20000000 attempts, skipping block
Mining block at height 1...
✗ Mining failed after 20000000 attempts, skipping block
Mining block at height 1...
✗ Mining failed after 20000000 attempts, skipping block
Mining block at height 1...
✗ Mining failed after 20000000 attempts, skipping block
Mining block at height 1...
✗ Mining failed after 20000000 attempts, skipping block
Mining block at height 1...
✗ Mining failed after 20000000 attempts, skipping block
Mining block at height 1...
✗ Mining failed after 20000000 attempts, skipping block
Mining block at height 1...
✗ Mining failed after 20000000 attempts, skipping block
Mining block at height 1...
✗ Mining failed after 20000000 attempts, skipping block
Mining block at height 1...
✗ Mining failed after 20000000 attempts, skipping block
Mining block at height 1...
✗ Mining failed after 20000000 attempts, skipping block
Mining block at height 1...
✗ Mining failed after 20000000 attempts, skipping block
Mining block at height 1...
✗ Mining failed after 20000000 attempts, skipping block
Mining block at height 1...
✗ Mining failed after 20000000 attempts, skipping block
Mining block at height 1...
✗ Mining failed after 20000000 attempts, skipping block
Mining block at height 1...
✗ Mining failed after 20000000 attempts, skipping block
Mining block at height 1...
✗ Mining failed after 20000000 attempts, skipping block
Mining block at height 1...
✗ Mining failed after 20000000 attempts, skipping block
Mining block at height 1...
✗ Mining failed after 20000000 attempts, skipping block
Mining block at height 1...
✗ Mining failed after 20000000 attempts, skipping block
Mining block at height 1...
✗ Mining failed after 20000000 attempts, skipping block
Mining block at height 1...
✗ Mining failed after 20000000 attempts, skipping block
Mining block at height 1...
✗ Mining failed after 20000000 attempts, skipping block
Mining block at height 1...
✗ Mining failed after 20000000 attempts, skipping block
Mining block at height 1...
✗ Mining failed after 20000000 attempts, skipping block
Mining block at height 1...
✗ Mining failed after 20000000 attempts, skipping block
Mining block at height 1...
✗ Mining failed after 20000000 attempts, skipping block
Mining block at height 1...
✗ Mining failed after 20000000 attempts, skipping block
Mining block at height 1...
✗ Mining failed after 20000000 attempts, skipping block
Mining block at height 1...
✗ Mining failed after 20000000 attempts, skipping block
Mining block at height 1...
✗ Mining failed after 20000000 attempts, skipping block
Mining block at height 1...
✗ Mining failed after 20000000 attempts, skipping block
Mining block at height 1...
✗ Mining failed after 20000000 attempts, skipping block
Mining block at height 1...
✗ Mining failed after 20000000 attempts, skipping block
Mining block at height 1...
✗ Mining failed after 20000000 attempts, skipping block
Mining block at height 1...
✗ Mining failed after 20000000 attempts, skipping block
Mining block at height 1...
✗ Mining failed after 20000000 attempts, skipping block
Mining block at height 1...
✗ Mining failed after 20000000 attempts, skipping block
Mining block at height 1...
✗ Mining failed after 20000000 attempts, skipping block
Mining block at height 1...
✗ Mining failed after 20000000 attempts, skipping block
Mining block at height 1...
✗ Mining failed after 20000000 attempts, skipping block
Mining block at height 1...
✗ Mining failed after 20000000 attempts, skipping block
Mining block at height 1...
✗ Mining failed after 20000000 attempts, skipping block
Mining block at height 1...
✗ Mining failed after 20000000 attempts, skipping block
Mining block at height 1...
✗ Mining failed after 20000000 attempts, skipping block
Mining block at height 1...
✗ Mining failed after 20000000 attempts, skipping block
Mining block at height 1...
✗ Mining failed after 20000000 attempts, skipping block
Mining block at height 1...
✗ Mining failed after 20000000 attempts, skipping block
Mining block at height 1...
✗ Mining failed after 20000000 attempts, skipping block
Mining block at height 1...
✗ Mining failed after 20000000 attempts, skipping block
Mining block at height 1...
✗ Mining failed after 20000000 attempts, skipping block
Mining block at height 1...
✗ Mining failed after 20000000 attempts, skipping block
Mining block at height 1...
✗ Mining failed after 20000000 attempts, skipping block
Mining block at height 1...
✗ Mining failed after 20000000 attempts, skipping block
Mining block at height 1...
✗ Mining failed after 20000000 attempts, skipping block
Mining block at height 1...
✗ Mining failed after 20000000 attempts, skipping block
Mining block at height 1...
✗ Mining failed after 20000000 attempts, skipping block
Mining block at height 1...
✗ Mining failed after 20000000 attempts, skipping block
Mining block at height 1...
✗ Mining failed after 20000000 attempts, skipping block
Mining block at height 1...
✗ Mining failed after 20000000 attempts, skipping block
Mining block at height 1...
✗ Mining failed after 20000000 attempts, skipping block
Mining block at height 1...
✗ Mining failed after 20000000 attempts, skipping block
Mining block at height 1...
✗ Mining failed after 20000000 attempts, skipping block
Mining block at height 1...
✗ Mining failed after 20000000 attempts, skipping block
Mining block at height 1...
✗ Mining failed after 20000000 attempts, skipping block
Mining block at height 1...
✗ Mining failed after 20000000 attempts, skipping block
Mining block at height 1...
✗ Mining failed after 20000000 attempts, skipping block
Mining block at height 1...
✗ Mining failed after 20000000 attempts, skipping block
Mining block at height 1...
✗ Mining failed after 20000000 attempts, skipping block
Mining block at height 1...
✗ Mining failed after 20000000 attempts, skipping block
Mining block at height 1...
✗ Mining failed after 20000000 attempts, skipping block
Mining block at height 1...
✗ Mining failed after 20000000 attempts, skipping block
Mining block at height 1...
✗ Mining failed after 20000000 attempts, skipping block
Mining block at height 1...
✗ Mining failed after 20000000 attempts, skipping block
Mining block at height 1...
✗ Mining failed after 20000000 attempts, skipping block
Mining block at height 1...
✗ Mining failed after 20000000 attempts, skipping block
Mining block at height 1...
✗ Mining failed after 20000000 attempts, skipping block
Mining block at height 1...
✗ Mining failed after 20000000 attempts, skipping block
Mining block at height 1...
✗ Mining failed after 20000000 attempts, skipping block
Mining block at height 1...
✗ Mining failed after 20000000 attempts, skipping block
Mining block at height 1...
✗ Mining failed after 20000000 attempts, skipping block
Mining block at height 1...
✗ Mining failed after 20000000 attempts, skipping block
Mining block at height 1...
✗ Mining failed after 20000000 attempts, skipping block
Mining block at height 1...
✗ Mining failed after 20000000 attempts, skipping block
Mining block at height 1...
✗ Mining failed after 20000000 attempts, skipping block
Mining block at height 1...
✗ Mining failed after 20000000 attempts, skipping block
Mining block at height 1...
✗ Mining failed after 20000000 attempts, skipping block
Mining block at height 1...
✗ Mining failed after 20000000 attempts, skipping block
Mining block at height 1...
✗ Mining failed after 20000000 attempts, skipping block
Mining block at height 1...
✗ Mining failed after 20000000 attempts, skipping block
Mining block at height 1...
✗ Mining failed after 20000000 attempts, skipping block
Mining block at height 1...
✗ Mining failed after 20000000 attempts, skipping block
Mining block at height 1...
✗ Mining failed after 20000000 attempts, skipping block
Mining block at height 1...
✗ Mining failed after 20000000 attempts, skipping block
Mining block at height 1...
✗ Mining failed after 20000000 attempts, skipping block
Mining block at height 1...
✗ Mining failed after 20000000 attempts, skipping block
Mining block at height 1...
✗ Mining failed after 20000000 attempts, skipping block
Mining block at height 1...
✗ Mining failed after 20000000 attempts, skipping block
Mining block at height 1...
✗ Mining failed after 20000000 attempts, skipping block
Mining block at height 1...
✗ Mining failed after 20000000 attempts, skipping block
Mining block at height 1...
✗ Mining failed after 20000000 attempts, skipping block
Mining block at height 1...
✗ Mining failed after 20000000 attempts, skipping block
Mining block at height 1...
✗ Mining failed after 20000000 attempts, skipping block
Mining block at height 1...
✗ Mining failed after 20000000 attempts, skipping block
Mining block at height 1...
✗ Mining failed after 20000000 attempts, skipping block
Mining block at height 1...
✗ Mining failed after 20000000 attempts, skipping block
Mining block at height 1...
✗ Mining failed after 20000000 attempts, skipping block
Mining block at height 1...
✗ Mining failed after 20000000 attempts, skipping block
Mining block at height 1...
✗ Mining failed after 20000000 attempts, skipping block
Mining block at height 1...
✗ Mining failed after 20000000 attempts, skipping block
Mining block at height 1...
✗ Mining failed after 20000000 attempts, skipping block
Mining block at height 1...
✗ Mining failed after 20000000 attempts, skipping block
Mining block at height 1...
✗ Mining failed after 20000000 attempts, skipping block
Mining block at height 1...
✗ Mining failed after 20000000 attempts, skipping block
Mining block at height 1...
✗ Mining failed after 20000000 attempts, skipping block
Mining block at height 1...
✗ Mining failed after 20000000 attempts, skipping block
Mining block at height 1...
✗ Mining failed after 20000000 attempts, skipping block
Mining block at height 1...
✗ Mining failed after 20000000 attempts, skipping block
Mining block at height 1...
✗ Mining failed after 20000000 attempts, skipping block
Mining block at height 1...
✗ Mining failed after 20000000 attempts, skipping block
Mining block at height 1...
✗ Mining failed after 20000000 attempts, skipping block
Mining block at height 1...
✗ Mining failed after 20000000 attempts, skipping block
Mining block at height 1...
✗ Mining failed after 20000000 attempts, skipping block
Mining block at height 1...
✗ Mining failed after 20000000 attempts, skipping block
Mining block at height 1...
✗ Mining failed after 20000000 attempts, skipping block
Mining block at height 1...
✗ Mining failed after 20000000 attempts, skipping block
Mining block at height 1...
✗ Mining failed after 20000000 attempts, skipping block
Mining block at height 1...
✗ Mining failed after 20000000 attempts, skipping block
Mining block at height 1...
✗ Mining failed after 20000000 attempts, skipping block
Mining block at height 1...
✗ Mining failed after 20000000 attempts, skipping block
Mining block at height 1...
✗ Mining failed after 20000000 attempts, skipping block
Mining block at height 1...
✗ Mining failed after 20000000 attempts, skipping block
Mining block at height 1...
✗ Mining failed after 20000000 attempts, skipping block
Mining block at height 1...
✗ Mining failed after 20000000 attempts, skipping block
Mining block at height 1...
✗ Mining failed after 20000000 attempts, skipping block
Mining block at height 1...
✗ Mining failed after 20000000 attempts, skipping block
Mining block at height 1...
✗ Mining failed after 20000000 attempts, skipping block
Mining block at height 1...
✗ Mining failed after 20000000 attempts, skipping block
Mining block at height 1...
✗ Mining failed after 20000000 attempts, skipping block
Mining block at height 1...
✗ Mining failed after 20000000 attempts, skipping block
Mining block at height 1...
✗ Mining failed after 20000000 attempts, skipping block
Mining block at height 1...
✗ Mining failed after 20000000 attempts, skipping block
Mining block at height 1...
✗ Mining failed after 20000000 attempts, skipping block
Mining block at height 1...
✗ Mining failed after 20000000 attempts, skipping block
Mining block at height 1...
✗ Mining failed after 20000000 attempts, skipping block
Mining block at height 1...
✗ Mining failed after 20000000 attempts, skipping block
Mining block at height 1...
✗ Mining failed after 20000000 attempts, skipping block
Mining block at height 1...
✗ Mining failed after 20000000 attempts, skipping block
Mining block at height 1...
✗ Mining failed after 20000000 attempts, skipping block
Mining block at height 1...
✗ Mining failed after 20000000 attempts, skipping block
Mining block at height 1...
✗ Mining failed after 20000000 attempts, skipping block
Mining block at height 1...
✗ Mining failed after 20000000 attempts, skipping block
Mining block at height 1...
✗ Mining failed after 20000000 attempts, skipping block
Mining block at height 1...
✗ Mining failed after 20000000 attempts, skipping block
Mining block at height 1...
✗ Mining failed after 20000000 attempts, skipping block
Mining block at height 1...
✗ Mining failed after 20000000 attempts, skipping block
Mining block at height 1...
✗ Mining failed after 20000000 attempts, skipping block
Mining block at height 1...
✗ Mining failed after 20000000 attempts, skipping block
Mining block at height 1...
✗ Mining failed after 20000000 attempts, skipping block
Mining block at height 1...
✗ Mining failed after 20000000 attempts, skipping block
Mining block at height 1...
✗ Mining failed after 20000000 attempts, skipping block
Mining block at height 1...
✗ Mining failed after 20000000 attempts, skipping block
Mining block at height 1...
✗ Mining failed after 20000000 attempts, skipping block
Mining block at height 1...
✗ Mining failed after 20000000 attempts, skipping block
Mining block at height 1...
✗ Mining failed after 20000000 attempts, skipping block
Mining block at height 1...
✗ Mining failed after 20000000 attempts, skipping block
Mining block at height 1...
✗ Mining failed after 20000000 attempts, skipping block
Mining block at height 1...
✗ Mining failed after 20000000 attempts, skipping block
Mining block at height 1...
✗ Mining failed after 20000000 attempts, skipping block
Mining block at height 1...
✗ Mining failed after 20000000 attempts, skipping block
Mining block at height 1...
✗ Mining failed after 20000000 attempts, skipping block
Mining block at height 1...
✗ Mining failed after 20000000 attempts, skipping block
Mining block at height 1...
✗ Mining failed after 20000000 attempts, skipping block
Mining block at height 1...
✗ Mining failed after 20000000 attempts, skipping block
Mining block at height 1...
✗ Mining failed after 20000000 attempts, skipping block
Mining block at height 1...
✗ Mining failed after 20000000 attempts, skipping block
Mining block at height 1...
✗ Mining failed after 20000000 attempts, skipping block
Mining block at height 1...
✗ Mining failed after 20000000 attempts, skipping block
Mining block at height 1...
✗ Mining failed after 20000000 attempts, skipping block
Mining block at height 1...
✗ Mining failed after 20000000 attempts, skipping block
Mining block at height 1...
✗ Mining failed after 20000000 attempts, skipping block
Mining block at height 1...
✗ Mining failed after 20000000 attempts, skipping block
Mining block at height 1...
✗ Mining failed after 20000000 attempts, skipping block
Mining block at height 1...
✗ Mining failed after 20000000 attempts, skipping block
Mining block at height 1...
✗ Mining failed after 20000000 attempts, skipping block
Mining block at height 1...
✗ Mining failed after 20000000 attempts, skipping block
Mining block at height 1...
✗ Mining failed after 20000000 attempts, skipping block
Mining block at height 1...
✗ Mining failed after 20000000 attempts, skipping block
Mining block at height 1...
✗ Mining failed after 20000000 attempts, skipping block
Mining block at height 1...
✗ Mining failed after 20000000 attempts, skipping block
Mining block at height 1...
✗ Mining failed after 20000000 attempts, skipping block
Mining block at height 1...
✗ Mining failed after 20000000 attempts, skipping block
Mining block at height 1...
✗ Mining failed after 20000000 attempts, skipping block
Mining block at height 1...
✗ Mining failed after 20000000 attempts, skipping block
Mining block at height 1...
✗ Mining failed after 20000000 attempts, skipping block
Mining block at height 1...
✗ Mining failed after 20000000 attempts, skipping block
Mining block at height 1...
✗ Mining failed after 20000000 attempts, skipping block
Mining block at height 1...
✗ Mining failed after 20000000 attempts, skipping block
Mining block at height 1...
✗ Mining failed after 20000000 attempts, skipping block
Mining block at height 1...
✗ Mining failed after 20000000 attempts, skipping block
Mining block at height 1...
✗ Mining failed after 20000000 attempts, skipping block
Mining block at height 1...
✗ Mining failed after 20000000 attempts, skipping block
Mining block at height 1...
✗ Mining failed after 20000000 attempts, skipping block
Mining block at height 1...
✗ Mining failed after 20000000 attempts, skipping block
Mining block at height 1...
✗ Mining failed after 20000000 attempts, skipping block
Mining block at height 1...
✗ Mining failed after 20000000 attempts, skipping block
Mining block at height 1...
✗ Mining failed after 20000000 attempts, skipping block
Mining block at height 1...
✗ Mining failed after 20000000 attempts, skipping block
Mining block at height 1...
✗ Mining failed after 20000000 attempts, skipping block
Mining block at height 1...
✗ Mining failed after 20000000 attempts, skipping block
Mining block at height 1...
✗ Mining failed after 20000000 attempts, skipping block
Mining block at height 1...
✗ Mining failed after 20000000 attempts, skipping block
Mining block at height 1...
✗ Mining failed after 20000000 attempts, skipping block
Mining block at height 1...
✗ Mining failed after 20000000 attempts, skipping block
Mining block at height 1...
✗ Mining failed after 20000000 attempts, skipping block
Mining block at height 1...
✗ Mining failed after 20000000 attempts, skipping block
Mining block at height 1...
✗ Mining failed after 20000000 attempts, skipping block
Mining block at height 1...
✗ Mining failed after 20000000 attempts, skipping block
Mining block at height 1...
✗ Mining failed after 20000000 attempts, skipping block
Mining block at height 1...
✗ Mining failed after 20000000 attempts, skipping block
Mining block at height 1...
✗ Mining failed after 20000000 attempts, skipping block
Mining block at height 1...
✗ Mining failed after 20000000 attempts, skipping block
Mining block at height 1...
✗ Mining failed after 20000000 attempts, skipping block
Mining block at height 1...
✗ Mining failed after 20000000 attempts, skipping block
Mining block at height 1...
✗ Mining failed after 20000000 attempts, skipping block
Mining block at height 1...
✗ Mining failed after 20000000 attempts, skipping block
Mining block at height 1...
✗ Mining failed after 20000000 attempts, skipping block
Mining block at height 1...
✗ Mining failed after 20000000 attempts, skipping block
Mining block at height 1...
✗ Mining failed after 20000000 attempts, skipping block
Mining block at height 1...
✗ Mining failed after 20000000 attempts, skipping block
Mining block at height 1...
✗ Mining failed after 20000000 attempts, skipping block
Mining block at height 1...
✗ Mining failed after 20000000 attempts, skipping block
Mining block at height 1...
✗ Mining failed after 20000000 attempts, skipping block
Mining block at height 1...
✗ Mining failed after 20000000 attempts, skipping block
Mining block at height 1...
✗ Mining failed after 20000000 attempts, skipping block
Mining block at height 1...
✗ Mining failed after 20000000 attempts, skipping block
Mining block at height 1...
✗ Mining failed after 20000000 attempts, skipping block
Mining block at height 1...
✗ Mining failed after 20000000 attempts, skipping block
Mining block at height 1...
✗ Mining failed after 20000000 attempts, skipping block
Mining block at height 1...
✗ Mining failed after 20000000 attempts, skipping block
Mining block at height 1...
✗ Mining failed after 20000000 attempts, skipping block
Mining block at height 1...
✗ Mining failed after 20000000 attempts, skipping block
Mining block at height 1...
✗ Mining failed after 20000000 attempts, skipping block
Mining block at height 1...
✗ Mining failed after 20000000 attempts, skipping block
Mining block at height 1...
✗ Mining failed after 20000000 attempts, skipping block
Mining block at height 1...
✗ Mining failed after 20000000 attempts, skipping block
Mining block at height 1...
✗ Mining failed after 20000000 attempts, skipping block
Mining block at height 1...
✗ Mining failed after 20000000 attempts, skipping block
Mining block at height 1...
✗ Mining failed after 20000000 attempts, skipping block
Mining block at height 1...
✗ Mining failed after 20000000 attempts, skipping block
Mining block at height 1...
✗ Mining failed after 20000000 attempts, skipping block
Mining block at height 1...
✗ Mining failed after 20000000 attempts, skipping block
Mining block at height 1...
✗ Mining failed after 20000000 attempts, skipping block
Mining block at height 1...
✗ Mining failed after 20000000 attempts, skipping block
Mining block at height 1...
✗ Mining failed after 20000000 attempts, skipping block
Mining block at height 1...
✗ Mining failed after 20000000 attempts, skipping block
Mining block at height 1...
✗ Mining failed after 20000000 attempts, skipping block
Mining block at height 1...
✗ Mining failed after 20000000 attempts, skipping block
Mining block at height 1...
✗ Mining failed after 20000000 attempts, skipping block
Mining block at height 1...
✗ Mining failed after 20000000 attempts, skipping block
Mining block at height 1...
✗ Mining failed after 20000000 attempts, skipping block
Mining block at height 1...
✗ Mining failed after 20000000 attempts, skipping block
Mining block at height 1...
✗ Mining failed after 20000000 attempts, skipping block
Mining block at height 1...
✗ Mining failed after 20000000 attempts, skipping block
Mining block at height 1...
✗ Mining failed after 20000000 attempts, skipping block
Mining block at height 1...
✗ Mining failed after 20000000 attempts, skipping block
Mining block at height 1...
✗ Mining failed after 20000000 attempts, skipping block
Mining block at height 1...
✗ Mining failed after 20000000 attempts, skipping block
Mining block at height 1...
✗ Mining failed after 20000000 attempts, skipping block
Mining block at height 1...
✗ Mining failed after 20000000 attempts, skipping block
Mining block at height 1...
✗ Mining failed after 20000000 attempts, skipping block
Mining block at height 1...
✗ Mining failed after 20000000 attempts, skipping block
Mining block at height 1...
✗ Mining failed after 20000000 attempts, skipping block
Mining block at height 1...
✗ Mining failed after 20000000 attempts, skipping block
Mining block at height 1...
✗ Mining failed after 20000000 attempts, skipping block
Mining block at height 1...
✗ Mining failed after 20000000 attempts, skipping block
Mining block at height 1...
✗ Mining failed after 20000000 attempts, skipping block
Mining block at height 1...
✗ Mining failed after 20000000 attempts, skipping block
Mining block at height 1...
✗ Mining failed after 20000000 attempts, skipping block
Mining block at height 1...
✗ Mining failed after 20000000 attempts, skipping block
Mining block at height 1...
✗ Mining failed after 20000000 attempts, skipping block
Mining block at height 1...
✗ Mining failed after 20000000 attempts, skipping block
Mining block at height 1...
✗ Mining failed after 20000000 attempts, skipping block
Mining block at height 1...
✗ Mining failed after 20000000 attempts, skipping block
Mining block at height 1...
✗ Mining failed after 20000000 attempts, skipping block
Mining block at height 1...
✗ Mining failed after 20000000 attempts, skipping block
Mining block at height 1...
✗ Mining failed after 20000000 attempts, skipping block
Mining block at height 1...
✗ Mining failed after 20000000 attempts, skipping block
Mining block at height 1...
✗ Mining failed after 20000000 attempts, skipping block
Mining block at height 1...
✗ Mining failed after 20000000 attempts, skipping block
Mining block at height 1...
✗ Mining failed after 20000000 attempts, skipping block
Mining block at height 1...
✗ Mining failed after 20000000 attempts, skipping block
Mining block at height 1...
✗ Mining failed after 20000000 attempts, skipping block
Mining block at height 1...
✗ Mining failed after 20000000 attempts, skipping block
Mining block at height 1...
✗ Mining failed after 20000000 attempts, skipping block
Mining block at height 1...
✗ Mining failed after 20000000 attempts, skipping block
Mining block at height 1...
✗ Mining failed after 20000000 attempts, skipping block
Mining block at height 1...
✗ Mining failed after 20000000 attempts, skipping block
Mining block at height 1...
✗ Mining failed after 20000000 attempts, skipping block
Mining block at height 1...
✗ Mining failed after 20000000 attempts, skipping block
Mining block at height 1...
✗ Mining failed after 20000000 attempts, skipping block
Mining block at height 1...
✗ Mining failed after 20000000 attempts, skipping block
Mining block at height 1...
✗ Mining failed after 20000000 attempts, skipping block
Mining block at height 1...
✗ Mining failed after 20000000 attempts, skipping block
Mining block at height 1...
✗ Mining failed after 20000000 attempts, skipping block
Mining block at height 1...
✗ Mining failed after 20000000 attempts, skipping block
Mining block at height 1...
✗ Mining failed after 20000000 attempts, skipping block
Mining block at height 1...
✗ Mining failed after 20000000 attempts, skipping block
Mining block at height 1...
✗ Mining failed after 20000000 attempts, skipping block
Mining block at height 1...
✗ Mining failed after 20000000 attempts, skipping block
Mining block at height 1...
✗ Mining failed after 20000000 attempts, skipping block
Mining block at height 1...
✗ Mining failed after 20000000 attempts, skipping block
Mining block at height 1...
✗ Mining failed after 20000000 attempts, skipping block
Mining block at height 1...
✗ Mining failed after 20000000 attempts, skipping block
Mining block at height 1...
✗ Mining failed after 20000000 attempts, skipping block
Mining block at height 1...
✗ Mining failed after 20000000 attempts, skipping block
Mining block at height 1...
✗ Mining failed after 20000000 attempts, skipping block
Mining block at height 1...
✗ Mining failed after 20000000 attempts, skipping block
Mining block at height 1...
✗ Mining failed after 20000000 attempts, skipping block
Mining block at height 1...
✗ Mining failed after 20000000 attempts, skipping block
Mining block at height 1...
✗ Mining failed after 20000000 attempts, skipping block
Mining block at height 1...
✗ Mining failed after 20000000 attempts, skipping block
Mining block at height 1...
✗ Mining failed after 20000000 attempts, skipping block
Mining block at height 1...
✗ Mining failed after 20000000 attempts, skipping block
Mining block at height 1...
✗ Mining failed after 20000000 attempts, skipping block
Mining block at height 1...
✗ Mining failed after 20000000 attempts, skipping block
Mining block at height 1...
✗ Mining failed after 20000000 attempts, skipping block
Mining block at height 1...
✗ Mining failed after 20000000 attempts, skipping block
Mining block at height 1...
✗ Mining failed after 20000000 attempts, skipping block
Mining block at height 1...
✗ Mining failed after 20000000 attempts, skipping block
Mining block at height 1...
✗ Mining failed after 20000000 attempts, skipping block
Mining block at height 1...
✗ Mining failed after 20000000 attempts, skipping block
Mining block at height 1...
✗ Mining failed after 20000000 attempts, skipping block
Mining block at height 1...
✗ Mining failed after 20000000 attempts, skipping block
Mining block at height 1...
✗ Mining failed after 20000000 attempts, skipping block
Mining block at height 1...
✗ Mining failed after 20000000 attempts, skipping block
Mining block at height 1...
✗ Mining failed after 20000000 attempts, skipping block
Mining block at height 1...
✗ Mining failed after 20000000 attempts, skipping block
Mining block at height 1...
✗ Mining failed after 20000000 attempts, skipping block
Mining block at height 1...
✗ Mining failed after 20000000 attempts, skipping block
Mining block at height 1...
✗ Mining failed after 20000000 attempts, skipping block
Mining block at height 1...
✗ Mining failed after 20000000 attempts, skipping block
Mining block at height 1...
✗ Mining failed after 20000000 attempts, skipping block
Mining block at height 1...
✗ Mining failed after 20000000 attempts, skipping block
Mining block at height 1...
✗ Mining failed after 20000000 attempts, skipping block
Mining block at height 1...
✗ Mining failed after 20000000 attempts, skipping block
Mining block at height 1...
✗ Mining failed after 20000000 attempts, skipping block
Mining block at height 1...
✗ Mining failed after 20000000 attempts, skipping block
Mining block at height 1...
✗ Mining failed after 20000000 attempts, skipping block
Mining block at height 1...
✗ Mining failed after 20000000 attempts, skipping block
Mining block at height 1...
✗ Mining failed after 20000000 attempts, skipping block
Mining block at height 1...
✗ Mining failed after 20000000 attempts, skipping block
Mining block at height 1...
✗ Mining failed after 20000000 attempts, skipping block
Mining block at height 1...
✗ Mining failed after 20000000 attempts, skipping block
Mining block at height 1...
✗ Mining failed after 20000000 attempts, skipping block
Mining block at height 1...
✗ Mining failed after 20000000 attempts, skipping block
Mining block at height 1...
✗ Mining failed after 20000000 attempts, skipping block
Mining block at height 1...
✗ Mining failed after 20000000 attempts, skipping block
Mining block at height 1...
✗ Mining failed after 20000000 attempts, skipping block
Mining block at height 1...
✗ Mining failed after 20000000 attempts, skipping block
Mining block at height 1...
✗ Mining failed after 20000000 attempts, skipping block
Mining block at height 1...
✗ Mining failed after 20000000 attempts, skipping block
Mining block at height 1...
✗ Mining failed after 20000000 attempts, skipping block
Mining block at height 1...
✗ Mining failed after 20000000 attempts, skipping block
Mining block at height 1...
✗ Mining failed after 20000000 attempts, skipping block
Mining block at height 1...
✗ Mining failed after 20000000 attempts, skipping block
Mining block at height 1...
✗ Mining failed after 20000000 attempts, skipping block
Mining block at height 1...
✗ Mining failed after 20000000 attempts, skipping block
Mining block at height 1...
✗ Mining failed after 20000000 attempts, skipping block
Mining block at height 1...
✗ Mining failed after 20000000 attempts, skipping block
Mining block at height 1...
✗ Mining failed after 20000000 attempts, skipping block
Mining block at height 1...
✗ Mining failed after 20000000 attempts, skipping block
Mining block at height 1...
✗ Mining failed after 20000000 attempts, skipping block
Mining block at height 1...
✗ Mining failed after 20000000 attempts, skipping block
Mining block at height 1...
✗ Mining failed after 20000000 attempts, skipping block
Mining block at height 1...
✗ Mining failed after 20000000 attempts, skipping block
Mining block at height 1...
✗ Mining failed after 20000000 attempts, skipping block
Mining block at height 1...
✗ Mining failed after 20000000 attempts, skipping block
Mining block at height 1...
✗ Mining failed after 20000000 attempts, skipping block
Mining block at height 1...
✗ Mining failed after 20000000 attempts, skipping block
Mining block at height 1...
✗ Mining failed after 20000000 attempts, skipping block
Mining block at height 1...
✗ Mining failed after 20000000 attempts, skipping block
Mining block at height 1...
✗ Mining failed after 20000000 attempts, skipping block
Mining block at height 1...
✗ Mining failed after 20000000 attempts, skipping block
Mining block at height 1...
✗ Mining failed after 20000000 attempts, skipping block
Mining block at height 1...
✗ Mining failed after 20000000 attempts, skipping block
Mining block at height 1...
✗ Mining failed after 20000000 attempts, skipping block
Mining block at height 1...
✗ Mining failed after 20000000 attempts, skipping block
Mining block at height 1...
✗ Mining failed after 20000000 attempts, skipping block
Mining block at height 1...
✗ Mining failed after 20000000 attempts, skipping block
Mining block at height 1...
✗ Mining failed after 20000000 attempts, skipping block
Mining block at height 1...
✗ Mining failed after 20000000 attempts, skipping block
Mining block at height 1...
✗ Mining failed after 20000000 attempts, skipping block
Mining block at height 1...
✗ Mining failed after 20000000 attempts, skipping block
Mining block at height 1...
✗ Mining failed after 20000000 attempts, skipping block
Mining block at height 1...
✗ Mining failed after 20000000 attempts, skipping block
Mining block at height 1...
✗ Mining failed after 20000000 attempts, skipping block
Mining block at height 1...
✗ Mining failed after 20000000 attempts, skipping block
Mining block at height 1...
✗ Mining failed after 20000000 attempts, skipping block
Mining block at height 1...
✗ Mining failed after 20000000 attempts, skipping block
Mining block at height 1...
✗ Mining failed after 20000000 attempts, skipping block
Mining block at height 1...
✗ Mining failed after 20000000 attempts, skipping block
Mining block at height 1...
✗ Mining failed after 20000000 attempts, skipping block
Mining block at height 1...
✗ Mining failed after 20000000 attempts, skipping block
Mining block at height 1...
✗ Mining failed after 20000000 attempts, skipping block
Mining block at height 1...
✗ Mining failed after 20000000 attempts, skipping block
Mining block at height 1...
✗ Mining failed after 20000000 attempts, skipping block
Mining block at height 1...
✗ Mining failed after 20000000 attempts, skipping block
Mining block at height 1...
✗ Mining failed after 20000000 attempts, skipping block
Mining block at height 1...
✗ Mining failed after 20000000 attempts, skipping block
Mining block at height 1...
✗ Mining failed after 20000000 attempts, skipping block
Mining block at height 1...
✗ Mining failed after 20000000 attempts, skipping block
Mining block at height 1...
✗ Mining failed after 20000000 attempts, skipping block
Mining block at height 1...
✗ Mining failed after 20000000 attempts, skipping block
Mining block at height 1...
✗ Mining failed after 20000000 attempts, skipping block
Mining block at height 1...
✗ Mining failed after 20000000 attempts, skipping block
Mining block at height 1...
✗ Mining failed after 20000000 attempts, skipping block
Mining block at height 1...
✗ Mining failed after 20000000 attempts, skipping block
Mining block at height 1...
✗ Mining failed after 20000000 attempts, skipping block
Mining block at height 1...
✗ Mining failed after 20000000 attempts, skipping block
Mining block at height 1...
✗ Mining failed after 20000000 attempts, skipping block
Mining block at height 1...
✗ Mining failed after 20000000 attempts, skipping block
Mining block at height 1...
✗ Mining failed after 20000000 attempts, skipping block
Mining block at height 1...
✗ Mining failed after 20000000 attempts, skipping block
Mining block at height 1...
✗ Mining failed after 20000000 attempts, skipping block
Mining block at height 1...
✗ Mining failed after 20000000 attempts, skipping block
Mining block at height 1...
✗ Mining failed after 20000000 attempts, skipping block
Mining block at height 1...
✗ Mining failed after 20000000 attempts, skipping block
Mining block at height 1...
✗ Mining failed after 20000000 attempts, skipping block
Mining block at height 1...
✗ Mining failed after 20000000 attempts, skipping block
Mining block at height 1...
✗ Mining failed after 20000000 attempts, skipping block
Mining block at height 1...
✗ Mining failed after 20000000 attempts, skipping block
Mining block at height 1...
✗ Mining failed after 20000000 attempts, skipping block
Mining block at height 1...
✗ Mining failed after 20000000 attempts, skipping block
Mining block at height 1...
✗ Mining failed after 20000000 attempts, skipping block
Mining block at height 1...
✗ Mining failed after 20000000 attempts, skipping block
Mining block at height 1...
✗ Mining failed after 20000000 attempts, skipping block
Mining block at height 1...
✗ Mining failed after 20000000 attempts, skipping block
Mining block at height 1...
✗ Mining failed after 20000000 attempts, skipping block
Mining block at height 1...
✗ Mining failed after 20000000 attempts, skipping block
Mining block at height 1...
✗ Mining failed after 20000000 attempts, skipping block
Mining block at height 1...
✗ Mining failed after 20000000 attempts, skipping block
Mining block at height 1...
✗ Mining failed after 20000000 attempts, skipping block
Mining block at height 1...
✗ Mining failed after 20000000 attempts, skipping block
Mining block at height 1...
✗ Mining failed after 20000000 attempts, skipping block
Mining block at height 1...
✗ Mining failed after 20000000 attempts, skipping block
Mining block at height 1...
✗ Mining failed after 20000000 attempts, skipping block
Mining block at height 1...
✗ Mining failed after 20000000 attempts, skipping block
Mining block at height 1...
✗ Mining failed after 20000000 attempts, skipping block
Mining block at height 1...
✗ Mining failed after 20000000 attempts, skipping block
Mining block at height 1...
✗ Mining failed after 20000000 attempts, skipping block
Mining block at height 1...
✗ Mining failed after 20000000 attempts, skipping block
Mining block at height 1...
✗ Mining failed after 20000000 attempts, skipping block
Mining block at height 1...
✗ Mining failed after 20000000 attempts, skipping block
Mining block at height 1...
✗ Mining failed after 20000000 attempts, skipping block
Mining block at height 1...
✗ Mining failed after 20000000 attempts, skipping block
Mining block at height 1...
✗ Mining failed after 20000000 attempts, skipping block
Mining block at height 1...
✗ Mining failed after 20000000 attempts, skipping block
Mining block at height 1...
✗ Mining failed after 20000000 attempts, skipping block
Mining block at height 1...
✗ Mining failed after 20000000 attempts, skipping block
Mining block at height 1...
✗ Mining failed after 20000000 attempts, skipping block
Mining block at height 1...
✗ Mining failed after 20000000 attempts, skipping block
Mining block at height 1...
✗ Mining failed after 20000000 attempts, skipping block
Mining block at height 1...
✗ Mining failed after 20000000 attempts, skipping block
Mining block at height 1...
✗ Mining failed after 20000000 attempts, skipping block
Mining block at height 1...
✗ Mining failed after 20000000 attempts, skipping block
Mining block at height 1...
✗ Mining failed after 20000000 attempts, skipping block
Mining block at height 1...
✗ Mining failed after 20000000 attempts, skipping block
Mining block at height 1...
✗ Mining failed after 20000000 attempts, skipping block
Mining block at height 1...
✗ Mining failed after 20000000 attempts, skipping block
Mining block at height 1...
✗ Mining failed after 20000000 attempts, skipping block
Mining block at height 1...
✗ Mining failed after 20000000 attempts, skipping block
Mining block at height 1...
✗ Mining failed after 20000000 attempts, skipping block
Mining block at height 1...
✗ Mining failed after 20000000 attempts, skipping block
Mining block at height 1...
✗ Mining failed after 20000000 attempts, skipping block
Mining block at height 1...
✗ Mining failed after 20000000 attempts, skipping block
Mining block at height 1...
✗ Mining failed after 20000000 attempts, skipping block
Mining block at height 1...
✗ Mining failed after 20000000 attempts, skipping block
Mining block at height 1...
✗ Mining failed after 20000000 attempts, skipping block
Mining block at height 1...
✗ Mining failed after 20000000 attempts, skipping block
Mining block at height 1...
✗ Mining failed after 20000000 attempts, skipping block
Mining block at height 1...
✗ Mining failed after 20000000 attempts, skipping block
Mining block at height 1...
✗ Mining failed after 20000000 attempts, skipping block
Mining block at height 1...
✗ Mining failed after 20000000 attempts, skipping block
Mining block at height 1...
✗ Mining failed after 20000000 attempts, skipping block
Mining block at height 1...
✗ Mining failed after 20000000 attempts, skipping block
Mining block at height 1...
✗ Mining failed after 20000000 attempts, skipping block
Mining block at height 1...
✗ Mining failed after 20000000 attempts, skipping block
Mining block at height 1...
✗ Mining failed after 20000000 attempts, skipping block
Mining block at height 1...
✗ Mining failed after 20000000 attempts, skipping block
Mining block at height 1...
✗ Mining failed after 20000000 attempts, skipping block
Mining block at height 1...
✗ Mining failed after 20000000 attempts, skipping block
Mining block at height 1...
✗ Mining failed after 20000000 attempts, skipping block
Mining block at height 1...
✗ Mining failed after 20000000 attempts, skipping block
Mining block at height 1...
✗ Mining failed after 20000000 attempts, skipping block
Mining block at height 1...
✗ Mining failed after 20000000 attempts, skipping block
Mining block at height 1...
✗ Mining failed after 20000000 attempts, skipping block
Mining block at height 1...
✗ Mining failed after 20000000 attempts, skipping block
Mining block at height 1...
✗ Mining failed after 20000000 attempts, skipping block
Mining block at height 1...
✗ Mining failed after 20000000 attempts, skipping block
Mining block at height 1...
✗ Mining failed after 20000000 attempts, skipping block
Mining block at height 1...
✗ Mining failed after 20000000 attempts, skipping block
Mining block at height 1...
✗ Mining failed after 20000000 attempts, skipping block
Mining block at height 1...
✗ Mining failed after 20000000 attempts, skipping block
Mining block at height 1...
✗ Mining failed after 20000000 attempts, skipping block
Mining block at height 1...
✗ Mining failed after 20000000 attempts, skipping block
Mining block at height 1...
✗ Mining failed after 20000000 attempts, skipping block
Mining block at height 1...
✗ Mining failed after 20000000 attempts, skipping block
Mining block at height 1...
✗ Mining failed after 20000000 attempts, skipping block
Mining block at height 1...
✗ Mining failed after 20000000 attempts, skipping block
Mining block at height 1...
✗ Mining failed after 20000000 attempts, skipping block
Mining block at height 1...
✗ Mining failed after 20000000 attempts, skipping block
Mining block at height 1...
✗ Mining failed after 20000000 attempts, skipping block
Mining block at height 1...
✗ Mining failed after 20000000 attempts, skipping block
Mining block at height 1...
✗ Mining failed after 20000000 attempts, skipping block
Mining block at height 1...
✗ Mining failed after 20000000 attempts, skipping block
Mining block at height 1...
✗ Mining failed after 20000000 attempts, skipping block
Mining block at height 1...
✗ Mining failed after 20000000 attempts, skipping block
Mining block at height 1...
✗ Mining failed after 20000000 attempts, skipping block
Mining block at height 1...
✗ Mining failed after 20000000 attempts, skipping block
Mining block at height 1...
✗ Mining failed after 20000000 attempts, skipping block
Mining block at height 1...
✗ Mining failed after 20000000 attempts, skipping block
Mining block at height 1...
✗ Mining failed after 20000000 attempts, skipping block
Mining block at height 1...
✗ Mining failed after 20000000 attempts, skipping block
Mining block at height 1...
✗ Mining failed after 20000000 attempts, skipping block
Mining block at height 1...
✗ Mining failed after 20000000 attempts, skipping block
Mining block at height 1...
✗ Mining failed after 20000000 attempts, skipping block
Mining block at height 1...
✗ Mining failed after 20000000 attempts, skipping block
Mining block at height 1...
✗ Mining failed after 20000000 attempts, skipping block
Mining block at height 1...
✗ Mining failed after 20000000 attempts, skipping block
Mining block at height 1...
✗ Mining failed after 20000000 attempts, skipping block
Mining block at height 1...
✗ Mining failed after 20000000 attempts, skipping block
Mining block at height 1...
✗ Mining failed after 20000000 attempts, skipping block
Mining block at height 1...
✗ Mining failed after 20000000 attempts, skipping block
Mining block at height 1...
✗ Mining failed after 20000000 attempts, skipping block
Mining block at height 1...
✗ Mining failed after 20000000 attempts, skipping block
Mining block at height 1...
✗ Mining failed after 20000000 attempts, skipping block
Mining block at height 1...
✗ Mining failed after 20000000 attempts, skipping block
Mining block at height 1...
✗ Mining failed after 20000000 attempts, skipping block
Mining block at height 1...
✗ Mining failed after 20000000 attempts, skipping block
Mining block at height 1...
✗ Mining failed after 20000000 attempts, skipping block
Mining block at height 1...
✗ Mining failed after 20000000 attempts, skipping block
Mining block at height 1...
✗ Mining failed after 20000000 attempts, skipping block
Mining block at height 1...
✗ Mining failed after 20000000 attempts, skipping block
Mining block at height 1...
✗ Mining failed after 20000000 attempts, skipping block
Mining block at height 1...
✗ Mining failed after 20000000 attempts, skipping block
Mining block at height 1...
✗ Mining failed after 20000000 attempts, skipping block
Mining block at height 1...
✗ Mining failed after 20000000 attempts, skipping block
Mining block at height 1...
✗ Mining failed after 20000000 attempts, skipping block
Mining block at height 1...
✗ Mining failed after 20000000 attempts, skipping block
Mining block at height 1...
✗ Mining failed after 20000000 attempts, skipping block
Mining block at height 1...
✗ Mining failed after 20000000 attempts, skipping block
Mining block at height 1...
✗ Mining failed after 20000000 attempts, skipping block
Mining block at height 1...
✗ Mining failed after 20000000 attempts, skipping block
Mining block at height 1...
✗ Mining failed after 20000000 attempts, skipping block
Mining block at height 1...
✗ Mining failed after 20000000 attempts, skipping block
Mining block at height 1...
✗ Mining failed after 20000000 attempts, skipping block
Mining block at height 1...
✗ Mining failed after 20000000 attempts, skipping block
Mining block at height 1...
✗ Mining failed after 20000000 attempts, skipping block
Mining block at height 1...
✗ Mining failed after 20000000 attempts, skipping block
Mining block at height 1...
✗ Mining failed after 20000000 attempts, skipping block
Mining block at height 1...
✗ Mining failed after 20000000 attempts, skipping block
Mining block at height 1...
✗ Mining failed after 20000000 attempts, skipping block
Mining block at height 1...
✗ Mining failed after 20000000 attempts, skipping block
Mining block at height 1...
✗ Mining failed after 20000000 attempts, skipping block
Mining block at height 1...
✗ Mining failed after 20000000 attempts, skipping block
Mining block at height 1...
✗ Mining failed after 20000000 attempts, skipping block
Mining block at height 1...
✗ Mining failed after 20000000 attempts, skipping block
Mining block at height 1...
✗ Mining failed after 20000000 attempts, skipping block
Mining block at height 1...
✗ Mining failed after 20000000 attempts, skipping block
Mining block at height 1...
✗ Mining failed after 20000000 attempts, skipping block
Mining block at height 1...
✗ Mining failed after 20000000 attempts, skipping block
Mining block at height 1...
✗ Mining failed after 20000000 attempts, skipping block
Mining block at height 1...
✗ Mining failed after 20000000 attempts, skipping block
Mining block at height 1...
✗ Mining failed after 20000000 attempts, skipping block
Mining block at height 1...
✗ Mining failed after 20000000 attempts, skipping block
Mining block at height 1...
✗ Mining failed after 20000000 attempts, skipping block
Mining block at height 1...
✗ Mining failed after 20000000 attempts, skipping block
Mining block at height 1...
✗ Mining failed after 20000000 attempts, skipping block
Mining block at height 1...
✗ Mining failed after 20000000 attempts, skipping block
Mining block at height 1...
✗ Mining failed after 20000000 attempts, skipping block
Mining block at height 1...
✗ Mining failed after 20000000 attempts, skipping block
Mining block at height 1...
✗ Mining failed after 20000000 attempts, skipping block
Mining block at height 1...
✗ Mining failed after 20000000 attempts, skipping block
Mining block at height 1...
✗ Mining failed after 20000000 attempts, skipping block
Mining block at height 1...
✗ Mining failed after 20000000 attempts, skipping block
Mining block at height 1...
✗ Mining failed after 20000000 attempts, skipping block
Mining block at height 1...
✗ Mining failed after 20000000 attempts, skipping block
Mining block at height 1...
✗ Mining failed after 20000000 attempts, skipping block
Mining block at height 1...
✗ Mining failed after 20000000 attempts, skipping block
Mining block at height 1...
✗ Mining failed after 20000000 attempts, skipping block
Mining block at height 1...
✗ Mining failed after 20000000 attempts, skipping block
Mining block at height 1...
✗ Mining failed after 20000000 attempts, skipping block
Mining block at height 1...
✗ Mining failed after 20000000 attempts, skipping block
Mining block at height 1...
✗ Mining failed after 20000000 attempts, skipping block
Mining block at height 1...
✗ Mining failed after 20000000 attempts, skipping block
Mining block at height 1...
✗ Mining failed after 20000000 attempts, skipping block
Mining block at height 1...
✗ Mining failed after 20000000 attempts, skipping block
Mining block at height 1...
✗ Mining failed after 20000000 attempts, skipping block
Mining block at height 1...
✗ Mining failed after 20000000 attempts, skipping block
Mining block at height 1...
✗ Mining failed after 20000000 attempts, skipping block
Mining block at height 1...
✗ Mining failed after 20000000 attempts, skipping block
Mining block at height 1...
✗ Mining failed after 20000000 attempts, skipping block
Mining block at height 1...
✗ Mining failed after 20000000 attempts, skipping block
Mining block at height 1...
✗ Mining failed after 20000000 attempts, skipping block
Mining block at height 1...
✗ Mining failed after 20000000 attempts, skipping block
Mining block at height 1...
✗ Mining failed after 20000000 attempts, skipping block
Mining block at height 1...
✗ Mining failed after 20000000 attempts, skipping block
Mining block at height 1...
✗ Mining failed after 20000000 attempts, skipping block
Mining block at height 1...
✗ Mining failed after 20000000 attempts, skipping block
Mining block at height 1...
✗ Mining failed after 20000000 attempts, skipping block
Mining block at height 1...
✗ Mining failed after 20000000 attempts, skipping block
Mining block at height 1...
✗ Mining failed after 20000000 attempts, skipping block
Mining block at height 1...
✗ Mining failed after 20000000 attempts, skipping block
Mining block at height 1...
✗ Mining failed after 20000000 attempts, skipping block
Mining block at height 1...
✗ Mining failed after 20000000 attempts, skipping block
Mining block at height 1...
✗ Mining failed after 20000000 attempts, skipping block
Mining block at height 1...
✗ Mining failed after 20000000 attempts, skipping block
Mining block at height 1...
✗ Mining failed after 20000000 attempts, skipping block
Mining block at height 1...
✗ Mining failed after 20000000 attempts, skipping block
Mining block at height 1...
✗ Mining failed after 20000000 attempts, skipping block
Mining block at height 1...
✗ Mining failed after 20000000 attempts, skipping block
Mining block at height 1...
✗ Mining failed after 20000000 attempts, skipping block
Mining block at height 1...
✗ Mining failed after 20000000 attempts, skipping block
Mining block at height 1...
✗ Mining failed after 20000000 attempts, skipping block
Mining block at height 1...
✗ Mining failed after 20000000 attempts, skipping block
Mining block at height 1...
✗ Mining failed after 20000000 attempts, skipping block
Mining block at height 1...
✗ Mining failed after 20000000 attempts, skipping block
Mining block at height 1...
✗ Mining failed after 20000000 attempts, skipping block
Mining block at height 1...
✗ Mining failed after 20000000 attempts, skipping block
Mining block at height 1...
✗ Mining failed after 20000000 attempts, skipping block
Mining block at height 1...
✗ Mining failed after 20000000 attempts, skipping block
Mining block at height 1...
✗ Mining failed after 20000000 attempts, skipping block
Mining block at height 1...
✗ Mining failed after 20000000 attempts, skipping block
Mining block at height 1...
✗ Mining failed after 20000000 attempts, skipping block
Mining block at height 1...
✗ Mining failed after 20000000 attempts, skipping block
Mining block at height 1...
✗ Mining failed after 20000000 attempts, skipping block
Mining block at height 1...
✗ Mining failed after 20000000 attempts, skipping block
Mining block at height 1...
✗ Mining failed after 20000000 attempts, skipping block
Mining block at height 1...
✗ Mining failed after 20000000 attempts, skipping block
Mining block at height 1...
✗ Mining failed after 20000000 attempts, skipping block
Mining block at height 1...
✗ Mining failed after 20000000 attempts, skipping block
Mining block at height 1...
✗ Mining failed after 20000000 attempts, skipping block
Mining block at height 1...
✗ Mining failed after 20000000 attempts, skipping block
Mining block at height 1...
✗ Mining failed after 20000000 attempts, skipping block
Mining block at height 1...
✗ Mining failed after 20000000 attempts, skipping block
Mining block at height 1...
✗ Mining failed after 20000000 attempts, skipping block
Mining block at height 1...
✗ Mining failed after 20000000 attempts, skipping block
Mining block at height 1...
✗ Mining failed after 20000000 attempts, skipping block
Mining block at height 1...
✗ Mining failed after 20000000 attempts, skipping block
Mining block at height 1...
✗ Mining failed after 20000000 attempts, skipping block
Mining block at height 1...
✗ Mining failed after 20000000 attempts, skipping block
Mining block at height 1...
✗ Mining failed after 20000000 attempts, skipping block
Mining block at height 1...
✗ Mining failed after 20000000 attempts, skipping block
Mining block at height 1...
✗ Mining failed after 20000000 attempts, skipping block
Mining block at height 1...
✗ Mining failed after 20000000 attempts, skipping block
Mining block at height 1...
✗ Mining failed after 20000000 attempts, skipping block
Mining block at height 1...
✗ Mining failed after 20000000 attempts, skipping block
Mining block at height 1...
✗ Mining failed after 20000000 attempts, skipping block
Mining block at height 1...
✗ Mining failed after 20000000 attempts, skipping block
Mining block at height 1...
✗ Mining failed after 20000000 attempts, skipping block
Mining block at height 1...
✗ Mining failed after 20000000 attempts, skipping block
Mining block at height 1...
✗ Mining failed after 20000000 attempts, skipping block
Mining block at height 1...
✗ Mining failed after 20000000 attempts, skipping block
Mining block at height 1...
✗ Mining failed after 20000000 attempts, skipping block
Mining block at height 1...
✗ Mining failed after 20000000 attempts, skipping block
Mining block at height 1...
✗ Mining failed after 20000000 attempts, skipping block
Mining block at height 1...
✗ Mining failed after 20000000 attempts, skipping block
Mining block at height 1...
✗ Mining failed after 20000000 attempts, skipping block
Mining block at height 1...
✗ Mining failed after 20000000 attempts, skipping block
Mining block at height 1...
✗ Mining failed after 20000000 attempts, skipping block
Mining block at height 1...
✗ Mining failed after 20000000 attempts, skipping block
Mining block at height 1...
✗ Mining failed after 20000000 attempts, skipping block
Mining block at height 1...
✗ Mining failed after 20000000 attempts, skipping block
Mining block at height 1...
✗ Mining failed after 20000000 attempts, skipping block
Mining block at height 1...
✗ Mining failed after 20000000 attempts, skipping block
Mining block at height 1...
✗ Mining failed after 20000000 attempts, skipping block
Mining block at height 1...
✗ Mining failed after 20000000 attempts, skipping block
Mining block at height 1...
✗ Mining failed after 20000000 attempts, skipping block
Mining block at height 1...
✗ Mining failed after 20000000 attempts, skipping block
Mining block at height 1...
✗ Mining failed after 20000000 attempts, skipping block
Mining block at height 1...
✗ Mining failed after 20000000 attempts, skipping block
Mining block at height 1...
✗ Mining failed after 20000000 attempts, skipping block
Mining block at height 1...
✗ Mining failed after 20000000 attempts, skipping block
Mining block at height 1...
✗ Mining failed after 20000000 attempts, skipping block
Mining block at height 1...
✗ Mining failed after 20000000 attempts, skipping block
Mining block at height 1...
✗ Mining failed after 20000000 attempts, skipping block
Mining block at height 1...
✗ Mining failed after 20000000 attempts, skipping block
Mining block at height 1...
✗ Mining failed after 20000000 attempts, skipping block
Mining block at height 1...
✗ Mining failed after 20000000 attempts, skipping block
Mining block at height 1...
✗ Mining failed after 20000000 attempts, skipping block
Mining block at height 1...
✗ Mining failed after 20000000 attempts, skipping block
Mining block at height 1...
✗ Mining failed after 20000000 attempts, skipping block
Mining block at height 1...
✗ Mining failed after 20000000 attempts, skipping block
Mining block at height 1...
✗ Mining failed after 20000000 attempts, skipping block
Mining block at height 1...
✗ Mining failed after 20000000 attempts, skipping block
Mining block at height 1...
✗ Mining failed after 20000000 attempts, skipping block
Mining block at height 1...
✗ Mining failed after 20000000 attempts, skipping block
Mining block at height 1...
✗ Mining failed after 20000000 attempts, skipping block
Mining block at height 1...
✗ Mining failed after 20000000 attempts, skipping block
Mining block at height 1...
✗ Mining failed after 20000000 attempts, skipping block
Mining block at height 1...
✗ Mining failed after 20000000 attempts, skipping block
Mining block at height 1...
✗ Mining failed after 20000000 attempts, skipping block
Mining block at height 1...
✗ Mining failed after 20000000 attempts, skipping block
Mining block at height 1...
✗ Mining failed after 20000000 attempts, skipping block
Mining block at height 1...
✗ Mining failed after 20000000 attempts, skipping block
Mining block at height 1...
✗ Mining failed after 20000000 attempts, skipping block
Mining block at height 1...
✗ Mining failed after 20000000 attempts, skipping block
Mining block at height 1...
✗ Mining failed after 20000000 attempts, skipping block
Mining block at height 1...
✗ Mining failed after 20000000 attempts, skipping block
Mining block at height 1...
✗ Mining failed after 20000000 attempts, skipping block
Mining block at height 1...
✗ Mining failed after 20000000 attempts, skipping block
Mining block at height 1...
✗ Mining failed after 20000000 attempts, skipping block
Mining block at height 1...
✗ Mining failed after 20000000 attempts, skipping block
Mining block at height 1...
✗ Mining failed after 20000000 attempts, skipping block
Mining block at height 1...
✗ Mining failed after 20000000 attempts, skipping block
Mining block at height 1...
✗ Mining failed after 20000000 attempts, skipping block
Mining block at height 1...
✗ Mining failed after 20000000 attempts, skipping block
Mining block at height 1...
✗ Mining failed after 20000000 attempts, skipping block
Mining block at height 1...
✗ Mining failed after 20000000 attempts, skipping block
Mining block at height 1...
✗ Mining failed after 20000000 attempts, skipping block
Mining block at height 1...
✗ Mining failed after 20000000 attempts, skipping block
Mining block at height 1...
✗ Mining failed after 20000000 attempts, skipping block
Mining block at height 1...
✗ Mining failed after 20000000 attempts, skipping block
Mining block at height 1...
✗ Mining failed after 20000000 attempts, skipping block
Mining block at height 1...
✗ Mining failed after 20000000 attempts, skipping block
Mining block at height 1...
✗ Mining failed after 20000000 attempts, skipping block
Mining block at height 1...
✗ Mining failed after 20000000 attempts, skipping block
Mining block at height 1...
✗ Mining failed after 20000000 attempts, skipping block
Mining block at height 1...
✗ Mining failed after 20000000 attempts, skipping block
Mining block at height 1...
✗ Mining failed after 20000000 attempts, skipping block
Mining block at height 1...
✗ Mining failed after 20000000 attempts, skipping block
Mining block at height 1...
✗ Mining failed after 20000000 attempts, skipping block
Mining block at height 1...
✗ Mining failed after 20000000 attempts, skipping block
Mining block at height 1...
✗ Mining failed after 20000000 attempts, skipping block
Mining block at height 1...
✗ Mining failed after 20000000 attempts, skipping block
Mining block at height 1...
✗ Mining failed after 20000000 attempts, skipping block
Mining block at height 1...
✗ Mining failed after 20000000 attempts, skipping block
Mining block at height 1...
✗ Mining failed after 20000000 attempts, skipping block
Mining block at height 1...
✗ Mining failed after 20000000 attempts, skipping block
Mining block at height 1...
✗ Mining failed after 20000000 attempts, skipping block
Mining block at height 1...
✗ Mining failed after 20000000 attempts, skipping block
Mining block at height 1...
✗ Mining failed after 20000000 attempts, skipping block
Mining block at height 1...
✗ Mining failed after 20000000 attempts, skipping block
Mining block at height 1...
✗ Mining failed after 20000000 attempts, skipping block
Mining block at height 1...
✗ Mining failed after 20000000 attempts, skipping block
Mining block at height 1...
✗ Mining failed after 20000000 attempts, skipping block
Mining block at height 1...
✗ Mining failed after 20000000 attempts, skipping block
Mining block at height 1...
✗ Mining failed after 20000000 attempts, skipping block
Mining block at height 1...
✗ Mining failed after 20000000 attempts, skipping block
Mining block at height 1...
✗ Mining failed after 20000000 attempts, skipping block
Mining block at height 1...
✗ Mining failed after 20000000 attempts, skipping block
Mining block at height 1...
✗ Mining failed after 20000000 attempts, skipping block
Mining block at height 1...
✗ Mining failed after 20000000 attempts, skipping block
Mining block at height 1...
✗ Mining failed after 20000000 attempts, skipping block
Mining block at height 1...
✗ Mining failed after 20000000 attempts, skipping block
Mining block at height 1...
✗ Mining failed after 20000000 attempts, skipping block
Mining block at height 1...
✗ Mining failed after 20000000 attempts, skipping block
Mining block at height 1...
✗ Mining failed after 20000000 attempts, skipping block
Mining block at height 1...
✗ Mining failed after 20000000 attempts, skipping block
Mining block at height 1...
✗ Mining failed after 20000000 attempts, skipping block
Mining block at height 1...
✗ Mining failed after 20000000 attempts, skipping block
Mining block at height 1...
✗ Mining failed after 20000000 attempts, skipping block
Mining block at height 1...
✗ Mining failed after 20000000 attempts, skipping block
Mining block at height 1...
✗ Mining failed after 20000000 attempts, skipping block
Mining block at height 1...
✗ Mining failed after 20000000 attempts, skipping block
Mining block at height 1...
✗ Mining failed after 20000000 attempts, skipping block
Mining block at height 1...
✗ Mining failed after 20000000 attempts, skipping block
Mining block at height 1...
✗ Mining failed after 20000000 attempts, skipping block
Mining block at height 1...
✗ Mining failed after 20000000 attempts, skipping block
Mining block at height 1...
✗ Mining failed after 20000000 attempts, skipping block
Mining block at height 1...
✗ Mining failed after 20000000 attempts, skipping block
Mining block at height 1...
✗ Mining failed after 20000000 attempts, skipping block
Mining block at height 1...
✗ Mining failed after 20000000 attempts, skipping block
Mining block at height 1...
✗ Mining failed after 20000000 attempts, skipping block
Mining block at height 1...
✗ Mining failed after 20000000 attempts, skipping block
Mining block at height 1...
✗ Mining failed after 20000000 attempts, skipping block
Mining block at height 1...
✗ Mining failed after 20000000 attempts, skipping block
Mining block at height 1...
✗ Mining failed after 20000000 attempts, skipping block
Mining block at height 1...
✗ Mining failed after 20000000 attempts, skipping block
Mining block at height 1...
✗ Mining failed after 20000000 attempts, skipping block
Mining block at height 1...
✗ Mining failed after 20000000 attempts, skipping block
Mining block at height 1...
✗ Mining failed after 20000000 attempts, skipping block
Mining block at height 1...
✗ Mining failed after 20000000 attempts, skipping block
Mining block at height 1...
✗ Mining failed after 20000000 attempts, skipping block
Mining block at height 1...
✗ Mining failed after 20000000 attempts, skipping block
Mining block at height 1...
✗ Mining failed after 20000000 attempts, skipping block
Mining block at height 1...
✗ Mining failed after 20000000 attempts, skipping block
Mining block at height 1...
✗ Mining failed after 20000000 attempts, skipping block
Mining block at height 1...
✗ Mining failed after 20000000 attempts, skipping block
Mining block at height 1...
✗ Mining failed after 20000000 attempts, skipping block
Mining block at height 1...
✗ Mining failed after 20000000 attempts, skipping block
Mining block at height 1...
✗ Mining failed after 20000000 attempts, skipping block
Mining block at height 1...
✗ Mining failed after 20000000 attempts, skipping block
Mining block at height 1...
✗ Mining failed after 20000000 attempts, skipping block
Mining block at height 1...
✗ Mining failed after 20000000 attempts, skipping block
Mining block at height 1...
✗ Mining failed after 20000000 attempts, skipping block
Mining block at height 1...
✗ Mining failed after 20000000 attempts, skipping block
Mining block at height 1...
✗ Mining failed after 20000000 attempts, skipping block
Mining block at height 1...
✗ Mining failed after 20000000 attempts, skipping block
Mining block at height 1...
✗ Mining failed after 20000000 attempts, skipping block
Mining block at height 1...
✗ Mining failed after 20000000 attempts, skipping block
Mining block at height 1...
✗ Mining failed after 20000000 attempts, skipping block
Mining block at height 1...
✗ Mining failed after 20000000 attempts, skipping block
Mining block at height 1...
✗ Mining failed after 20000000 attempts, skipping block
Mining block at height 1...
✗ Mining failed after 20000000 attempts, skipping block
Mining block at height 1...
✗ Mining failed after 20000000 attempts, skipping block
Mining block at height 1...
✗ Mining failed after 20000000 attempts, skipping block
Mining block at height 1...
✗ Mining failed after 20000000 attempts, skipping block
Mining block at height 1...
✗ Mining failed after 20000000 attempts, skipping block
Mining block at height 1...
✗ Mining failed after 20000000 attempts, skipping block
Mining block at height 1...
✗ Mining failed after 20000000 attempts, skipping block
Mining block at height 1...
✗ Mining failed after 20000000 attempts, skipping block
Mining block at height 1...
✗ Mining failed after 20000000 attempts, skipping block
Mining block at height 1...
✗ Mining failed after 20000000 attempts, skipping block
Mining block at height 1...
✗ Mining failed after 20000000 attempts, skipping block
Mining block at height 1...
✗ Mining failed after 20000000 attempts, skipping block
Mining block at height 1...
✗ Mining failed after 20000000 attempts, skipping block
Mining block at height 1...
✗ Mining failed after 20000000 attempts, skipping block
Mining block at height 1...
✗ Mining failed after 20000000 attempts, skipping block
Mining block at height 1...
✗ Mining failed after 20000000 attempts, skipping block
Mining block at height 1...
✗ Mining failed after 20000000 attempts, skipping block
Mining block at height 1...
✗ Mining failed after 20000000 attempts, skipping block
Mining block at height 1...
✗ Mining failed after 20000000 attempts, skipping block
Mining block at height 1...
✗ Mining failed after 20000000 attempts, skipping block
Mining block at height 1...
✗ Mining failed after 20000000 attempts, skipping block
Mining block at height 1...
✗ Mining failed after 20000000 attempts, skipping block
Mining block at height 1...
✗ Mining failed after 20000000 attempts, skipping block
Mining block at height 1...
✗ Mining failed after 20000000 attempts, skipping block
Mining block at height 1...
✗ Mining failed after 20000000 attempts, skipping block
Mining block at height 1...
✗ Mining failed after 20000000 attempts, skipping block
Mining block at height 1...
✗ Mining failed after 20000000 attempts, skipping block
Mining block at height 1...
✗ Mining failed after 20000000 attempts, skipping block
Mining block at height 1...
✗ Mining failed after 20000000 attempts, skipping block
Mining block at height 1...
✗ Mining failed after 20000000 attempts, skipping block
Mining block at height 1...
✗ Mining failed after 20000000 attempts, skipping block
Mining block at height 1...
✗ Mining failed after 20000000 attempts, skipping block
Mining block at height 1...
✗ Mining failed after 20000000 attempts, skipping block
Mining block at height 1...
✗ Mining failed after 20000000 attempts, skipping block
Mining block at height 1...
✗ Mining failed after 20000000 attempts, skipping block
Mining block at height 1...
✗ Mining failed after 20000000 attempts, skipping block
Mining block at height 1...
✗ Mining failed after 20000000 attempts, skipping block
Mining block at height 1...
✗ Mining failed after 20000000 attempts, skipping block
Mining block at height 1...
✗ Mining failed after 20000000 attempts, skipping block
Mining block at height 1...
✗ Mining failed after 20000000 attempts, skipping block
Mining block at height 1...
✗ Mining failed after 20000000 attempts, skipping block
Mining block at height 1...
✗ Mining failed after 20000000 attempts, skipping block
Mining block at height 1...
✗ Mining failed after 20000000 attempts, skipping block
Mining block at height 1...
✗ Mining failed after 20000000 attempts, skipping block
Mining block at height 1...
✗ Mining failed after 20000000 attempts, skipping block
Mining block at height 1...
✗ Mining failed after 20000000 attempts, skipping block
Mining block at height 1...
✗ Mining failed after 20000000 attempts, skipping block
Mining block at height 1...
✗ Mining failed after 20000000 attempts, skipping block
Mining block at height 1...
✗ Mining failed after 20000000 attempts, skipping block
Mining block at height 1...
✗ Mining failed after 20000000 attempts, skipping block
Mining block at height 1...
✗ Mining failed after 20000000 attempts, skipping block
Mining block at height 1...
✗ Mining failed after 20000000 attempts, skipping block
Mining block at height 1...
✗ Mining failed after 20000000 attempts, skipping block
Mining block at height 1...
✗ Mining failed after 20000000 attempts, skipping block
Mining block at height 1...
✗ Mining failed after 20000000 attempts, skipping block
Mining block at height 1...
✗ Mining failed after 20000000 attempts, skipping block
Mining block at height 1...
✗ Mining failed after 20000000 attempts, skipping block
Mining block at height 1...
✗ Mining failed after 20000000 attempts, skipping block
Mining block at height 1...
✗ Mining failed after 20000000 attempts, skipping block
Mining block at height 1...
✗ Mining failed after 20000000 attempts, skipping block
Mining block at height 1...
✗ Mining failed after 20000000 attempts, skipping block
Mining block at height 1...
✗ Mining failed after 20000000 attempts, skipping block
Mining block at height 1...
✗ Mining failed after 20000000 attempts, skipping block
Mining block at height 1...
✗ Mining failed after 20000000 attempts, skipping block
Mining block at height 1...
✗ Mining failed after 20000000 attempts, skipping block
Mining block at height 1...
✗ Mining failed after 20000000 attempts, skipping block
Mining block at height 1...
✗ Mining failed after 20000000 attempts, skipping block
Mining block at height 1...
✗ Mining failed after 20000000 attempts, skipping block
Mining block at height 1...
✗ Mining failed after 20000000 attempts, skipping block
Mining block at height 1...
✗ Mining failed after 20000000 attempts, skipping block
Mining block at height 1...
✗ Mining failed after 20000000 attempts, skipping block
Mining block at height 1...
✗ Mining failed after 20000000 attempts, skipping block
Mining block at height 1...
✗ Mining failed after 20000000 attempts, skipping block
Mining block at height 1...
✗ Mining failed after 20000000 attempts, skipping block
Mining block at height 1...
✗ Mining failed after 20000000 attempts, skipping block
Mining block at height 1...
✗ Mining failed after 20000000 attempts, skipping block
Mining block at height 1...
✗ Mining failed after 20000000 attempts, skipping block
Mining block at height 1...
✗ Mining failed after 20000000 attempts, skipping block
Mining block at height 1...
✗ Mining failed after 20000000 attempts, skipping block
Mining block at height 1...
✗ Mining failed after 20000000 attempts, skipping block
Mining block at height 1...
✗ Mining failed after 20000000 attempts, skipping block
Mining block at height 1...
✗ Mining failed after 20000000 attempts, skipping block
Mining block at height 1...
✗ Mining failed after 20000000 attempts, skipping block
Mining block at height 1...
✗ Mining failed after 20000000 attempts, skipping block
Mining block at height 1...
✗ Mining failed after 20000000 attempts, skipping block
Mining block at height 1...
✗ Mining failed after 20000000 attempts, skipping block
Mining block at height 1...
✗ Mining failed after 20000000 attempts, skipping block
Mining block at height 1...
✗ Mining failed after 20000000 attempts, skipping block
Mining block at height 1...
✗ Mining failed after 20000000 attempts, skipping block
Mining block at height 1...
✗ Mining failed after 20000000 attempts, skipping block
Mining block at height 1...
✗ Mining failed after 20000000 attempts, skipping block
Mining block at height 1...
✗ Mining failed after 20000000 attempts, skipping block
Mining block at height 1...
✗ Mining failed after 20000000 attempts, skipping block
Mining block at height 1...
✗ Mining failed after 20000000 attempts, skipping block
Mining block at height 1...
✗ Mining failed after 20000000 attempts, skipping block
Mining block at height 1...
✗ Mining failed after 20000000 attempts, skipping block
Mining block at height 1...
✗ Mining failed after 20000000 attempts, skipping block
Mining block at height 1...
✗ Mining failed after 20000000 attempts, skipping block
Mining block at height 1...
✗ Mining failed after 20000000 attempts, skipping block
Mining block at height 1...
✗ Mining failed after 20000000 attempts, skipping block
Mining block at height 1...
✗ Mining failed after 20000000 attempts, skipping block
Mining block at height 1...
✗ Mining failed after 20000000 attempts, skipping block
Mining block at height 1...
✗ Mining failed after 20000000 attempts, skipping block
Mining block at height 1...
✗ Mining failed after 20000000 attempts, skipping block
Mining block at height 1...
✗ Mining failed after 20000000 attempts, skipping block
Mining block at height 1...
✗ Mining failed after 20000000 attempts, skipping block
Mining block at height 1...
✗ Mining failed after 20000000 attempts, skipping block
Mining block at height 1...
✗ Mining failed after 20000000 attempts, skipping block
Mining block at height 1...
✗ Mining failed after 20000000 attempts, skipping block
Mining block at height 1...
✗ Mining failed after 20000000 attempts, skipping block
Mining block at height 1...
✗ Mining failed after 20000000 attempts, skipping block
Mining block at height 1...
✗ Mining failed after 20000000 attempts, skipping block
Mining block at height 1...
✗ Mining failed after 20000000 attempts, skipping block
Mining block at height 1...
✗ Mining failed after 20000000 attempts, skipping block
Mining block at height 1...
✗ Mining failed after 20000000 attempts, skipping block
Mining block at height 1...
✗ Mining failed after 20000000 attempts, skipping block
Mining block at height 1...
✗ Mining failed after 20000000 attempts, skipping block
Mining block at height 1...
✗ Mining failed after 20000000 attempts, skipping block
Mining block at height 1...
✗ Mining failed after 20000000 attempts, skipping block
Mining block at height 1...
✗ Mining failed after 20000000 attempts, skipping block
Mining block at height 1...
✗ Mining failed after 20000000 attempts, skipping block
Mining block at height 1...
✗ Mining failed after 20000000 attempts, skipping block
Mining block at height 1...
✗ Mining failed after 20000000 attempts, skipping block
Mining block at height 1...
✗ Mining failed after 20000000 attempts, skipping block
Mining block at height 1...
✗ Mining failed after 20000000 attempts, skipping block
Mining block at height 1...
✗ Mining failed after 20000000 attempts, skipping block
Mining block at height 1...
✗ Mining failed after 20000000 attempts, skipping block
Mining block at height 1...
✗ Mining failed after 20000000 attempts, skipping block
Mining block at height 1...
✗ Mining failed after 20000000 attempts, skipping block
Mining block at height 1...
✗ Mining failed after 20000000 attempts, skipping block
Mining block at height 1...
✗ Mining failed after 20000000 attempts, skipping block
Mining block at height 1...
✗ Mining failed after 20000000 attempts, skipping block
Mining block at height 1...
✗ Mining failed after 20000000 attempts, skipping block
Mining block at height 1...
✗ Mining failed after 20000000 attempts, skipping block
Mining block at height 1...
✗ Mining failed after 20000000 attempts, skipping block
Mining block at height 1...
✗ Mining failed after 20000000 attempts, skipping block
Mining block at height 1...
✗ Mining failed after 20000000 attempts, skipping block
Mining block at height 1...
✗ Mining failed after 20000000 attempts, skipping block
Mining block at height 1...
✗ Mining failed after 20000000 attempts, skipping block
Mining block at height 1...
✗ Mining failed after 20000000 attempts, skipping block
Mining block at height 1...
✗ Mining failed after 20000000 attempts, skipping block
Mining block at height 1...
✗ Mining failed after 20000000 attempts, skipping block
Mining block at height 1...
✗ Mining failed after 20000000 attempts, skipping block
Mining block at height 1...
✗ Mining failed after 20000000 attempts, skipping block
Mining block at height 1...
✗ Mining failed after 20000000 attempts, skipping block
Mining block at height 1...
✗ Mining failed after 20000000 attempts, skipping block
Mining block at height 1...
✗ Mining failed after 20000000 attempts, skipping block
Mining block at height 1...
✗ Mining failed after 20000000 attempts, skipping block
Mining block at height 1...
✗ Mining failed after 20000000 attempts, skipping block
Mining block at height 1...
✗ Mining failed after 20000000 attempts, skipping block
Mining block at height 1...
✗ Mining failed after 20000000 attempts, skipping block
Mining block at height 1...
✗ Mining failed after 20000000 attempts, skipping block
Mining block at height 1...
✗ Mining failed after 20000000 attempts, skipping block
Mining block at height 1...
✗ Mining failed after 20000000 attempts, skipping block
Mining block at height 1...
✗ Mining failed after 20000000 attempts, skipping block
Mining block at height 1...
✗ Mining failed after 20000000 attempts, skipping block
Mining block at height 1...
✗ Mining failed after 20000000 attempts, skipping block
Mining block at height 1...
✗ Mining failed after 20000000 attempts, skipping block
Mining block at height 1...
✗ Mining failed after 20000000 attempts, skipping block
Mining block at height 1...
✗ Mining failed after 20000000 attempts, skipping block
Mining block at height 1...
✗ Mining failed after 20000000 attempts, skipping block
Mining block at height 1...
✗ Mining failed after 20000000 attempts, skipping block
Mining block at height 1...
✗ Mining failed after 20000000 attempts, skipping block
Mining block at height 1...
✗ Mining failed after 20000000 attempts, skipping block
Mining block at height 1...
✗ Mining failed after 20000000 attempts, skipping block
Mining block at height 1...
✗ Mining failed after 20000000 attempts, skipping block
Mining block at height 1...
✗ Mining failed after 20000000 attempts, skipping block
Mining block at height 1...
✗ Mining failed after 20000000 attempts, skipping block
Mining block at height 1...
✗ Mining failed after 20000000 attempts, skipping block
Mining block at height 1...
✗ Mining failed after 20000000 attempts, skipping block
Mining block at height 1...
✗ Mining failed after 20000000 attempts, skipping block
Mining block at height 1...
✗ Mining failed after 20000000 attempts, skipping block
Mining block at height 1...
✗ Mining failed after 20000000 attempts, skipping block
Mining block at height 1...
✗ Mining failed after 20000000 attempts, skipping block
Mining block at height 1...
✗ Mining failed after 20000000 attempts, skipping block
Mining block at height 1...
✗ Mining failed after 20000000 attempts, skipping block
Mining block at height 1...
✗ Mining failed after 20000000 attempts, skipping block
Mining block at height 1...
✗ Mining failed after 20000000 attempts, skipping block
Mining block at height 1...
✗ Mining failed after 20000000 attempts, skipping block
Mining block at height 1...
✗ Mining failed after 20000000 attempts, skipping block
Mining block at height 1...
✗ Mining failed after 20000000 attempts, skipping block
Mining block at height 1...
✗ Mining failed after 20000000 attempts, skipping block
Mining block at height 1...
✗ Mining failed after 20000000 attempts, skipping block
Mining block at height 1...
✗ Mining failed after 20000000 attempts, skipping block
Mining block at height 1...
✗ Mining failed after 20000000 attempts, skipping block
Mining block at height 1...
✗ Mining failed after 20000000 attempts, skipping block
Mining block at height 1...
✗ Mining failed after 20000000 attempts, skipping block
Mining block at height 1...
✗ Mining failed after 20000000 attempts, skipping block
Mining block at height 1...
✗ Mining failed after 20000000 attempts, skipping block
Mining block at height 1...
✗ Mining failed after 20000000 attempts, skipping block
Mining block at height 1...
✗ Mining failed after 20000000 attempts, skipping block
Mining block at height 1...
✗ Mining failed after 20000000 attempts, skipping block
Mining block at height 1...
✗ Mining failed after 20000000 attempts, skipping block
Mining block at height 1...
✗ Mining failed after 20000000 attempts, skipping block
Mining block at height 1...
✗ Mining failed after 20000000 attempts, skipping block
Mining block at height 1...
✗ Mining failed after 20000000 attempts, skipping block
Mining block at height 1...
✗ Mining failed after 20000000 attempts, skipping block
Mining block at height 1...
✗ Mining failed after 20000000 attempts, skipping block
Mining block at height 1...
✗ Mining failed after 20000000 attempts, skipping block
Mining block at height 1...
✗ Mining failed after 20000000 attempts, skipping block
Mining block at height 1...
✗ Mining failed after 20000000 attempts, skipping block
Mining block at height 1...
✗ Mining failed after 20000000 attempts, skipping block
Mining block at height 1...
✗ Mining failed after 20000000 attempts, skipping block
Mining block at height 1...
✗ Mining failed after 20000000 attempts, skipping block
Mining block at height 1...
✗ Mining failed after 20000000 attempts, skipping block
Mining block at height 1...
✗ Mining failed after 20000000 attempts, skipping block
Mining block at height 1...
✗ Mining failed after 20000000 attempts, skipping block
Mining block at height 1...
✗ Mining failed after 20000000 attempts, skipping block
Mining block at height 1...
✗ Mining failed after 20000000 attempts, skipping block
Mining block at height 1...
✗ Mining failed after 20000000 attempts, skipping block
Mining block at height 1...
✗ Mining failed after 20000000 attempts, skipping block
Mining block at height 1...
✗ Mining failed after 20000000 attempts, skipping block
Mining block at height 1...
✗ Mining failed after 20000000 attempts, skipping block
Mining block at height 1...
✗ Mining failed after 20000000 attempts, skipping block
Mining block at height 1...
✗ Mining failed after 20000000 attempts, skipping block
Mining block at height 1...
✗ Mining failed after 20000000 attempts, skipping block
Mining block at height 1...
✗ Mining failed after 20000000 attempts, skipping block
Mining block at height 1...
✗ Mining failed after 20000000 attempts, skipping block
Mining block at height 1...
✗ Mining failed after 20000000 attempts, skipping block
Mining block at height 1...
✗ Mining failed after 20000000 attempts, skipping block
Mining block at height 1...
✗ Mining failed after 20000000 attempts, skipping block
Mining block at height 1...
✗ Mining failed after 20000000 attempts, skipping block
Mining block at height 1...
✗ Mining failed after 20000000 attempts, skipping block
Mining block at height 1...
✗ Mining failed after 20000000 attempts, skipping block
Mining block at height 1...
✗ Mining failed after 20000000 attempts, skipping block
Mining block at height 1...
✗ Mining failed after 20000000 attempts, skipping block
Mining block at height 1...
✗ Mining failed after 20000000 attempts, skipping block
Mining block at height 1...
✗ Mining failed after 20000000 attempts, skipping block
Mining block at height 1...
✗ Mining failed after 20000000 attempts, skipping block
Mining block at height 1...
✗ Mining failed after 20000000 attempts, skipping block
Mining block at height 1...
✗ Mining failed after 20000000 attempts, skipping block
Mining block at height 1...
✗ Mining failed after 20000000 attempts, skipping block
Mining block at height 1...
✗ Mining failed after 20000000 attempts, skipping block
Mining block at height 1...
✗ Mining failed after 20000000 attempts, skipping block
Mining block at height 1...
✗ Mining failed after 20000000 attempts, skipping block
Mining block at height 1...
✗ Mining failed after 20000000 attempts, skipping block
Mining block at height 1...
✗ Mining failed after 20000000 attempts, skipping block
Mining block at height 1...
✗ Mining failed after 20000000 attempts, skipping block
Mining block at height 1...
✗ Mining failed after 20000000 attempts, skipping block
Mining block at height 1...
✗ Mining failed after 20000000 attempts, skipping block
Mining block at height 1...
✗ Mining failed after 20000000 attempts, skipping block
Mining block at height 1...
✗ Mining failed after 20000000 attempts, skipping block
Mining block at height 1...
✗ Mining failed after 20000000 attempts, skipping block
Mining block at height 1...
✗ Mining failed after 20000000 attempts, skipping block
Mining block at height 1...
✗ Mining failed after 20000000 attempts, skipping block
Mining block at height 1...
✗ Mining failed after 20000000 attempts, skipping block
Mining block at height 1...
✗ Mining failed after 20000000 attempts, skipping block
Mining block at height 1...
✗ Mining failed after 20000000 attempts, skipping block
Mining block at height 1...
✗ Mining failed after 20000000 attempts, skipping block
Mining block at height 1...
✗ Mining failed after 20000000 attempts, skipping block
Mining block at height 1...
✗ Mining failed after 20000000 attempts, skipping block
Mining block at height 1...
✗ Mining failed after 20000000 attempts, skipping block
Mining block at height 1...
✗ Mining failed after 20000000 attempts, skipping block
Mining block at height 1...
✗ Mining failed after 20000000 attempts, skipping block
Mining block at height 1...
✗ Mining failed after 20000000 attempts, skipping block
Mining block at height 1...
✗ Mining failed after 20000000 attempts, skipping block
Mining block at height 1...
✗ Mining failed after 20000000 attempts, skipping block
Mining block at height 1...
✗ Mining failed after 20000000 attempts, skipping block
Mining block at height 1...
✗ Mining failed after 20000000 attempts, skipping block
Mining block at height 1...
✗ Mining failed after 20000000 attempts, skipping block
Mining block at height 1...
✗ Mining failed after 20000000 attempts, skipping block
Mining block at height 1...
✗ Mining failed after 20000000 attempts, skipping block
Mining block at height 1...
✗ Mining failed after 20000000 attempts, skipping block
Mining block at height 1...
✗ Mining failed after 20000000 attempts, skipping block
Mining block at height 1...
✗ Mining failed after 20000000 attempts, skipping block
Mining block at height 1...
✗ Mining failed after 20000000 attempts, skipping block
Mining block at height 1...
✗ Mining failed after 20000000 attempts, skipping block
Mining block at height 1...
✗ Mining failed after 20000000 attempts, skipping block
Mining block at height 1...
✗ Mining failed after 20000000 attempts, skipping block
Mining block at height 1...
✗ Mining failed after 20000000 attempts, skipping block
Mining block at height 1...
✗ Mining failed after 20000000 attempts, skipping block
Mining block at height 1...
✗ Mining failed after 20000000 attempts, skipping block
Mining block at height 1...
✗ Mining failed after 20000000 attempts, skipping block
Mining block at height 1...
✗ Mining failed after 20000000 attempts, skipping block
Mining block at height 1...
✗ Mining failed after 20000000 attempts, skipping block
Mining block at height 1...
✗ Mining failed after 20000000 attempts, skipping block
Mining block at height 1...
✗ Mining failed after 20000000 attempts, skipping block
Mining block at height 1...
✗ Mining failed after 20000000 attempts, skipping block
Mining block at height 1...
✗ Mining failed after 20000000 attempts, skipping block
Mining block at height 1...
✗ Mining failed after 20000000 attempts, skipping block
Mining block at height 1...
✗ Mining failed after 20000000 attempts, skipping block
Mining block at height 1...
✗ Mining failed after 20000000 attempts, skipping block
Mining block at height 1...
✗ Mining failed after 20000000 attempts, skipping block
Mining block at height 1...
✗ Mining failed after 20000000 attempts, skipping block
Mining block at height 1...
✗ Mining failed after 20000000 attempts, skipping block
Mining block at height 1...
✗ Mining failed after 20000000 attempts, skipping block
Mining block at height 1...
✗ Mining failed after 20000000 attempts, skipping block
Mining block at height 1...
✗ Mining failed after 20000000 attempts, skipping block
Mining block at height 1...
✗ Mining failed after 20000000 attempts, skipping block
Mining block at height 1...
✗ Mining failed after 20000000 attempts, skipping block
Mining block at height 1...
✗ Mining failed after 20000000 attempts, skipping block
Mining block at height 1...
✗ Mining failed after 20000000 attempts, skipping block
Mining block at height 1...
✗ Mining failed after 20000000 attempts, skipping block
Mining block at height 1...
✗ Mining failed after 20000000 attempts, skipping block
Mining block at height 1...
✗ Mining failed after 20000000 attempts, skipping block
Mining block at height 1...
✗ Mining failed after 20000000 attempts, skipping block
Mining block at height 1...
✗ Mining failed after 20000000 attempts, skipping block
Mining block at height 1...
✗ Mining failed after 20000000 attempts, skipping block
Mining block at height 1...
✗ Mining failed after 20000000 attempts, skipping block
Mining block at height 1...
✗ Mining failed after 20000000 attempts, skipping block
Mining block at height 1...
✗ Mining failed after 20000000 attempts, skipping block
Mining block at height 1...
✗ Mining failed after 20000000 attempts, skipping block
Mining block at height 1...
✗ Mining failed after 20000000 attempts, skipping block
Mining block at height 1...
✗ Mining failed after 20000000 attempts, skipping block
Mining block at height 1...
✗ Mining failed after 20000000 attempts, skipping block
Mining block at height 1...
✗ Mining failed after 20000000 attempts, skipping block
Mining block at height 1...
✗ Mining failed after 20000000 attempts, skipping block
Mining block at height 1...
✗ Mining failed after 20000000 attempts, skipping block
Mining block at height 1...
✗ Mining failed after 20000000 attempts, skipping block
Mining block at height 1...
✗ Mining failed after 20000000 attempts, skipping block
Mining block at height 1...
✗ Mining failed after 20000000 attempts, skipping block
Mining block at height 1...
✗ Mining failed after 20000000 attempts, skipping block
Mining block at height 1...
✗ Mining failed after 20000000 attempts, skipping block
Mining block at height 1...
✗ Mining failed after 20000000 attempts, skipping block
Mining block at height 1...
✗ Mining failed after 20000000 attempts, skipping block
Mining block at height 1...
✗ Mining failed after 20000000 attempts, skipping block
Mining block at height 1...
✗ Mining failed after 20000000 attempts, skipping block
Mining block at height 1...
✗ Mining failed after 20000000 attempts, skipping block
Mining block at height 1...
✗ Mining failed after 20000000 attempts, skipping block
Mining block at height 1...
✗ Mining failed after 20000000 attempts, skipping block
Mining block at height 1...
✗ Mining failed after 20000000 attempts, skipping block
Mining block at height 1...
✗ Mining failed after 20000000 attempts, skipping block
Mining block at height 1...
✗ Mining failed after 20000000 attempts, skipping block
Mining block at height 1...
✗ Mining failed after 20000000 attempts, skipping block
Mining block at height 1...
✗ Mining failed after 20000000 attempts, skipping block
Mining block at height 1...
✗ Mining failed after 20000000 attempts, skipping block
Mining block at height 1...
✗ Mining failed after 20000000 attempts, skipping block
Mining block at height 1...
✗ Mining failed after 20000000 attempts, skipping block
Mining block at height 1...
✗ Mining failed after 20000000 attempts, skipping block
Mining block at height 1...
✗ Mining failed after 20000000 attempts, skipping block
Mining block at height 1...
✗ Mining failed after 20000000 attempts, skipping block
Mining block at height 1...
✗ Mining failed after 20000000 attempts, skipping block
Mining block at height 1...
✗ Mining failed after 20000000 attempts, skipping block
Mining block at height 1...
✗ Mining failed after 20000000 attempts, skipping block
Mining block at height 1...
✗ Mining failed after 20000000 attempts, skipping block
Mining block at height 1...
✗ Mining failed after 20000000 attempts, skipping block
Mining block at height 1...
✗ Mining failed after 20000000 attempts, skipping block
Mining block at height 1...
✗ Mining failed after 20000000 attempts, skipping block
Mining block at height 1...
✗ Mining failed after 20000000 attempts, skipping block
Mining block at height 1...
✗ Mining failed after 20000000 attempts, skipping block
Mining block at height 1...
✗ Mining failed after 20000000 attempts, skipping block
Mining block at height 1...
✗ Mining failed after 20000000 attempts, skipping block
Mining block at height 1...
✗ Mining failed after 20000000 attempts, skipping block
Mining block at height 1...
✗ Mining failed after 20000000 attempts, skipping block
Mining block at height 1...
✗ Mining failed after 20000000 attempts, skipping block
Mining block at height 1...
✗ Mining failed after 20000000 attempts, skipping block
Mining block at height 1...
✗ Mining failed after 20000000 attempts, skipping block
Mining block at height 1...
✗ Mining failed after 20000000 attempts, skipping block
Mining block at height 1...
✗ Mining failed after 20000000 attempts, skipping block
Mining block at height 1...
✗ Mining failed after 20000000 attempts, skipping block
Mining block at height 1...
✗ Mining failed after 20000000 attempts, skipping block
Mining block at height 1...
✗ Mining failed after 20000000 attempts, skipping block
Mining block at height 1...
✗ Mining failed after 20000000 attempts, skipping block
Mining block at height 1...
✗ Mining failed after 20000000 attempts, skipping block
Mining block at height 1...
✗ Mining failed after 20000000 attempts, skipping block
Mining block at height 1...
✗ Mining failed after 20000000 attempts, skipping block
Mining block at height 1...
✗ Mining failed after 20000000 attempts, skipping block
Mining block at height 1...
✗ Mining failed after 20000000 attempts, skipping block
Mining block at height 1...
✗ Mining failed after 20000000 attempts, skipping block
Mining block at height 1...
✗ Mining failed after 20000000 attempts, skipping block
Mining block at height 1...
✗ Mining failed after 20000000 attempts, skipping block
Mining block at height 1...
✗ Mining failed after 20000000 attempts, skipping block
Mining block at height 1...
✗ Mining failed after 20000000 attempts, skipping block
Mining block at height 1...
✗ Mining failed after 20000000 attempts, skipping block
Mining block at height 1...
✗ Mining failed after 20000000 attempts, skipping block
Mining block at height 1...
✗ Mining failed after 20000000 attempts, skipping block
Mining block at height 1...
✗ Mining failed after 20000000 attempts, skipping block
Mining block at height 1...
✗ Mining failed after 20000000 attempts, skipping block
Mining block at height 1...
✗ Mining failed after 20000000 attempts, skipping block
Mining block at height 1...
✗ Mining failed after 20000000 attempts, skipping block
Mining block at height 1...
✗ Mining failed after 20000000 attempts, skipping block
Mining block at height 1...
✗ Mining failed after 20000000 attempts, skipping block
Mining block at height 1...
✗ Mining failed after 20000000 attempts, skipping block
Mining block at height 1...
✗ Mining failed after 20000000 attempts, skipping block
Mining block at height 1...
✗ Mining failed after 20000000 attempts, skipping block
Mining block at height 1...
✗ Mining failed after 20000000 attempts, skipping block
Mining block at height 1...
✗ Mining failed after 20000000 attempts, skipping block
Mining block at height 1...
✗ Mining failed after 20000000 attempts, skipping block
Mining block at height 1...
✗ Mining failed after 20000000 attempts, skipping block
Mining block at height 1...
✗ Mining failed after 20000000 attempts, skipping block
Mining block at height 1...
✗ Mining failed after 20000000 attempts, skipping block
Mining block at height 1...
✗ Mining failed after 20000000 attempts, skipping block
Mining block at height 1...
✗ Mining failed after 20000000 attempts, skipping block
Mining block at height 1...
✗ Mining failed after 20000000 attempts, skipping block
Mining block at height 1...
✗ Mining failed after 20000000 attempts, skipping block
Mining block at height 1...
✗ Mining failed after 20000000 attempts, skipping block
Mining block at height 1...
✗ Mining failed after 20000000 attempts, skipping block
Mining block at height 1...
✗ Mining failed after 20000000 attempts, skipping block
Mining block at height 1...
✗ Mining failed after 20000000 attempts, skipping block
Mining block at height 1...
✗ Mining failed after 20000000 attempts, skipping block
Mining block at height 1...
✗ Mining failed after 20000000 attempts, skipping block
Mining block at height 1...
✗ Mining failed after 20000000 attempts, skipping block
Mining block at height 1...
✗ Mining failed after 20000000 attempts, skipping block
Mining block at height 1...
✗ Mining failed after 20000000 attempts, skipping block
Mining block at height 1...
✗ Mining failed after 20000000 attempts, skipping block
Mining block at height 1...
✗ Mining failed after 20000000 attempts, skipping block
Mining block at height 1...
✗ Mining failed after 20000000 attempts, skipping block
Mining block at height 1...
✗ Mining failed after 20000000 attempts, skipping block
Mining block at height 1...
✗ Mining failed after 20000000 attempts, skipping block
Mining block at height 1...
✗ Mining failed after 20000000 attempts, skipping block
Mining block at height 1...
✗ Mining failed after 20000000 attempts, skipping block
Mining block at height 1...
✗ Mining failed after 20000000 attempts, skipping block
Mining block at height 1...
✗ Mining failed after 20000000 attempts, skipping block
Mining block at height 1...
✗ Mining failed after 20000000 attempts, skipping block
Mining block at height 1...
✗ Mining failed after 20000000 attempts, skipping block
Mining block at height 1...
✗ Mining failed after 20000000 attempts, skipping block
Mining block at height 1...
✗ Mining failed after 20000000 attempts, skipping block
Mining block at height 1...
✗ Mining failed after 20000000 attempts, skipping block
Mining block at height 1...
✗ Mining failed after 20000000 attempts, skipping block
Mining block at height 1...
✗ Mining failed after 20000000 attempts, skipping block
Mining block at height 1...
✗ Mining failed after 20000000 attempts, skipping block
Mining block at height 1...
✗ Mining failed after 20000000 attempts, skipping block
Mining block at height 1...
✗ Mining failed after 20000000 attempts, skipping block
Mining block at height 1...
✗ Mining failed after 20000000 attempts, skipping block
Mining block at height 1...
✗ Mining failed after 20000000 attempts, skipping block
Mining block at height 1...
✗ Mining failed after 20000000 attempts, skipping block
Mining block at height 1...
✗ Mining failed after 20000000 attempts, skipping block
Mining block at height 1...
✗ Mining failed after 20000000 attempts, skipping block
Mining block at height 1...
✗ Mining failed after 20000000 attempts, skipping block
Mining block at height 1...
✗ Mining failed after 20000000 attempts, skipping block
Mining block at height 1...
✗ Mining failed after 20000000 attempts, skipping block
Mining block at height 1...
✗ Mining failed after 20000000 attempts, skipping block
Mining block at height 1...
✗ Mining failed after 20000000 attempts, skipping block
Mining block at height 1...
✗ Mining failed after 20000000 attempts, skipping block
Mining block at height 1...
✗ Mining failed after 20000000 attempts, skipping block
Mining block at height 1...
✗ Mining failed after 20000000 attempts, skipping block
Mining block at height 1...
✗ Mining failed after 20000000 attempts, skipping block
Mining block at height 1...
✗ Mining failed after 20000000 attempts, skipping block
Mining block at height 1...
✗ Mining failed after 20000000 attempts, skipping block
Mining block at height 1...
✗ Mining failed after 20000000 attempts, skipping block
Mining block at height 1...
✗ Mining failed after 20000000 attempts, skipping block
Mining block at height 1...
✗ Mining failed after 20000000 attempts, skipping block
Mining block at height 1...
✗ Mining failed after 20000000 attempts, skipping block
Mining block at height 1...
✗ Mining failed after 20000000 attempts, skipping block
Mining block at height 1...
✗ Mining failed after 20000000 attempts, skipping block
Mining block at height 1...
✗ Mining failed after 20000000 attempts, skipping block
Mining block at height 1...
✗ Mining failed after 20000000 attempts, skipping block
Mining block at height 1...
✗ Mining failed after 20000000 attempts, skipping block
Mining block at height 1...
✗ Mining failed after 20000000 attempts, skipping block
Mining block at height 1...
✗ Mining failed after 20000000 attempts, skipping block
Mining block at height 1...
✗ Mining failed after 20000000 attempts, skipping block
Mining block at height 1...
✗ Mining failed after 20000000 attempts, skipping block
Mining block at height 1...
✗ Mining failed after 20000000 attempts, skipping block
Mining block at height 1...
✗ Mining failed after 20000000 attempts, skipping block
Mining block at height 1...
✗ Mining failed after 20000000 attempts, skipping block
Mining block at height 1...
✗ Mining failed after 20000000 attempts, skipping block
Mining block at height 1...
✗ Mining failed after 20000000 attempts, skipping block
Mining block at height 1...
✗ Mining failed after 20000000 attempts, skipping block
Mining block at height 1...
✗ Mining failed after 20000000 attempts, skipping block
Mining block at height 1...
✗ Mining failed after 20000000 attempts, skipping block
Mining block at height 1...
✗ Mining failed after 20000000 attempts, skipping block
Mining block at height 1...
✗ Mining failed after 20000000 attempts, skipping block
Mining block at height 1...
✗ Mining failed after 20000000 attempts, skipping block
Mining block at height 1...
✗ Mining failed after 20000000 attempts, skipping block
Mining block at height 1...
✗ Mining failed after 20000000 attempts, skipping block
Mining block at height 1...
✗ Mining failed after 20000000 attempts, skipping block
Mining block at height 1...
✗ Mining failed after 20000000 attempts, skipping block
Mining block at height 1...
✗ Mining failed after 20000000 attempts, skipping block
Mining block at height 1...
✗ Mining failed after 20000000 attempts, skipping block
Mining block at height 1...
✗ Mining failed after 20000000 attempts, skipping block
Mining block at height 1...
✗ Mining failed after 20000000 attempts, skipping block
Mining block at height 1...
✗ Mining failed after 20000000 attempts, skipping block
Mining block at height 1...
✗ Mining failed after 20000000 attempts, skipping block
Mining block at height 1...
✗ Mining failed after 20000000 attempts, skipping block
Mining block at height 1...
✗ Mining failed after 20000000 attempts, skipping block
Mining block at height 1...
✗ Mining failed after 20000000 attempts, skipping block
Mining block at height 1...
✗ Mining failed after 20000000 attempts, skipping block
Mining block at height 1...
✗ Mining failed after 20000000 attempts, skipping block
Mining block at height 1...
✗ Mining failed after 20000000 attempts, skipping block
Mining block at height 1...
✗ Mining failed after 20000000 attempts, skipping block
Mining block at height 1...
✗ Mining failed after 20000000 attempts, skipping block
Mining block at height 1...
✗ Mining failed after 20000000 attempts, skipping block
Mining block at height 1...
✗ Mining failed after 20000000 attempts, skipping block
Mining block at height 1...
✗ Mining failed after 20000000 attempts, skipping block
Mining block at height 1...
✗ Mining failed after 20000000 attempts, skipping block
Mining block at height 1...
✗ Mining failed after 20000000 attempts, skipping block
Mining block at height 1...
✗ Mining failed after 20000000 attempts, skipping block
Mining block at height 1...
✗ Mining failed after 20000000 attempts, skipping block
Mining block at height 1...
✗ Mining failed after 20000000 attempts, skipping block
Mining block at height 1...
✗ Mining failed after 20000000 attempts, skipping block
Mining block at height 1...
✗ Mining failed after 20000000 attempts, skipping block
Mining block at height 1...
✗ Mining failed after 20000000 attempts, skipping block
Mining block at height 1...
✗ Mining failed after 20000000 attempts, skipping block
Mining block at height 1...
✗ Mining failed after 20000000 attempts, skipping block
Mining block at height 1...
✗ Mining failed after 20000000 attempts, skipping block
Mining block at height 1...
✗ Mining failed after 20000000 attempts, skipping block
Mining block at height 1...
✗ Mining failed after 20000000 attempts, skipping block
Mining block at height 1...
✗ Mining failed after 20000000 attempts, skipping block
Mining block at height 1...
✗ Mining failed after 20000000 attempts, skipping block
Mining block at height 1...
✗ Mining failed after 20000000 attempts, skipping block
Mining block at height 1...
✗ Mining failed after 20000000 attempts, skipping block
Mining block at height 1...
✗ Mining failed after 20000000 attempts, skipping block
Mining block at height 1...
✗ Mining failed after 20000000 attempts, skipping block
Mining block at height 1...
✗ Mining failed after 20000000 attempts, skipping block
Mining block at height 1...
✗ Mining failed after 20000000 attempts, skipping block
Mining block at height 1...
✗ Mining failed after 20000000 attempts, skipping block
Mining block at height 1...
✗ Mining failed after 20000000 attempts, skipping block
Mining block at height 1...
✗ Mining failed after 20000000 attempts, skipping block
Mining block at height 1...
✗ Mining failed after 20000000 attempts, skipping block
Mining block at height 1...
✗ Mining failed after 20000000 attempts, skipping block
Mining block at height 1...
✗ Mining failed after 20000000 attempts, skipping block
Mining block at height 1...
✗ Mining failed after 20000000 attempts, skipping block
Mining block at height 1...
✗ Mining failed after 20000000 attempts, skipping block
Mining block at height 1...
✗ Mining failed after 20000000 attempts, skipping block
Mining block at height 1...
✗ Mining failed after 20000000 attempts, skipping block
Mining block at height 1...
✗ Mining failed after 20000000 attempts, skipping block
Mining block at height 1...
✗ Mining failed after 20000000 attempts, skipping block
Mining block at height 1...
✗ Mining failed after 20000000 attempts, skipping block
Mining block at height 1...
✗ Mining failed after 20000000 attempts, skipping block
Mining block at height 1...
✗ Mining failed after 20000000 attempts, skipping block
Mining block at height 1...
✗ Mining failed after 20000000 attempts, skipping block
Mining block at height 1...
✗ Mining failed after 20000000 attempts, skipping block
Mining block at height 1...
✗ Mining failed after 20000000 attempts, skipping block
Mining block at height 1...
✗ Mining failed after 20000000 attempts, skipping block
Mining block at height 1...
✗ Mining failed after 20000000 attempts, skipping block
Mining block at height 1...
✗ Mining failed after 20000000 attempts, skipping block
Mining block at height 1...
✗ Mining failed after 20000000 attempts, skipping block
Mining block at height 1...
✗ Mining failed after 20000000 attempts, skipping block
Mining block at height 1...
✗ Mining failed after 20000000 attempts, skipping block
Mining block at height 1...
✗ Mining failed after 20000000 attempts, skipping block
Mining block at height 1...
✗ Mining failed after 20000000 attempts, skipping block
Mining block at height 1...
✗ Mining failed after 20000000 attempts, skipping block
Mining block at height 1...
✗ Mining failed after 20000000 attempts, skipping block
Mining block at height 1...
✗ Mining failed after 20000000 attempts, skipping block
Mining block at height 1...
✗ Mining failed after 20000000 attempts, skipping block
Mining block at height 1...
✗ Mining failed after 20000000 attempts, skipping block
Mining block at height 1...
✗ Mining failed after 20000000 attempts, skipping block
Mining block at height 1...
✗ Mining failed after 20000000 attempts, skipping block
Mining block at height 1...
✗ Mining failed after 20000000 attempts, skipping block
Mining block at height 1...
✗ Mining failed after 20000000 attempts, skipping block
Mining block at height 1...
✗ Mining failed after 20000000 attempts, skipping block
Mining block at height 1...
✗ Mining failed after 20000000 attempts, skipping block
Mining block at height 1...
✗ Mining failed after 20000000 attempts, skipping block
Mining block at height 1...
✗ Mining failed after 20000000 attempts, skipping block
Mining block at height 1...
✗ Mining failed after 20000000 attempts, skipping block
Mining block at height 1...
✗ Mining failed after 20000000 attempts, skipping block
Mining block at height 1...
✗ Mining failed after 20000000 attempts, skipping block
Mining block at height 1...
✗ Mining failed after 20000000 attempts, skipping block
Mining block at height 1...
✗ Mining failed after 20000000 attempts, skipping block
Mining block at height 1...
✗ Mining failed after 20000000 attempts, skipping block
Mining block at height 1...
✗ Mining failed after 20000000 attempts, skipping block
Mining block at height 1...
✗ Mining failed after 20000000 attempts, skipping block
Mining block at height 1...
✗ Mining failed after 20000000 attempts, skipping block
Mining block at height 1...
✗ Mining failed after 20000000 attempts, skipping block
Mining block at height 1...
✗ Mining failed after 20000000 attempts, skipping block
Mining block at height 1...
✗ Mining failed after 20000000 attempts, skipping block
Mining block at height 1...
✗ Mining failed after 20000000 attempts, skipping block
Mining block at height 1...
✗ Mining failed after 20000000 attempts, skipping block
Mining block at height 1...
✗ Mining failed after 20000000 attempts, skipping block
Mining block at height 1...
✗ Mining failed after 20000000 attempts, skipping block
Mining block at height 1...
✗ Mining failed after 20000000 attempts, skipping block
Mining block at height 1...
✗ Mining failed after 20000000 attempts, skipping block
Mining block at height 1...
✗ Mining failed after 20000000 attempts, skipping block
Mining block at height 1...
✗ Mining failed after 20000000 attempts, skipping block
Mining block at height 1...
✗ Mining failed after 20000000 attempts, skipping block
Mining block at height 1...
✗ Mining failed after 20000000 attempts, skipping block
Mining block at height 1...
✗ Mining failed after 20000000 attempts, skipping block
Mining block at height 1...
✗ Mining failed after 20000000 attempts, skipping block
Mining block at height 1...
✗ Mining failed after 20000000 attempts, skipping block
Mining block at height 1...
✗ Mining failed after 20000000 attempts, skipping block
Mining block at height 1...
✗ Mining failed after 20000000 attempts, skipping block
Mining block at height 1...
✗ Mining failed after 20000000 attempts, skipping block
Mining block at height 1...
✗ Mining failed after 20000000 attempts, skipping block
Mining block at height 1...
✗ Mining failed after 20000000 attempts, skipping block
Mining block at height 1...
✗ Mining failed after 20000000 attempts, skipping block
Mining block at height 1...
✗ Mining failed after 20000000 attempts, skipping block
Mining block at height 1...
✗ Mining failed after 20000000 attempts, skipping block
Mining block at height 1...
✗ Mining failed after 20000000 attempts, skipping block
Mining block at height 1...
✗ Mining failed after 20000000 attempts, skipping block
Mining block at height 1...
✗ Mining failed after 20000000 attempts, skipping block
Mining block at height 1...
✗ Mining failed after 20000000 attempts, skipping block
Mining block at height 1...
✗ Mining failed after 20000000 attempts, skipping block
Mining block at height 1...
✗ Mining failed after 20000000 attempts, skipping block
Mining block at height 1...
✗ Mining failed after 20000000 attempts, skipping block
Mining block at height 1...
✗ Mining failed after 20000000 attempts, skipping block
Mining block at height 1...
✗ Mining failed after 20000000 attempts, skipping block
Mining block at height 1...
✗ Mining failed after 20000000 attempts, skipping block
Mining block at height 1...
✗ Mining failed after 20000000 attempts, skipping block
Mining block at height 1...
✗ Mining failed after 20000000 attempts, skipping block
Mining block at height 1...
✗ Mining failed after 20000000 attempts, skipping block
Mining block at height 1...
✗ Mining failed after 20000000 attempts, skipping block
Mining block at height 1...
✗ Mining failed after 20000000 attempts, skipping block
Mining block at height 1...
✗ Mining failed after 20000000 attempts, skipping block
Mining block at height 1...
✗ Mining failed after 20000000 attempts, skipping block
Mining block at height 1...
✗ Mining failed after 20000000 attempts, skipping block
Mining block at height 1...
✗ Mining failed after 20000000 attempts, skipping block
Mining block at height 1...
✗ Mining failed after 20000000 attempts, skipping block
Mining block at height 1...
✗ Mining failed after 20000000 attempts, skipping block
Mining block at height 1...
✗ Mining failed after 20000000 attempts, skipping block
Mining block at height 1...
✗ Mining failed after 20000000 attempts, skipping block
Mining block at height 1...
✗ Mining failed after 20000000 attempts, skipping block
Mining block at height 1...
✗ Mining failed after 20000000 attempts, skipping block
Mining block at height 1...
✗ Mining failed after 20000000 attempts, skipping block
Mining block at height 1...
✗ Mining failed after 20000000 attempts, skipping block
Mining block at height 1...
✗ Mining failed after 20000000 attempts, skipping block
Mining block at height 1...
✗ Mining failed after 20000000 attempts, skipping block
Mining block at height 1...
✗ Mining failed after 20000000 attempts, skipping block
Mining block at height 1...
✗ Mining failed after 20000000 attempts, skipping block
Mining block at height 1...
✗ Mining failed after 20000000 attempts, skipping block
Mining block at height 1...
✗ Mining failed after 20000000 attempts, skipping block
Mining block at height 1...
✗ Mining failed after 20000000 attempts, skipping block
Mining block at height 1...
✗ Mining failed after 20000000 attempts, skipping block
Mining block at height 1...
✗ Mining failed after 20000000 attempts, skipping block
Mining block at height 1...
✗ Mining failed after 20000000 attempts, skipping block
Mining block at height 1...
✗ Mining failed after 20000000 attempts, skipping block
Mining block at height 1...
✗ Mining failed after 20000000 attempts, skipping block
Mining block at height 1...
✗ Mining failed after 20000000 attempts, skipping block
Mining block at height 1...
✗ Mining failed after 20000000 attempts, skipping block
Mining block at height 1...
✗ Mining failed after 20000000 attempts, skipping block
Mining block at height 1...
✗ Mining failed after 20000000 attempts, skipping block
Mining block at height 1...
✗ Mining failed after 20000000 attempts, skipping block
Mining block at height 1...
✗ Mining failed after 20000000 attempts, skipping block
Mining block at height 1...
✗ Mining failed after 20000000 attempts, skipping block
Mining block at height 1...
✗ Mining failed after 20000000 attempts, skipping block
Mining block at height 1...
✗ Mining failed after 20000000 attempts, skipping block
Mining block at height 1...
✗ Mining failed after 20000000 attempts, skipping block
Mining block at height 1...
✗ Mining failed after 20000000 attempts, skipping block
Mining block at height 1...
✗ Mining failed after 20000000 attempts, skipping block
Mining block at height 1...
✗ Mining failed after 20000000 attempts, skipping block
Mining block at height 1...
✗ Mining failed after 20000000 attempts, skipping block
Mining block at height 1...
✗ Mining failed after 20000000 attempts, skipping block
Mining block at height 1...
✗ Mining failed after 20000000 attempts, skipping block
Mining block at height 1...
✗ Mining failed after 20000000 attempts, skipping block
Mining block at height 1...
✗ Mining failed after 20000000 attempts, skipping block
Mining block at height 1...
✗ Mining failed after 20000000 attempts, skipping block
Mining block at height 1...
✗ Mining failed after 20000000 attempts, skipping block
Mining block at height 1...
✗ Mining failed after 20000000 attempts, skipping block
Mining block at height 1...
✗ Mining failed after 20000000 attempts, skipping block
Mining block at height 1...
✗ Mining failed after 20000000 attempts, skipping block
Mining block at height 1...
✗ Mining failed after 20000000 attempts, skipping block
Mining block at height 1...
✗ Mining failed after 20000000 attempts, skipping block
Mining block at height 1...
✗ Mining failed after 20000000 attempts, skipping block
Mining block at height 1...
✗ Mining failed after 20000000 attempts, skipping block
Mining block at height 1...
✗ Mining failed after 20000000 attempts, skipping block
Mining block at height 1...
✗ Mining failed after 20000000 attempts, skipping block
Mining block at height 1...
✗ Mining failed after 20000000 attempts, skipping block
Mining block at height 1...
✗ Mining failed after 20000000 attempts, skipping block
Mining block at height 1...
✗ Mining failed after 20000000 attempts, skipping block
Mining block at height 1...
✗ Mining failed after 20000000 attempts, skipping block
Mining block at height 1...
✗ Mining failed after 20000000 attempts, skipping block
Mining block at height 1...
✗ Mining failed after 20000000 attempts, skipping block
Mining block at height 1...
✗ Mining failed after 20000000 attempts, skipping block
Mining block at height 1...
✗ Mining failed after 20000000 attempts, skipping block
Mining block at height 1...
✗ Mining failed after 20000000 attempts, skipping block
Mining block at height 1...
✗ Mining failed after 20000000 attempts, skipping block
Mining block at height 1...
✗ Mining failed after 20000000 attempts, skipping block
Mining block at height 1...
✗ Mining failed after 20000000 attempts, skipping block
Mining block at height 1...
✗ Mining failed after 20000000 attempts, skipping block
Mining block at height 1...
✗ Mining failed after 20000000 attempts, skipping block
Mining block at height 1...
✗ Mining failed after 20000000 attempts, skipping block
Mining block at height 1...
✗ Mining failed after 20000000 attempts, skipping block
Mining block at height 1...
✗ Mining failed after 20000000 attempts, skipping block
Mining block at height 1...
✗ Mining failed after 20000000 attempts, skipping block
Mining block at height 1...
✗ Mining failed after 20000000 attempts, skipping block
Mining block at height 1...
✗ Mining failed after 20000000 attempts, skipping block
Mining block at height 1...
✗ Mining failed after 20000000 attempts, skipping block
Mining block at height 1...
✗ Mining failed after 20000000 attempts, skipping block
Mining block at height 1...
✗ Mining failed after 20000000 attempts, skipping block
Mining block at height 1...
✗ Mining failed after 20000000 attempts, skipping block
Mining block at height 1...
✗ Mining failed after 20000000 attempts, skipping block
Mining block at height 1...
✗ Mining failed after 20000000 attempts, skipping block
Mining block at height 1...
✗ Mining failed after 20000000 attempts, skipping block
Mining block at height 1...
✗ Mining failed after 20000000 attempts, skipping block
Mining block at height 1...
✗ Mining failed after 20000000 attempts, skipping block
Mining block at height 1...
✗ Mining failed after 20000000 attempts, skipping block
Mining block at height 1...
✗ Mining failed after 20000000 attempts, skipping block
Mining block at height 1...
✗ Mining failed after 20000000 attempts, skipping block
Mining block at height 1...
✗ Mining failed after 20000000 attempts, skipping block
Mining block at height 1...
✗ Mining failed after 20000000 attempts, skipping block
Mining block at height 1...
✗ Mining failed after 20000000 attempts, skipping block
Mining block at height 1...
✗ Mining failed after 20000000 attempts, skipping block
Mining block at height 1...
✗ Mining failed after 20000000 attempts, skipping block
Mining block at height 1...
✗ Mining failed after 20000000 attempts, skipping block
Mining block at height 1...
✗ Mining failed after 20000000 attempts, skipping block
Mining block at height 1...
✗ Mining failed after 20000000 attempts, skipping block
Mining block at height 1...
✗ Mining failed after 20000000 attempts, skipping block
Mining block at height 1...
✗ Mining failed after 20000000 attempts, skipping block
Mining block at height 1...
✗ Mining failed after 20000000 attempts, skipping block
Mining block at height 1...
✗ Mining failed after 20000000 attempts, skipping block
Mining block at height 1...
✗ Mining failed after 20000000 attempts, skipping block
Mining block at height 1...
✗ Mining failed after 20000000 attempts, skipping block
Mining block at height 1...
✗ Mining failed after 20000000 attempts, skipping block
Mining block at height 1...
✗ Mining failed after 20000000 attempts, skipping block
Mining block at height 1...
✗ Mining failed after 20000000 attempts, skipping block
Mining block at height 1...
✗ Mining failed after 20000000 attempts, skipping block
Mining block at height 1...
✗ Mining failed after 20000000 attempts, skipping block
Mining block at height 1...
✗ Mining failed after 20000000 attempts, skipping block
Mining block at height 1...
✗ Mining failed after 20000000 attempts, skipping block
Mining block at height 1...
✗ Mining failed after 20000000 attempts, skipping block
Mining block at height 1...
✗ Mining failed after 20000000 attempts, skipping block
Mining block at height 1...
✗ Mining failed after 20000000 attempts, skipping block
Mining block at height 1...
✗ Mining failed after 20000000 attempts, skipping block
Mining block at height 1...
✗ Mining failed after 20000000 attempts, skipping block
Mining block at height 1...
✗ Mining failed after 20000000 attempts, skipping block
Mining block at height 1...
✗ Mining failed after 20000000 attempts, skipping block
Mining block at height 1...
✗ Mining failed after 20000000 attempts, skipping block
Mining block at height 1...
✗ Mining failed after 20000000 attempts, skipping block
Mining block at height 1...
✗ Mining failed after 20000000 attempts, skipping block
Mining block at height 1...
✗ Mining failed after 20000000 attempts, skipping block
Mining block at height 1...
✗ Mining failed after 20000000 attempts, skipping block
Mining block at height 1...
✗ Mining failed after 20000000 attempts, skipping block
Mining block at height 1...
✗ Mining failed after 20000000 attempts, skipping block
Mining block at height 1...
✗ Mining failed after 20000000 attempts, skipping block
Mining block at height 1...
✗ Mining failed after 20000000 attempts, skipping block
Mining block at height 1...
✗ Mining failed after 20000000 attempts, skipping block
Mining block at height 1...
✗ Mining failed after 20000000 attempts, skipping block
Mining block at height 1...
✗ Mining failed after 20000000 attempts, skipping block
Mining block at height 1...
✗ Mining failed after 20000000 attempts, skipping block
Mining block at height 1...
✗ Mining failed after 20000000 attempts, skipping block
Mining block at height 1...
✗ Mining failed after 20000000 attempts, skipping block
Mining block at height 1...
✗ Mining failed after 20000000 attempts, skipping block
Mining block at height 1...
✗ Mining failed after 20000000 attempts, skipping block
Mining block at height 1...
✗ Mining failed after 20000000 attempts, skipping block
Mining block at height 1...
✗ Mining failed after 20000000 attempts, skipping block
Mining block at height 1...
✗ Mining failed after 20000000 attempts, skipping block
Mining block at height 1...
✗ Mining failed after 20000000 attempts, skipping block
Mining block at height 1...
✗ Mining failed after 20000000 attempts, skipping block
Mining block at height 1...
✗ Mining failed after 20000000 attempts, skipping block
Mining block at height 1...
✗ Mining failed after 20000000 attempts, skipping block
Mining block at height 1...
✗ Mining failed after 20000000 attempts, skipping block
Mining block at height 1...
✗ Mining failed after 20000000 attempts, skipping block
Mining block at height 1...
✗ Mining failed after 20000000 attempts, skipping block
Mining block at height 1...
✗ Mining failed after 20000000 attempts, skipping block
Mining block at height 1...
✗ Mining failed after 20000000 attempts, skipping block
Mining block at height 1...
✗ Mining failed after 20000000 attempts, skipping block
Mining block at height 1...
✗ Mining failed after 20000000 attempts, skipping block
Mining block at height 1...
✗ Mining failed after 20000000 attempts, skipping block
Mining block at height 1...
✗ Mining failed after 20000000 attempts, skipping block
Mining block at height 1...
✗ Mining failed after 20000000 attempts, skipping block
Mining block at height 1...
✗ Mining failed after 20000000 attempts, skipping block
Mining block at height 1...
✗ Mining failed after 20000000 attempts, skipping block
Mining block at height 1...
✗ Mining failed after 20000000 attempts, skipping block
Mining block at height 1...
✗ Mining failed after 20000000 attempts, skipping block
Mining block at height 1...
✗ Mining failed after 20000000 attempts, skipping block
Mining block at height 1...
✗ Mining failed after 20000000 attempts, skipping block
Mining block at height 1...
✗ Mining failed after 20000000 attempts, skipping block
Mining block at height 1...
✗ Mining failed after 20000000 attempts, skipping block
Mining block at height 1...
✗ Mining failed after 20000000 attempts, skipping block
Mining block at height 1...
✗ Mining failed after 20000000 attempts, skipping block
Mining block at height 1...
✗ Mining failed after 20000000 attempts, skipping block
Mining block at height 1...
✗ Mining failed after 20000000 attempts, skipping block
Mining block at height 1...
✗ Mining failed after 20000000 attempts, skipping block
Mining block at height 1...
✗ Mining failed after 20000000 attempts, skipping block
Mining block at height 1...
✗ Mining failed after 20000000 attempts, skipping block
Mining block at height 1...
✗ Mining failed after 20000000 attempts, skipping block
Mining block at height 1...
✗ Mining failed after 20000000 attempts, skipping block
Mining block at height 1...
✗ Mining failed after 20000000 attempts, skipping block
Mining block at height 1...
✗ Mining failed after 20000000 attempts, skipping block
Mining block at height 1...
✗ Mining failed after 20000000 attempts, skipping block
Mining block at height 1...
✗ Mining failed after 20000000 attempts, skipping block
Mining block at height 1...
✗ Mining failed after 20000000 attempts, skipping block
Mining block at height 1...
✗ Mining failed after 20000000 attempts, skipping block
Mining block at height 1...
✗ Mining failed after 20000000 attempts, skipping block
Mining block at height 1...
✗ Mining failed after 20000000 attempts, skipping block
Mining block at height 1...
✗ Mining failed after 20000000 attempts, skipping block
Mining block at height 1...
✗ Mining failed after 20000000 attempts, skipping block
Mining block at height 1...
✗ Mining failed after 20000000 attempts, skipping block
Mining block at height 1...
✗ Mining failed after 20000000 attempts, skipping block
Mining block at height 1...
✗ Mining failed after 20000000 attempts, skipping block
Mining block at height 1...
✗ Mining failed after 20000000 attempts, skipping block
Mining block at height 1...
✗ Mining failed after 20000000 attempts, skipping block
Mining block at height 1...
✗ Mining failed after 20000000 attempts, skipping block
Mining block at height 1...
✗ Mining failed after 20000000 attempts, skipping block
Mining block at height 1...
✗ Mining failed after 20000000 attempts, skipping block
Mining block at height 1...
✗ Mining failed after 20000000 attempts, skipping block
Mining block at height 1...
✗ Mining failed after 20000000 attempts, skipping block
Mining block at height 1...
✗ Mining failed after 20000000 attempts, skipping block
Mining block at height 1...
✗ Mining failed after 20000000 attempts, skipping block
Mining block at height 1...
✗ Mining failed after 20000000 attempts, skipping block
Mining block at height 1...
✗ Mining failed after 20000000 attempts, skipping block
Mining block at height 1...
✗ Mining failed after 20000000 attempts, skipping block
Mining block at height 1...
✗ Mining failed after 20000000 attempts, skipping block
Mining block at height 1...
✗ Mining failed after 20000000 attempts, skipping block
Mining block at height 1...
✗ Mining failed after 20000000 attempts, skipping block
Mining block at height 1...
✗ Mining failed after 20000000 attempts, skipping block
Mining block at height 1...
✗ Mining failed after 20000000 attempts, skipping block
Mining block at height 1...
✗ Mining failed after 20000000 attempts, skipping block
Mining block at height 1...
✗ Mining failed after 20000000 attempts, skipping block
Mining block at height 1...
✗ Mining failed after 20000000 attempts, skipping block
Mining block at height 1...
✗ Mining failed after 20000000 attempts, skipping block
Mining block at height 1...
✗ Mining failed after 20000000 attempts, skipping block
Mining block at height 1...
✗ Mining failed after 20000000 attempts, skipping block
Mining block at height 1...
✗ Mining failed after 20000000 attempts, skipping block
Mining block at height 1...
✗ Mining failed after 20000000 attempts, skipping block
Mining block at height 1...
✗ Mining failed after 20000000 attempts, skipping block
Mining block at height 1...
✗ Mining failed after 20000000 attempts, skipping block
Mining block at height 1...
✗ Mining failed after 20000000 attempts, skipping block
Mining block at height 1...
✗ Mining failed after 20000000 attempts, skipping block
Mining block at height 1...
✗ Mining failed after 20000000 attempts, skipping block
Mining block at height 1...
✗ Mining failed after 20000000 attempts, skipping block
Mining block at height 1...
✗ Mining failed after 20000000 attempts, skipping block
Mining block at height 1...
✗ Mining failed after 20000000 attempts, skipping block
Mining block at height 1...
✗ Mining failed after 20000000 attempts, skipping block
Mining block at height 1...
✗ Mining failed after 20000000 attempts, skipping block
Mining block at height 1...
✗ Mining failed after 20000000 attempts, skipping block
Mining block at height 1...
✗ Mining failed after 20000000 attempts, skipping block
Mining block at height 1...
✗ Mining failed after 20000000 attempts, skipping block
Mining block at height 1...
✗ Mining failed after 20000000 attempts, skipping block
Mining block at height 1...
✗ Mining failed after 20000000 attempts, skipping block
Mining block at height 1...
✗ Mining failed after 20000000 attempts, skipping block
Mining block at height 1...
✗ Mining failed after 20000000 attempts, skipping block
Mining block at height 1...
✗ Mining failed after 20000000 attempts, skipping block
Mining block at height 1...
✗ Mining failed after 20000000 attempts, skipping block
Mining block at height 1...
✗ Mining failed after 20000000 attempts, skipping block
Mining block at height 1...
✗ Mining failed after 20000000 attempts, skipping block
Mining block at height 1...
✗ Mining failed after 20000000 attempts, skipping block
Mining block at height 1...
✗ Mining failed after 20000000 attempts, skipping block
Mining block at height 1...
✗ Mining failed after 20000000 attempts, skipping block
Mining block at height 1...
✗ Mining failed after 20000000 attempts, skipping block
Mining block at height 1...
✗ Mining failed after 20000000 attempts, skipping block
Mining block at height 1...
✗ Mining failed after 20000000 attempts, skipping block
Mining block at height 1...
✗ Mining failed after 20000000 attempts, skipping block
Mining block at height 1...
✗ Mining failed after 20000000 attempts, skipping block
Mining block at height 1...
✗ Mining failed after 20000000 attempts, skipping block
Mining block at height 1...
✗ Mining failed after 20000000 attempts, skipping block
Mining block at height 1...
✗ Mining failed after 20000000 attempts, skipping block
Mining block at height 1...
✗ Mining failed after 20000000 attempts, skipping block
Mining block at height 1...
✗ Mining failed after 20000000 attempts, skipping block
Mining block at height 1...
✗ Mining failed after 20000000 attempts, skipping block
Mining block at height 1...
✗ Mining failed after 20000000 attempts, skipping block
Mining block at height 1...
✗ Mining failed after 20000000 attempts, skipping block
Mining block at height 1...
✗ Mining failed after 20000000 attempts, skipping block
Mining block at height 1...
✗ Mining failed after 20000000 attempts, skipping block
Mining block at height 1...
✗ Mining failed after 20000000 attempts, skipping block
Mining block at height 1...
✗ Mining failed after 20000000 attempts, skipping block
Mining block at height 1...
✗ Mining failed after 20000000 attempts, skipping block
Mining block at height 1...
✗ Mining failed after 20000000 attempts, skipping block
Mining block at height 1...
✗ Mining failed after 20000000 attempts, skipping block
Mining block at height 1...
✗ Mining failed after 20000000 attempts, skipping block
Mining block at height 1...
✗ Mining failed after 20000000 attempts, skipping block
Mining block at height 1...
✗ Mining failed after 20000000 attempts, skipping block
Mining block at height 1...
✗ Mining failed after 20000000 attempts, skipping block
Mining block at height 1...
✗ Mining failed after 20000000 attempts, skipping block
Mining block at height 1...
✗ Mining failed after 20000000 attempts, skipping block
Mining block at height 1...
✗ Mining failed after 20000000 attempts, skipping block
Mining block at height 1...
✗ Mining failed after 20000000 attempts, skipping block
Mining block at height 1...
✗ Mining failed after 20000000 attempts, skipping block
Mining block at height 1...
✗ Mining failed after 20000000 attempts, skipping block
Mining block at height 1...
✗ Mining failed after 20000000 attempts, skipping block
Mining block at height 1...
✗ Mining failed after 20000000 attempts, skipping block
Mining block at height 1...
✗ Mining failed after 20000000 attempts, skipping block
Mining block at height 1...
✗ Mining failed after 20000000 attempts, skipping block
Mining block at height 1...
✗ Mining failed after 20000000 attempts, skipping block
Mining block at height 1...
✗ Mining failed after 20000000 attempts, skipping block
Mining block at height 1...
✗ Mining failed after 20000000 attempts, skipping block
Mining block at height 1...
✗ Mining failed after 20000000 attempts, skipping block
Mining block at height 1...
✗ Mining failed after 20000000 attempts, skipping block
Mining block at height 1...
✗ Mining failed after 20000000 attempts, skipping block
Mining block at height 1...
✗ Mining failed after 20000000 attempts, skipping block
Mining block at height 1...
✗ Mining failed after 20000000 attempts, skipping block
Mining block at height 1...
✗ Mining failed after 20000000 attempts, skipping block
Mining block at height 1...
✗ Mining failed after 20000000 attempts, skipping block
Mining block at height 1...
✗ Mining failed after 20000000 attempts, skipping block
Mining block at height 1...
✗ Mining failed after 20000000 attempts, skipping block
Mining block at height 1...
✗ Mining failed after 20000000 attempts, skipping block
Mining block at height 1...
✗ Mining failed after 20000000 attempts, skipping block
Mining block at height 1...
✗ Mining failed after 20000000 attempts, skipping block
Mining block at height 1...
✗ Mining failed after 20000000 attempts, skipping block
Mining block at height 1...
✗ Mining failed after 20000000 attempts, skipping block
Mining block at height 1...
✗ Mining failed after 20000000 attempts, skipping block
Mining block at height 1...
✗ Mining failed after 20000000 attempts, skipping block
Mining block at height 1...
✗ Mining failed after 20000000 attempts, skipping block
Mining block at height 1...
✗ Mining failed after 20000000 attempts, skipping block
Mining block at height 1...
✗ Mining failed after 20000000 attempts, skipping block
Mining block at height 1...
✗ Mining failed after 20000000 attempts, skipping block
Mining block at height 1...
✗ Mining failed after 20000000 attempts, skipping block
Mining block at height 1...
✗ Mining failed after 20000000 attempts, skipping block
Mining block at height 1...
✗ Mining failed after 20000000 attempts, skipping block
Mining block at height 1...
✗ Mining failed after 20000000 attempts, skipping block
Mining block at height 1...
✗ Mining failed after 20000000 attempts, skipping block
Mining block at height 1...
✗ Mining failed after 20000000 attempts, skipping block
Mining block at height 1...
✗ Mining failed after 20000000 attempts, skipping block
Mining block at height 1...
✗ Mining failed after 20000000 attempts, skipping block
Mining block at height 1...
✗ Mining failed after 20000000 attempts, skipping block
Mining block at height 1...
✗ Mining failed after 20000000 attempts, skipping block
Mining block at height 1...
✗ Mining failed after 20000000 attempts, skipping block
Mining block at height 1...
✗ Mining failed after 20000000 attempts, skipping block
Mining block at height 1...
✗ Mining failed after 20000000 attempts, skipping block
Mining block at height 1...
✗ Mining failed after 20000000 attempts, skipping block
Mining block at height 1...
✗ Mining failed after 20000000 attempts, skipping block
Mining block at height 1...
✗ Mining failed after 20000000 attempts, skipping block
Mining block at height 1...
✗ Mining failed after 20000000 attempts, skipping block
Mining block at height 1...
✗ Mining failed after 20000000 attempts, skipping block
Mining block at height 1...
✗ Mining failed after 20000000 attempts, skipping block
Mining block at height 1...
✗ Mining failed after 20000000 attempts, skipping block
Mining block at height 1...
✗ Mining failed after 20000000 attempts, skipping block
Mining block at height 1...
✗ Mining failed after 20000000 attempts, skipping block
Mining block at height 1...
✗ Mining failed after 20000000 attempts, skipping block
Mining block at height 1...
✗ Mining failed after 20000000 attempts, skipping block
Mining block at height 1...
✗ Mining failed after 20000000 attempts, skipping block
Mining block at height 1...
✗ Mining failed after 20000000 attempts, skipping block
Mining block at height 1...
✗ Mining failed after 20000000 attempts, skipping block
Mining block at height 1...
✗ Mining failed after 20000000 attempts, skipping block
Mining block at height 1...
✗ Mining failed after 20000000 attempts, skipping block
Mining block at height 1...
✗ Mining failed after 20000000 attempts, skipping block
Mining block at height 1...
✗ Mining failed after 20000000 attempts, skipping block
Mining block at height 1...
✗ Mining failed after 20000000 attempts, skipping block
Mining block at height 1...
✗ Mining failed after 20000000 attempts, skipping block
Mining block at height 1...
✗ Mining failed after 20000000 attempts, skipping block
Mining block at height 1...
✗ Mining failed after 20000000 attempts, skipping block
Mining block at height 1...
✗ Mining failed after 20000000 attempts, skipping block
Mining block at height 1...
✗ Mining failed after 20000000 attempts, skipping block
Mining block at height 1...
✗ Mining failed after 20000000 attempts, skipping block
Mining block at height 1...
✗ Mining failed after 20000000 attempts, skipping block
Mining block at height 1...
✗ Mining failed after 20000000 attempts, skipping block
Mining block at height 1...
✗ Mining failed after 20000000 attempts, skipping block
Mining block at height 1...
✗ Mining failed after 20000000 attempts, skipping block
Mining block at height 1...
✗ Mining failed after 20000000 attempts, skipping block
Mining block at height 1...
✗ Mining failed after 20000000 attempts, skipping block
Mining block at height 1...
✗ Mining failed after 20000000 attempts, skipping block
Mining block at height 1...
✗ Mining failed after 20000000 attempts, skipping block
Mining block at height 1...
✗ Mining failed after 20000000 attempts, skipping block
Mining block at height 1...
✗ Mining failed after 20000000 attempts, skipping block
Mining block at height 1...
✗ Mining failed after 20000000 attempts, skipping block
Mining block at height 1...
✗ Mining failed after 20000000 attempts, skipping block
Mining block at height 1...
✗ Mining failed after 20000000 attempts, skipping block
Mining block at height 1...
✗ Mining failed after 20000000 attempts, skipping block
Mining block at height 1...
✗ Mining failed after 20000000 attempts, skipping block
Mining block at height 1...
✗ Mining failed after 20000000 attempts, skipping block
Mining block at height 1...
✗ Mining failed after 20000000 attempts, skipping block
Mining block at height 1...
✗ Mining failed after 20000000 attempts, skipping block
Mining block at height 1...
✗ Mining failed after 20000000 attempts, skipping block
Mining block at height 1...
✗ Mining failed after 20000000 attempts, skipping block
Mining block at height 1...
✗ Mining failed after 20000000 attempts, skipping block
Mining block at height 1...
✗ Mining failed after 20000000 attempts, skipping block
Mining block at height 1...
✗ Mining failed after 20000000 attempts, skipping block
Mining block at height 1...
✗ Mining failed after 20000000 attempts, skipping block
Mining block at height 1...
✗ Mining failed after 20000000 attempts, skipping block
Mining block at height 1...
✗ Mining failed after 20000000 attempts, skipping block
Mining block at height 1...
✗ Mining failed after 20000000 attempts, skipping block
Mining block at height 1...
✗ Mining failed after 20000000 attempts, skipping block
Mining block at height 1...
✗ Mining failed after 20000000 attempts, skipping block
Mining block at height 1...
✗ Mining failed after 20000000 attempts, skipping block
Mining block at height 1...
✗ Mining failed after 20000000 attempts, skipping block
Mining block at height 1...
✗ Mining failed after 20000000 attempts, skipping block
Mining block at height 1...
✗ Mining failed after 20000000 attempts, skipping block
Mining block at height 1...
✗ Mining failed after 20000000 attempts, skipping block
Mining block at height 1...
✗ Mining failed after 20000000 attempts, skipping block
Mining block at height 1...
✗ Mining failed after 20000000 attempts, skipping block
Mining block at height 1...
✗ Mining failed after 20000000 attempts, skipping block
Mining block at height 1...
✗ Mining failed after 20000000 attempts, skipping block
Mining block at height 1...
✗ Mining failed after 20000000 attempts, skipping block
Mining block at height 1...
✗ Mining failed after 20000000 attempts, skipping block
Mining block at height 1...
✗ Mining failed after 20000000 attempts, skipping block
Mining block at height 1...
✗ Mining failed after 20000000 attempts, skipping block
Mining block at height 1...
✗ Mining failed after 20000000 attempts, skipping block
Mining block at height 1...
✗ Mining failed after 20000000 attempts, skipping block
Mining block at height 1...
✗ Mining failed after 20000000 attempts, skipping block
Mining block at height 1...
✗ Mining failed after 20000000 attempts, skipping block
Mining block at height 1...
✗ Mining failed after 20000000 attempts, skipping block
Mining block at height 1...
✗ Mining failed after 20000000 attempts, skipping block
Mining block at height 1...
✗ Mining failed after 20000000 attempts, skipping block
Mining block at height 1...
✗ Mining failed after 20000000 attempts, skipping block
Mining block at height 1...
✗ Mining failed after 20000000 attempts, skipping block
Mining block at height 1...
✗ Mining failed after 20000000 attempts, skipping block
Mining block at height 1...
✗ Mining failed after 20000000 attempts, skipping block
Mining block at height 1...
✗ Mining failed after 20000000 attempts, skipping block
Mining block at height 1...
✗ Mining failed after 20000000 attempts, skipping block
Mining block at height 1...
✗ Mining failed after 20000000 attempts, skipping block
Mining block at height 1...
✗ Mining failed after 20000000 attempts, skipping block
Mining block at height 1...
✗ Mining failed after 20000000 attempts, skipping block
Mining block at height 1...
✗ Mining failed after 20000000 attempts, skipping block
Mining block at height 1...
✗ Mining failed after 20000000 attempts, skipping block
Mining block at height 1...
✗ Mining failed after 20000000 attempts, skipping block
Mining block at height 1...
✗ Mining failed after 20000000 attempts, skipping block
Mining block at height 1...
✗ Mining failed after 20000000 attempts, skipping block
Mining block at height 1...
✗ Mining failed after 20000000 attempts, skipping block
Mining block at height 1...
✗ Mining failed after 20000000 attempts, skipping block
Mining block at height 1...
✗ Mining failed after 20000000 attempts, skipping block
Mining block at height 1...
✗ Mining failed after 20000000 attempts, skipping block
Mining block at height 1...
✗ Mining failed after 20000000 attempts, skipping block
Mining block at height 1...
✗ Mining failed after 20000000 attempts, skipping block
Mining block at height 1...
✗ Mining failed after 20000000 attempts, skipping block
Mining block at height 1...
✗ Mining failed after 20000000 attempts, skipping block
Mining block at height 1...
✗ Mining failed after 20000000 attempts, skipping block
Mining block at height 1...
✗ Mining failed after 20000000 attempts, skipping block
Mining block at height 1...
✗ Mining failed after 20000000 attempts, skipping block
Mining block at height 1...
✗ Mining failed after 20000000 attempts, skipping block
Mining block at height 1...
✗ Mining failed after 20000000 attempts, skipping block
Mining block at height 1...
✗ Mining failed after 20000000 attempts, skipping block
Mining block at height 1...
✗ Mining failed after 20000000 attempts, skipping block
Mining block at height 1...
✗ Mining failed after 20000000 attempts, skipping block
Mining block at height 1...
✗ Mining failed after 20000000 attempts, skipping block
Mining block at height 1...
✗ Mining failed after 20000000 attempts, skipping block
Mining block at height 1...
✗ Mining failed after 20000000 attempts, skipping block
Mining block at height 1...
✗ Mining failed after 20000000 attempts, skipping block
Mining block at height 1...
✗ Mining failed after 20000000 attempts, skipping block
Mining block at height 1...
✗ Mining failed after 20000000 attempts, skipping block
Mining block at height 1...
✗ Mining failed after 20000000 attempts, skipping block
Mining block at height 1...
✗ Mining failed after 20000000 attempts, skipping block
Mining block at height 1...
✗ Mining failed after 20000000 attempts, skipping block
Mining block at height 1...
✗ Mining failed after 20000000 attempts, skipping block
Mining block at height 1...
✗ Mining failed after 20000000 attempts, skipping block
Mining block at height 1...
✗ Mining failed after 20000000 attempts, skipping block
Mining block at height 1...
✗ Mining failed after 20000000 attempts, skipping block
Mining block at height 1...
✗ Mining failed after 20000000 attempts, skipping block
Mining block at height 1...
✗ Mining failed after 20000000 attempts, skipping block
Mining block at height 1...
✗ Mining failed after 20000000 attempts, skipping block
Mining block at height 1...
✗ Mining failed after 20000000 attempts, skipping block
Mining block at height 1...
✗ Mining failed after 20000000 attempts, skipping block
Mining block at height 1...
✗ Mining failed after 20000000 attempts, skipping block
Mining block at height 1...
✗ Mining failed after 20000000 attempts, skipping block
Mining block at height 1...
✗ Mining failed after 20000000 attempts, skipping block
Mining block at height 1...
✗ Mining failed after 20000000 attempts, skipping block
Mining block at height 1...
✗ Mining failed after 20000000 attempts, skipping block
Mining block at height 1...
✗ Mining failed after 20000000 attempts, skipping block
Mining block at height 1...
✗ Mining failed after 20000000 attempts, skipping block
Mining block at height 1...
✗ Mining failed after 20000000 attempts, skipping block
Mining block at height 1...
✗ Mining failed after 20000000 attempts, skipping block
Mining block at height 1...
✗ Mining failed after 20000000 attempts, skipping block
Mining block at height 1...
✗ Mining failed after 20000000 attempts, skipping block
Mining block at height 1...
✗ Mining failed after 20000000 attempts, skipping block
Mining block at height 1...
✗ Mining failed after 20000000 attempts, skipping block
Mining block at height 1...
✗ Mining failed after 20000000 attempts, skipping block
Mining block at height 1...
✗ Mining failed after 20000000 attempts, skipping block
Mining block at height 1...
✗ Mining failed after 20000000 attempts, skipping block
Mining block at height 1...
✗ Mining failed after 20000000 attempts, skipping block
Mining block at height 1...
✗ Mining failed after 20000000 attempts, skipping block
Mining block at height 1...
✗ Mining failed after 20000000 attempts, skipping block
Mining block at height 1...
✗ Mining failed after 20000000 attempts, skipping block
Mining block at height 1...
✗ Mining failed after 20000000 attempts, skipping block
Mining block at height 1...
✗ Mining failed after 20000000 attempts, skipping block
Mining block at height 1...
✗ Mining failed after 20000000 attempts, skipping block
Mining block at height 1...
✗ Mining failed after 20000000 attempts, skipping block
Mining block at height 1...
✗ Mining failed after 20000000 attempts, skipping block
Mining block at height 1...
✗ Mining failed after 20000000 attempts, skipping block
Mining block at height 1...
✗ Mining failed after 20000000 attempts, skipping block
Mining block at height 1...
✗ Mining failed after 20000000 attempts, skipping block
Mining block at height 1...
✗ Mining failed after 20000000 attempts, skipping block
Mining block at height 1...
✗ Mining failed after 20000000 attempts, skipping block
Mining block at height 1...
✗ Mining failed after 20000000 attempts, skipping block
Mining block at height 1...
✗ Mining failed after 20000000 attempts, skipping block
Mining block at height 1...
✗ Mining failed after 20000000 attempts, skipping block
Mining block at height 1...
✗ Mining failed after 20000000 attempts, skipping block
Mining block at height 1...
✗ Mining failed after 20000000 attempts, skipping block
Mining block at height 1...
✗ Mining failed after 20000000 attempts, skipping block
Mining block at height 1...
✗ Mining failed after 20000000 attempts, skipping block
Mining block at height 1...
✗ Mining failed after 20000000 attempts, skipping block
Mining block at height 1...
✗ Mining failed after 20000000 attempts, skipping block
Mining block at height 1...
✗ Mining failed after 20000000 attempts, skipping block
Mining block at height 1...
✗ Mining failed after 20000000 attempts, skipping block
Mining block at height 1...
✗ Mining failed after 20000000 attempts, skipping block
Mining block at height 1...
✗ Mining failed after 20000000 attempts, skipping block
Mining block at height 1...
✗ Mining failed after 20000000 attempts, skipping block
Mining block at height 1...
✗ Mining failed after 20000000 attempts, skipping block
Mining block at height 1...
✗ Mining failed after 20000000 attempts, skipping block
Mining block at height 1...
✗ Mining failed after 20000000 attempts, skipping block
Mining block at height 1...
✗ Mining failed after 20000000 attempts, skipping block
Mining block at height 1...
✗ Mining failed after 20000000 attempts, skipping block
Mining block at height 1...
✗ Mining failed after 20000000 attempts, skipping block
Mining block at height 1...
✗ Mining failed after 20000000 attempts, skipping block
Mining block at height 1...
✗ Mining failed after 20000000 attempts, skipping block
Mining block at height 1...
✗ Mining failed after 20000000 attempts, skipping block
Mining block at height 1...
✗ Mining failed after 20000000 attempts, skipping block
Mining block at height 1...
✗ Mining failed after 20000000 attempts, skipping block
Mining block at height 1...
✗ Mining failed after 20000000 attempts, skipping block
Mining block at height 1...
✗ Mining failed after 20000000 attempts, skipping block
Mining block at height 1...
✗ Mining failed after 20000000 attempts, skipping block
Mining block at height 1...
✗ Mining failed after 20000000 attempts, skipping block
Mining block at height 1...
✗ Mining failed after 20000000 attempts, skipping block
Mining block at height 1...
✗ Mining failed after 20000000 attempts, skipping block
Mining block at height 1...
✗ Mining failed after 20000000 attempts, skipping block
Mining block at height 1...
✗ Mining failed after 20000000 attempts, skipping block
Mining block at height 1...
✗ Mining failed after 20000000 attempts, skipping block
Mining block at height 1...
✗ Mining failed after 20000000 attempts, skipping block
Mining block at height 1...
✗ Mining failed after 20000000 attempts, skipping block
Mining block at height 1...
✗ Mining failed after 20000000 attempts, skipping block
Mining block at height 1...
✗ Mining failed after 20000000 attempts, skipping block
Mining block at height 1...
✗ Mining failed after 20000000 attempts, skipping block
Mining block at height 1...
✗ Mining failed after 20000000 attempts, skipping block
Mining block at height 1...
✗ Mining failed after 20000000 attempts, skipping block
Mining block at height 1...
✗ Mining failed after 20000000 attempts, skipping block
Mining block at height 1...
✗ Mining failed after 20000000 attempts, skipping block
Mining block at height 1...
✗ Mining failed after 20000000 attempts, skipping block
Mining block at height 1...
✗ Mining failed after 20000000 attempts, skipping block
Mining block at height 1...
✗ Mining failed after 20000000 attempts, skipping block
Mining block at height 1...
✗ Mining failed after 20000000 attempts, skipping block
Mining block at height 1...
✗ Mining failed after 20000000 attempts, skipping block
Mining block at height 1...
✗ Mining failed after 20000000 attempts, skipping block
Mining block at height 1...
✗ Mining failed after 20000000 attempts, skipping block
Mining block at height 1...
✗ Mining failed after 20000000 attempts, skipping block
Mining block at height 1...
✗ Mining failed after 20000000 attempts, skipping block
Mining block at height 1...
✗ Mining failed after 20000000 attempts, skipping block
Mining block at height 1...
✗ Mining failed after 20000000 attempts, skipping block
Mining block at height 1...
✗ Mining failed after 20000000 attempts, skipping block
Mining block at height 1...
✗ Mining failed after 20000000 attempts, skipping block
Mining block at height 1...
✗ Mining failed after 20000000 attempts, skipping block
Mining block at height 1...
✗ Mining failed after 20000000 attempts, skipping block
Mining block at height 1...
✗ Mining failed after 20000000 attempts, skipping block
Mining block at height 1...
✗ Mining failed after 20000000 attempts, skipping block
Mining block at height 1...
✗ Mining failed after 20000000 attempts, skipping block
Mining block at height 1...
✗ Mining failed after 20000000 attempts, skipping block
Mining block at height 1...
✗ Mining failed after 20000000 attempts, skipping block
Mining block at height 1...
✗ Mining failed after 20000000 attempts, skipping block
Mining block at height 1...
✗ Mining failed after 20000000 attempts, skipping block
Mining block at height 1...
✗ Mining failed after 20000000 attempts, skipping block
Mining block at height 1...
✗ Mining failed after 20000000 attempts, skipping block
Mining block at height 1...
✗ Mining failed after 20000000 attempts, skipping block
Mining block at height 1...
✗ Mining failed after 20000000 attempts, skipping block
Mining block at height 1...
✗ Mining failed after 20000000 attempts, skipping block
Mining block at height 1...
✗ Mining failed after 20000000 attempts, skipping block
Mining block at height 1...
✗ Mining failed after 20000000 attempts, skipping block
Mining block at height 1...
✗ Mining failed after 20000000 attempts, skipping block
Mining block at height 1...
✗ Mining failed after 20000000 attempts, skipping block
Mining block at height 1...
✗ Mining failed after 20000000 attempts, skipping block
Mining block at height 1...
✗ Mining failed after 20000000 attempts, skipping block
Mining block at height 1...
✗ Mining failed after 20000000 attempts, skipping block
Mining block at height 1...
✗ Mining failed after 20000000 attempts, skipping block
Mining block at height 1...
✗ Mining failed after 20000000 attempts, skipping block
Mining block at height 1...
✗ Mining failed after 20000000 attempts, skipping block
Mining block at height 1...
✗ Mining failed after 20000000 attempts, skipping block
Mining block at height 1...
✗ Mining failed after 20000000 attempts, skipping block
Mining block at height 1...
✗ Mining failed after 20000000 attempts, skipping block
Mining block at height 1...
✗ Mining failed after 20000000 attempts, skipping block
Mining block at height 1...
✗ Mining failed after 20000000 attempts, skipping block
Mining block at height 1...
✗ Mining failed after 20000000 attempts, skipping block
Mining block at height 1...
✗ Mining failed after 20000000 attempts, skipping block
Mining block at height 1...
✗ Mining failed after 20000000 attempts, skipping block
Mining block at height 1...
✗ Mining failed after 20000000 attempts, skipping block
Mining block at height 1...
✗ Mining failed after 20000000 attempts, skipping block
Mining block at height 1...
✗ Mining failed after 20000000 attempts, skipping block
Mining block at height 1...
✗ Mining failed after 20000000 attempts, skipping block
Mining block at height 1...
✗ Mining failed after 20000000 attempts, skipping block
Mining block at height 1...
✗ Mining failed after 20000000 attempts, skipping block
Mining block at height 1...
✗ Mining failed after 20000000 attempts, skipping block
Mining block at height 1...
✗ Mining failed after 20000000 attempts, skipping block
Mining block at height 1...
✗ Mining failed after 20000000 attempts, skipping block
Mining block at height 1...
✗ Mining failed after 20000000 attempts, skipping block
Mining block at height 1...
✗ Mining failed after 20000000 attempts, skipping block
Mining block at height 1...
✗ Mining failed after 20000000 attempts, skipping block
Mining block at height 1...
✗ Mining failed after 20000000 attempts, skipping block
Mining block at height 1...
✗ Mining failed after 20000000 attempts, skipping block
Mining block at height 1...
✗ Mining failed after 20000000 attempts, skipping block
Mining block at height 1...
✗ Mining failed after 20000000 attempts, skipping block
Mining block at height 1...
✗ Mining failed after 20000000 attempts, skipping block
Mining block at height 1...
✗ Mining failed after 20000000 attempts, skipping block
Mining block at height 1...
✗ Mining failed after 20000000 attempts, skipping block
Mining block at height 1...
✗ Mining failed after 20000000 attempts, skipping block
Mining block at height 1...
✗ Mining failed after 20000000 attempts, skipping block
Mining block at height 1...
✗ Mining failed after 20000000 attempts, skipping block
Mining block at height 1...
✗ Mining failed after 20000000 attempts, skipping block
Mining block at height 1...
✗ Mining failed after 20000000 attempts, skipping block
Mining block at height 1...
✗ Mining failed after 20000000 attempts, skipping block
Mining block at height 1...
✗ Mining failed after 20000000 attempts, skipping block
Mining block at height 1...
✗ Mining failed after 20000000 attempts, skipping block
Mining block at height 1...
✗ Mining failed after 20000000 attempts, skipping block
Mining block at height 1...
✗ Mining failed after 20000000 attempts, skipping block
Mining block at height 1...
✗ Mining failed after 20000000 attempts, skipping block
Mining block at height 1...
✗ Mining failed after 20000000 attempts, skipping block
Mining block at height 1...
✗ Mining failed after 20000000 attempts, skipping block
Mining block at height 1...
✗ Mining failed after 20000000 attempts, skipping block
Mining block at height 1...
✗ Mining failed after 20000000 attempts, skipping block
Mining block at height 1...
✗ Mining failed after 20000000 attempts, skipping block
Mining block at height 1...
✗ Mining failed after 20000000 attempts, skipping block
Mining block at height 1...
✗ Mining failed after 20000000 attempts, skipping block
Mining block at height 1...
✗ Mining failed after 20000000 attempts, skipping block
Mining block at height 1...
✗ Mining failed after 20000000 attempts, skipping block
Mining block at height 1...
✗ Mining failed after 20000000 attempts, skipping block
Mining block at height 1...
✗ Mining failed after 20000000 attempts, skipping block
Mining block at height 1...
✗ Mining failed after 20000000 attempts, skipping block
Mining block at height 1...
✗ Mining failed after 20000000 attempts, skipping block
Mining block at height 1...
✗ Mining failed after 20000000 attempts, skipping block
Mining block at height 1...
✗ Mining failed after 20000000 attempts, skipping block
Mining block at height 1...
✗ Mining failed after 20000000 attempts, skipping block
Mining block at height 1...
✗ Mining failed after 20000000 attempts, skipping block
Mining block at height 1...
✗ Mining failed after 20000000 attempts, skipping block
Mining block at height 1...
✗ Mining failed after 20000000 attempts, skipping block
Mining block at height 1...
✗ Mining failed after 20000000 attempts, skipping block
Mining block at height 1...
✗ Mining failed after 20000000 attempts, skipping block
Mining block at height 1...
✗ Mining failed after 20000000 attempts, skipping block
Mining block at height 1...
✗ Mining failed after 20000000 attempts, skipping block
Mining block at height 1...
✗ Mining failed after 20000000 attempts, skipping block
Mining block at height 1...
✗ Mining failed after 20000000 attempts, skipping block
Mining block at height 1...
✗ Mining failed after 20000000 attempts, skipping block
Mining block at height 1...
✗ Mining failed after 20000000 attempts, skipping block
Mining block at height 1...
✗ Mining failed after 20000000 attempts, skipping block
Mining block at height 1...
✗ Mining failed after 20000000 attempts, skipping block
Mining block at height 1...
✗ Mining failed after 20000000 attempts, skipping block
Mining block at height 1...
✗ Mining failed after 20000000 attempts, skipping block
Mining block at height 1...
✗ Mining failed after 20000000 attempts, skipping block
Mining block at height 1...
✗ Mining failed after 20000000 attempts, skipping block
Mining block at height 1...
✗ Mining failed after 20000000 attempts, skipping block
Mining block at height 1...
✗ Mining failed after 20000000 attempts, skipping block
Mining block at height 1...
✗ Mining failed after 20000000 attempts, skipping block
Mining block at height 1...
✗ Mining failed after 20000000 attempts, skipping block
Mining block at height 1...
✗ Mining failed after 20000000 attempts, skipping block
Mining block at height 1...
✗ Mining failed after 20000000 attempts, skipping block
Mining block at height 1...
✗ Mining failed after 20000000 attempts, skipping block
Mining block at height 1...
✗ Mining failed after 20000000 attempts, skipping block
Mining block at height 1...
✗ Mining failed after 20000000 attempts, skipping block
Mining block at height 1...
✗ Mining failed after 20000000 attempts, skipping block
Mining block at height 1...
✗ Mining failed after 20000000 attempts, skipping block
Mining block at height 1...
✗ Mining failed after 20000000 attempts, skipping block
Mining block at height 1...
✗ Mining failed after 20000000 attempts, skipping block
Mining block at height 1...
✗ Mining failed after 20000000 attempts, skipping block
Mining block at height 1...
✗ Mining failed after 20000000 attempts, skipping block
Mining block at height 1...
✗ Mining failed after 20000000 attempts, skipping block
Mining block at height 1...
✗ Mining failed after 20000000 attempts, skipping block
Mining block at height 1...
✗ Mining failed after 20000000 attempts, skipping block
Mining block at height 1...
✗ Mining failed after 20000000 attempts, skipping block
Mining block at height 1...
✗ Mining failed after 20000000 attempts, skipping block
Mining block at height 1...
✗ Mining failed after 20000000 attempts, skipping block
Mining block at height 1...
✗ Mining failed after 20000000 attempts, skipping block
Mining block at height 1...
✗ Mining failed after 20000000 attempts, skipping block
Mining block at height 1...
✗ Mining failed after 20000000 attempts, skipping block
Mining block at height 1...
✗ Mining failed after 20000000 attempts, skipping block
Mining block at height 1...
✗ Mining failed after 20000000 attempts, skipping block
Mining block at height 1...
✗ Mining failed after 20000000 attempts, skipping block
Mining block at height 1...
✗ Mining failed after 20000000 attempts, skipping block
Mining block at height 1...
✗ Mining failed after 20000000 attempts, skipping block
Mining block at height 1...
✗ Mining failed after 20000000 attempts, skipping block
Mining block at height 1...
✗ Mining failed after 20000000 attempts, skipping block
Mining block at height 1...
✗ Mining failed after 20000000 attempts, skipping block
Mining block at height 1...
✗ Mining failed after 20000000 attempts, skipping block
Mining block at height 1...
✗ Mining failed after 20000000 attempts, skipping block
Mining block at height 1...
✗ Mining failed after 20000000 attempts, skipping block
Mining block at height 1...
✗ Mining failed after 20000000 attempts, skipping block
Mining block at height 1...
✗ Mining failed after 20000000 attempts, skipping block
Mining block at height 1...
✗ Mining failed after 20000000 attempts, skipping block
Mining block at height 1...
✗ Mining failed after 20000000 attempts, skipping block
Mining block at height 1...
✗ Mining failed after 20000000 attempts, skipping block
Mining block at height 1...
✗ Mining failed after 20000000 attempts, skipping block
Mining block at height 1...
✗ Mining failed after 20000000 attempts, skipping block
Mining block at height 1...
✗ Mining failed after 20000000 attempts, skipping block
Mining block at height 1...
✗ Mining failed after 20000000 attempts, skipping block
Mining block at height 1...
✗ Mining failed after 20000000 attempts, skipping block
Mining block at height 1...
✗ Mining failed after 20000000 attempts, skipping block
Mining block at height 1...
✗ Mining failed after 20000000 attempts, skipping block
Mining block at height 1...
✗ Mining failed after 20000000 attempts, skipping block
Mining block at height 1...
✗ Mining failed after 20000000 attempts, skipping block
Mining block at height 1...
✗ Mining failed after 20000000 attempts, skipping block
Mining block at height 1...
✗ Mining failed after 20000000 attempts, skipping block
Mining block at height 1...
✗ Mining failed after 20000000 attempts, skipping block
Mining block at height 1...
✗ Mining failed after 20000000 attempts, skipping block
Mining block at height 1...
✗ Mining failed after 20000000 attempts, skipping block
Mining block at height 1...
✗ Mining failed after 20000000 attempts, skipping block
Mining block at height 1...
✗ Mining failed after 20000000 attempts, skipping block
Mining block at height 1...
✗ Mining failed after 20000000 attempts, skipping block
Mining block at height 1...
✗ Mining failed after 20000000 attempts, skipping block
Mining block at height 1...
✗ Mining failed after 20000000 attempts, skipping block
Mining block at height 1...
✗ Mining failed after 20000000 attempts, skipping block
Mining block at height 1...
✗ Mining failed after 20000000 attempts, skipping block
Mining block at height 1...
✗ Mining failed after 20000000 attempts, skipping block
Mining block at height 1...
✗ Mining failed after 20000000 attempts, skipping block
Mining block at height 1...
✗ Mining failed after 20000000 attempts, skipping block
Mining block at height 1...
✗ Mining failed after 20000000 attempts, skipping block
Mining block at height 1...
✗ Mining failed after 20000000 attempts, skipping block
Mining block at height 1...
✗ Mining failed after 20000000 attempts, skipping block
Mining block at height 1...
✗ Mining failed after 20000000 attempts, skipping block
Mining block at height 1...
✗ Mining failed after 20000000 attempts, skipping block
Mining block at height 1...
✗ Mining failed after 20000000 attempts, skipping block
Mining block at height 1...
✗ Mining failed after 20000000 attempts, skipping block
Mining block at height 1...
✗ Mining failed after 20000000 attempts, skipping block
Mining block at height 1...
✗ Mining failed after 20000000 attempts, skipping block
Mining block at height 1...
✗ Mining failed after 20000000 attempts, skipping block
Mining block at height 1...
✗ Mining failed after 20000000 attempts, skipping block
Mining block at height 1...
✗ Mining failed after 20000000 attempts, skipping block
Mining block at height 1...
✗ Mining failed after 20000000 attempts, skipping block
Mining block at height 1...
✗ Mining failed after 20000000 attempts, skipping block
Mining block at height 1...
✗ Mining failed after 20000000 attempts, skipping block
Mining block at height 1...
✗ Mining failed after 20000000 attempts, skipping block
Mining block at height 1...
✗ Mining failed after 20000000 attempts, skipping block
Mining block at height 1...
✗ Mining failed after 20000000 attempts, skipping block
Mining block at height 1...
✗ Mining failed after 20000000 attempts, skipping block
Mining block at height 1...
✗ Mining failed after 20000000 attempts, skipping block
Mining block at height 1...
✗ Mining failed after 20000000 attempts, skipping block
Mining block at height 1...
✗ Mining failed after 20000000 attempts, skipping block
Mining block at height 1...
✗ Mining failed after 20000000 attempts, skipping block
Mining block at height 1...
✗ Mining failed after 20000000 attempts, skipping block
Mining block at height 1...
✗ Mining failed after 20000000 attempts, skipping block
Mining block at height 1...
✗ Mining failed after 20000000 attempts, skipping block
Mining block at height 1...
✗ Mining failed after 20000000 attempts, skipping block
Mining block at height 1...
✗ Mining failed after 20000000 attempts, skipping block
Mining block at height 1...
✗ Mining failed after 20000000 attempts, skipping block
Mining block at height 1...
✗ Mining failed after 20000000 attempts, skipping block
Mining block at height 1...
✗ Mining failed after 20000000 attempts, skipping block
Mining block at height 1...
✗ Mining failed after 20000000 attempts, skipping block
Mining block at height 1...
✗ Mining failed after 20000000 attempts, skipping block
Mining block at height 1...
✗ Mining failed after 20000000 attempts, skipping block
Mining block at height 1...
✗ Mining failed after 20000000 attempts, skipping block
Mining block at height 1...
✗ Mining failed after 20000000 attempts, skipping block
Mining block at height 1...
✗ Mining failed after 20000000 attempts, skipping block
Mining block at height 1...
✗ Mining failed after 20000000 attempts, skipping block
Mining block at height 1...
✗ Mining failed after 20000000 attempts, skipping block
Mining block at height 1...
✗ Mining failed after 20000000 attempts, skipping block
Mining block at height 1...
✗ Mining failed after 20000000 attempts, skipping block
Mining block at height 1...
✗ Mining failed after 20000000 attempts, skipping block
Mining block at height 1...
✗ Mining failed after 20000000 attempts, skipping block
Mining block at height 1...
✗ Mining failed after 20000000 attempts, skipping block
Mining block at height 1...
✗ Mining failed after 20000000 attempts, skipping block
Mining block at height 1...
✗ Mining failed after 20000000 attempts, skipping block
Mining block at height 1...
✗ Mining failed after 20000000 attempts, skipping block
Mining block at height 1...
✗ Mining failed after 20000000 attempts, skipping block
Mining block at height 1...
✗ Mining failed after 20000000 attempts, skipping block
Mining block at height 1...
✗ Mining failed after 20000000 attempts, skipping block
Mining block at height 1...
✗ Mining failed after 20000000 attempts, skipping block
Mining block at height 1...
✗ Mining failed after 20000000 attempts, skipping block
Mining block at height 1...
✗ Mining failed after 20000000 attempts, skipping block
Mining block at height 1...
✗ Mining failed after 20000000 attempts, skipping block
Mining block at height 1...
✗ Mining failed after 20000000 attempts, skipping block
Mining block at height 1...
✗ Mining failed after 20000000 attempts, skipping block
Mining block at height 1...
✗ Mining failed after 20000000 attempts, skipping block
Mining block at height 1...
✗ Mining failed after 20000000 attempts, skipping block
Mining block at height 1...
✗ Mining failed after 20000000 attempts, skipping block
Mining block at height 1...
✗ Mining failed after 20000000 attempts, skipping block
Mining block at height 1...
✗ Mining failed after 20000000 attempts, skipping block
Mining block at height 1...
✗ Mining failed after 20000000 attempts, skipping block
Mining block at height 1...
✗ Mining failed after 20000000 attempts, skipping block
Mining block at height 1...
✗ Mining failed after 20000000 attempts, skipping block
Mining block at height 1...
✗ Mining failed after 20000000 attempts, skipping block
Mining block at height 1...
✗ Mining failed after 20000000 attempts, skipping block
Mining block at height 1...
✗ Mining failed after 20000000 attempts, skipping block
Mining block at height 1...
✗ Mining failed after 20000000 attempts, skipping block
Mining block at height 1...
✗ Mining failed after 20000000 attempts, skipping block
Mining block at height 1...
✗ Mining failed after 20000000 attempts, skipping block
Mining block at height 1...
✗ Mining failed after 20000000 attempts, skipping block
Mining block at height 1...
✗ Mining failed after 20000000 attempts, skipping block
Mining block at height 1...
✗ Mining failed after 20000000 attempts, skipping block
Mining block at height 1...
✗ Mining failed after 20000000 attempts, skipping block
Mining block at height 1...
✗ Mining failed after 20000000 attempts, skipping block
Mining block at height 1...
✗ Mining failed after 20000000 attempts, skipping block
Mining block at height 1...
✗ Mining failed after 20000000 attempts, skipping block
Mining block at height 1...
✗ Mining failed after 20000000 attempts, skipping block
Mining block at height 1...
✗ Mining failed after 20000000 attempts, skipping block
Mining block at height 1...
✗ Mining failed after 20000000 attempts, skipping block
Mining block at height 1...
✗ Mining failed after 20000000 attempts, skipping block
Mining block at height 1...
✗ Mining failed after 20000000 attempts, skipping block
Mining block at height 1...
✗ Mining failed after 20000000 attempts, skipping block
Mining block at height 1...
✗ Mining failed after 20000000 attempts, skipping block
Mining block at height 1...
✗ Mining failed after 20000000 attempts, skipping block
Mining block at height 1...
✗ Mining failed after 20000000 attempts, skipping block
Mining block at height 1...
✗ Mining failed after 20000000 attempts, skipping block
Mining block at height 1...
✗ Mining failed after 20000000 attempts, skipping block
Mining block at height 1...
✗ Mining failed after 20000000 attempts, skipping block
Mining block at height 1...
✗ Mining failed after 20000000 attempts, skipping block
Mining block at height 1...
✗ Mining failed after 20000000 attempts, skipping block
Mining block at height 1...
✗ Mining failed after 20000000 attempts, skipping block
Mining block at height 1...
✗ Mining failed after 20000000 attempts, skipping block
Mining block at height 1...
✗ Mining failed after 20000000 attempts, skipping block
Mining block at height 1...
✗ Mining failed after 20000000 attempts, skipping block
Mining block at height 1...
✗ Mining failed after 20000000 attempts, skipping block
Mining block at height 1...
✗ Mining failed after 20000000 attempts, skipping block
Mining block at height 1...
✗ Mining failed after 20000000 attempts, skipping block
Mining block at height 1...
✗ Mining failed after 20000000 attempts, skipping block
Mining block at height 1...
✗ Mining failed after 20000000 attempts, skipping block
Mining block at height 1...
✗ Mining failed after 20000000 attempts, skipping block
Mining block at height 1...
✗ Mining failed after 20000000 attempts, skipping block
Mining block at height 1...
✗ Mining failed after 20000000 attempts, skipping block
Mining block at height 1...
✗ Mining failed after 20000000 attempts, skipping block
Mining block at height 1...
✗ Mining failed after 20000000 attempts, skipping block
Mining block at height 1...
✗ Mining failed after 20000000 attempts, skipping block
Mining block at height 1...
✗ Mining failed after 20000000 attempts, skipping block
Mining block at height 1...
✗ Mining failed after 20000000 attempts, skipping block
Mining block at height 1...
✗ Mining failed after 20000000 attempts, skipping block
Mining block at height 1...
✗ Mining failed after 20000000 attempts, skipping block
Mining block at height 1...
✗ Mining failed after 20000000 attempts, skipping block
Mining block at height 1...
✗ Mining failed after 20000000 attempts, skipping block
Mining block at height 1...
✗ Mining failed after 20000000 attempts, skipping block
Mining block at height 1...
✗ Mining failed after 20000000 attempts, skipping block
Mining block at height 1...
✗ Mining failed after 20000000 attempts, skipping block
Mining block at height 1...
✗ Mining failed after 20000000 attempts, skipping block
Mining block at height 1...
✗ Mining failed after 20000000 attempts, skipping block
Mining block at height 1...
✗ Mining failed after 20000000 attempts, skipping block
Mining block at height 1...
✗ Mining failed after 20000000 attempts, skipping block
Mining block at height 1...
✗ Mining failed after 20000000 attempts, skipping block
Mining block at height 1...
✗ Mining failed after 20000000 attempts, skipping block
Mining block at height 1...
✗ Mining failed after 20000000 attempts, skipping block
Mining block at height 1...
✗ Mining failed after 20000000 attempts, skipping block
Mining block at height 1...
✗ Mining failed after 20000000 attempts, skipping block
Mining block at height 1...
✗ Mining failed after 20000000 attempts, skipping block
Mining block at height 1...
✗ Mining failed after 20000000 attempts, skipping block
Mining block at height 1...
✗ Mining failed after 20000000 attempts, skipping block
Mining block at height 1...
✗ Mining failed after 20000000 attempts, skipping block
Mining block at height 1...
✗ Mining failed after 20000000 attempts, skipping block
Mining block at height 1...
✗ Mining failed after 20000000 attempts, skipping block
Mining block at height 1...
✗ Mining failed after 20000000 attempts, skipping block
Mining block at height 1...
✗ Mining failed after 20000000 attempts, skipping block
Mining block at height 1...
✗ Mining failed after 20000000 attempts, skipping block
Mining block at height 1...
✗ Mining failed after 20000000 attempts, skipping block
Mining block at height 1...
✗ Mining failed after 20000000 attempts, skipping block
Mining block at height 1...
✗ Mining failed after 20000000 attempts, skipping block
Mining block at height 1...
✗ Mining failed after 20000000 attempts, skipping block
Mining block at height 1...
✗ Mining failed after 20000000 attempts, skipping block
Mining block at height 1...
✗ Mining failed after 20000000 attempts, skipping block
Mining block at height 1...
✗ Mining failed after 20000000 attempts, skipping block
Mining block at height 1...
✗ Mining failed after 20000000 attempts, skipping block
Mining block at height 1...
✗ Mining failed after 20000000 attempts, skipping block
Mining block at height 1...
✗ Mining failed after 20000000 attempts, skipping block
Mining block at height 1...
✗ Mining failed after 20000000 attempts, skipping block
Mining block at height 1...
✗ Mining failed after 20000000 attempts, skipping block
Mining block at height 1...
✗ Mining failed after 20000000 attempts, skipping block
Mining block at height 1...
✗ Mining failed after 20000000 attempts, skipping block
Mining block at height 1...
✗ Mining failed after 20000000 attempts, skipping block
Mining block at height 1...
✗ Mining failed after 20000000 attempts, skipping block
Mining block at height 1...
✗ Mining failed after 20000000 attempts, skipping block
Mining block at height 1...
✗ Mining failed after 20000000 attempts, skipping block
Mining block at height 1...
✗ Mining failed after 20000000 attempts, skipping block
Mining block at height 1...
✗ Mining failed after 20000000 attempts, skipping block
Mining block at height 1...
✗ Mining failed after 20000000 attempts, skipping block
Mining block at height 1...
✗ Mining failed after 20000000 attempts, skipping block
Mining block at height 1...
✗ Mining failed after 20000000 attempts, skipping block
Mining block at height 1...
✗ Mining failed after 20000000 attempts, skipping block
Mining block at height 1...
✗ Mining failed after 20000000 attempts, skipping block
Mining block at height 1...
✗ Mining failed after 20000000 attempts, skipping block
Mining block at height 1...
✗ Mining failed after 20000000 attempts, skipping block
Mining block at height 1...
✗ Mining failed after 20000000 attempts, skipping block
Mining block at height 1...
✗ Mining failed after 20000000 attempts, skipping block
Mining block at height 1...
✗ Mining failed after 20000000 attempts, skipping block
Mining block at height 1...
✗ Mining failed after 20000000 attempts, skipping block
Mining block at height 1...
✗ Mining failed after 20000000 attempts, skipping block
Mining block at height 1...
✗ Mining failed after 20000000 attempts, skipping block
Mining block at height 1...
✗ Mining failed after 20000000 attempts, skipping block
Mining block at height 1...
✗ Mining failed after 20000000 attempts, skipping block
Mining block at height 1...
✗ Mining failed after 20000000 attempts, skipping block
Mining block at height 1...
✗ Mining failed after 20000000 attempts, skipping block
Mining block at height 1...
✗ Mining failed after 20000000 attempts, skipping block
Mining block at height 1...
✗ Mining failed after 20000000 attempts, skipping block
Mining block at height 1...
✗ Mining failed after 20000000 attempts, skipping block
Mining block at height 1...
✗ Mining failed after 20000000 attempts, skipping block
Mining block at height 1...
✗ Mining failed after 20000000 attempts, skipping block
Mining block at height 1...
✗ Mining failed after 20000000 attempts, skipping block
Mining block at height 1...
✗ Mining failed after 20000000 attempts, skipping block
Mining block at height 1...
✗ Mining failed after 20000000 attempts, skipping block
Mining block at height 1...
✗ Mining failed after 20000000 attempts, skipping block
Mining block at height 1...
✗ Mining failed after 20000000 attempts, skipping block
Mining block at height 1...
✗ Mining failed after 20000000 attempts, skipping block
Mining block at height 1...
✗ Mining failed after 20000000 attempts, skipping block
Mining block at height 1...
✗ Mining failed after 20000000 attempts, skipping block
Mining block at height 1...
✗ Mining failed after 20000000 attempts, skipping block
Mining block at height 1...
✗ Mining failed after 20000000 attempts, skipping block
Mining block at height 1...
✗ Mining failed after 20000000 attempts, skipping block
Mining block at height 1...
✗ Mining failed after 20000000 attempts, skipping block
Mining block at height 1...
✗ Mining failed after 20000000 attempts, skipping block
Mining block at height 1...
✗ Mining failed after 20000000 attempts, skipping block
Mining block at height 1...
✗ Mining failed after 20000000 attempts, skipping block
Mining block at height 1...
✗ Mining failed after 20000000 attempts, skipping block
Mining block at height 1...
✗ Mining failed after 20000000 attempts, skipping block
Mining block at height 1...
✗ Mining failed after 20000000 attempts, skipping block
Mining block at height 1...
✗ Mining failed after 20000000 attempts, skipping block
Mining block at height 1...
✗ Mining failed after 20000000 attempts, skipping block
Mining block at height 1...
✗ Mining failed after 20000000 attempts, skipping block
Mining block at height 1...
✗ Mining failed after 20000000 attempts, skipping block
Mining block at height 1...
✗ Mining failed after 20000000 attempts, skipping block
Mining block at height 1...
✗ Mining failed after 20000000 attempts, skipping block
Mining block at height 1...
✗ Mining failed after 20000000 attempts, skipping block
Mining block at height 1...
✗ Mining failed after 20000000 attempts, skipping block
Mining block at height 1...
✗ Mining failed after 20000000 attempts, skipping block
Mining block at height 1...
✗ Mining failed after 20000000 attempts, skipping block
Mining block at height 1...
✗ Mining failed after 20000000 attempts, skipping block
Mining block at height 1...
✗ Mining failed after 20000000 attempts, skipping block
Mining block at height 1...
✗ Mining failed after 20000000 attempts, skipping block
Mining block at height 1...
✗ Mining failed after 20000000 attempts, skipping block
Mining block at height 1...
✗ Mining failed after 20000000 attempts, skipping block
Mining block at height 1...
✗ Mining failed after 20000000 attempts, skipping block
Mining block at height 1...
✗ Mining failed after 20000000 attempts, skipping block
Mining block at height 1...
✗ Mining failed after 20000000 attempts, skipping block
Mining block at height 1...
✗ Mining failed after 20000000 attempts, skipping block
Mining block at height 1...
✗ Mining failed after 20000000 attempts, skipping block
Mining block at height 1...
✗ Mining failed after 20000000 attempts, skipping block
Mining block at height 1...
✗ Mining failed after 20000000 attempts, skipping block
Mining block at height 1...
✗ Mining failed after 20000000 attempts, skipping block
Mining block at height 1...
✗ Mining failed after 20000000 attempts, skipping block
Mining block at height 1...
✗ Mining failed after 20000000 attempts, skipping block
Mining block at height 1...
✗ Mining failed after 20000000 attempts, skipping block
Mining block at height 1...
✗ Mining failed after 20000000 attempts, skipping block
Mining block at height 1...
✗ Mining failed after 20000000 attempts, skipping block
Mining block at height 1...
✗ Mining failed after 20000000 attempts, skipping block
Mining block at height 1...
✗ Mining failed after 20000000 attempts, skipping block
Mining block at height 1...
✗ Mining failed after 20000000 attempts, skipping block
Mining block at height 1...
✗ Mining failed after 20000000 attempts, skipping block
Mining block at height 1...
✗ Mining failed after 20000000 attempts, skipping block
Mining block at height 1...
✗ Mining failed after 20000000 attempts, skipping block
Mining block at height 1...
✗ Mining failed after 20000000 attempts, skipping block
Mining block at height 1...
✗ Mining failed after 20000000 attempts, skipping block
Mining block at height 1...
✗ Mining failed after 20000000 attempts, skipping block
Mining block at height 1...
✗ Mining failed after 20000000 attempts, skipping block
Mining block at height 1...
✗ Mining failed after 20000000 attempts, skipping block
Mining block at height 1...
✗ Mining failed after 20000000 attempts, skipping block
Mining block at height 1...
✗ Mining failed after 20000000 attempts, skipping block
Mining block at height 1...
✗ Mining failed after 20000000 attempts, skipping block
Mining block at height 1...
✗ Mining failed after 20000000 attempts, skipping block
Mining block at height 1...
✗ Mining failed after 20000000 attempts, skipping block
Mining block at height 1...
✗ Mining failed after 20000000 attempts, skipping block
Mining block at height 1...
✗ Mining failed after 20000000 attempts, skipping block
Mining block at height 1...
✗ Mining failed after 20000000 attempts, skipping block
Mining block at height 1...
✗ Mining failed after 20000000 attempts, skipping block
Mining block at height 1...
✗ Mining failed after 20000000 attempts, skipping block
Mining block at height 1...
✗ Mining failed after 20000000 attempts, skipping block
Mining block at height 1...
✗ Mining failed after 20000000 attempts, skipping block
Mining block at height 1...
✗ Mining failed after 20000000 attempts, skipping block
Mining block at height 1...
✗ Mining failed after 20000000 attempts, skipping block
Mining block at height 1...
✗ Mining failed after 20000000 attempts, skipping block
Mining block at height 1...
✗ Mining failed after 20000000 attempts, skipping block
Mining block at height 1...
✗ Mining failed after 20000000 attempts, skipping block
Mining block at height 1...
✗ Mining failed after 20000000 attempts, skipping block
Mining block at height 1...
✗ Mining failed after 20000000 attempts, skipping block
Mining block at height 1...
✗ Mining failed after 20000000 attempts, skipping block
Mining block at height 1...
✗ Mining failed after 20000000 attempts, skipping block
Mining block at height 1...
✗ Mining failed after 20000000 attempts, skipping block
Mining block at height 1...
✗ Mining failed after 20000000 attempts, skipping block
Mining block at height 1...
✗ Mining failed after 20000000 attempts, skipping block
Mining block at height 1...
✗ Mining failed after 20000000 attempts, skipping block
Mining block at height 1...
✗ Mining failed after 20000000 attempts, skipping block
Mining block at height 1...
✗ Mining failed after 20000000 attempts, skipping block
Mining block at height 1...
✗ Mining failed after 20000000 attempts, skipping block
Mining block at height 1...
✗ Mining failed after 20000000 attempts, skipping block
Mining block at height 1...
✗ Mining failed after 20000000 attempts, skipping block
Mining block at height 1...
✗ Mining failed after 20000000 attempts, skipping block
Mining block at height 1...
✗ Mining failed after 20000000 attempts, skipping block
Mining block at height 1...
✗ Mining failed after 20000000 attempts, skipping block
Mining block at height 1...
✗ Mining failed after 20000000 attempts, skipping block
Mining block at height 1...
✗ Mining failed after 20000000 attempts, skipping block
Mining block at height 1...
✗ Mining failed after 20000000 attempts, skipping block
Mining block at height 1...
✗ Mining failed after 20000000 attempts, skipping block
Mining block at height 1...
✗ Mining failed after 20000000 attempts, skipping block
Mining block at height 1...
✗ Mining failed after 20000000 attempts, skipping block
Mining block at height 1...
✗ Mining failed after 20000000 attempts, skipping block
Mining block at height 1...
✗ Mining failed after 20000000 attempts, skipping block
Mining block at height 1...
✗ Mining failed after 20000000 attempts, skipping block
Mining block at height 1...
✗ Mining failed after 20000000 attempts, skipping block
Mining block at height 1...
✗ Mining failed after 20000000 attempts, skipping block
Mining block at height 1...
✗ Mining failed after 20000000 attempts, skipping block
Mining block at height 1...
✗ Mining failed after 20000000 attempts, skipping block
Mining block at height 1...
✗ Mining failed after 20000000 attempts, skipping block
Mining block at height 1...
✗ Mining failed after 20000000 attempts, skipping block
Mining block at height 1...
✗ Mining failed after 20000000 attempts, skipping block
Mining block at height 1...
✗ Mining failed after 20000000 attempts, skipping block
Mining block at height 1...
✗ Mining failed after 20000000 attempts, skipping block
Mining block at height 1...
✗ Mining failed after 20000000 attempts, skipping block
Mining block at height 1...
✗ Mining failed after 20000000 attempts, skipping block
Mining block at height 1...
✗ Mining failed after 20000000 attempts, skipping block
Mining block at height 1...
✗ Mining failed after 20000000 attempts, skipping block
Mining block at height 1...
✗ Mining failed after 20000000 attempts, skipping block
Mining block at height 1...
✗ Mining failed after 20000000 attempts, skipping block
Mining block at height 1...
✗ Mining failed after 20000000 attempts, skipping block
Mining block at height 1...
✗ Mining failed after 20000000 attempts, skipping block
Mining block at height 1...
✗ Mining failed after 20000000 attempts, skipping block
Mining block at height 1...
✗ Mining failed after 20000000 attempts, skipping block
Mining block at height 1...
✗ Mining failed after 20000000 attempts, skipping block
Mining block at height 1...
✗ Mining failed after 20000000 attempts, skipping block
Mining block at height 1...
✗ Mining failed after 20000000 attempts, skipping block
Mining block at height 1...
✗ Mining failed after 20000000 attempts, skipping block
Mining block at height 1...
✗ Mining failed after 20000000 attempts, skipping block
Mining block at height 1...
✗ Mining failed after 20000000 attempts, skipping block
Mining block at height 1...
✗ Mining failed after 20000000 attempts, skipping block
Mining block at height 1...
✗ Mining failed after 20000000 attempts, skipping block
Mining block at height 1...
✗ Mining failed after 20000000 attempts, skipping block
Mining block at height 1...
✗ Mining failed after 20000000 attempts, skipping block
Mining block at height 1...
✗ Mining failed after 20000000 attempts, skipping block
Mining block at height 1...
✗ Mining failed after 20000000 attempts, skipping block
Mining block at height 1...
✗ Mining failed after 20000000 attempts, skipping block
Mining block at height 1...
✗ Mining failed after 20000000 attempts, skipping block
Mining block at height 1...
✗ Mining failed after 20000000 attempts, skipping block
Mining block at height 1...
✗ Mining failed after 20000000 attempts, skipping block
Mining block at height 1...
✗ Mining failed after 20000000 attempts, skipping block
Mining block at height 1...
✗ Mining failed after 20000000 attempts, skipping block
Mining block at height 1...
✗ Mining failed after 20000000 attempts, skipping block
Mining block at height 1...
✗ Mining failed after 20000000 attempts, skipping block
Mining block at height 1...
✗ Mining failed after 20000000 attempts, skipping block
Mining block at height 1...
✗ Mining failed after 20000000 attempts, skipping block
Mining block at height 1...
✗ Mining failed after 20000000 attempts, skipping block
Mining block at height 1...
✗ Mining failed after 20000000 attempts, skipping block
Mining block at height 1...
✗ Mining failed after 20000000 attempts, skipping block
Mining block at height 1...
✗ Mining failed after 20000000 attempts, skipping block
Mining block at height 1...
✗ Mining failed after 20000000 attempts, skipping block
Mining block at height 1...
✗ Mining failed after 20000000 attempts, skipping block
Mining block at height 1...
✗ Mining failed after 20000000 attempts, skipping block
Mining block at height 1...
✗ Mining failed after 20000000 attempts, skipping block
Mining block at height 1...
✗ Mining failed after 20000000 attempts, skipping block
Mining block at height 1...
✗ Mining failed after 20000000 attempts, skipping block
Mining block at height 1...
✗ Mining failed after 20000000 attempts, skipping block
Mining block at height 1...
✗ Mining failed after 20000000 attempts, skipping block
Mining block at height 1...
✗ Mining failed after 20000000 attempts, skipping block
Mining block at height 1...
✗ Mining failed after 20000000 attempts, skipping block
Mining block at height 1...
✗ Mining failed after 20000000 attempts, skipping block
Mining block at height 1...
✗ Mining failed after 20000000 attempts, skipping block
Mining block at height 1...
✗ Mining failed after 20000000 attempts, skipping block
Mining block at height 1...
✗ Mining failed after 20000000 attempts, skipping block
Mining block at height 1...
✗ Mining failed after 20000000 attempts, skipping block
Mining block at height 1...
✗ Mining failed after 20000000 attempts, skipping block
Mining block at height 1...
✗ Mining failed after 20000000 attempts, skipping block
Mining block at height 1...
✗ Mining failed after 20000000 attempts, skipping block
Mining block at height 1...
✗ Mining failed after 20000000 attempts, skipping block
Mining block at height 1...
✗ Mining failed after 20000000 attempts, skipping block
Mining block at height 1...
✗ Mining failed after 20000000 attempts, skipping block
Mining block at height 1...
✗ Mining failed after 20000000 attempts, skipping block
Mining block at height 1...
✗ Mining failed after 20000000 attempts, skipping block
Mining block at height 1...
✗ Mining failed after 20000000 attempts, skipping block
Mining block at height 1...
✗ Mining failed after 20000000 attempts, skipping block
Mining block at height 1...
✗ Mining failed after 20000000 attempts, skipping block
Mining block at height 1...
✗ Mining failed after 20000000 attempts, skipping block
Mining block at height 1...
✗ Mining failed after 20000000 attempts, skipping block
Mining block at height 1...
✗ Mining failed after 20000000 attempts, skipping block
Mining block at height 1...
✗ Mining failed after 20000000 attempts, skipping block
Mining block at height 1...
✗ Mining failed after 20000000 attempts, skipping block
Mining block at height 1...
✗ Mining failed after 20000000 attempts, skipping block
Mining block at height 1...
✗ Mining failed after 20000000 attempts, skipping block
Mining block at height 1...
✗ Mining failed after 20000000 attempts, skipping block
Mining block at height 1...
✗ Mining failed after 20000000 attempts, skipping block
Mining block at height 1...
✗ Mining failed after 20000000 attempts, skipping block
Mining block at height 1...
✗ Mining failed after 20000000 attempts, skipping block
Mining block at height 1...
✗ Mining failed after 20000000 attempts, skipping block
Mining block at height 1...
✗ Mining failed after 20000000 attempts, skipping block
Mining block at height 1...
✗ Mining failed after 20000000 attempts, skipping block
Mining block at height 1...
✗ Mining failed after 20000000 attempts, skipping block
Mining block at height 1...
✗ Mining failed after 20000000 attempts, skipping block
Mining block at height 1...
✗ Mining failed after 20000000 attempts, skipping block
Mining block at height 1...
✗ Mining failed after 20000000 attempts, skipping block
Mining block at height 1...
✗ Mining failed after 20000000 attempts, skipping block
Mining block at height 1...
✗ Mining failed after 20000000 attempts, skipping block
Mining block at height 1...
✗ Mining failed after 20000000 attempts, skipping block
Mining block at height 1...
✗ Mining failed after 20000000 attempts, skipping block
Mining block at height 1...
✗ Mining failed after 20000000 attempts, skipping block
Mining block at height 1...
✗ Mining failed after 20000000 attempts, skipping block
Mining block at height 1...
✗ Mining failed after 20000000 attempts, skipping block
Mining block at height 1...
✗ Mining failed after 20000000 attempts, skipping block
Mining block at height 1...
✗ Mining failed after 20000000 attempts, skipping block
Mining block at height 1...
✗ Mining failed after 20000000 attempts, skipping block
Mining block at height 1...
✗ Mining failed after 20000000 attempts, skipping block
Mining block at height 1...
✗ Mining failed after 20000000 attempts, skipping block
Mining block at height 1...
✗ Mining failed after 20000000 attempts, skipping block
Mining block at height 1...
✗ Mining failed after 20000000 attempts, skipping block
Mining block at height 1...
✗ Mining failed after 20000000 attempts, skipping block
Mining block at height 1...
✗ Mining failed after 20000000 attempts, skipping block
Mining block at height 1...
✗ Mining failed after 20000000 attempts, skipping block
Mining block at height 1...
✗ Mining failed after 20000000 attempts, skipping block
Mining block at height 1...
✗ Mining failed after 20000000 attempts, skipping block
Mining block at height 1...
✗ Mining failed after 20000000 attempts, skipping block
Mining block at height 1...
✗ Mining failed after 20000000 attempts, skipping block
Mining block at height 1...
✗ Mining failed after 20000000 attempts, skipping block
Mining block at height 1...
✗ Mining failed after 20000000 attempts, skipping block
Mining block at height 1...
✗ Mining failed after 20000000 attempts, skipping block
Mining block at height 1...
✗ Mining failed after 20000000 attempts, skipping block
Mining block at height 1...
✗ Mining failed after 20000000 attempts, skipping block
Mining block at height 1...
✗ Mining failed after 20000000 attempts, skipping block
Mining block at height 1...
✗ Mining failed after 20000000 attempts, skipping block
Mining block at height 1...
✗ Mining failed after 20000000 attempts, skipping block
Mining block at height 1...
✗ Mining failed after 20000000 attempts, skipping block
Mining block at height 1...
✗ Mining failed after 20000000 attempts, skipping block
Mining block at height 1...
✗ Mining failed after 20000000 attempts, skipping block
Mining block at height 1...
✗ Mining failed after 20000000 attempts, skipping block
Mining block at height 1...
✗ Mining failed after 20000000 attempts, skipping block
Mining block at height 1...
✗ Mining failed after 20000000 attempts, skipping block
Mining block at height 1...
✗ Mining failed after 20000000 attempts, skipping block
Mining block at height 1...
✗ Mining failed after 20000000 attempts, skipping block
Mining block at height 1...
✗ Mining failed after 20000000 attempts, skipping block
Mining block at height 1...
✗ Mining failed after 20000000 attempts, skipping block
Mining block at height 1...
✗ Mining failed after 20000000 attempts, skipping block
Mining block at height 1...
✗ Mining failed after 20000000 attempts, skipping block
Mining block at height 1...
✗ Mining failed after 20000000 attempts, skipping block
Mining block at height 1...
✗ Mining failed after 20000000 attempts, skipping block
Mining block at height 1...
✗ Mining failed after 20000000 attempts, skipping block
Mining block at height 1...
✗ Mining failed after 20000000 attempts, skipping block
Mining block at height 1...
✗ Mining failed after 20000000 attempts, skipping block
Mining block at height 1...
✗ Mining failed after 20000000 attempts, skipping block
Mining block at height 1...
✗ Mining failed after 20000000 attempts, skipping block
Mining block at height 1...
✗ Mining failed after 20000000 attempts, skipping block
Mining block at height 1...
✗ Mining failed after 20000000 attempts, skipping block
Mining block at height 1...
✗ Mining failed after 20000000 attempts, skipping block
Mining block at height 1...
✗ Mining failed after 20000000 attempts, skipping block
Mining block at height 1...
✗ Mining failed after 20000000 attempts, skipping block
Mining block at height 1...
✗ Mining failed after 20000000 attempts, skipping block
Mining block at height 1...
✗ Mining failed after 20000000 attempts, skipping block
Mining block at height 1...
✗ Mining failed after 20000000 attempts, skipping block
Mining block at height 1...
✗ Mining failed after 20000000 attempts, skipping block
Mining block at height 1...
✗ Mining failed after 20000000 attempts, skipping block
Mining block at height 1...
✗ Mining failed after 20000000 attempts, skipping block
Mining block at height 1...
✗ Mining failed after 20000000 attempts, skipping block
Mining block at height 1...
✗ Mining failed after 20000000 attempts, skipping block
Mining block at height 1...
✗ Mining failed after 20000000 attempts, skipping block
Mining block at height 1...
✗ Mining failed after 20000000 attempts, skipping block
Mining block at height 1...
✗ Mining failed after 20000000 attempts, skipping block
Mining block at height 1...
✗ Mining failed after 20000000 attempts, skipping block
Mining block at height 1...
✗ Mining failed after 20000000 attempts, skipping block
Mining block at height 1...
✗ Mining failed after 20000000 attempts, skipping block
Mining block at height 1...
✗ Mining failed after 20000000 attempts, skipping block
Mining block at height 1...
✗ Mining failed after 20000000 attempts, skipping block
Mining block at height 1...
✗ Mining failed after 20000000 attempts, skipping block
Mining block at height 1...
✗ Mining failed after 20000000 attempts, skipping block
Mining block at height 1...
✗ Mining failed after 20000000 attempts, skipping block
Mining block at height 1...
✗ Mining failed after 20000000 attempts, skipping block
Mining block at height 1...
✗ Mining failed after 20000000 attempts, skipping block
Mining block at height 1...
✗ Mining failed after 20000000 attempts, skipping block
Mining block at height 1...
✗ Mining failed after 20000000 attempts, skipping block
Mining block at height 1...
✗ Mining failed after 20000000 attempts, skipping block
Mining block at height 1...
✗ Mining failed after 20000000 attempts, skipping block
Mining block at height 1...
✗ Mining failed after 20000000 attempts, skipping block
Mining block at height 1...
✗ Mining failed after 20000000 attempts, skipping block
Mining block at height 1...
✗ Mining failed after 20000000 attempts, skipping block
Mining block at height 1...
✗ Mining failed after 20000000 attempts, skipping block
Mining block at height 1...
✗ Mining failed after 20000000 attempts, skipping block
Mining block at height 1...
✗ Mining failed after 20000000 attempts, skipping block
Mining block at height 1...
✗ Mining failed after 20000000 attempts, skipping block
Mining block at height 1...
✗ Mining failed after 20000000 attempts, skipping block
Mining block at height 1...
✗ Mining failed after 20000000 attempts, skipping block
Mining block at height 1...
✗ Mining failed after 20000000 attempts, skipping block
Mining block at height 1...
✗ Mining failed after 20000000 attempts, skipping block
Mining block at height 1...
✗ Mining failed after 20000000 attempts, skipping block
Mining block at height 1...
✗ Mining failed after 20000000 attempts, skipping block
Mining block at height 1...
✗ Mining failed after 20000000 attempts, skipping block
Mining block at height 1...
✗ Mining failed after 20000000 attempts, skipping block
Mining block at height 1...
✗ Mining failed after 20000000 attempts, skipping block
Mining block at height 1...
✗ Mining failed after 20000000 attempts, skipping block
Mining block at height 1...
✗ Mining failed after 20000000 attempts, skipping block
Mining block at height 1...
✗ Mining failed after 20000000 attempts, skipping block
Mining block at height 1...
✗ Mining failed after 20000000 attempts, skipping block
Mining block at height 1...
✗ Mining failed after 20000000 attempts, skipping block
Mining block at height 1...
✗ Mining failed after 20000000 attempts, skipping block
Mining block at height 1...
✗ Mining failed after 20000000 attempts, skipping block
Mining block at height 1...
✗ Mining failed after 20000000 attempts, skipping block
Mining block at height 1...
✗ Mining failed after 20000000 attempts, skipping block
Mining block at height 1...
✗ Mining failed after 20000000 attempts, skipping block
Mining block at height 1...
✗ Mining failed after 20000000 attempts, skipping block
Mining block at height 1...
✗ Mining failed after 20000000 attempts, skipping block
Mining block at height 1...
✗ Mining failed after 20000000 attempts, skipping block
Mining block at height 1...
✗ Mining failed after 20000000 attempts, skipping block
Mining block at height 1...
✗ Mining failed after 20000000 attempts, skipping block
Mining block at height 1...
✗ Mining failed after 20000000 attempts, skipping block
Mining block at height 1...
✗ Mining failed after 20000000 attempts, skipping block
Mining block at height 1...
✗ Mining failed after 20000000 attempts, skipping block
Mining block at height 1...
✗ Mining failed after 20000000 attempts, skipping block
Mining block at height 1...
✗ Mining failed after 20000000 attempts, skipping block
Mining block at height 1...
✗ Mining failed after 20000000 attempts, skipping block
Mining block at height 1...
✗ Mining failed after 20000000 attempts, skipping block
Mining block at height 1...
✗ Mining failed after 20000000 attempts, skipping block
Mining block at height 1...
✗ Mining failed after 20000000 attempts, skipping block
Mining block at height 1...
✗ Mining failed after 20000000 attempts, skipping block
Mining block at height 1...
✗ Mining failed after 20000000 attempts, skipping block
Mining block at height 1...
✗ Mining failed after 20000000 attempts, skipping block
Mining block at height 1...
✗ Mining failed after 20000000 attempts, skipping block
Mining block at height 1...
✗ Mining failed after 20000000 attempts, skipping block
Mining block at height 1...
✗ Mining failed after 20000000 attempts, skipping block
Mining block at height 1...
✗ Mining failed after 20000000 attempts, skipping block
Mining block at height 1...
✗ Mining failed after 20000000 attempts, skipping block
Mining block at height 1...
✗ Mining failed after 20000000 attempts, skipping block
Mining block at height 1...
✗ Mining failed after 20000000 attempts, skipping block
Mining block at height 1...
✗ Mining failed after 20000000 attempts, skipping block
Mining block at height 1...
✗ Mining failed after 20000000 attempts, skipping block
Mining block at height 1...
✗ Mining failed after 20000000 attempts, skipping block
Mining block at height 1...
✗ Mining failed after 20000000 attempts, skipping block
Mining block at height 1...
✗ Mining failed after 20000000 attempts, skipping block
Mining block at height 1...
✗ Mining failed after 20000000 attempts, skipping block
Mining block at height 1...
✗ Mining failed after 20000000 attempts, skipping block
Mining block at height 1...
✗ Mining failed after 20000000 attempts, skipping block
Mining block at height 1...
✗ Mining failed after 20000000 attempts, skipping block
Mining block at height 1...
✗ Mining failed after 20000000 attempts, skipping block
Mining block at height 1...
✗ Mining failed after 20000000 attempts, skipping block
Mining block at height 1...
✗ Mining failed after 20000000 attempts, skipping block
Mining block at height 1...
✗ Mining failed after 20000000 attempts, skipping block
Mining block at height 1...
✗ Mining failed after 20000000 attempts, skipping block
Mining block at height 1...
✗ Mining failed after 20000000 attempts, skipping block
Mining block at height 1...
✗ Mining failed after 20000000 attempts, skipping block
Mining block at height 1...
✗ Mining failed after 20000000 attempts, skipping block
Mining block at height 1...
✗ Mining failed after 20000000 attempts, skipping block
Mining block at height 1...
✗ Mining failed after 20000000 attempts, skipping block
Mining block at height 1...
✗ Mining failed after 20000000 attempts, skipping block
Mining block at height 1...
✗ Mining failed after 20000000 attempts, skipping block
Mining block at height 1...
✗ Mining failed after 20000000 attempts, skipping block
Mining block at height 1...
✗ Mining failed after 20000000 attempts, skipping block
Mining block at height 1...
✗ Mining failed after 20000000 attempts, skipping block
Mining block at height 1...
✗ Mining failed after 20000000 attempts, skipping block
Mining block at height 1...
✗ Mining failed after 20000000 attempts, skipping block
Mining block at height 1...
✗ Mining failed after 20000000 attempts, skipping block
Mining block at height 1...
✗ Mining failed after 20000000 attempts, skipping block
Mining block at height 1...
✗ Mining failed after 20000000 attempts, skipping block
Mining block at height 1...
✗ Mining failed after 20000000 attempts, skipping block
Mining block at height 1...
✗ Mining failed after 20000000 attempts, skipping block
Mining block at height 1...
✗ Mining failed after 20000000 attempts, skipping block
Mining block at height 1...
✗ Mining failed after 20000000 attempts, skipping block
Mining block at height 1...
✗ Mining failed after 20000000 attempts, skipping block
Mining block at height 1...
✗ Mining failed after 20000000 attempts, skipping block
Mining block at height 1...
✗ Mining failed after 20000000 attempts, skipping block
Mining block at height 1...
✗ Mining failed after 20000000 attempts, skipping block
Mining block at height 1...
✗ Mining failed after 20000000 attempts, skipping block
Mining block at height 1...
✗ Mining failed after 20000000 attempts, skipping block
Mining block at height 1...
✗ Mining failed after 20000000 attempts, skipping block
Mining block at height 1...
✗ Mining failed after 20000000 attempts, skipping block
Mining block at height 1...
✗ Mining failed after 20000000 attempts, skipping block
Mining block at height 1...
✗ Mining failed after 20000000 attempts, skipping block
Mining block at height 1...
✗ Mining failed after 20000000 attempts, skipping block
Mining block at height 1...
✗ Mining failed after 20000000 attempts, skipping block
Mining block at height 1...
✗ Mining failed after 20000000 attempts, skipping block
Mining block at height 1...
✗ Mining failed after 20000000 attempts, skipping block
Mining block at height 1...
✗ Mining failed after 20000000 attempts, skipping block
Mining block at height 1...
✗ Mining failed after 20000000 attempts, skipping block
Mining block at height 1...
✗ Mining failed after 20000000 attempts, skipping block
Mining block at height 1...
✗ Mining failed after 20000000 attempts, skipping block
Mining block at height 1...
✗ Mining failed after 20000000 attempts, skipping block
Mining block at height 1...
✗ Mining failed after 20000000 attempts, skipping block
Mining block at height 1...
✗ Mining failed after 20000000 attempts, skipping block
Mining block at height 1...
✗ Mining failed after 20000000 attempts, skipping block
Mining block at height 1...
✗ Mining failed after 20000000 attempts, skipping block
Mining block at height 1...
✗ Mining failed after 20000000 attempts, skipping block
Mining block at height 1...
✗ Mining failed after 20000000 attempts, skipping block
Mining block at height 1...
✗ Mining failed after 20000000 attempts, skipping block
Mining block at height 1...
✗ Mining failed after 20000000 attempts, skipping block
Mining block at height 1...
✗ Mining failed after 20000000 attempts, skipping block
Mining block at height 1...
✗ Mining failed after 20000000 attempts, skipping block
Mining block at height 1...
✗ Mining failed after 20000000 attempts, skipping block
Mining block at height 1...
✗ Mining failed after 20000000 attempts, skipping block
Mining block at height 1...
✗ Mining failed after 20000000 attempts, skipping block
Mining block at height 1...
✗ Mining failed after 20000000 attempts, skipping block
Mining block at height 1...
✗ Mining failed after 20000000 attempts, skipping block
Mining block at height 1...
✗ Mining failed after 20000000 attempts, skipping block
Mining block at height 1...
✗ Mining failed after 20000000 attempts, skipping block
Mining block at height 1...
✗ Mining failed after 20000000 attempts, skipping block
Mining block at height 1...
✗ Mining failed after 20000000 attempts, skipping block
Mining block at height 1...
✗ Mining failed after 20000000 attempts, skipping block
Mining block at height 1...
✗ Mining failed after 20000000 attempts, skipping block
Mining block at height 1...
✗ Mining failed after 20000000 attempts, skipping block
Mining block at height 1...
✗ Mining failed after 20000000 attempts, skipping block
Mining block at height 1...
✗ Mining failed after 20000000 attempts, skipping block
Mining block at height 1...
✗ Mining failed after 20000000 attempts, skipping block
Mining block at height 1...
✗ Mining failed after 20000000 attempts, skipping block
Mining block at height 1...
✗ Mining failed after 20000000 attempts, skipping block
Mining block at height 1...
✗ Mining failed after 20000000 attempts, skipping block
Mining block at height 1...
✗ Mining failed after 20000000 attempts, skipping block
Mining block at height 1...
✗ Mining failed after 20000000 attempts, skipping block
Mining block at height 1...
✗ Mining failed after 20000000 attempts, skipping block
Mining block at height 1...
✗ Mining failed after 20000000 attempts, skipping block
Mining block at height 1...
✗ Mining failed after 20000000 attempts, skipping block
Mining block at height 1...
✗ Mining failed after 20000000 attempts, skipping block
Mining block at height 1...
✗ Mining failed after 20000000 attempts, skipping block
Mining block at height 1...
✗ Mining failed after 20000000 attempts, skipping block
Mining block at height 1...
✗ Mining failed after 20000000 attempts, skipping block
Mining block at height 1...
✗ Mining failed after 20000000 attempts, skipping block
Mining block at height 1...
✗ Mining failed after 20000000 attempts, skipping block
Mining block at height 1...
✗ Mining failed after 20000000 attempts, skipping block
Mining block at height 1...
✗ Mining failed after 20000000 attempts, skipping block
Mining block at height 1...
✗ Mining failed after 20000000 attempts, skipping block
Mining block at height 1...
✗ Mining failed after 20000000 attempts, skipping block
Mining block at height 1...
✗ Mining failed after 20000000 attempts, skipping block
Mining block at height 1...
✗ Mining failed after 20000000 attempts, skipping block
Mining block at height 1...
✗ Mining failed after 20000000 attempts, skipping block
Mining block at height 1...
✗ Mining failed after 20000000 attempts, skipping block
Mining block at height 1...
✗ Mining failed after 20000000 attempts, skipping block
Mining block at height 1...
✗ Mining failed after 20000000 attempts, skipping block
Mining block at height 1...
✗ Mining failed after 20000000 attempts, skipping block
Mining block at height 1...
✗ Mining failed after 20000000 attempts, skipping block
Mining block at height 1...
✗ Mining failed after 20000000 attempts, skipping block
Mining block at height 1...
✗ Mining failed after 20000000 attempts, skipping block
Mining block at height 1...
✗ Mining failed after 20000000 attempts, skipping block
Mining block at height 1...
✗ Mining failed after 20000000 attempts, skipping block
Mining block at height 1...
✗ Mining failed after 20000000 attempts, skipping block
Mining block at height 1...
✗ Mining failed after 20000000 attempts, skipping block
Mining block at height 1...
✗ Mining failed after 20000000 attempts, skipping block
Mining block at height 1...
✗ Mining failed after 20000000 attempts, skipping block
Mining block at height 1...
✗ Mining failed after 20000000 attempts, skipping block
Mining block at height 1...
✗ Mining failed after 20000000 attempts, skipping block
Mining block at height 1...
✗ Mining failed after 20000000 attempts, skipping block
Mining block at height 1...
✗ Mining failed after 20000000 attempts, skipping block
Mining block at height 1...
✗ Mining failed after 20000000 attempts, skipping block
Mining block at height 1...
✗ Mining failed after 20000000 attempts, skipping block
Mining block at height 1...
✗ Mining failed after 20000000 attempts, skipping block
Mining block at height 1...
✗ Mining failed after 20000000 attempts, skipping block
Mining block at height 1...
✗ Mining failed after 20000000 attempts, skipping block
Mining block at height 1...
✗ Mining failed after 20000000 attempts, skipping block
Mining block at height 1...
✗ Mining failed after 20000000 attempts, skipping block
Mining block at height 1...
✗ Mining failed after 20000000 attempts, skipping block
Mining block at height 1...
✗ Mining failed after 20000000 attempts, skipping block
Mining block at height 1...
✗ Mining failed after 20000000 attempts, skipping block
Mining block at height 1...
✗ Mining failed after 20000000 attempts, skipping block
Mining block at height 1...
✗ Mining failed after 20000000 attempts, skipping block
Mining block at height 1...
✗ Mining failed after 20000000 attempts, skipping block
Mining block at height 1...
✗ Mining failed after 20000000 attempts, skipping block
Mining block at height 1...
✗ Mining failed after 20000000 attempts, skipping block
Mining block at height 1...
✗ Mining failed after 20000000 attempts, skipping block
Mining block at height 1...
✗ Mining failed after 20000000 attempts, skipping block
Mining block at height 1...
✗ Mining failed after 20000000 attempts, skipping block
Mining block at height 1...
✗ Mining failed after 20000000 attempts, skipping block
Mining block at height 1...
✗ Mining failed after 20000000 attempts, skipping block
Mining block at height 1...
✗ Mining failed after 20000000 attempts, skipping block
Mining block at height 1...
✗ Mining failed after 20000000 attempts, skipping block
Mining block at height 1...
✗ Mining failed after 20000000 attempts, skipping block
Mining block at height 1...
✗ Mining failed after 20000000 attempts, skipping block
Mining block at height 1...
✗ Mining failed after 20000000 attempts, skipping block
Mining block at height 1...
✗ Mining failed after 20000000 attempts, skipping block
Mining block at height 1...
✗ Mining failed after 20000000 attempts, skipping block
Mining block at height 1...
✗ Mining failed after 20000000 attempts, skipping block
Mining block at height 1...
✗ Mining failed after 20000000 attempts, skipping block
Mining block at height 1...
✗ Mining failed after 20000000 attempts, skipping block
Mining block at height 1...
✗ Mining failed after 20000000 attempts, skipping block
Mining block at height 1...
✗ Mining failed after 20000000 attempts, skipping block
Mining block at height 1...
✗ Mining failed after 20000000 attempts, skipping block
Mining block at height 1...
✗ Mining failed after 20000000 attempts, skipping block
Mining block at height 1...
✗ Mining failed after 20000000 attempts, skipping block
Mining block at height 1...
✗ Mining failed after 20000000 attempts, skipping block
Mining block at height 1...
✗ Mining failed after 20000000 attempts, skipping block
Mining block at height 1...
✗ Mining failed after 20000000 attempts, skipping block
Mining block at height 1...
✗ Mining failed after 20000000 attempts, skipping block
Mining block at height 1...
✗ Mining failed after 20000000 attempts, skipping block
Mining block at height 1...
✗ Mining failed after 20000000 attempts, skipping block
Mining block at height 1...
✗ Mining failed after 20000000 attempts, skipping block
Mining block at height 1...
✗ Mining failed after 20000000 attempts, skipping block
Mining block at height 1...
✗ Mining failed after 20000000 attempts, skipping block
Mining block at height 1...
✗ Mining failed after 20000000 attempts, skipping block
Mining block at height 1...
✗ Mining failed after 20000000 attempts, skipping block
Mining block at height 1...
✗ Mining failed after 20000000 attempts, skipping block
Mining block at height 1...
✗ Mining failed after 20000000 attempts, skipping block
Mining block at height 1...
✗ Mining failed after 20000000 attempts, skipping block
Mining block at height 1...
✗ Mining failed after 20000000 attempts, skipping block
Mining block at height 1...
✗ Mining failed after 20000000 attempts, skipping block
Mining block at height 1...
✗ Mining failed after 20000000 attempts, skipping block
Mining block at height 1...
✗ Mining failed after 20000000 attempts, skipping block
Mining block at height 1...
✗ Mining failed after 20000000 attempts, skipping block
Mining block at height 1...
✗ Mining failed after 20000000 attempts, skipping block
Mining block at height 1...
✗ Mining failed after 20000000 attempts, skipping block
Mining block at height 1...
✗ Mining failed after 20000000 attempts, skipping block
Mining block at height 1...
✗ Mining failed after 20000000 attempts, skipping block
Mining block at height 1...
✗ Mining failed after 20000000 attempts, skipping block
Mining block at height 1...
✗ Mining failed after 20000000 attempts, skipping block
Mining block at height 1...
✗ Mining failed after 20000000 attempts, skipping block
Mining block at height 1...
✗ Mining failed after 20000000 attempts, skipping block
Mining block at height 1...
✗ Mining failed after 20000000 attempts, skipping block
Mining block at height 1...
✗ Mining failed after 20000000 attempts, skipping block
Mining block at height 1...
✗ Mining failed after 20000000 attempts, skipping block
Mining block at height 1...
✗ Mining failed after 20000000 attempts, skipping block
Mining block at height 1...
✗ Mining failed after 20000000 attempts, skipping block
Mining block at height 1...
✗ Mining failed after 20000000 attempts, skipping block
Mining block at height 1...
✗ Mining failed after 20000000 attempts, skipping block
Mining block at height 1...
✗ Mining failed after 20000000 attempts, skipping block
Mining block at height 1...
✗ Mining failed after 20000000 attempts, skipping block
Mining block at height 1...
✗ Mining failed after 20000000 attempts, skipping block
Mining block at height 1...
✗ Mining failed after 20000000 attempts, skipping block
Mining block at height 1...
✗ Mining failed after 20000000 attempts, skipping block
Mining block at height 1...
✗ Mining failed after 20000000 attempts, skipping block
Mining block at height 1...
✗ Mining failed after 20000000 attempts, skipping block
Mining block at height 1...
✗ Mining failed after 20000000 attempts, skipping block
Mining block at height 1...
✗ Mining failed after 20000000 attempts, skipping block
Mining block at height 1...
✗ Mining failed after 20000000 attempts, skipping block
Mining block at height 1...
✗ Mining failed after 20000000 attempts, skipping block
Mining block at height 1...
✗ Mining failed after 20000000 attempts, skipping block
Mining block at height 1...
✗ Mining failed after 20000000 attempts, skipping block
Mining block at height 1...
✗ Mining failed after 20000000 attempts, skipping block
Mining block at height 1...
✗ Mining failed after 20000000 attempts, skipping block
Mining block at height 1...
✗ Mining failed after 20000000 attempts, skipping block
Mining block at height 1...
✗ Mining failed after 20000000 attempts, skipping block
Mining block at height 1...
✗ Mining failed after 20000000 attempts, skipping block
Mining block at height 1...
✗ Mining failed after 20000000 attempts, skipping block
Mining block at height 1...
✗ Mining failed after 20000000 attempts, skipping block
Mining block at height 1...
✗ Mining failed after 20000000 attempts, skipping block
Mining block at height 1...
✗ Mining failed after 20000000 attempts, skipping block
Mining block at height 1...
✗ Mining failed after 20000000 attempts, skipping block
Mining block at height 1...
✗ Mining failed after 20000000 attempts, skipping block
Mining block at height 1...
✗ Mining failed after 20000000 attempts, skipping block
Mining block at height 1...
✗ Mining failed after 20000000 attempts, skipping block
Mining block at height 1...
✗ Mining failed after 20000000 attempts, skipping block
Mining block at height 1...
✗ Mining failed after 20000000 attempts, skipping block
Mining block at height 1...
✗ Mining failed after 20000000 attempts, skipping block
Mining block at height 1...
✗ Mining failed after 20000000 attempts, skipping block
Mining block at height 1...
✗ Mining failed after 20000000 attempts, skipping block
Mining block at height 1...
✗ Mining failed after 20000000 attempts, skipping block
Mining block at height 1...
✗ Mining failed after 20000000 attempts, skipping block
Mining block at height 1...
✗ Mining failed after 20000000 attempts, skipping block
Mining block at height 1...
✗ Mining failed after 20000000 attempts, skipping block
Mining block at height 1...
✗ Mining failed after 20000000 attempts, skipping block
Mining block at height 1...
✗ Mining failed after 20000000 attempts, skipping block
Mining block at height 1...
✗ Mining failed after 20000000 attempts, skipping block
Mining block at height 1...
✗ Mining failed after 20000000 attempts, skipping block
Mining block at height 1...
✗ Mining failed after 20000000 attempts, skipping block
Mining block at height 1...
✗ Mining failed after 20000000 attempts, skipping block
Mining block at height 1...
✗ Mining failed after 20000000 attempts, skipping block
Mining block at height 1...
✗ Mining failed after 20000000 attempts, skipping block
Mining block at height 1...
✗ Mining failed after 20000000 attempts, skipping block
Mining block at height 1...
✗ Mining failed after 20000000 attempts, skipping block
Mining block at height 1...
✗ Mining failed after 20000000 attempts, skipping block
Mining block at height 1...
✗ Mining failed after 20000000 attempts, skipping block
Mining block at height 1...
✗ Mining failed after 20000000 attempts, skipping block
Mining block at height 1...
✗ Mining failed after 20000000 attempts, skipping block
Mining block at height 1...
✗ Mining failed after 20000000 attempts, skipping block
Mining block at height 1...
✗ Mining failed after 20000000 attempts, skipping block
Mining block at height 1...
✗ Mining failed after 20000000 attempts, skipping block
Mining block at height 1...
✗ Mining failed after 20000000 attempts, skipping block
Mining block at height 1...
✗ Mining failed after 20000000 attempts, skipping block
Mining block at height 1...
✗ Mining failed after 20000000 attempts, skipping block
Mining block at height 1...
✗ Mining failed after 20000000 attempts, skipping block
Mining block at height 1...
✗ Mining failed after 20000000 attempts, skipping block
Mining block at height 1...
✗ Mining failed after 20000000 attempts, skipping block
Mining block at height 1...
✗ Mining failed after 20000000 attempts, skipping block
Mining block at height 1...
✗ Mining failed after 20000000 attempts, skipping block
Mining block at height 1...
✗ Mining failed after 20000000 attempts, skipping block
Mining block at height 1...
✗ Mining failed after 20000000 attempts, skipping block
Mining block at height 1...
✗ Mining failed after 20000000 attempts, skipping block
Mining block at height 1...
✗ Mining failed after 20000000 attempts, skipping block
Mining block at height 1...
✗ Mining failed after 20000000 attempts, skipping block
Mining block at height 1...
✗ Mining failed after 20000000 attempts, skipping block
Mining block at height 1...
✗ Mining failed after 20000000 attempts, skipping block
Mining block at height 1...
✗ Mining failed after 20000000 attempts, skipping block
Mining block at height 1...
✗ Mining failed after 20000000 attempts, skipping block
Mining block at height 1...
✗ Mining failed after 20000000 attempts, skipping block
Mining block at height 1...
✗ Mining failed after 20000000 attempts, skipping block
Mining block at height 1...
✗ Mining failed after 20000000 attempts, skipping block
Mining block at height 1...
✗ Mining failed after 20000000 attempts, skipping block
Mining block at height 1...
✗ Mining failed after 20000000 attempts, skipping block
Mining block at height 1...
✗ Mining failed after 20000000 attempts, skipping block
Mining block at height 1...
✗ Mining failed after 20000000 attempts, skipping block
Mining block at height 1...
✗ Mining failed after 20000000 attempts, skipping block
Mining block at height 1...
✗ Mining failed after 20000000 attempts, skipping block
Mining block at height 1...
✗ Mining failed after 20000000 attempts, skipping block
Mining block at height 1...
✗ Mining failed after 20000000 attempts, skipping block
Mining block at height 1...
✗ Mining failed after 20000000 attempts, skipping block
Mining block at height 1...
✗ Mining failed after 20000000 attempts, skipping block
Mining block at height 1...
✗ Mining failed after 20000000 attempts, skipping block
Mining block at height 1...
✗ Mining failed after 20000000 attempts, skipping block
Mining block at height 1...
✗ Mining failed after 20000000 attempts, skipping block
Mining block at height 1...
✗ Mining failed after 20000000 attempts, skipping block
Mining block at height 1...
✗ Mining failed after 20000000 attempts, skipping block
Mining block at height 1...
✗ Mining failed after 20000000 attempts, skipping block
Mining block at height 1...
✗ Mining failed after 20000000 attempts, skipping block
Mining block at height 1...
✗ Mining failed after 20000000 attempts, skipping block
Mining block at height 1...
✗ Mining failed after 20000000 attempts, skipping block
Mining block at height 1...
✗ Mining failed after 20000000 attempts, skipping block
Mining block at height 1...
✗ Mining failed after 20000000 attempts, skipping block
Mining block at height 1...
✗ Mining failed after 20000000 attempts, skipping block
Mining block at height 1...
✗ Mining failed after 20000000 attempts, skipping block
Mining block at height 1...
✗ Mining failed after 20000000 attempts, skipping block
Mining block at height 1...
✗ Mining failed after 20000000 attempts, skipping block
Mining block at height 1...
✗ Mining failed after 20000000 attempts, skipping block
Mining block at height 1...
✗ Mining failed after 20000000 attempts, skipping block
Mining block at height 1...
✗ Mining failed after 20000000 attempts, skipping block
Mining block at height 1...
✗ Mining failed after 20000000 attempts, skipping block
Mining block at height 1...
✗ Mining failed after 20000000 attempts, skipping block
Mining block at height 1...
✗ Mining failed after 20000000 attempts, skipping block
Mining block at height 1...
✗ Mining failed after 20000000 attempts, skipping block
Mining block at height 1...
✗ Mining failed after 20000000 attempts, skipping block
Mining block at height 1...
✗ Mining failed after 20000000 attempts, skipping block
Mining block at height 1...
✗ Mining failed after 20000000 attempts, skipping block
Mining block at height 1...
✗ Mining failed after 20000000 attempts, skipping block
Mining block at height 1...
✗ Mining failed after 20000000 attempts, skipping block
Mining block at height 1...
✗ Mining failed after 20000000 attempts, skipping block
Mining block at height 1...
✗ Mining failed after 20000000 attempts, skipping block
Mining block at height 1...
✗ Mining failed after 20000000 attempts, skipping block
Mining block at height 1...
✗ Mining failed after 20000000 attempts, skipping block
Mining block at height 1...
✗ Mining failed after 20000000 attempts, skipping block
Mining block at height 1...
✗ Mining failed after 20000000 attempts, skipping block
Mining block at height 1...
✗ Mining failed after 20000000 attempts, skipping block
Mining block at height 1...
✗ Mining failed after 20000000 attempts, skipping block
Mining block at height 1...
✗ Mining failed after 20000000 attempts, skipping block
Mining block at height 1...
✗ Mining failed after 20000000 attempts, skipping block
Mining block at height 1...
✗ Mining failed after 20000000 attempts, skipping block
Mining block at height 1...
✗ Mining failed after 20000000 attempts, skipping block
Mining block at height 1...
✗ Mining failed after 20000000 attempts, skipping block
Mining block at height 1...
✗ Mining failed after 20000000 attempts, skipping block
Mining block at height 1...
✗ Mining failed after 20000000 attempts, skipping block
Mining block at height 1...
✗ Mining failed after 20000000 attempts, skipping block
Mining block at height 1...
✗ Mining failed after 20000000 attempts, skipping block
Mining block at height 1...
✗ Mining failed after 20000000 attempts, skipping block
Mining block at height 1...
✗ Mining failed after 20000000 attempts, skipping block
Mining block at height 1...
✗ Mining failed after 20000000 attempts, skipping block
Mining block at height 1...
✗ Mining failed after 20000000 attempts, skipping block
Mining block at height 1...
✗ Mining failed after 20000000 attempts, skipping block
Mining block at height 1...
✗ Mining failed after 20000000 attempts, skipping block
Mining block at height 1...
✗ Mining failed after 20000000 attempts, skipping block
Mining block at height 1...
✗ Mining failed after 20000000 attempts, skipping block
Mining block at height 1...
✗ Mining failed after 20000000 attempts, skipping block
Mining block at height 1...
✗ Mining failed after 20000000 attempts, skipping block
Mining block at height 1...
✗ Mining failed after 20000000 attempts, skipping block
Mining block at height 1...
✗ Mining failed after 20000000 attempts, skipping block
Mining block at height 1...
✗ Mining failed after 20000000 attempts, skipping block
Mining block at height 1...
✗ Mining failed after 20000000 attempts, skipping block
Mining block at height 1...
✗ Mining failed after 20000000 attempts, skipping block
Mining block at height 1...
✗ Mining failed after 20000000 attempts, skipping block
Mining block at height 1...
✗ Mining failed after 20000000 attempts, skipping block
Mining block at height 1...
✗ Mining failed after 20000000 attempts, skipping block
Mining block at height 1...
✗ Mining failed after 20000000 attempts, skipping block
Mining block at height 1...
✗ Mining failed after 20000000 attempts, skipping block
Mining block at height 1...
✗ Mining failed after 20000000 attempts, skipping block
Mining block at height 1...
✗ Mining failed after 20000000 attempts, skipping block
Mining block at height 1...
✗ Mining failed after 20000000 attempts, skipping block
Mining block at height 1...
✗ Mining failed after 20000000 attempts, skipping block
Mining block at height 1...
✗ Mining failed after 20000000 attempts, skipping block
Mining block at height 1...
✗ Mining failed after 20000000 attempts, skipping block
Mining block at height 1...
✗ Mining failed after 20000000 attempts, skipping block
Mining block at height 1...
✗ Mining failed after 20000000 attempts, skipping block
Mining block at height 1...
✗ Mining failed after 20000000 attempts, skipping block
Mining block at height 1...
✗ Mining failed after 20000000 attempts, skipping block
Mining block at height 1...
✗ Mining failed after 20000000 attempts, skipping block
Mining block at height 1...
✗ Mining failed after 20000000 attempts, skipping block
Mining block at height 1...
✗ Mining failed after 20000000 attempts, skipping block
Mining block at height 1...
✗ Mining failed after 20000000 attempts, skipping block
Mining block at height 1...
✗ Mining failed after 20000000 attempts, skipping block
Mining block at height 1...
✗ Mining failed after 20000000 attempts, skipping block
Mining block at height 1...
✗ Mining failed after 20000000 attempts, skipping block
Mining block at height 1...
✗ Mining failed after 20000000 attempts, skipping block
Mining block at height 1...
✗ Mining failed after 20000000 attempts, skipping block
Mining block at height 1...
✗ Mining failed after 20000000 attempts, skipping block
Mining block at height 1...
✗ Mining failed after 20000000 attempts, skipping block
Mining block at height 1...
✗ Mining failed after 20000000 attempts, skipping block
Mining block at height 1...
✗ Mining failed after 20000000 attempts, skipping block
Mining block at height 1...
✗ Mining failed after 20000000 attempts, skipping block
Mining block at height 1...
✗ Mining failed after 20000000 attempts, skipping block
Mining block at height 1...
✗ Mining failed after 20000000 attempts, skipping block
Mining block at height 1...
✗ Mining failed after 20000000 attempts, skipping block
Mining block at height 1...
✗ Mining failed after 20000000 attempts, skipping block
Mining block at height 1...
✗ Mining failed after 20000000 attempts, skipping block
Mining block at height 1...
✗ Mining failed after 20000000 attempts, skipping block
Mining block at height 1...
✗ Mining failed after 20000000 attempts, skipping block
Mining block at height 1...
✗ Mining failed after 20000000 attempts, skipping block
Mining block at height 1...
✗ Mining failed after 20000000 attempts, skipping block
Mining block at height 1...
✗ Mining failed after 20000000 attempts, skipping block
Mining block at height 1...
✗ Mining failed after 20000000 attempts, skipping block
Mining block at height 1...
✗ Mining failed after 20000000 attempts, skipping block
Mining block at height 1...
✗ Mining failed after 20000000 attempts, skipping block
Mining block at height 1...
✗ Mining failed after 20000000 attempts, skipping block
Mining block at height 1...
✗ Mining failed after 20000000 attempts, skipping block
Mining block at height 1...
✗ Mining failed after 20000000 attempts, skipping block
Mining block at height 1...
✗ Mining failed after 20000000 attempts, skipping block
Mining block at height 1...
✗ Mining failed after 20000000 attempts, skipping block
Mining block at height 1...
✗ Mining failed after 20000000 attempts, skipping block
Mining block at height 1...
✗ Mining failed after 20000000 attempts, skipping block
Mining block at height 1...
✗ Mining failed after 20000000 attempts, skipping block
Mining block at height 1...
✗ Mining failed after 20000000 attempts, skipping block
Mining block at height 1...
✗ Mining failed after 20000000 attempts, skipping block
Mining block at height 1...
✗ Mining failed after 20000000 attempts, skipping block
Mining block at height 1...
✗ Mining failed after 20000000 attempts, skipping block
Mining block at height 1...
✗ Mining failed after 20000000 attempts, skipping block
Mining block at height 1...
✗ Mining failed after 20000000 attempts, skipping block
Mining block at height 1...
✗ Mining failed after 20000000 attempts, skipping block
Mining block at height 1...
✗ Mining failed after 20000000 attempts, skipping block
Mining block at height 1...
✗ Mining failed after 20000000 attempts, skipping block
Mining block at height 1...
✗ Mining failed after 20000000 attempts, skipping block
Mining block at height 1...
✗ Mining failed after 20000000 attempts, skipping block
Mining block at height 1...
✗ Mining failed after 20000000 attempts, skipping block
Mining block at height 1...
✗ Mining failed after 20000000 attempts, skipping block
Mining block at height 1...
✗ Mining failed after 20000000 attempts, skipping block
Mining block at height 1...
✗ Mining failed after 20000000 attempts, skipping block
Mining block at height 1...
✗ Mining failed after 20000000 attempts, skipping block
Mining block at height 1...
✗ Mining failed after 20000000 attempts, skipping block
Mining block at height 1...
✗ Mining failed after 20000000 attempts, skipping block
Mining block at height 1...
✗ Mining failed after 20000000 attempts, skipping block
Mining block at height 1...
✗ Mining failed after 20000000 attempts, skipping block
Mining block at height 1...
✗ Mining failed after 20000000 attempts, skipping block
Mining block at height 1...
✗ Mining failed after 20000000 attempts, skipping block
Mining block at height 1...
✗ Mining failed after 20000000 attempts, skipping block
Mining block at height 1...
✗ Mining failed after 20000000 attempts, skipping block
Mining block at height 1...
✗ Mining failed after 20000000 attempts, skipping block
Mining block at height 1...
✗ Mining failed after 20000000 attempts, skipping block
Mining block at height 1...
✗ Mining failed after 20000000 attempts, skipping block
Mining block at height 1...
✗ Mining failed after 20000000 attempts, skipping block
Mining block at height 1...
✗ Mining failed after 20000000 attempts, skipping block
Mining block at height 1...
✗ Mining failed after 20000000 attempts, skipping block
Mining block at height 1...
✗ Mining failed after 20000000 attempts, skipping block
Mining block at height 1...
✗ Mining failed after 20000000 attempts, skipping block
Mining block at height 1...
✗ Mining failed after 20000000 attempts, skipping block
Mining block at height 1...
✗ Mining failed after 20000000 attempts, skipping block
Mining block at height 1...
✗ Mining failed after 20000000 attempts, skipping block
Mining block at height 1...
✗ Mining failed after 20000000 attempts, skipping block
Mining block at height 1...
✗ Mining failed after 20000000 attempts, skipping block
Mining block at height 1...
✗ Mining failed after 20000000 attempts, skipping block
Mining block at height 1...
✗ Mining failed after 20000000 attempts, skipping block
Mining block at height 1...
✗ Mining failed after 20000000 attempts, skipping block
Mining block at height 1...
✗ Mining failed after 20000000 attempts, skipping block
Mining block at height 1...
✗ Mining failed after 20000000 attempts, skipping block
Mining block at height 1...
✗ Mining failed after 20000000 attempts, skipping block
Mining block at height 1...
✗ Mining failed after 20000000 attempts, skipping block
Mining block at height 1...
✗ Mining failed after 20000000 attempts, skipping block
Mining block at height 1...
✗ Mining failed after 20000000 attempts, skipping block
Mining block at height 1...
✗ Mining failed after 20000000 attempts, skipping block
Mining block at height 1...
✗ Mining failed after 20000000 attempts, skipping block
Mining block at height 1...
✗ Mining failed after 20000000 attempts, skipping block
Mining block at height 1...
✗ Mining failed after 20000000 attempts, skipping block
Mining block at height 1...
✗ Mining failed after 20000000 attempts, skipping block
Mining block at height 1...
✗ Mining failed after 20000000 attempts, skipping block
Mining block at height 1...
✗ Mining failed after 20000000 attempts, skipping block
Mining block at height 1...
✗ Mining failed after 20000000 attempts, skipping block
Mining block at height 1...
✗ Mining failed after 20000000 attempts, skipping block
Mining block at height 1...
✗ Mining failed after 20000000 attempts, skipping block
Mining block at height 1...
✗ Mining failed after 20000000 attempts, skipping block
Mining block at height 1...
✗ Mining failed after 20000000 attempts, skipping block
Mining block at height 1...
✗ Mining failed after 20000000 attempts, skipping block
Mining block at height 1...
✗ Mining failed after 20000000 attempts, skipping block
Mining block at height 1...
✗ Mining failed after 20000000 attempts, skipping block
Mining block at height 1...
✗ Mining failed after 20000000 attempts, skipping block
Mining block at height 1...
✗ Mining failed after 20000000 attempts, skipping block
Mining block at height 1...
✗ Mining failed after 20000000 attempts, skipping block
Mining block at height 1...
✗ Mining failed after 20000000 attempts, skipping block
Mining block at height 1...
✗ Mining failed after 20000000 attempts, skipping block
Mining block at height 1...
✗ Mining failed after 20000000 attempts, skipping block
Mining block at height 1...
✗ Mining failed after 20000000 attempts, skipping block
Mining block at height 1...
